[0.132s] Invoking command in '/workspaces/PHOENIX/src/main_ws/build/controls': CMAKE_PREFIX_PATH=/opt/ros/humble /usr/bin/cmake --build /workspaces/PHOENIX/src/main_ws/build/controls -- -j12 -l12
[0.559s] -- Found ament_cmake: 1.3.10 (/opt/ros/humble/share/ament_cmake/cmake)
[1.001s] -- Found Python3: /usr/bin/python3 (found version "3.10.12") found components: Interpreter 
[1.208s] -- Found rclcpp: 16.0.10 (/opt/ros/humble/share/rclcpp/cmake)
[1.347s] -- Found rosidl_generator_c: 3.1.5 (/opt/ros/humble/share/rosidl_generator_c/cmake)
[1.362s] -- Found rosidl_adapter: 3.1.5 (/opt/ros/humble/share/rosidl_adapter/cmake)
[1.388s] -- Found rosidl_generator_cpp: 3.1.5 (/opt/ros/humble/share/rosidl_generator_cpp/cmake)
[1.429s] -- Using all available rosidl_typesupport_c: rosidl_typesupport_fastrtps_c;rosidl_typesupport_introspection_c
[1.478s] -- Using all available rosidl_typesupport_cpp: rosidl_typesupport_fastrtps_cpp;rosidl_typesupport_introspection_cpp
[1.671s] -- Found rmw_implementation_cmake: 6.1.2 (/opt/ros/humble/share/rmw_implementation_cmake/cmake)
[1.682s] -- Found rmw_fastrtps_cpp: 6.2.7 (/opt/ros/humble/share/rmw_fastrtps_cpp/cmake)
[1.968s] -- Using RMW implementation 'rmw_fastrtps_cpp' as default
[2.121s] -- Found ament_lint_auto: 0.12.11 (/opt/ros/humble/share/ament_lint_auto/cmake)
[2.306s] -- Added test 'cppcheck' to perform static code analysis on C / C++ code
[2.306s] -- Configured cppcheck include dirs: 
[2.307s] -- Configured cppcheck exclude dirs and/or files: 
[2.308s] -- Added test 'lint_cmake' to check CMake code style
[2.309s] -- Added test 'uncrustify' to check C / C++ code style
[2.309s] -- Configured uncrustify additional arguments: 
[2.310s] -- Added test 'xmllint' to check XML markup files
[2.314s] -- Configuring done
[2.361s] -- Generating done
[2.364s] -- Build files have been written to: /workspaces/PHOENIX/src/main_ws/build/controls
[2.407s] [ 16%] [32mBuilding CXX object CMakeFiles/dig.dir/src/dig.cpp.o[0m
[2.408s] [ 33%] [32mBuilding CXX object CMakeFiles/drivetrain.dir/src/drivetrain.cpp.o[0m
[2.410s] [ 50%] [32mBuilding CXX object CMakeFiles/dump.dir/src/dump.cpp.o[0m
[58.039s] [ 83%] [32m[1mLinking CXX executable drivetrain[0m
[58.040s] [100%] [32m[1mLinking CXX executable dump[0m
[58.040s] [100%] [32m[1mLinking CXX executable dig[0m
[59.430s] [100%] Built target dig
[59.452s] [100%] Built target drivetrain
[59.471s] [100%] Built target dump
[59.684s] Invoked command in '/workspaces/PHOENIX/src/main_ws/build/controls' returned '0': CMAKE_PREFIX_PATH=/opt/ros/humble /usr/bin/cmake --build /workspaces/PHOENIX/src/main_ws/build/controls -- -j12 -l12
[59.764s] Invoking command in '/workspaces/PHOENIX/src/main_ws/build/controls': CMAKE_PREFIX_PATH=/opt/ros/humble /usr/bin/cmake --install /workspaces/PHOENIX/src/main_ws/build/controls
[59.775s] -- Install configuration: ""
[59.776s] -- Installing: /workspaces/PHOENIX/src/main_ws/install/controls/lib/controls/drivetrain
[59.776s] -- Set runtime path of "/workspaces/PHOENIX/src/main_ws/install/controls/lib/controls/drivetrain" to ""
[59.779s] -- Installing: /workspaces/PHOENIX/src/main_ws/install/controls/lib/controls/dig
[59.781s] -- Set runtime path of "/workspaces/PHOENIX/src/main_ws/install/controls/lib/controls/dig" to ""
[59.782s] -- Installing: /workspaces/PHOENIX/src/main_ws/install/controls/lib/controls/dump
[59.788s] -- Set runtime path of "/workspaces/PHOENIX/src/main_ws/install/controls/lib/controls/dump" to ""
[59.788s] -- Up-to-date: /workspaces/PHOENIX/src/main_ws/install/controls/share/ament_index/resource_index/package_run_dependencies/controls
[59.788s] -- Up-to-date: /workspaces/PHOENIX/src/main_ws/install/controls/share/ament_index/resource_index/parent_prefix_path/controls
[59.793s] -- Installing: /workspaces/PHOENIX/src/main_ws/install/controls/share/controls/environment/ament_prefix_path.sh
[59.794s] -- Installing: /workspaces/PHOENIX/src/main_ws/install/controls/share/controls/environment/ament_prefix_path.dsv
[59.796s] -- Installing: /workspaces/PHOENIX/src/main_ws/install/controls/share/controls/environment/path.sh
[59.798s] -- Installing: /workspaces/PHOENIX/src/main_ws/install/controls/share/controls/environment/path.dsv
[59.798s] -- Up-to-date: /workspaces/PHOENIX/src/main_ws/install/controls/share/controls/local_setup.bash
[59.799s] -- Up-to-date: /workspaces/PHOENIX/src/main_ws/install/controls/share/controls/local_setup.sh
[59.799s] -- Up-to-date: /workspaces/PHOENIX/src/main_ws/install/controls/share/controls/local_setup.zsh
[59.799s] -- Installing: /workspaces/PHOENIX/src/main_ws/install/controls/share/controls/local_setup.dsv
[59.799s] -- Installing: /workspaces/PHOENIX/src/main_ws/install/controls/share/controls/package.dsv
[59.799s] -- Up-to-date: /workspaces/PHOENIX/src/main_ws/install/controls/share/ament_index/resource_index/packages/controls
[59.799s] -- Up-to-date: /workspaces/PHOENIX/src/main_ws/install/controls/share/controls/cmake/controlsConfig.cmake
[59.800s] -- Up-to-date: /workspaces/PHOENIX/src/main_ws/install/controls/share/controls/cmake/controlsConfig-version.cmake
[59.800s] -- Up-to-date: /workspaces/PHOENIX/src/main_ws/install/controls/share/controls/package.xml
[59.814s] Invoked command in '/workspaces/PHOENIX/src/main_ws/build/controls' returned '0': CMAKE_PREFIX_PATH=/opt/ros/humble /usr/bin/cmake --install /workspaces/PHOENIX/src/main_ws/build/controls
