[0.113s] DEBUG:colcon:Command line arguments: ['/usr/bin/colcon', 'build']
[0.113s] DEBUG:colcon:Parsed command line arguments: Namespace(log_base=None, log_level=None, verb_name='build', build_base='build', install_base='install', merge_install=False, symlink_install=False, test_result_base=None, continue_on_error=False, executor='parallel', parallel_workers=12, event_handlers=None, ignore_user_meta=False, metas=['./colcon.meta'], base_paths=['.'], packages_ignore=None, packages_ignore_regex=None, paths=None, packages_up_to=None, packages_up_to_regex=None, packages_above=None, packages_above_and_dependencies=None, packages_above_depth=None, packages_select_by_dep=None, packages_skip_by_dep=None, packages_skip_up_to=None, packages_select_build_failed=False, packages_skip_build_finished=False, packages_select_test_failures=False, packages_skip_test_passed=False, packages_select=None, packages_skip=None, packages_select_regex=None, packages_skip_regex=None, packages_start=None, packages_end=None, cmake_args=None, cmake_target=None, cmake_target_skip_unavailable=False, cmake_clean_cache=False, cmake_clean_first=False, cmake_force_configure=False, ament_cmake_args=None, catkin_cmake_args=None, catkin_skip_building_tests=False, mixin_files=None, mixin=None, verb_parser=<colcon_mixin.mixin.mixin_argument.MixinArgumentDecorator object at 0x7f73a88642e0>, verb_extension=<colcon_core.verb.build.BuildVerb object at 0x7f73a8970940>, main=<bound method BuildVerb.main of <colcon_core.verb.build.BuildVerb object at 0x7f73a8970940>>, mixin_verb=('build',))
[0.244s] Level 1:colcon.colcon_core.package_discovery:discover_packages(colcon_meta) check parameters
[0.244s] Level 1:colcon.colcon_core.package_discovery:discover_packages(recursive) check parameters
[0.244s] Level 1:colcon.colcon_core.package_discovery:discover_packages(ignore) check parameters
[0.244s] Level 1:colcon.colcon_core.package_discovery:discover_packages(path) check parameters
[0.244s] Level 1:colcon.colcon_core.package_discovery:discover_packages(colcon_meta) discover
[0.244s] Level 1:colcon.colcon_core.package_discovery:discover_packages(recursive) discover
[0.244s] INFO:colcon.colcon_core.package_discovery:Crawling recursively for packages in '/workspaces/PHOENIX/src/main_ws/src'
[0.244s] Level 1:colcon.colcon_core.package_identification:_identify(.) by extensions ['ignore', 'ignore_ament_install']
[0.244s] Level 1:colcon.colcon_core.package_identification:_identify(.) by extension 'ignore'
[0.244s] Level 1:colcon.colcon_core.package_identification:_identify(.) by extension 'ignore_ament_install'
[0.244s] Level 1:colcon.colcon_core.package_identification:_identify(.) by extensions ['colcon_pkg']
[0.244s] Level 1:colcon.colcon_core.package_identification:_identify(.) by extension 'colcon_pkg'
[0.244s] Level 1:colcon.colcon_core.package_identification:_identify(.) by extensions ['colcon_meta']
[0.244s] Level 1:colcon.colcon_core.package_identification:_identify(.) by extension 'colcon_meta'
[0.244s] Level 1:colcon.colcon_core.package_identification:_identify(.) by extensions ['ros']
[0.244s] Level 1:colcon.colcon_core.package_identification:_identify(.) by extension 'ros'
[0.262s] Level 1:colcon.colcon_core.package_identification:_identify(.) by extensions ['cmake', 'python']
[0.262s] Level 1:colcon.colcon_core.package_identification:_identify(.) by extension 'cmake'
[0.262s] Level 1:colcon.colcon_core.package_identification:_identify(.) by extension 'python'
[0.262s] Level 1:colcon.colcon_core.package_identification:_identify(.) by extensions ['python_setup_py']
[0.262s] Level 1:colcon.colcon_core.package_identification:_identify(.) by extension 'python_setup_py'
[0.262s] Level 1:colcon.colcon_core.package_identification:_identify(build) by extensions ['ignore', 'ignore_ament_install']
[0.262s] Level 1:colcon.colcon_core.package_identification:_identify(build) by extension 'ignore'
[0.262s] Level 1:colcon.colcon_core.package_identification:_identify(build) ignored
[0.262s] Level 1:colcon.colcon_core.package_identification:_identify(controls) by extensions ['ignore', 'ignore_ament_install']
[0.262s] Level 1:colcon.colcon_core.package_identification:_identify(controls) by extension 'ignore'
[0.262s] Level 1:colcon.colcon_core.package_identification:_identify(controls) by extension 'ignore_ament_install'
[0.262s] Level 1:colcon.colcon_core.package_identification:_identify(controls) by extensions ['colcon_pkg']
[0.262s] Level 1:colcon.colcon_core.package_identification:_identify(controls) by extension 'colcon_pkg'
[0.262s] Level 1:colcon.colcon_core.package_identification:_identify(controls) by extensions ['colcon_meta']
[0.262s] Level 1:colcon.colcon_core.package_identification:_identify(controls) by extension 'colcon_meta'
[0.262s] Level 1:colcon.colcon_core.package_identification:_identify(controls) by extensions ['ros']
[0.262s] Level 1:colcon.colcon_core.package_identification:_identify(controls) by extension 'ros'
[0.265s] DEBUG:colcon.colcon_core.package_identification:Package 'controls' with type 'ros.ament_cmake' and name 'controls'
[0.265s] Level 1:colcon.colcon_core.package_identification:_identify(drive_station) by extensions ['ignore', 'ignore_ament_install']
[0.265s] Level 1:colcon.colcon_core.package_identification:_identify(drive_station) by extension 'ignore'
[0.265s] Level 1:colcon.colcon_core.package_identification:_identify(drive_station) by extension 'ignore_ament_install'
[0.265s] Level 1:colcon.colcon_core.package_identification:_identify(drive_station) by extensions ['colcon_pkg']
[0.265s] Level 1:colcon.colcon_core.package_identification:_identify(drive_station) by extension 'colcon_pkg'
[0.265s] Level 1:colcon.colcon_core.package_identification:_identify(drive_station) by extensions ['colcon_meta']
[0.265s] Level 1:colcon.colcon_core.package_identification:_identify(drive_station) by extension 'colcon_meta'
[0.266s] Level 1:colcon.colcon_core.package_identification:_identify(drive_station) by extensions ['ros']
[0.266s] Level 1:colcon.colcon_core.package_identification:_identify(drive_station) by extension 'ros'
[0.266s] DEBUG:colcon.colcon_core.package_identification:Package 'drive_station' with type 'ros.ament_cmake' and name 'drive_station'
[0.266s] Level 1:colcon.colcon_core.package_identification:_identify(install) by extensions ['ignore', 'ignore_ament_install']
[0.266s] Level 1:colcon.colcon_core.package_identification:_identify(install) by extension 'ignore'
[0.266s] Level 1:colcon.colcon_core.package_identification:_identify(install) ignored
[0.266s] Level 1:colcon.colcon_core.package_identification:_identify(log) by extensions ['ignore', 'ignore_ament_install']
[0.266s] Level 1:colcon.colcon_core.package_identification:_identify(log) by extension 'ignore'
[0.266s] Level 1:colcon.colcon_core.package_identification:_identify(log) ignored
[0.266s] Level 1:colcon.colcon_core.package_identification:_identify(perception) by extensions ['ignore', 'ignore_ament_install']
[0.266s] Level 1:colcon.colcon_core.package_identification:_identify(perception) by extension 'ignore'
[0.266s] Level 1:colcon.colcon_core.package_identification:_identify(perception) by extension 'ignore_ament_install'
[0.267s] Level 1:colcon.colcon_core.package_identification:_identify(perception) by extensions ['colcon_pkg']
[0.267s] Level 1:colcon.colcon_core.package_identification:_identify(perception) by extension 'colcon_pkg'
[0.267s] Level 1:colcon.colcon_core.package_identification:_identify(perception) by extensions ['colcon_meta']
[0.267s] Level 1:colcon.colcon_core.package_identification:_identify(perception) by extension 'colcon_meta'
[0.267s] Level 1:colcon.colcon_core.package_identification:_identify(perception) by extensions ['ros']
[0.267s] Level 1:colcon.colcon_core.package_identification:_identify(perception) by extension 'ros'
[0.267s] DEBUG:colcon.colcon_core.package_identification:Package 'perception' with type 'ros.ament_cmake' and name 'perception'
[0.267s] Level 1:colcon.colcon_core.package_identification:_identify(ros_babel_fish) by extensions ['ignore', 'ignore_ament_install']
[0.267s] Level 1:colcon.colcon_core.package_identification:_identify(ros_babel_fish) by extension 'ignore'
[0.267s] Level 1:colcon.colcon_core.package_identification:_identify(ros_babel_fish) by extension 'ignore_ament_install'
[0.267s] Level 1:colcon.colcon_core.package_identification:_identify(ros_babel_fish) by extensions ['colcon_pkg']
[0.267s] Level 1:colcon.colcon_core.package_identification:_identify(ros_babel_fish) by extension 'colcon_pkg'
[0.268s] Level 1:colcon.colcon_core.package_identification:_identify(ros_babel_fish) by extensions ['colcon_meta']
[0.268s] Level 1:colcon.colcon_core.package_identification:_identify(ros_babel_fish) by extension 'colcon_meta'
[0.268s] Level 1:colcon.colcon_core.package_identification:_identify(ros_babel_fish) by extensions ['ros']
[0.268s] Level 1:colcon.colcon_core.package_identification:_identify(ros_babel_fish) by extension 'ros'
[0.269s] DEBUG:colcon.colcon_core.package_identification:Package 'ros_babel_fish' with type 'ros.ament_cmake' and name 'ros_babel_fish'
[0.269s] Level 1:colcon.colcon_core.package_identification:_identify(ros_babel_fish_test_msgs) by extensions ['ignore', 'ignore_ament_install']
[0.269s] Level 1:colcon.colcon_core.package_identification:_identify(ros_babel_fish_test_msgs) by extension 'ignore'
[0.269s] Level 1:colcon.colcon_core.package_identification:_identify(ros_babel_fish_test_msgs) by extension 'ignore_ament_install'
[0.269s] Level 1:colcon.colcon_core.package_identification:_identify(ros_babel_fish_test_msgs) by extensions ['colcon_pkg']
[0.269s] Level 1:colcon.colcon_core.package_identification:_identify(ros_babel_fish_test_msgs) by extension 'colcon_pkg'
[0.269s] Level 1:colcon.colcon_core.package_identification:_identify(ros_babel_fish_test_msgs) by extensions ['colcon_meta']
[0.269s] Level 1:colcon.colcon_core.package_identification:_identify(ros_babel_fish_test_msgs) by extension 'colcon_meta'
[0.269s] Level 1:colcon.colcon_core.package_identification:_identify(ros_babel_fish_test_msgs) by extensions ['ros']
[0.269s] Level 1:colcon.colcon_core.package_identification:_identify(ros_babel_fish_test_msgs) by extension 'ros'
[0.270s] DEBUG:colcon.colcon_core.package_identification:Package 'ros_babel_fish_test_msgs' with type 'ros.ament_cmake' and name 'ros_babel_fish_test_msgs'
[0.270s] Level 1:colcon.colcon_core.package_identification:_identify(teleop) by extensions ['ignore', 'ignore_ament_install']
[0.270s] Level 1:colcon.colcon_core.package_identification:_identify(teleop) by extension 'ignore'
[0.270s] Level 1:colcon.colcon_core.package_identification:_identify(teleop) by extension 'ignore_ament_install'
[0.270s] Level 1:colcon.colcon_core.package_identification:_identify(teleop) by extensions ['colcon_pkg']
[0.270s] Level 1:colcon.colcon_core.package_identification:_identify(teleop) by extension 'colcon_pkg'
[0.270s] Level 1:colcon.colcon_core.package_identification:_identify(teleop) by extensions ['colcon_meta']
[0.270s] Level 1:colcon.colcon_core.package_identification:_identify(teleop) by extension 'colcon_meta'
[0.270s] Level 1:colcon.colcon_core.package_identification:_identify(teleop) by extensions ['ros']
[0.270s] Level 1:colcon.colcon_core.package_identification:_identify(teleop) by extension 'ros'
[0.271s] DEBUG:colcon.colcon_core.package_identification:Package 'teleop' with type 'ros.ament_cmake' and name 'teleop'
[0.271s] Level 1:colcon.colcon_core.package_discovery:discover_packages(recursive) using defaults
[0.271s] Level 1:colcon.colcon_core.package_discovery:discover_packages(ignore) discover
[0.271s] Level 1:colcon.colcon_core.package_discovery:discover_packages(ignore) using defaults
[0.271s] Level 1:colcon.colcon_core.package_discovery:discover_packages(path) discover
[0.271s] Level 1:colcon.colcon_core.package_discovery:discover_packages(path) using defaults
[0.290s] Level 5:colcon.colcon_core.verb:set package 'controls' build argument 'cmake_args' from command line to 'None'
[0.290s] Level 5:colcon.colcon_core.verb:set package 'controls' build argument 'cmake_target' from command line to 'None'
[0.290s] Level 5:colcon.colcon_core.verb:set package 'controls' build argument 'cmake_target_skip_unavailable' from command line to 'False'
[0.290s] Level 5:colcon.colcon_core.verb:set package 'controls' build argument 'cmake_clean_cache' from command line to 'False'
[0.290s] Level 5:colcon.colcon_core.verb:set package 'controls' build argument 'cmake_clean_first' from command line to 'False'
[0.290s] Level 5:colcon.colcon_core.verb:set package 'controls' build argument 'cmake_force_configure' from command line to 'False'
[0.290s] Level 5:colcon.colcon_core.verb:set package 'controls' build argument 'ament_cmake_args' from command line to 'None'
[0.290s] Level 5:colcon.colcon_core.verb:set package 'controls' build argument 'catkin_cmake_args' from command line to 'None'
[0.290s] Level 5:colcon.colcon_core.verb:set package 'controls' build argument 'catkin_skip_building_tests' from command line to 'False'
[0.290s] DEBUG:colcon.colcon_core.verb:Building package 'controls' with the following arguments: {'ament_cmake_args': None, 'build_base': '/workspaces/PHOENIX/src/main_ws/src/build/controls', 'catkin_cmake_args': None, 'catkin_skip_building_tests': False, 'cmake_args': None, 'cmake_clean_cache': False, 'cmake_clean_first': False, 'cmake_force_configure': False, 'cmake_target': None, 'cmake_target_skip_unavailable': False, 'install_base': '/workspaces/PHOENIX/src/main_ws/src/install/controls', 'merge_install': False, 'path': '/workspaces/PHOENIX/src/main_ws/src/controls', 'symlink_install': False, 'test_result_base': None}
[0.290s] Level 5:colcon.colcon_core.verb:set package 'drive_station' build argument 'cmake_args' from command line to 'None'
[0.291s] Level 5:colcon.colcon_core.verb:set package 'drive_station' build argument 'cmake_target' from command line to 'None'
[0.291s] Level 5:colcon.colcon_core.verb:set package 'drive_station' build argument 'cmake_target_skip_unavailable' from command line to 'False'
[0.291s] Level 5:colcon.colcon_core.verb:set package 'drive_station' build argument 'cmake_clean_cache' from command line to 'False'
[0.291s] Level 5:colcon.colcon_core.verb:set package 'drive_station' build argument 'cmake_clean_first' from command line to 'False'
[0.291s] Level 5:colcon.colcon_core.verb:set package 'drive_station' build argument 'cmake_force_configure' from command line to 'False'
[0.291s] Level 5:colcon.colcon_core.verb:set package 'drive_station' build argument 'ament_cmake_args' from command line to 'None'
[0.291s] Level 5:colcon.colcon_core.verb:set package 'drive_station' build argument 'catkin_cmake_args' from command line to 'None'
[0.291s] Level 5:colcon.colcon_core.verb:set package 'drive_station' build argument 'catkin_skip_building_tests' from command line to 'False'
[0.291s] DEBUG:colcon.colcon_core.verb:Building package 'drive_station' with the following arguments: {'ament_cmake_args': None, 'build_base': '/workspaces/PHOENIX/src/main_ws/src/build/drive_station', 'catkin_cmake_args': None, 'catkin_skip_building_tests': False, 'cmake_args': None, 'cmake_clean_cache': False, 'cmake_clean_first': False, 'cmake_force_configure': False, 'cmake_target': None, 'cmake_target_skip_unavailable': False, 'install_base': '/workspaces/PHOENIX/src/main_ws/src/install/drive_station', 'merge_install': False, 'path': '/workspaces/PHOENIX/src/main_ws/src/drive_station', 'symlink_install': False, 'test_result_base': None}
[0.291s] Level 5:colcon.colcon_core.verb:set package 'perception' build argument 'cmake_args' from command line to 'None'
[0.291s] Level 5:colcon.colcon_core.verb:set package 'perception' build argument 'cmake_target' from command line to 'None'
[0.291s] Level 5:colcon.colcon_core.verb:set package 'perception' build argument 'cmake_target_skip_unavailable' from command line to 'False'
[0.291s] Level 5:colcon.colcon_core.verb:set package 'perception' build argument 'cmake_clean_cache' from command line to 'False'
[0.291s] Level 5:colcon.colcon_core.verb:set package 'perception' build argument 'cmake_clean_first' from command line to 'False'
[0.291s] Level 5:colcon.colcon_core.verb:set package 'perception' build argument 'cmake_force_configure' from command line to 'False'
[0.291s] Level 5:colcon.colcon_core.verb:set package 'perception' build argument 'ament_cmake_args' from command line to 'None'
[0.291s] Level 5:colcon.colcon_core.verb:set package 'perception' build argument 'catkin_cmake_args' from command line to 'None'
[0.291s] Level 5:colcon.colcon_core.verb:set package 'perception' build argument 'catkin_skip_building_tests' from command line to 'False'
[0.291s] DEBUG:colcon.colcon_core.verb:Building package 'perception' with the following arguments: {'ament_cmake_args': None, 'build_base': '/workspaces/PHOENIX/src/main_ws/src/build/perception', 'catkin_cmake_args': None, 'catkin_skip_building_tests': False, 'cmake_args': None, 'cmake_clean_cache': False, 'cmake_clean_first': False, 'cmake_force_configure': False, 'cmake_target': None, 'cmake_target_skip_unavailable': False, 'install_base': '/workspaces/PHOENIX/src/main_ws/src/install/perception', 'merge_install': False, 'path': '/workspaces/PHOENIX/src/main_ws/src/perception', 'symlink_install': False, 'test_result_base': None}
[0.291s] Level 5:colcon.colcon_core.verb:set package 'ros_babel_fish_test_msgs' build argument 'cmake_args' from command line to 'None'
[0.291s] Level 5:colcon.colcon_core.verb:set package 'ros_babel_fish_test_msgs' build argument 'cmake_target' from command line to 'None'
[0.291s] Level 5:colcon.colcon_core.verb:set package 'ros_babel_fish_test_msgs' build argument 'cmake_target_skip_unavailable' from command line to 'False'
[0.292s] Level 5:colcon.colcon_core.verb:set package 'ros_babel_fish_test_msgs' build argument 'cmake_clean_cache' from command line to 'False'
[0.293s] Level 5:colcon.colcon_core.verb:set package 'ros_babel_fish_test_msgs' build argument 'cmake_clean_first' from command line to 'False'
[0.293s] Level 5:colcon.colcon_core.verb:set package 'ros_babel_fish_test_msgs' build argument 'cmake_force_configure' from command line to 'False'
[0.293s] Level 5:colcon.colcon_core.verb:set package 'ros_babel_fish_test_msgs' build argument 'ament_cmake_args' from command line to 'None'
[0.293s] Level 5:colcon.colcon_core.verb:set package 'ros_babel_fish_test_msgs' build argument 'catkin_cmake_args' from command line to 'None'
[0.293s] Level 5:colcon.colcon_core.verb:set package 'ros_babel_fish_test_msgs' build argument 'catkin_skip_building_tests' from command line to 'False'
[0.293s] DEBUG:colcon.colcon_core.verb:Building package 'ros_babel_fish_test_msgs' with the following arguments: {'ament_cmake_args': None, 'build_base': '/workspaces/PHOENIX/src/main_ws/src/build/ros_babel_fish_test_msgs', 'catkin_cmake_args': None, 'catkin_skip_building_tests': False, 'cmake_args': None, 'cmake_clean_cache': False, 'cmake_clean_first': False, 'cmake_force_configure': False, 'cmake_target': None, 'cmake_target_skip_unavailable': False, 'install_base': '/workspaces/PHOENIX/src/main_ws/src/install/ros_babel_fish_test_msgs', 'merge_install': False, 'path': '/workspaces/PHOENIX/src/main_ws/src/ros_babel_fish_test_msgs', 'symlink_install': False, 'test_result_base': None}
[0.293s] Level 5:colcon.colcon_core.verb:set package 'teleop' build argument 'cmake_args' from command line to 'None'
[0.293s] Level 5:colcon.colcon_core.verb:set package 'teleop' build argument 'cmake_target' from command line to 'None'
[0.293s] Level 5:colcon.colcon_core.verb:set package 'teleop' build argument 'cmake_target_skip_unavailable' from command line to 'False'
[0.293s] Level 5:colcon.colcon_core.verb:set package 'teleop' build argument 'cmake_clean_cache' from command line to 'False'
[0.293s] Level 5:colcon.colcon_core.verb:set package 'teleop' build argument 'cmake_clean_first' from command line to 'False'
[0.293s] Level 5:colcon.colcon_core.verb:set package 'teleop' build argument 'cmake_force_configure' from command line to 'False'
[0.293s] Level 5:colcon.colcon_core.verb:set package 'teleop' build argument 'ament_cmake_args' from command line to 'None'
[0.293s] Level 5:colcon.colcon_core.verb:set package 'teleop' build argument 'catkin_cmake_args' from command line to 'None'
[0.293s] Level 5:colcon.colcon_core.verb:set package 'teleop' build argument 'catkin_skip_building_tests' from command line to 'False'
[0.293s] DEBUG:colcon.colcon_core.verb:Building package 'teleop' with the following arguments: {'ament_cmake_args': None, 'build_base': '/workspaces/PHOENIX/src/main_ws/src/build/teleop', 'catkin_cmake_args': None, 'catkin_skip_building_tests': False, 'cmake_args': None, 'cmake_clean_cache': False, 'cmake_clean_first': False, 'cmake_force_configure': False, 'cmake_target': None, 'cmake_target_skip_unavailable': False, 'install_base': '/workspaces/PHOENIX/src/main_ws/src/install/teleop', 'merge_install': False, 'path': '/workspaces/PHOENIX/src/main_ws/src/teleop', 'symlink_install': False, 'test_result_base': None}
[0.294s] Level 5:colcon.colcon_core.verb:set package 'ros_babel_fish' build argument 'cmake_args' from command line to 'None'
[0.294s] Level 5:colcon.colcon_core.verb:set package 'ros_babel_fish' build argument 'cmake_target' from command line to 'None'
[0.294s] Level 5:colcon.colcon_core.verb:set package 'ros_babel_fish' build argument 'cmake_target_skip_unavailable' from command line to 'False'
[0.294s] Level 5:colcon.colcon_core.verb:set package 'ros_babel_fish' build argument 'cmake_clean_cache' from command line to 'False'
[0.294s] Level 5:colcon.colcon_core.verb:set package 'ros_babel_fish' build argument 'cmake_clean_first' from command line to 'False'
[0.294s] Level 5:colcon.colcon_core.verb:set package 'ros_babel_fish' build argument 'cmake_force_configure' from command line to 'False'
[0.294s] Level 5:colcon.colcon_core.verb:set package 'ros_babel_fish' build argument 'ament_cmake_args' from command line to 'None'
[0.294s] Level 5:colcon.colcon_core.verb:set package 'ros_babel_fish' build argument 'catkin_cmake_args' from command line to 'None'
[0.294s] Level 5:colcon.colcon_core.verb:set package 'ros_babel_fish' build argument 'catkin_skip_building_tests' from command line to 'False'
[0.294s] DEBUG:colcon.colcon_core.verb:Building package 'ros_babel_fish' with the following arguments: {'ament_cmake_args': None, 'build_base': '/workspaces/PHOENIX/src/main_ws/src/build/ros_babel_fish', 'catkin_cmake_args': None, 'catkin_skip_building_tests': False, 'cmake_args': None, 'cmake_clean_cache': False, 'cmake_clean_first': False, 'cmake_force_configure': False, 'cmake_target': None, 'cmake_target_skip_unavailable': False, 'install_base': '/workspaces/PHOENIX/src/main_ws/src/install/ros_babel_fish', 'merge_install': False, 'path': '/workspaces/PHOENIX/src/main_ws/src/ros_babel_fish', 'symlink_install': False, 'test_result_base': None}
[0.294s] INFO:colcon.colcon_core.executor:Executing jobs using 'parallel' executor
[0.295s] DEBUG:colcon.colcon_parallel_executor.executor.parallel:run_until_complete
[0.296s] INFO:colcon.colcon_ros.task.ament_cmake.build:Building ROS package in '/workspaces/PHOENIX/src/main_ws/src/ros_babel_fish_test_msgs' with build type 'ament_cmake'
[0.296s] INFO:colcon.colcon_cmake.task.cmake.build:Building CMake package in '/workspaces/PHOENIX/src/main_ws/src/ros_babel_fish_test_msgs'
[0.298s] INFO:colcon.colcon_core.plugin_system:Skipping extension 'colcon_core.shell.bat': Not used on non-Windows systems
[0.298s] INFO:colcon.colcon_core.shell:Skip shell extension 'powershell' for command environment: Not usable outside of PowerShell
[0.298s] DEBUG:colcon.colcon_core.shell:Skip shell extension 'dsv' for command environment
[0.302s] INFO:colcon.colcon_ros.task.ament_cmake.build:Building ROS package in '/workspaces/PHOENIX/src/main_ws/src/controls' with build type 'ament_cmake'
[0.302s] INFO:colcon.colcon_cmake.task.cmake.build:Building CMake package in '/workspaces/PHOENIX/src/main_ws/src/controls'
[0.302s] INFO:colcon.colcon_core.shell:Skip shell extension 'powershell' for command environment: Not usable outside of PowerShell
[0.302s] DEBUG:colcon.colcon_core.shell:Skip shell extension 'dsv' for command environment
[0.306s] INFO:colcon.colcon_ros.task.ament_cmake.build:Building ROS package in '/workspaces/PHOENIX/src/main_ws/src/drive_station' with build type 'ament_cmake'
[0.306s] INFO:colcon.colcon_cmake.task.cmake.build:Building CMake package in '/workspaces/PHOENIX/src/main_ws/src/drive_station'
[0.306s] INFO:colcon.colcon_core.shell:Skip shell extension 'powershell' for command environment: Not usable outside of PowerShell
[0.306s] DEBUG:colcon.colcon_core.shell:Skip shell extension 'dsv' for command environment
[0.311s] INFO:colcon.colcon_ros.task.ament_cmake.build:Building ROS package in '/workspaces/PHOENIX/src/main_ws/src/perception' with build type 'ament_cmake'
[0.311s] INFO:colcon.colcon_cmake.task.cmake.build:Building CMake package in '/workspaces/PHOENIX/src/main_ws/src/perception'
[0.311s] INFO:colcon.colcon_core.shell:Skip shell extension 'powershell' for command environment: Not usable outside of PowerShell
[0.311s] DEBUG:colcon.colcon_core.shell:Skip shell extension 'dsv' for command environment
[0.317s] INFO:colcon.colcon_ros.task.ament_cmake.build:Building ROS package in '/workspaces/PHOENIX/src/main_ws/src/teleop' with build type 'ament_cmake'
[0.317s] INFO:colcon.colcon_cmake.task.cmake.build:Building CMake package in '/workspaces/PHOENIX/src/main_ws/src/teleop'
[0.318s] INFO:colcon.colcon_core.shell:Skip shell extension 'powershell' for command environment: Not usable outside of PowerShell
[0.318s] DEBUG:colcon.colcon_core.shell:Skip shell extension 'dsv' for command environment
[0.331s] DEBUG:colcon.colcon_core.event_handler.log_command:Invoking command in '/workspaces/PHOENIX/src/main_ws/src/build/ros_babel_fish_test_msgs': CMAKE_PREFIX_PATH=/opt/ros/humble /usr/bin/cmake --build /workspaces/PHOENIX/src/main_ws/src/build/ros_babel_fish_test_msgs -- -j12 -l12
[0.350s] DEBUG:colcon.colcon_core.event_handler.log_command:Invoking command in '/workspaces/PHOENIX/src/main_ws/src/build/controls': CMAKE_PREFIX_PATH=/opt/ros/humble /usr/bin/cmake --build /workspaces/PHOENIX/src/main_ws/src/build/controls -- -j12 -l12
[0.367s] DEBUG:colcon.colcon_core.event_handler.log_command:Invoking command in '/workspaces/PHOENIX/src/main_ws/src/build/drive_station': CMAKE_PREFIX_PATH=/opt/ros/humble /usr/bin/cmake --build /workspaces/PHOENIX/src/main_ws/src/build/drive_station -- -j12 -l12
[0.378s] DEBUG:colcon.colcon_core.event_handler.log_command:Invoking command in '/workspaces/PHOENIX/src/main_ws/src/build/perception': CMAKE_PREFIX_PATH=/opt/ros/humble /usr/bin/cmake --build /workspaces/PHOENIX/src/main_ws/src/build/perception -- -j12 -l12
[0.381s] DEBUG:colcon.colcon_core.event_handler.log_command:Invoking command in '/workspaces/PHOENIX/src/main_ws/src/build/teleop': CMAKE_PREFIX_PATH=/opt/ros/humble /usr/bin/cmake --build /workspaces/PHOENIX/src/main_ws/src/build/teleop -- -j12 -l12
[0.387s] DEBUG:colcon.colcon_core.event_handler.log_command:Invoked command in '/workspaces/PHOENIX/src/main_ws/src/build/ros_babel_fish_test_msgs' returned '2': CMAKE_PREFIX_PATH=/opt/ros/humble /usr/bin/cmake --build /workspaces/PHOENIX/src/main_ws/src/build/ros_babel_fish_test_msgs -- -j12 -l12
[0.435s] DEBUG:colcon.colcon_core.event_handler.log_command:Invoked command in '/workspaces/PHOENIX/src/main_ws/src/build/teleop' returned '0': CMAKE_PREFIX_PATH=/opt/ros/humble /usr/bin/cmake --build /workspaces/PHOENIX/src/main_ws/src/build/teleop -- -j12 -l12
[0.446s] DEBUG:colcon.colcon_core.event_handler.log_command:Invoked command in '/workspaces/PHOENIX/src/main_ws/src/build/drive_station' returned '0': CMAKE_PREFIX_PATH=/opt/ros/humble /usr/bin/cmake --build /workspaces/PHOENIX/src/main_ws/src/build/drive_station -- -j12 -l12
[0.463s] DEBUG:colcon.colcon_core.event_handler.log_command:Invoked command in '/workspaces/PHOENIX/src/main_ws/src/build/controls' returned '0': CMAKE_PREFIX_PATH=/opt/ros/humble /usr/bin/cmake --build /workspaces/PHOENIX/src/main_ws/src/build/controls -- -j12 -l12
[0.477s] DEBUG:colcon.colcon_core.event_handler.log_command:Invoking command in '/workspaces/PHOENIX/src/main_ws/src/build/teleop': CMAKE_PREFIX_PATH=/opt/ros/humble /usr/bin/cmake --install /workspaces/PHOENIX/src/main_ws/src/build/teleop
[0.483s] DEBUG:colcon.colcon_core.event_handler.log_command:Invoking command in '/workspaces/PHOENIX/src/main_ws/src/build/drive_station': CMAKE_PREFIX_PATH=/opt/ros/humble /usr/bin/cmake --install /workspaces/PHOENIX/src/main_ws/src/build/drive_station
[0.495s] Level 1:colcon.colcon_core.environment:create_environment_scripts_only(teleop)
[0.497s] DEBUG:colcon.colcon_core.event_handler.log_command:Invoked command in '/workspaces/PHOENIX/src/main_ws/src/build/perception' returned '0': CMAKE_PREFIX_PATH=/opt/ros/humble /usr/bin/cmake --build /workspaces/PHOENIX/src/main_ws/src/build/perception -- -j12 -l12
[0.502s] DEBUG:colcon.colcon_core.event_handler.log_command:Invoked command in '/workspaces/PHOENIX/src/main_ws/src/build/teleop' returned '0': CMAKE_PREFIX_PATH=/opt/ros/humble /usr/bin/cmake --install /workspaces/PHOENIX/src/main_ws/src/build/teleop
[0.505s] Level 1:colcon.colcon_core.environment:checking '/workspaces/PHOENIX/src/main_ws/src/install/teleop' for CMake module files
[0.505s] Level 1:colcon.colcon_core.environment:checking '/workspaces/PHOENIX/src/main_ws/src/install/teleop' for CMake config files
[0.506s] Level 1:colcon.colcon_core.shell:create_environment_hook('teleop', 'cmake_prefix_path')
[0.506s] INFO:colcon.colcon_core.shell:Creating environment hook '/workspaces/PHOENIX/src/main_ws/src/install/teleop/share/teleop/hook/cmake_prefix_path.ps1'
[0.508s] INFO:colcon.colcon_core.shell:Creating environment descriptor '/workspaces/PHOENIX/src/main_ws/src/install/teleop/share/teleop/hook/cmake_prefix_path.dsv'
[0.511s] INFO:colcon.colcon_core.shell:Creating environment hook '/workspaces/PHOENIX/src/main_ws/src/install/teleop/share/teleop/hook/cmake_prefix_path.sh'
[0.514s] Level 1:colcon.colcon_core.environment:checking '/workspaces/PHOENIX/src/main_ws/src/install/teleop/bin'
[0.514s] Level 1:colcon.colcon_core.environment:checking '/workspaces/PHOENIX/src/main_ws/src/install/teleop/lib/pkgconfig/teleop.pc'
[0.517s] Level 1:colcon.colcon_core.environment:checking '/workspaces/PHOENIX/src/main_ws/src/install/teleop/lib/python3.10/site-packages'
[0.517s] Level 1:colcon.colcon_core.environment:checking '/workspaces/PHOENIX/src/main_ws/src/install/teleop/bin'
[0.517s] INFO:colcon.colcon_core.shell:Creating package script '/workspaces/PHOENIX/src/main_ws/src/install/teleop/share/teleop/package.ps1'
[0.518s] INFO:colcon.colcon_core.shell:Creating package descriptor '/workspaces/PHOENIX/src/main_ws/src/install/teleop/share/teleop/package.dsv'
[0.519s] INFO:colcon.colcon_core.shell:Creating package script '/workspaces/PHOENIX/src/main_ws/src/install/teleop/share/teleop/package.sh'
[0.519s] INFO:colcon.colcon_core.shell:Creating package script '/workspaces/PHOENIX/src/main_ws/src/install/teleop/share/teleop/package.bash'
[0.520s] INFO:colcon.colcon_core.shell:Creating package script '/workspaces/PHOENIX/src/main_ws/src/install/teleop/share/teleop/package.zsh'
[0.521s] Level 1:colcon.colcon_core.environment:create_file_with_runtime_dependencies(/workspaces/PHOENIX/src/main_ws/src/install/teleop/share/colcon-core/packages/teleop)
[0.522s] Level 1:colcon.colcon_core.environment:create_environment_scripts_only(drive_station)
[0.523s] Level 1:colcon.colcon_core.environment:checking '/workspaces/PHOENIX/src/main_ws/src/install/drive_station' for CMake module files
[0.523s] DEBUG:colcon.colcon_core.event_handler.log_command:Invoked command in '/workspaces/PHOENIX/src/main_ws/src/build/drive_station' returned '0': CMAKE_PREFIX_PATH=/opt/ros/humble /usr/bin/cmake --install /workspaces/PHOENIX/src/main_ws/src/build/drive_station
[0.524s] Level 1:colcon.colcon_core.environment:checking '/workspaces/PHOENIX/src/main_ws/src/install/drive_station' for CMake config files
[0.525s] Level 1:colcon.colcon_core.shell:create_environment_hook('drive_station', 'cmake_prefix_path')
[0.525s] INFO:colcon.colcon_core.shell:Creating environment hook '/workspaces/PHOENIX/src/main_ws/src/install/drive_station/share/drive_station/hook/cmake_prefix_path.ps1'
[0.526s] INFO:colcon.colcon_core.shell:Creating environment descriptor '/workspaces/PHOENIX/src/main_ws/src/install/drive_station/share/drive_station/hook/cmake_prefix_path.dsv'
[0.527s] INFO:colcon.colcon_core.shell:Creating environment hook '/workspaces/PHOENIX/src/main_ws/src/install/drive_station/share/drive_station/hook/cmake_prefix_path.sh'
[0.527s] Level 1:colcon.colcon_core.environment:checking '/workspaces/PHOENIX/src/main_ws/src/install/drive_station/bin'
[0.527s] Level 1:colcon.colcon_core.environment:checking '/workspaces/PHOENIX/src/main_ws/src/install/drive_station/lib/pkgconfig/drive_station.pc'
[0.528s] Level 1:colcon.colcon_core.environment:checking '/workspaces/PHOENIX/src/main_ws/src/install/drive_station/lib/python3.10/site-packages'
[0.528s] Level 1:colcon.colcon_core.environment:checking '/workspaces/PHOENIX/src/main_ws/src/install/drive_station/bin'
[0.528s] INFO:colcon.colcon_core.shell:Creating package script '/workspaces/PHOENIX/src/main_ws/src/install/drive_station/share/drive_station/package.ps1'
[0.529s] INFO:colcon.colcon_core.shell:Creating package descriptor '/workspaces/PHOENIX/src/main_ws/src/install/drive_station/share/drive_station/package.dsv'
[0.529s] INFO:colcon.colcon_core.shell:Creating package script '/workspaces/PHOENIX/src/main_ws/src/install/drive_station/share/drive_station/package.sh'
[0.529s] INFO:colcon.colcon_core.shell:Creating package script '/workspaces/PHOENIX/src/main_ws/src/install/drive_station/share/drive_station/package.bash'
[0.529s] INFO:colcon.colcon_core.shell:Creating package script '/workspaces/PHOENIX/src/main_ws/src/install/drive_station/share/drive_station/package.zsh'
[0.530s] Level 1:colcon.colcon_core.environment:create_file_with_runtime_dependencies(/workspaces/PHOENIX/src/main_ws/src/install/drive_station/share/colcon-core/packages/drive_station)
[0.537s] DEBUG:colcon.colcon_core.event_handler.log_command:Invoking command in '/workspaces/PHOENIX/src/main_ws/src/build/controls': CMAKE_PREFIX_PATH=/opt/ros/humble /usr/bin/cmake --install /workspaces/PHOENIX/src/main_ws/src/build/controls
[0.541s] DEBUG:colcon.colcon_core.event_handler.log_command:Invoking command in '/workspaces/PHOENIX/src/main_ws/src/build/perception': CMAKE_PREFIX_PATH=/opt/ros/humble /usr/bin/cmake --install /workspaces/PHOENIX/src/main_ws/src/build/perception
[0.544s] Level 1:colcon.colcon_core.environment:create_environment_scripts_only(ros_babel_fish_test_msgs)
[0.544s] Level 1:colcon.colcon_core.environment:checking '/workspaces/PHOENIX/src/main_ws/src/install/ros_babel_fish_test_msgs' for CMake module files
[0.554s] Level 1:colcon.colcon_core.environment:checking '/workspaces/PHOENIX/src/main_ws/src/install/ros_babel_fish_test_msgs' for CMake config files
[0.557s] Level 1:colcon.colcon_core.shell:create_environment_hook('ros_babel_fish_test_msgs', 'cmake_prefix_path')
[0.557s] INFO:colcon.colcon_core.shell:Creating environment hook '/workspaces/PHOENIX/src/main_ws/src/install/ros_babel_fish_test_msgs/share/ros_babel_fish_test_msgs/hook/cmake_prefix_path.ps1'
[0.558s] INFO:colcon.colcon_core.shell:Creating environment descriptor '/workspaces/PHOENIX/src/main_ws/src/install/ros_babel_fish_test_msgs/share/ros_babel_fish_test_msgs/hook/cmake_prefix_path.dsv'
[0.558s] INFO:colcon.colcon_core.shell:Creating environment hook '/workspaces/PHOENIX/src/main_ws/src/install/ros_babel_fish_test_msgs/share/ros_babel_fish_test_msgs/hook/cmake_prefix_path.sh'
[0.559s] Level 1:colcon.colcon_core.environment:checking '/workspaces/PHOENIX/src/main_ws/src/install/ros_babel_fish_test_msgs/lib'
[0.559s] Level 1:colcon.colcon_core.shell:create_environment_hook('ros_babel_fish_test_msgs', 'ld_library_path_lib')
[0.559s] INFO:colcon.colcon_core.shell:Creating environment hook '/workspaces/PHOENIX/src/main_ws/src/install/ros_babel_fish_test_msgs/share/ros_babel_fish_test_msgs/hook/ld_library_path_lib.ps1'
[0.560s] INFO:colcon.colcon_core.shell:Creating environment descriptor '/workspaces/PHOENIX/src/main_ws/src/install/ros_babel_fish_test_msgs/share/ros_babel_fish_test_msgs/hook/ld_library_path_lib.dsv'
[0.560s] INFO:colcon.colcon_core.shell:Creating environment hook '/workspaces/PHOENIX/src/main_ws/src/install/ros_babel_fish_test_msgs/share/ros_babel_fish_test_msgs/hook/ld_library_path_lib.sh'
[0.560s] Level 1:colcon.colcon_core.environment:checking '/workspaces/PHOENIX/src/main_ws/src/install/ros_babel_fish_test_msgs/bin'
[0.560s] Level 1:colcon.colcon_core.environment:checking '/workspaces/PHOENIX/src/main_ws/src/install/ros_babel_fish_test_msgs/lib/pkgconfig/ros_babel_fish_test_msgs.pc'
[0.561s] Level 1:colcon.colcon_core.environment:checking '/workspaces/PHOENIX/src/main_ws/src/install/ros_babel_fish_test_msgs/lib/python3.10/site-packages'
[0.561s] Level 1:colcon.colcon_core.environment:checking '/workspaces/PHOENIX/src/main_ws/src/install/ros_babel_fish_test_msgs/bin'
[0.561s] INFO:colcon.colcon_core.shell:Creating package script '/workspaces/PHOENIX/src/main_ws/src/install/ros_babel_fish_test_msgs/share/ros_babel_fish_test_msgs/package.ps1'
[0.562s] INFO:colcon.colcon_core.shell:Creating package descriptor '/workspaces/PHOENIX/src/main_ws/src/install/ros_babel_fish_test_msgs/share/ros_babel_fish_test_msgs/package.dsv'
[0.562s] INFO:colcon.colcon_core.shell:Creating package script '/workspaces/PHOENIX/src/main_ws/src/install/ros_babel_fish_test_msgs/share/ros_babel_fish_test_msgs/package.sh'
[0.562s] INFO:colcon.colcon_core.shell:Creating package script '/workspaces/PHOENIX/src/main_ws/src/install/ros_babel_fish_test_msgs/share/ros_babel_fish_test_msgs/package.bash'
[0.563s] INFO:colcon.colcon_core.shell:Creating package script '/workspaces/PHOENIX/src/main_ws/src/install/ros_babel_fish_test_msgs/share/ros_babel_fish_test_msgs/package.zsh'
[0.563s] Level 1:colcon.colcon_core.environment:create_file_with_runtime_dependencies(/workspaces/PHOENIX/src/main_ws/src/install/ros_babel_fish_test_msgs/share/colcon-core/packages/ros_babel_fish_test_msgs)
[0.576s] DEBUG:colcon.colcon_parallel_executor.executor.parallel:closing loop
[0.577s] DEBUG:colcon.colcon_parallel_executor.executor.parallel:loop closed
[0.577s] DEBUG:colcon.colcon_parallel_executor.executor.parallel:run_until_complete finished with '2'
[0.577s] DEBUG:colcon.colcon_core.event_reactor:joining thread
[0.584s] INFO:colcon.colcon_core.plugin_system:Skipping extension 'colcon_notification.desktop_notification.notify_send': Could not find 'notify-send'
[0.584s] INFO:colcon.colcon_core.plugin_system:Skipping extension 'colcon_notification.desktop_notification.terminal_notifier': Not used on non-Darwin systems
[0.584s] INFO:colcon.colcon_core.plugin_system:Skipping extension 'colcon_notification.desktop_notification.win32': Not used on non-Windows systems
[0.584s] INFO:colcon.colcon_notification.desktop_notification:Sending desktop notification using 'notify2'
[0.587s] DEBUG:colcon.colcon_notification.desktop_notification.notify2:Failed to initialize notify2: org.freedesktop.DBus.Error.Spawn.ExecFailed: /usr/bin/dbus-launch terminated abnormally without any error message
[0.587s] DEBUG:colcon.colcon_core.event_reactor:joined thread
[0.588s] INFO:colcon.colcon_core.shell:Creating prefix script '/workspaces/PHOENIX/src/main_ws/src/install/local_setup.ps1'
[0.589s] INFO:colcon.colcon_core.shell:Creating prefix util module '/workspaces/PHOENIX/src/main_ws/src/install/_local_setup_util_ps1.py'
[0.590s] INFO:colcon.colcon_core.shell:Creating prefix chain script '/workspaces/PHOENIX/src/main_ws/src/install/setup.ps1'
[0.591s] INFO:colcon.colcon_core.shell:Creating prefix script '/workspaces/PHOENIX/src/main_ws/src/install/local_setup.sh'
[0.591s] INFO:colcon.colcon_core.shell:Creating prefix util module '/workspaces/PHOENIX/src/main_ws/src/install/_local_setup_util_sh.py'
[0.592s] INFO:colcon.colcon_core.shell:Creating prefix chain script '/workspaces/PHOENIX/src/main_ws/src/install/setup.sh'
[0.593s] INFO:colcon.colcon_core.shell:Creating prefix script '/workspaces/PHOENIX/src/main_ws/src/install/local_setup.bash'
[0.593s] INFO:colcon.colcon_core.shell:Creating prefix chain script '/workspaces/PHOENIX/src/main_ws/src/install/setup.bash'
[0.595s] INFO:colcon.colcon_core.shell:Creating prefix script '/workspaces/PHOENIX/src/main_ws/src/install/local_setup.zsh'
[0.597s] INFO:colcon.colcon_core.shell:Creating prefix chain script '/workspaces/PHOENIX/src/main_ws/src/install/setup.zsh'
