[0.145s] DEBUG:colcon:Command line arguments: ['/usr/bin/colcon', 'build']
[0.145s] DEBUG:colcon:Parsed command line arguments: Namespace(log_base=None, log_level=None, verb_name='build', build_base='build', install_base='install', merge_install=False, symlink_install=False, test_result_base=None, continue_on_error=False, executor='parallel', parallel_workers=12, event_handlers=None, ignore_user_meta=False, metas=['./colcon.meta'], base_paths=['.'], packages_ignore=None, packages_ignore_regex=None, paths=None, packages_up_to=None, packages_up_to_regex=None, packages_above=None, packages_above_and_dependencies=None, packages_above_depth=None, packages_select_by_dep=None, packages_skip_by_dep=None, packages_skip_up_to=None, packages_select_build_failed=False, packages_skip_build_finished=False, packages_select_test_failures=False, packages_skip_test_passed=False, packages_select=None, packages_skip=None, packages_select_regex=None, packages_skip_regex=None, packages_start=None, packages_end=None, cmake_args=None, cmake_target=None, cmake_target_skip_unavailable=False, cmake_clean_cache=False, cmake_clean_first=False, cmake_force_configure=False, ament_cmake_args=None, catkin_cmake_args=None, catkin_skip_building_tests=False, mixin_files=None, mixin=None, verb_parser=<colcon_mixin.mixin.mixin_argument.MixinArgumentDecorator object at 0x7f703ae5c430>, verb_extension=<colcon_core.verb.build.BuildVerb object at 0x7f703af68b20>, main=<bound method BuildVerb.main of <colcon_core.verb.build.BuildVerb object at 0x7f703af68b20>>, mixin_verb=('build',))
[0.328s] Level 1:colcon.colcon_core.package_discovery:discover_packages(colcon_meta) check parameters
[0.329s] Level 1:colcon.colcon_core.package_discovery:discover_packages(recursive) check parameters
[0.329s] Level 1:colcon.colcon_core.package_discovery:discover_packages(ignore) check parameters
[0.329s] Level 1:colcon.colcon_core.package_discovery:discover_packages(path) check parameters
[0.329s] Level 1:colcon.colcon_core.package_discovery:discover_packages(colcon_meta) discover
[0.329s] Level 1:colcon.colcon_core.package_discovery:discover_packages(recursive) discover
[0.329s] INFO:colcon.colcon_core.package_discovery:Crawling recursively for packages in '/workspaces/PHOENIX/src/main_ws'
[0.329s] Level 1:colcon.colcon_core.package_identification:_identify(.) by extensions ['ignore', 'ignore_ament_install']
[0.329s] Level 1:colcon.colcon_core.package_identification:_identify(.) by extension 'ignore'
[0.329s] Level 1:colcon.colcon_core.package_identification:_identify(.) by extension 'ignore_ament_install'
[0.330s] Level 1:colcon.colcon_core.package_identification:_identify(.) by extensions ['colcon_pkg']
[0.330s] Level 1:colcon.colcon_core.package_identification:_identify(.) by extension 'colcon_pkg'
[0.330s] Level 1:colcon.colcon_core.package_identification:_identify(.) by extensions ['colcon_meta']
[0.330s] Level 1:colcon.colcon_core.package_identification:_identify(.) by extension 'colcon_meta'
[0.330s] Level 1:colcon.colcon_core.package_identification:_identify(.) by extensions ['ros']
[0.330s] Level 1:colcon.colcon_core.package_identification:_identify(.) by extension 'ros'
[0.345s] Level 1:colcon.colcon_core.package_identification:_identify(.) by extensions ['cmake', 'python']
[0.345s] Level 1:colcon.colcon_core.package_identification:_identify(.) by extension 'cmake'
[0.345s] Level 1:colcon.colcon_core.package_identification:_identify(.) by extension 'python'
[0.345s] Level 1:colcon.colcon_core.package_identification:_identify(.) by extensions ['python_setup_py']
[0.345s] Level 1:colcon.colcon_core.package_identification:_identify(.) by extension 'python_setup_py'
[0.345s] Level 1:colcon.colcon_core.package_identification:_identify(build) by extensions ['ignore', 'ignore_ament_install']
[0.345s] Level 1:colcon.colcon_core.package_identification:_identify(build) by extension 'ignore'
[0.345s] Level 1:colcon.colcon_core.package_identification:_identify(build) ignored
[0.346s] Level 1:colcon.colcon_core.package_identification:_identify(install) by extensions ['ignore', 'ignore_ament_install']
[0.346s] Level 1:colcon.colcon_core.package_identification:_identify(install) by extension 'ignore'
[0.346s] Level 1:colcon.colcon_core.package_identification:_identify(install) ignored
[0.346s] Level 1:colcon.colcon_core.package_identification:_identify(log) by extensions ['ignore', 'ignore_ament_install']
[0.346s] Level 1:colcon.colcon_core.package_identification:_identify(log) by extension 'ignore'
[0.346s] Level 1:colcon.colcon_core.package_identification:_identify(log) ignored
[0.346s] Level 1:colcon.colcon_core.package_identification:_identify(src) by extensions ['ignore', 'ignore_ament_install']
[0.346s] Level 1:colcon.colcon_core.package_identification:_identify(src) by extension 'ignore'
[0.346s] Level 1:colcon.colcon_core.package_identification:_identify(src) by extension 'ignore_ament_install'
[0.346s] Level 1:colcon.colcon_core.package_identification:_identify(src) by extensions ['colcon_pkg']
[0.346s] Level 1:colcon.colcon_core.package_identification:_identify(src) by extension 'colcon_pkg'
[0.346s] Level 1:colcon.colcon_core.package_identification:_identify(src) by extensions ['colcon_meta']
[0.347s] Level 1:colcon.colcon_core.package_identification:_identify(src) by extension 'colcon_meta'
[0.347s] Level 1:colcon.colcon_core.package_identification:_identify(src) by extensions ['ros']
[0.347s] Level 1:colcon.colcon_core.package_identification:_identify(src) by extension 'ros'
[0.348s] Level 1:colcon.colcon_core.package_identification:_identify(src) by extensions ['cmake', 'python']
[0.348s] Level 1:colcon.colcon_core.package_identification:_identify(src) by extension 'cmake'
[0.348s] Level 1:colcon.colcon_core.package_identification:_identify(src) by extension 'python'
[0.348s] Level 1:colcon.colcon_core.package_identification:_identify(src) by extensions ['python_setup_py']
[0.348s] Level 1:colcon.colcon_core.package_identification:_identify(src) by extension 'python_setup_py'
[0.349s] Level 1:colcon.colcon_core.package_identification:_identify(src/build) by extensions ['ignore', 'ignore_ament_install']
[0.349s] Level 1:colcon.colcon_core.package_identification:_identify(src/build) by extension 'ignore'
[0.349s] Level 1:colcon.colcon_core.package_identification:_identify(src/build) ignored
[0.349s] Level 1:colcon.colcon_core.package_identification:_identify(src/controls) by extensions ['ignore', 'ignore_ament_install']
[0.349s] Level 1:colcon.colcon_core.package_identification:_identify(src/controls) by extension 'ignore'
[0.349s] Level 1:colcon.colcon_core.package_identification:_identify(src/controls) by extension 'ignore_ament_install'
[0.349s] Level 1:colcon.colcon_core.package_identification:_identify(src/controls) by extensions ['colcon_pkg']
[0.349s] Level 1:colcon.colcon_core.package_identification:_identify(src/controls) by extension 'colcon_pkg'
[0.349s] Level 1:colcon.colcon_core.package_identification:_identify(src/controls) by extensions ['colcon_meta']
[0.349s] Level 1:colcon.colcon_core.package_identification:_identify(src/controls) by extension 'colcon_meta'
[0.349s] Level 1:colcon.colcon_core.package_identification:_identify(src/controls) by extensions ['ros']
[0.349s] Level 1:colcon.colcon_core.package_identification:_identify(src/controls) by extension 'ros'
[0.353s] DEBUG:colcon.colcon_core.package_identification:Package 'src/controls' with type 'ros.ament_cmake' and name 'controls'
[0.353s] Level 1:colcon.colcon_core.package_identification:_identify(src/drive_station) by extensions ['ignore', 'ignore_ament_install']
[0.353s] Level 1:colcon.colcon_core.package_identification:_identify(src/drive_station) by extension 'ignore'
[0.353s] Level 1:colcon.colcon_core.package_identification:_identify(src/drive_station) by extension 'ignore_ament_install'
[0.353s] Level 1:colcon.colcon_core.package_identification:_identify(src/drive_station) by extensions ['colcon_pkg']
[0.353s] Level 1:colcon.colcon_core.package_identification:_identify(src/drive_station) by extension 'colcon_pkg'
[0.353s] Level 1:colcon.colcon_core.package_identification:_identify(src/drive_station) by extensions ['colcon_meta']
[0.353s] Level 1:colcon.colcon_core.package_identification:_identify(src/drive_station) by extension 'colcon_meta'
[0.353s] Level 1:colcon.colcon_core.package_identification:_identify(src/drive_station) by extensions ['ros']
[0.353s] Level 1:colcon.colcon_core.package_identification:_identify(src/drive_station) by extension 'ros'
[0.354s] DEBUG:colcon.colcon_core.package_identification:Package 'src/drive_station' with type 'ros.ament_cmake' and name 'drive_station'
[0.354s] Level 1:colcon.colcon_core.package_identification:_identify(src/install) by extensions ['ignore', 'ignore_ament_install']
[0.354s] Level 1:colcon.colcon_core.package_identification:_identify(src/install) by extension 'ignore'
[0.354s] Level 1:colcon.colcon_core.package_identification:_identify(src/install) ignored
[0.354s] Level 1:colcon.colcon_core.package_identification:_identify(src/joy_tester) by extensions ['ignore', 'ignore_ament_install']
[0.354s] Level 1:colcon.colcon_core.package_identification:_identify(src/joy_tester) by extension 'ignore'
[0.354s] Level 1:colcon.colcon_core.package_identification:_identify(src/joy_tester) by extension 'ignore_ament_install'
[0.355s] Level 1:colcon.colcon_core.package_identification:_identify(src/joy_tester) by extensions ['colcon_pkg']
[0.355s] Level 1:colcon.colcon_core.package_identification:_identify(src/joy_tester) by extension 'colcon_pkg'
[0.355s] Level 1:colcon.colcon_core.package_identification:_identify(src/joy_tester) by extensions ['colcon_meta']
[0.355s] Level 1:colcon.colcon_core.package_identification:_identify(src/joy_tester) by extension 'colcon_meta'
[0.355s] Level 1:colcon.colcon_core.package_identification:_identify(src/joy_tester) by extensions ['ros']
[0.355s] Level 1:colcon.colcon_core.package_identification:_identify(src/joy_tester) by extension 'ros'
[0.356s] DEBUG:colcon.colcon_core.package_identification:Package 'src/joy_tester' with type 'ros.ament_python' and name 'joy_tester'
[0.356s] Level 1:colcon.colcon_core.package_identification:_identify(src/log) by extensions ['ignore', 'ignore_ament_install']
[0.356s] Level 1:colcon.colcon_core.package_identification:_identify(src/log) by extension 'ignore'
[0.356s] Level 1:colcon.colcon_core.package_identification:_identify(src/log) ignored
[0.356s] Level 1:colcon.colcon_core.package_identification:_identify(src/perception) by extensions ['ignore', 'ignore_ament_install']
[0.356s] Level 1:colcon.colcon_core.package_identification:_identify(src/perception) by extension 'ignore'
[0.356s] Level 1:colcon.colcon_core.package_identification:_identify(src/perception) by extension 'ignore_ament_install'
[0.356s] Level 1:colcon.colcon_core.package_identification:_identify(src/perception) by extensions ['colcon_pkg']
[0.356s] Level 1:colcon.colcon_core.package_identification:_identify(src/perception) by extension 'colcon_pkg'
[0.357s] Level 1:colcon.colcon_core.package_identification:_identify(src/perception) by extensions ['colcon_meta']
[0.357s] Level 1:colcon.colcon_core.package_identification:_identify(src/perception) by extension 'colcon_meta'
[0.357s] Level 1:colcon.colcon_core.package_identification:_identify(src/perception) by extensions ['ros']
[0.357s] Level 1:colcon.colcon_core.package_identification:_identify(src/perception) by extension 'ros'
[0.357s] DEBUG:colcon.colcon_core.package_identification:Package 'src/perception' with type 'ros.ament_cmake' and name 'perception'
[0.358s] Level 1:colcon.colcon_core.package_identification:_identify(src/teleop) by extensions ['ignore', 'ignore_ament_install']
[0.358s] Level 1:colcon.colcon_core.package_identification:_identify(src/teleop) by extension 'ignore'
[0.358s] Level 1:colcon.colcon_core.package_identification:_identify(src/teleop) by extension 'ignore_ament_install'
[0.358s] Level 1:colcon.colcon_core.package_identification:_identify(src/teleop) by extensions ['colcon_pkg']
[0.358s] Level 1:colcon.colcon_core.package_identification:_identify(src/teleop) by extension 'colcon_pkg'
[0.358s] Level 1:colcon.colcon_core.package_identification:_identify(src/teleop) by extensions ['colcon_meta']
[0.358s] Level 1:colcon.colcon_core.package_identification:_identify(src/teleop) by extension 'colcon_meta'
[0.358s] Level 1:colcon.colcon_core.package_identification:_identify(src/teleop) by extensions ['ros']
[0.358s] Level 1:colcon.colcon_core.package_identification:_identify(src/teleop) by extension 'ros'
[0.358s] DEBUG:colcon.colcon_core.package_identification:Package 'src/teleop' with type 'ros.ament_cmake' and name 'teleop'
[0.359s] Level 1:colcon.colcon_core.package_discovery:discover_packages(recursive) using defaults
[0.359s] Level 1:colcon.colcon_core.package_discovery:discover_packages(ignore) discover
[0.359s] Level 1:colcon.colcon_core.package_discovery:discover_packages(ignore) using defaults
[0.359s] Level 1:colcon.colcon_core.package_discovery:discover_packages(path) discover
[0.359s] Level 1:colcon.colcon_core.package_discovery:discover_packages(path) using defaults
[0.385s] Level 5:colcon.colcon_core.verb:set package 'controls' build argument 'cmake_args' from command line to 'None'
[0.385s] Level 5:colcon.colcon_core.verb:set package 'controls' build argument 'cmake_target' from command line to 'None'
[0.385s] Level 5:colcon.colcon_core.verb:set package 'controls' build argument 'cmake_target_skip_unavailable' from command line to 'False'
[0.385s] Level 5:colcon.colcon_core.verb:set package 'controls' build argument 'cmake_clean_cache' from command line to 'False'
[0.385s] Level 5:colcon.colcon_core.verb:set package 'controls' build argument 'cmake_clean_first' from command line to 'False'
[0.385s] Level 5:colcon.colcon_core.verb:set package 'controls' build argument 'cmake_force_configure' from command line to 'False'
[0.385s] Level 5:colcon.colcon_core.verb:set package 'controls' build argument 'ament_cmake_args' from command line to 'None'
[0.385s] Level 5:colcon.colcon_core.verb:set package 'controls' build argument 'catkin_cmake_args' from command line to 'None'
[0.385s] Level 5:colcon.colcon_core.verb:set package 'controls' build argument 'catkin_skip_building_tests' from command line to 'False'
[0.385s] DEBUG:colcon.colcon_core.verb:Building package 'controls' with the following arguments: {'ament_cmake_args': None, 'build_base': '/workspaces/PHOENIX/src/main_ws/build/controls', 'catkin_cmake_args': None, 'catkin_skip_building_tests': False, 'cmake_args': None, 'cmake_clean_cache': False, 'cmake_clean_first': False, 'cmake_force_configure': False, 'cmake_target': None, 'cmake_target_skip_unavailable': False, 'install_base': '/workspaces/PHOENIX/src/main_ws/install/controls', 'merge_install': False, 'path': '/workspaces/PHOENIX/src/main_ws/src/controls', 'symlink_install': False, 'test_result_base': None}
[0.386s] Level 5:colcon.colcon_core.verb:set package 'drive_station' build argument 'cmake_args' from command line to 'None'
[0.386s] Level 5:colcon.colcon_core.verb:set package 'drive_station' build argument 'cmake_target' from command line to 'None'
[0.386s] Level 5:colcon.colcon_core.verb:set package 'drive_station' build argument 'cmake_target_skip_unavailable' from command line to 'False'
[0.386s] Level 5:colcon.colcon_core.verb:set package 'drive_station' build argument 'cmake_clean_cache' from command line to 'False'
[0.386s] Level 5:colcon.colcon_core.verb:set package 'drive_station' build argument 'cmake_clean_first' from command line to 'False'
[0.386s] Level 5:colcon.colcon_core.verb:set package 'drive_station' build argument 'cmake_force_configure' from command line to 'False'
[0.386s] Level 5:colcon.colcon_core.verb:set package 'drive_station' build argument 'ament_cmake_args' from command line to 'None'
[0.386s] Level 5:colcon.colcon_core.verb:set package 'drive_station' build argument 'catkin_cmake_args' from command line to 'None'
[0.386s] Level 5:colcon.colcon_core.verb:set package 'drive_station' build argument 'catkin_skip_building_tests' from command line to 'False'
[0.386s] DEBUG:colcon.colcon_core.verb:Building package 'drive_station' with the following arguments: {'ament_cmake_args': None, 'build_base': '/workspaces/PHOENIX/src/main_ws/build/drive_station', 'catkin_cmake_args': None, 'catkin_skip_building_tests': False, 'cmake_args': None, 'cmake_clean_cache': False, 'cmake_clean_first': False, 'cmake_force_configure': False, 'cmake_target': None, 'cmake_target_skip_unavailable': False, 'install_base': '/workspaces/PHOENIX/src/main_ws/install/drive_station', 'merge_install': False, 'path': '/workspaces/PHOENIX/src/main_ws/src/drive_station', 'symlink_install': False, 'test_result_base': None}
[0.386s] Level 5:colcon.colcon_core.verb:set package 'joy_tester' build argument 'cmake_args' from command line to 'None'
[0.386s] Level 5:colcon.colcon_core.verb:set package 'joy_tester' build argument 'cmake_target' from command line to 'None'
[0.386s] Level 5:colcon.colcon_core.verb:set package 'joy_tester' build argument 'cmake_target_skip_unavailable' from command line to 'False'
[0.386s] Level 5:colcon.colcon_core.verb:set package 'joy_tester' build argument 'cmake_clean_cache' from command line to 'False'
[0.386s] Level 5:colcon.colcon_core.verb:set package 'joy_tester' build argument 'cmake_clean_first' from command line to 'False'
[0.386s] Level 5:colcon.colcon_core.verb:set package 'joy_tester' build argument 'cmake_force_configure' from command line to 'False'
[0.387s] Level 5:colcon.colcon_core.verb:set package 'joy_tester' build argument 'ament_cmake_args' from command line to 'None'
[0.387s] Level 5:colcon.colcon_core.verb:set package 'joy_tester' build argument 'catkin_cmake_args' from command line to 'None'
[0.387s] Level 5:colcon.colcon_core.verb:set package 'joy_tester' build argument 'catkin_skip_building_tests' from command line to 'False'
[0.387s] DEBUG:colcon.colcon_core.verb:Building package 'joy_tester' with the following arguments: {'ament_cmake_args': None, 'build_base': '/workspaces/PHOENIX/src/main_ws/build/joy_tester', 'catkin_cmake_args': None, 'catkin_skip_building_tests': False, 'cmake_args': None, 'cmake_clean_cache': False, 'cmake_clean_first': False, 'cmake_force_configure': False, 'cmake_target': None, 'cmake_target_skip_unavailable': False, 'install_base': '/workspaces/PHOENIX/src/main_ws/install/joy_tester', 'merge_install': False, 'path': '/workspaces/PHOENIX/src/main_ws/src/joy_tester', 'symlink_install': False, 'test_result_base': None}
[0.387s] Level 5:colcon.colcon_core.verb:set package 'perception' build argument 'cmake_args' from command line to 'None'
[0.387s] Level 5:colcon.colcon_core.verb:set package 'perception' build argument 'cmake_target' from command line to 'None'
[0.387s] Level 5:colcon.colcon_core.verb:set package 'perception' build argument 'cmake_target_skip_unavailable' from command line to 'False'
[0.387s] Level 5:colcon.colcon_core.verb:set package 'perception' build argument 'cmake_clean_cache' from command line to 'False'
[0.387s] Level 5:colcon.colcon_core.verb:set package 'perception' build argument 'cmake_clean_first' from command line to 'False'
[0.387s] Level 5:colcon.colcon_core.verb:set package 'perception' build argument 'cmake_force_configure' from command line to 'False'
[0.387s] Level 5:colcon.colcon_core.verb:set package 'perception' build argument 'ament_cmake_args' from command line to 'None'
[0.387s] Level 5:colcon.colcon_core.verb:set package 'perception' build argument 'catkin_cmake_args' from command line to 'None'
[0.387s] Level 5:colcon.colcon_core.verb:set package 'perception' build argument 'catkin_skip_building_tests' from command line to 'False'
[0.387s] DEBUG:colcon.colcon_core.verb:Building package 'perception' with the following arguments: {'ament_cmake_args': None, 'build_base': '/workspaces/PHOENIX/src/main_ws/build/perception', 'catkin_cmake_args': None, 'catkin_skip_building_tests': False, 'cmake_args': None, 'cmake_clean_cache': False, 'cmake_clean_first': False, 'cmake_force_configure': False, 'cmake_target': None, 'cmake_target_skip_unavailable': False, 'install_base': '/workspaces/PHOENIX/src/main_ws/install/perception', 'merge_install': False, 'path': '/workspaces/PHOENIX/src/main_ws/src/perception', 'symlink_install': False, 'test_result_base': None}
[0.388s] Level 5:colcon.colcon_core.verb:set package 'teleop' build argument 'cmake_args' from command line to 'None'
[0.388s] Level 5:colcon.colcon_core.verb:set package 'teleop' build argument 'cmake_target' from command line to 'None'
[0.388s] Level 5:colcon.colcon_core.verb:set package 'teleop' build argument 'cmake_target_skip_unavailable' from command line to 'False'
[0.388s] Level 5:colcon.colcon_core.verb:set package 'teleop' build argument 'cmake_clean_cache' from command line to 'False'
[0.388s] Level 5:colcon.colcon_core.verb:set package 'teleop' build argument 'cmake_clean_first' from command line to 'False'
[0.388s] Level 5:colcon.colcon_core.verb:set package 'teleop' build argument 'cmake_force_configure' from command line to 'False'
[0.388s] Level 5:colcon.colcon_core.verb:set package 'teleop' build argument 'ament_cmake_args' from command line to 'None'
[0.388s] Level 5:colcon.colcon_core.verb:set package 'teleop' build argument 'catkin_cmake_args' from command line to 'None'
[0.388s] Level 5:colcon.colcon_core.verb:set package 'teleop' build argument 'catkin_skip_building_tests' from command line to 'False'
[0.388s] DEBUG:colcon.colcon_core.verb:Building package 'teleop' with the following arguments: {'ament_cmake_args': None, 'build_base': '/workspaces/PHOENIX/src/main_ws/build/teleop', 'catkin_cmake_args': None, 'catkin_skip_building_tests': False, 'cmake_args': None, 'cmake_clean_cache': False, 'cmake_clean_first': False, 'cmake_force_configure': False, 'cmake_target': None, 'cmake_target_skip_unavailable': False, 'install_base': '/workspaces/PHOENIX/src/main_ws/install/teleop', 'merge_install': False, 'path': '/workspaces/PHOENIX/src/main_ws/src/teleop', 'symlink_install': False, 'test_result_base': None}
[0.388s] INFO:colcon.colcon_core.executor:Executing jobs using 'parallel' executor
[0.389s] DEBUG:colcon.colcon_parallel_executor.executor.parallel:run_until_complete
[0.390s] INFO:colcon.colcon_ros.task.ament_cmake.build:Building ROS package in '/workspaces/PHOENIX/src/main_ws/src/controls' with build type 'ament_cmake'
[0.390s] INFO:colcon.colcon_cmake.task.cmake.build:Building CMake package in '/workspaces/PHOENIX/src/main_ws/src/controls'
[0.393s] INFO:colcon.colcon_core.plugin_system:Skipping extension 'colcon_core.shell.bat': Not used on non-Windows systems
[0.393s] INFO:colcon.colcon_core.shell:Skip shell extension 'powershell' for command environment: Not usable outside of PowerShell
[0.393s] DEBUG:colcon.colcon_core.shell:Skip shell extension 'dsv' for command environment
[0.455s] INFO:colcon.colcon_ros.task.ament_cmake.build:Building ROS package in '/workspaces/PHOENIX/src/main_ws/src/drive_station' with build type 'ament_cmake'
[0.455s] INFO:colcon.colcon_cmake.task.cmake.build:Building CMake package in '/workspaces/PHOENIX/src/main_ws/src/drive_station'
[0.456s] INFO:colcon.colcon_core.shell:Skip shell extension 'powershell' for command environment: Not usable outside of PowerShell
[0.456s] DEBUG:colcon.colcon_core.shell:Skip shell extension 'dsv' for command environment
[0.465s] INFO:colcon.colcon_ros.task.ament_python.build:Building ROS package in '/workspaces/PHOENIX/src/main_ws/src/joy_tester' with build type 'ament_python'
[0.465s] Level 1:colcon.colcon_core.shell:create_environment_hook('joy_tester', 'ament_prefix_path')
[0.466s] INFO:colcon.colcon_core.shell:Creating environment hook '/workspaces/PHOENIX/src/main_ws/install/joy_tester/share/joy_tester/hook/ament_prefix_path.ps1'
[0.474s] INFO:colcon.colcon_core.shell:Creating environment descriptor '/workspaces/PHOENIX/src/main_ws/install/joy_tester/share/joy_tester/hook/ament_prefix_path.dsv'
[0.476s] INFO:colcon.colcon_core.shell:Creating environment hook '/workspaces/PHOENIX/src/main_ws/install/joy_tester/share/joy_tester/hook/ament_prefix_path.sh'
[0.478s] INFO:colcon.colcon_core.shell:Skip shell extension 'powershell' for command environment: Not usable outside of PowerShell
[0.478s] DEBUG:colcon.colcon_core.shell:Skip shell extension 'dsv' for command environment
[0.484s] INFO:colcon.colcon_ros.task.ament_cmake.build:Building ROS package in '/workspaces/PHOENIX/src/main_ws/src/perception' with build type 'ament_cmake'
[0.488s] INFO:colcon.colcon_cmake.task.cmake.build:Building CMake package in '/workspaces/PHOENIX/src/main_ws/src/perception'
[0.489s] INFO:colcon.colcon_core.shell:Skip shell extension 'powershell' for command environment: Not usable outside of PowerShell
[0.489s] DEBUG:colcon.colcon_core.shell:Skip shell extension 'dsv' for command environment
[0.510s] INFO:colcon.colcon_ros.task.ament_cmake.build:Building ROS package in '/workspaces/PHOENIX/src/main_ws/src/teleop' with build type 'ament_cmake'
[0.512s] INFO:colcon.colcon_cmake.task.cmake.build:Building CMake package in '/workspaces/PHOENIX/src/main_ws/src/teleop'
[0.512s] INFO:colcon.colcon_core.shell:Skip shell extension 'powershell' for command environment: Not usable outside of PowerShell
[0.513s] DEBUG:colcon.colcon_core.shell:Skip shell extension 'dsv' for command environment
[0.547s] DEBUG:colcon.colcon_core.event_handler.log_command:Invoking command in '/workspaces/PHOENIX/src/main_ws/build/controls': CMAKE_PREFIX_PATH=/opt/ros/humble /usr/bin/cmake --build /workspaces/PHOENIX/src/main_ws/build/controls -- -j12 -l12
[0.557s] DEBUG:colcon.colcon_core.event_handler.log_command:Invoking command in '/workspaces/PHOENIX/src/main_ws/build/drive_station': CMAKE_PREFIX_PATH=/opt/ros/humble /usr/bin/cmake --build /workspaces/PHOENIX/src/main_ws/build/drive_station -- -j12 -l12
[0.887s] INFO:colcon.colcon_core.task.python.build:Building Python package in '/workspaces/PHOENIX/src/main_ws/src/joy_tester'
[0.887s] INFO:colcon.colcon_core.shell:Skip shell extension 'powershell' for command environment: Not usable outside of PowerShell
[0.887s] DEBUG:colcon.colcon_core.shell:Skip shell extension 'dsv' for command environment
[0.901s] DEBUG:colcon.colcon_core.event_handler.log_command:Invoking command in '/workspaces/PHOENIX/src/main_ws/build/perception': CMAKE_PREFIX_PATH=/opt/ros/humble /usr/bin/cmake --build /workspaces/PHOENIX/src/main_ws/build/perception -- -j12 -l12
[0.907s] DEBUG:colcon.colcon_core.event_handler.log_command:Invoking command in '/workspaces/PHOENIX/src/main_ws/build/teleop': CMAKE_PREFIX_PATH=/opt/ros/humble /usr/bin/cmake --build /workspaces/PHOENIX/src/main_ws/build/teleop -- -j12 -l12
[0.908s] DEBUG:colcon.colcon_core.event_handler.log_command:Invoked command in '/workspaces/PHOENIX/src/main_ws/build/controls' returned '0': CMAKE_PREFIX_PATH=/opt/ros/humble /usr/bin/cmake --build /workspaces/PHOENIX/src/main_ws/build/controls -- -j12 -l12
[0.920s] DEBUG:colcon.colcon_core.event_handler.log_command:Invoked command in '/workspaces/PHOENIX/src/main_ws/build/drive_station' returned '0': CMAKE_PREFIX_PATH=/opt/ros/humble /usr/bin/cmake --build /workspaces/PHOENIX/src/main_ws/build/drive_station -- -j12 -l12
[0.990s] DEBUG:colcon.colcon_core.event_handler.log_command:Invoking command in '/workspaces/PHOENIX/src/main_ws/build/drive_station': CMAKE_PREFIX_PATH=/opt/ros/humble /usr/bin/cmake --install /workspaces/PHOENIX/src/main_ws/build/drive_station
[0.996s] DEBUG:colcon.colcon_core.event_handler.log_command:Invoking command in '/workspaces/PHOENIX/src/main_ws/build/controls': CMAKE_PREFIX_PATH=/opt/ros/humble /usr/bin/cmake --install /workspaces/PHOENIX/src/main_ws/build/controls
[0.997s] DEBUG:colcon.colcon_core.event_handler.log_command:Invoked command in '/workspaces/PHOENIX/src/main_ws/build/teleop' returned '0': CMAKE_PREFIX_PATH=/opt/ros/humble /usr/bin/cmake --build /workspaces/PHOENIX/src/main_ws/build/teleop -- -j12 -l12
[1.011s] Level 1:colcon.colcon_core.environment:create_environment_scripts_only(drive_station)
[1.018s] DEBUG:colcon.colcon_core.event_handler.log_command:Invoked command in '/workspaces/PHOENIX/src/main_ws/build/drive_station' returned '0': CMAKE_PREFIX_PATH=/opt/ros/humble /usr/bin/cmake --install /workspaces/PHOENIX/src/main_ws/build/drive_station
[1.027s] Level 1:colcon.colcon_core.environment:checking '/workspaces/PHOENIX/src/main_ws/install/drive_station' for CMake module files
[1.028s] Level 1:colcon.colcon_core.environment:checking '/workspaces/PHOENIX/src/main_ws/install/drive_station' for CMake config files
[1.034s] Level 1:colcon.colcon_core.shell:create_environment_hook('drive_station', 'cmake_prefix_path')
[1.034s] INFO:colcon.colcon_core.shell:Creating environment hook '/workspaces/PHOENIX/src/main_ws/install/drive_station/share/drive_station/hook/cmake_prefix_path.ps1'
[1.036s] INFO:colcon.colcon_core.shell:Creating environment descriptor '/workspaces/PHOENIX/src/main_ws/install/drive_station/share/drive_station/hook/cmake_prefix_path.dsv'
[1.036s] INFO:colcon.colcon_core.shell:Creating environment hook '/workspaces/PHOENIX/src/main_ws/install/drive_station/share/drive_station/hook/cmake_prefix_path.sh'
[1.037s] Level 1:colcon.colcon_core.environment:checking '/workspaces/PHOENIX/src/main_ws/install/drive_station/bin'
[1.037s] Level 1:colcon.colcon_core.environment:checking '/workspaces/PHOENIX/src/main_ws/install/drive_station/lib/pkgconfig/drive_station.pc'
[1.037s] Level 1:colcon.colcon_core.environment:checking '/workspaces/PHOENIX/src/main_ws/install/drive_station/lib/python3.10/site-packages'
[1.038s] Level 1:colcon.colcon_core.environment:checking '/workspaces/PHOENIX/src/main_ws/install/drive_station/bin'
[1.038s] INFO:colcon.colcon_core.shell:Creating package script '/workspaces/PHOENIX/src/main_ws/install/drive_station/share/drive_station/package.ps1'
[1.039s] INFO:colcon.colcon_core.shell:Creating package descriptor '/workspaces/PHOENIX/src/main_ws/install/drive_station/share/drive_station/package.dsv'
[1.042s] INFO:colcon.colcon_core.shell:Creating package script '/workspaces/PHOENIX/src/main_ws/install/drive_station/share/drive_station/package.sh'
[1.047s] INFO:colcon.colcon_core.shell:Creating package script '/workspaces/PHOENIX/src/main_ws/install/drive_station/share/drive_station/package.bash'
[1.053s] INFO:colcon.colcon_core.shell:Creating package script '/workspaces/PHOENIX/src/main_ws/install/drive_station/share/drive_station/package.zsh'
[1.054s] Level 1:colcon.colcon_core.environment:create_file_with_runtime_dependencies(/workspaces/PHOENIX/src/main_ws/install/drive_station/share/colcon-core/packages/drive_station)
[1.057s] Level 1:colcon.colcon_core.environment:create_environment_scripts_only(controls)
[1.058s] Level 1:colcon.colcon_core.environment:checking '/workspaces/PHOENIX/src/main_ws/install/controls' for CMake module files
[1.058s] DEBUG:colcon.colcon_core.event_handler.log_command:Invoked command in '/workspaces/PHOENIX/src/main_ws/build/controls' returned '0': CMAKE_PREFIX_PATH=/opt/ros/humble /usr/bin/cmake --install /workspaces/PHOENIX/src/main_ws/build/controls
[1.060s] Level 1:colcon.colcon_core.environment:checking '/workspaces/PHOENIX/src/main_ws/install/controls' for CMake config files
[1.060s] Level 1:colcon.colcon_core.shell:create_environment_hook('controls', 'cmake_prefix_path')
[1.061s] INFO:colcon.colcon_core.shell:Creating environment hook '/workspaces/PHOENIX/src/main_ws/install/controls/share/controls/hook/cmake_prefix_path.ps1'
[1.062s] INFO:colcon.colcon_core.shell:Creating environment descriptor '/workspaces/PHOENIX/src/main_ws/install/controls/share/controls/hook/cmake_prefix_path.dsv'
[1.062s] INFO:colcon.colcon_core.shell:Creating environment hook '/workspaces/PHOENIX/src/main_ws/install/controls/share/controls/hook/cmake_prefix_path.sh'
[1.063s] Level 1:colcon.colcon_core.environment:checking '/workspaces/PHOENIX/src/main_ws/install/controls/lib'
[1.063s] Level 1:colcon.colcon_core.environment:checking '/workspaces/PHOENIX/src/main_ws/install/controls/bin'
[1.063s] Level 1:colcon.colcon_core.environment:checking '/workspaces/PHOENIX/src/main_ws/install/controls/lib/pkgconfig/controls.pc'
[1.064s] Level 1:colcon.colcon_core.environment:checking '/workspaces/PHOENIX/src/main_ws/install/controls/lib/python3.10/site-packages'
[1.065s] Level 1:colcon.colcon_core.environment:checking '/workspaces/PHOENIX/src/main_ws/install/controls/bin'
[1.066s] INFO:colcon.colcon_core.shell:Creating package script '/workspaces/PHOENIX/src/main_ws/install/controls/share/controls/package.ps1'
[1.067s] INFO:colcon.colcon_core.shell:Creating package descriptor '/workspaces/PHOENIX/src/main_ws/install/controls/share/controls/package.dsv'
[1.067s] INFO:colcon.colcon_core.shell:Creating package script '/workspaces/PHOENIX/src/main_ws/install/controls/share/controls/package.sh'
[1.068s] INFO:colcon.colcon_core.shell:Creating package script '/workspaces/PHOENIX/src/main_ws/install/controls/share/controls/package.bash'
[1.069s] INFO:colcon.colcon_core.shell:Creating package script '/workspaces/PHOENIX/src/main_ws/install/controls/share/controls/package.zsh'
[1.069s] Level 1:colcon.colcon_core.environment:create_file_with_runtime_dependencies(/workspaces/PHOENIX/src/main_ws/install/controls/share/colcon-core/packages/controls)
[1.085s] DEBUG:colcon.colcon_core.event_handler.log_command:Invoking command in '/workspaces/PHOENIX/src/main_ws/build/teleop': CMAKE_PREFIX_PATH=/opt/ros/humble /usr/bin/cmake --install /workspaces/PHOENIX/src/main_ws/build/teleop
[1.085s] DEBUG:colcon.colcon_core.event_handler.log_command:Invoked command in '/workspaces/PHOENIX/src/main_ws/build/perception' returned '0': CMAKE_PREFIX_PATH=/opt/ros/humble /usr/bin/cmake --build /workspaces/PHOENIX/src/main_ws/build/perception -- -j12 -l12
[1.093s] Level 1:colcon.colcon_core.environment:create_environment_scripts_only(drive_station)
[1.093s] Level 1:colcon.colcon_core.environment:checking '/workspaces/PHOENIX/src/main_ws/install/drive_station' for CMake module files
[1.101s] Level 1:colcon.colcon_core.environment:checking '/workspaces/PHOENIX/src/main_ws/install/drive_station' for CMake config files
[1.102s] Level 1:colcon.colcon_core.shell:create_environment_hook('drive_station', 'cmake_prefix_path')
[1.103s] INFO:colcon.colcon_core.shell:Creating environment hook '/workspaces/PHOENIX/src/main_ws/install/drive_station/share/drive_station/hook/cmake_prefix_path.ps1'
[1.108s] INFO:colcon.colcon_core.shell:Creating environment descriptor '/workspaces/PHOENIX/src/main_ws/install/drive_station/share/drive_station/hook/cmake_prefix_path.dsv'
[1.110s] INFO:colcon.colcon_core.shell:Creating environment hook '/workspaces/PHOENIX/src/main_ws/install/drive_station/share/drive_station/hook/cmake_prefix_path.sh'
[1.112s] Level 1:colcon.colcon_core.environment:checking '/workspaces/PHOENIX/src/main_ws/install/drive_station/bin'
[1.112s] Level 1:colcon.colcon_core.environment:checking '/workspaces/PHOENIX/src/main_ws/install/drive_station/lib/pkgconfig/drive_station.pc'
[1.113s] Level 1:colcon.colcon_core.environment:checking '/workspaces/PHOENIX/src/main_ws/install/drive_station/lib/python3.10/site-packages'
[1.113s] Level 1:colcon.colcon_core.environment:checking '/workspaces/PHOENIX/src/main_ws/install/drive_station/bin'
[1.113s] INFO:colcon.colcon_core.shell:Creating package script '/workspaces/PHOENIX/src/main_ws/install/drive_station/share/drive_station/package.ps1'
[1.114s] INFO:colcon.colcon_core.shell:Creating package descriptor '/workspaces/PHOENIX/src/main_ws/install/drive_station/share/drive_station/package.dsv'
[1.114s] INFO:colcon.colcon_core.shell:Creating package script '/workspaces/PHOENIX/src/main_ws/install/drive_station/share/drive_station/package.sh'
[1.115s] INFO:colcon.colcon_core.shell:Creating package script '/workspaces/PHOENIX/src/main_ws/install/drive_station/share/drive_station/package.bash'
[1.116s] INFO:colcon.colcon_core.shell:Creating package script '/workspaces/PHOENIX/src/main_ws/install/drive_station/share/drive_station/package.zsh'
[1.120s] Level 1:colcon.colcon_core.environment:create_file_with_runtime_dependencies(/workspaces/PHOENIX/src/main_ws/install/drive_station/share/colcon-core/packages/drive_station)
[1.127s] Level 1:colcon.colcon_core.environment:create_environment_scripts_only(controls)
[1.128s] Level 1:colcon.colcon_core.environment:checking '/workspaces/PHOENIX/src/main_ws/install/controls' for CMake module files
[1.129s] Level 1:colcon.colcon_core.environment:checking '/workspaces/PHOENIX/src/main_ws/install/controls' for CMake config files
[1.129s] Level 1:colcon.colcon_core.shell:create_environment_hook('controls', 'cmake_prefix_path')
[1.129s] INFO:colcon.colcon_core.shell:Creating environment hook '/workspaces/PHOENIX/src/main_ws/install/controls/share/controls/hook/cmake_prefix_path.ps1'
[1.130s] INFO:colcon.colcon_core.shell:Creating environment descriptor '/workspaces/PHOENIX/src/main_ws/install/controls/share/controls/hook/cmake_prefix_path.dsv'
[1.131s] INFO:colcon.colcon_core.shell:Creating environment hook '/workspaces/PHOENIX/src/main_ws/install/controls/share/controls/hook/cmake_prefix_path.sh'
[1.132s] Level 1:colcon.colcon_core.environment:checking '/workspaces/PHOENIX/src/main_ws/install/controls/lib'
[1.132s] Level 1:colcon.colcon_core.environment:checking '/workspaces/PHOENIX/src/main_ws/install/controls/bin'
[1.134s] Level 1:colcon.colcon_core.environment:checking '/workspaces/PHOENIX/src/main_ws/install/controls/lib/pkgconfig/controls.pc'
[1.134s] Level 1:colcon.colcon_core.environment:checking '/workspaces/PHOENIX/src/main_ws/install/controls/lib/python3.10/site-packages'
[1.135s] Level 1:colcon.colcon_core.environment:checking '/workspaces/PHOENIX/src/main_ws/install/controls/bin'
[1.135s] INFO:colcon.colcon_core.shell:Creating package script '/workspaces/PHOENIX/src/main_ws/install/controls/share/controls/package.ps1'
[1.136s] INFO:colcon.colcon_core.shell:Creating package descriptor '/workspaces/PHOENIX/src/main_ws/install/controls/share/controls/package.dsv'
[1.137s] INFO:colcon.colcon_core.shell:Creating package script '/workspaces/PHOENIX/src/main_ws/install/controls/share/controls/package.sh'
[1.137s] INFO:colcon.colcon_core.shell:Creating package script '/workspaces/PHOENIX/src/main_ws/install/controls/share/controls/package.bash'
[1.138s] INFO:colcon.colcon_core.shell:Creating package script '/workspaces/PHOENIX/src/main_ws/install/controls/share/controls/package.zsh'
[1.138s] Level 1:colcon.colcon_core.environment:create_file_with_runtime_dependencies(/workspaces/PHOENIX/src/main_ws/install/controls/share/colcon-core/packages/controls)
[1.142s] DEBUG:colcon.colcon_core.event_handler.log_command:Invoking command in '/workspaces/PHOENIX/src/main_ws/build/perception': CMAKE_PREFIX_PATH=/opt/ros/humble /usr/bin/cmake --install /workspaces/PHOENIX/src/main_ws/build/perception
[1.144s] Level 1:colcon.colcon_core.environment:create_environment_scripts_only(teleop)
[1.145s] Level 1:colcon.colcon_core.environment:checking '/workspaces/PHOENIX/src/main_ws/install/teleop' for CMake module files
[1.145s] DEBUG:colcon.colcon_core.event_handler.log_command:Invoked command in '/workspaces/PHOENIX/src/main_ws/build/teleop' returned '0': CMAKE_PREFIX_PATH=/opt/ros/humble /usr/bin/cmake --install /workspaces/PHOENIX/src/main_ws/build/teleop
[1.147s] Level 1:colcon.colcon_core.environment:checking '/workspaces/PHOENIX/src/main_ws/install/teleop' for CMake config files
[1.147s] Level 1:colcon.colcon_core.shell:create_environment_hook('teleop', 'cmake_prefix_path')
[1.147s] INFO:colcon.colcon_core.shell:Creating environment hook '/workspaces/PHOENIX/src/main_ws/install/teleop/share/teleop/hook/cmake_prefix_path.ps1'
[1.148s] INFO:colcon.colcon_core.shell:Creating environment descriptor '/workspaces/PHOENIX/src/main_ws/install/teleop/share/teleop/hook/cmake_prefix_path.dsv'
[1.149s] INFO:colcon.colcon_core.shell:Creating environment hook '/workspaces/PHOENIX/src/main_ws/install/teleop/share/teleop/hook/cmake_prefix_path.sh'
[1.150s] Level 1:colcon.colcon_core.environment:checking '/workspaces/PHOENIX/src/main_ws/install/teleop/bin'
[1.150s] Level 1:colcon.colcon_core.environment:checking '/workspaces/PHOENIX/src/main_ws/install/teleop/lib/pkgconfig/teleop.pc'
[1.151s] Level 1:colcon.colcon_core.environment:checking '/workspaces/PHOENIX/src/main_ws/install/teleop/lib/python3.10/site-packages'
[1.151s] Level 1:colcon.colcon_core.environment:checking '/workspaces/PHOENIX/src/main_ws/install/teleop/bin'
[1.151s] INFO:colcon.colcon_core.shell:Creating package script '/workspaces/PHOENIX/src/main_ws/install/teleop/share/teleop/package.ps1'
[1.152s] INFO:colcon.colcon_core.shell:Creating package descriptor '/workspaces/PHOENIX/src/main_ws/install/teleop/share/teleop/package.dsv'
[1.153s] INFO:colcon.colcon_core.shell:Creating package script '/workspaces/PHOENIX/src/main_ws/install/teleop/share/teleop/package.sh'
[1.154s] INFO:colcon.colcon_core.shell:Creating package script '/workspaces/PHOENIX/src/main_ws/install/teleop/share/teleop/package.bash'
[1.154s] INFO:colcon.colcon_core.shell:Creating package script '/workspaces/PHOENIX/src/main_ws/install/teleop/share/teleop/package.zsh'
[1.155s] Level 1:colcon.colcon_core.environment:create_file_with_runtime_dependencies(/workspaces/PHOENIX/src/main_ws/install/teleop/share/colcon-core/packages/teleop)
[1.168s] Level 1:colcon.colcon_core.environment:create_environment_scripts_only(perception)
[1.169s] Level 1:colcon.colcon_core.environment:checking '/workspaces/PHOENIX/src/main_ws/install/perception' for CMake module files
[1.169s] DEBUG:colcon.colcon_core.event_handler.log_command:Invoked command in '/workspaces/PHOENIX/src/main_ws/build/perception' returned '0': CMAKE_PREFIX_PATH=/opt/ros/humble /usr/bin/cmake --install /workspaces/PHOENIX/src/main_ws/build/perception
[1.172s] Level 1:colcon.colcon_core.environment:checking '/workspaces/PHOENIX/src/main_ws/install/perception' for CMake config files
[1.174s] Level 1:colcon.colcon_core.shell:create_environment_hook('perception', 'cmake_prefix_path')
[1.174s] INFO:colcon.colcon_core.shell:Creating environment hook '/workspaces/PHOENIX/src/main_ws/install/perception/share/perception/hook/cmake_prefix_path.ps1'
[1.175s] INFO:colcon.colcon_core.shell:Creating environment descriptor '/workspaces/PHOENIX/src/main_ws/install/perception/share/perception/hook/cmake_prefix_path.dsv'
[1.176s] INFO:colcon.colcon_core.shell:Creating environment hook '/workspaces/PHOENIX/src/main_ws/install/perception/share/perception/hook/cmake_prefix_path.sh'
[1.177s] Level 1:colcon.colcon_core.environment:checking '/workspaces/PHOENIX/src/main_ws/install/perception/lib'
[1.177s] Level 1:colcon.colcon_core.environment:checking '/workspaces/PHOENIX/src/main_ws/install/perception/bin'
[1.177s] Level 1:colcon.colcon_core.environment:checking '/workspaces/PHOENIX/src/main_ws/install/perception/lib/pkgconfig/perception.pc'
[1.177s] Level 1:colcon.colcon_core.environment:checking '/workspaces/PHOENIX/src/main_ws/install/perception/lib/python3.10/site-packages'
[1.178s] Level 1:colcon.colcon_core.environment:checking '/workspaces/PHOENIX/src/main_ws/install/perception/bin'
[1.178s] INFO:colcon.colcon_core.shell:Creating package script '/workspaces/PHOENIX/src/main_ws/install/perception/share/perception/package.ps1'
[1.179s] INFO:colcon.colcon_core.shell:Creating package descriptor '/workspaces/PHOENIX/src/main_ws/install/perception/share/perception/package.dsv'
[1.179s] INFO:colcon.colcon_core.shell:Creating package script '/workspaces/PHOENIX/src/main_ws/install/perception/share/perception/package.sh'
[1.180s] INFO:colcon.colcon_core.shell:Creating package script '/workspaces/PHOENIX/src/main_ws/install/perception/share/perception/package.bash'
[1.181s] INFO:colcon.colcon_core.shell:Creating package script '/workspaces/PHOENIX/src/main_ws/install/perception/share/perception/package.zsh'
[1.181s] Level 1:colcon.colcon_core.environment:create_file_with_runtime_dependencies(/workspaces/PHOENIX/src/main_ws/install/perception/share/colcon-core/packages/perception)
[1.208s] Level 1:colcon.colcon_core.environment:create_environment_scripts_only(teleop)
[1.208s] Level 1:colcon.colcon_core.environment:checking '/workspaces/PHOENIX/src/main_ws/install/teleop' for CMake module files
[1.209s] Level 1:colcon.colcon_core.environment:checking '/workspaces/PHOENIX/src/main_ws/install/teleop' for CMake config files
[1.209s] Level 1:colcon.colcon_core.shell:create_environment_hook('teleop', 'cmake_prefix_path')
[1.210s] INFO:colcon.colcon_core.shell:Creating environment hook '/workspaces/PHOENIX/src/main_ws/install/teleop/share/teleop/hook/cmake_prefix_path.ps1'
[1.210s] INFO:colcon.colcon_core.shell:Creating environment descriptor '/workspaces/PHOENIX/src/main_ws/install/teleop/share/teleop/hook/cmake_prefix_path.dsv'
[1.211s] INFO:colcon.colcon_core.shell:Creating environment hook '/workspaces/PHOENIX/src/main_ws/install/teleop/share/teleop/hook/cmake_prefix_path.sh'
[1.211s] Level 1:colcon.colcon_core.environment:checking '/workspaces/PHOENIX/src/main_ws/install/teleop/bin'
[1.212s] Level 1:colcon.colcon_core.environment:checking '/workspaces/PHOENIX/src/main_ws/install/teleop/lib/pkgconfig/teleop.pc'
[1.212s] Level 1:colcon.colcon_core.environment:checking '/workspaces/PHOENIX/src/main_ws/install/teleop/lib/python3.10/site-packages'
[1.212s] Level 1:colcon.colcon_core.environment:checking '/workspaces/PHOENIX/src/main_ws/install/teleop/bin'
[1.213s] INFO:colcon.colcon_core.shell:Creating package script '/workspaces/PHOENIX/src/main_ws/install/teleop/share/teleop/package.ps1'
[1.214s] INFO:colcon.colcon_core.shell:Creating package descriptor '/workspaces/PHOENIX/src/main_ws/install/teleop/share/teleop/package.dsv'
[1.214s] INFO:colcon.colcon_core.shell:Creating package script '/workspaces/PHOENIX/src/main_ws/install/teleop/share/teleop/package.sh'
[1.215s] INFO:colcon.colcon_core.shell:Creating package script '/workspaces/PHOENIX/src/main_ws/install/teleop/share/teleop/package.bash'
[1.219s] INFO:colcon.colcon_core.shell:Creating package script '/workspaces/PHOENIX/src/main_ws/install/teleop/share/teleop/package.zsh'
[1.221s] Level 1:colcon.colcon_core.environment:create_file_with_runtime_dependencies(/workspaces/PHOENIX/src/main_ws/install/teleop/share/colcon-core/packages/teleop)
[1.222s] Level 1:colcon.colcon_core.environment:create_environment_scripts_only(perception)
[1.223s] Level 1:colcon.colcon_core.environment:checking '/workspaces/PHOENIX/src/main_ws/install/perception' for CMake module files
[1.223s] Level 1:colcon.colcon_core.environment:checking '/workspaces/PHOENIX/src/main_ws/install/perception' for CMake config files
[1.224s] Level 1:colcon.colcon_core.shell:create_environment_hook('perception', 'cmake_prefix_path')
[1.224s] INFO:colcon.colcon_core.shell:Creating environment hook '/workspaces/PHOENIX/src/main_ws/install/perception/share/perception/hook/cmake_prefix_path.ps1'
[1.225s] INFO:colcon.colcon_core.shell:Creating environment descriptor '/workspaces/PHOENIX/src/main_ws/install/perception/share/perception/hook/cmake_prefix_path.dsv'
[1.225s] INFO:colcon.colcon_core.shell:Creating environment hook '/workspaces/PHOENIX/src/main_ws/install/perception/share/perception/hook/cmake_prefix_path.sh'
[1.226s] Level 1:colcon.colcon_core.environment:checking '/workspaces/PHOENIX/src/main_ws/install/perception/lib'
[1.226s] Level 1:colcon.colcon_core.environment:checking '/workspaces/PHOENIX/src/main_ws/install/perception/bin'
[1.226s] Level 1:colcon.colcon_core.environment:checking '/workspaces/PHOENIX/src/main_ws/install/perception/lib/pkgconfig/perception.pc'
[1.227s] Level 1:colcon.colcon_core.environment:checking '/workspaces/PHOENIX/src/main_ws/install/perception/lib/python3.10/site-packages'
[1.227s] Level 1:colcon.colcon_core.environment:checking '/workspaces/PHOENIX/src/main_ws/install/perception/bin'
[1.227s] INFO:colcon.colcon_core.shell:Creating package script '/workspaces/PHOENIX/src/main_ws/install/perception/share/perception/package.ps1'
[1.228s] INFO:colcon.colcon_core.shell:Creating package descriptor '/workspaces/PHOENIX/src/main_ws/install/perception/share/perception/package.dsv'
[1.229s] INFO:colcon.colcon_core.shell:Creating package script '/workspaces/PHOENIX/src/main_ws/install/perception/share/perception/package.sh'
[1.230s] INFO:colcon.colcon_core.shell:Creating package script '/workspaces/PHOENIX/src/main_ws/install/perception/share/perception/package.bash'
[1.230s] INFO:colcon.colcon_core.shell:Creating package script '/workspaces/PHOENIX/src/main_ws/install/perception/share/perception/package.zsh'
[1.231s] Level 1:colcon.colcon_core.environment:create_file_with_runtime_dependencies(/workspaces/PHOENIX/src/main_ws/install/perception/share/colcon-core/packages/perception)
[1.572s] DEBUG:colcon.colcon_core.event_handler.log_command:Invoking command in '/workspaces/PHOENIX/src/main_ws/src/joy_tester': PYTHONPATH=/workspaces/PHOENIX/src/main_ws/build/joy_tester/prefix_override:/usr/lib/python3/dist-packages/colcon_core/task/python/colcon_distutils_commands:/workspaces/PHOENIX/src/main_ws/install/joy_tester/lib/python3.10/site-packages:${PYTHONPATH} /usr/bin/python3 -W ignore:setup.py install is deprecated setup.py egg_info --egg-base ../../build/joy_tester build --build-base /workspaces/PHOENIX/src/main_ws/build/joy_tester/build install --record /workspaces/PHOENIX/src/main_ws/build/joy_tester/install.log --single-version-externally-managed install_data
[1.895s] Level 1:colcon.colcon_core.environment:checking '/workspaces/PHOENIX/src/main_ws/install/joy_tester' for CMake module files
[1.896s] DEBUG:colcon.colcon_core.event_handler.log_command:Invoked command in '/workspaces/PHOENIX/src/main_ws/src/joy_tester' returned '0': PYTHONPATH=/workspaces/PHOENIX/src/main_ws/build/joy_tester/prefix_override:/usr/lib/python3/dist-packages/colcon_core/task/python/colcon_distutils_commands:/workspaces/PHOENIX/src/main_ws/install/joy_tester/lib/python3.10/site-packages:${PYTHONPATH} /usr/bin/python3 -W ignore:setup.py install is deprecated setup.py egg_info --egg-base ../../build/joy_tester build --build-base /workspaces/PHOENIX/src/main_ws/build/joy_tester/build install --record /workspaces/PHOENIX/src/main_ws/build/joy_tester/install.log --single-version-externally-managed install_data
[1.897s] Level 1:colcon.colcon_core.environment:checking '/workspaces/PHOENIX/src/main_ws/install/joy_tester' for CMake config files
[1.897s] Level 1:colcon.colcon_core.environment:checking '/workspaces/PHOENIX/src/main_ws/install/joy_tester/lib'
[1.898s] Level 1:colcon.colcon_core.environment:checking '/workspaces/PHOENIX/src/main_ws/install/joy_tester/bin'
[1.898s] Level 1:colcon.colcon_core.environment:checking '/workspaces/PHOENIX/src/main_ws/install/joy_tester/lib/pkgconfig/joy_tester.pc'
[1.898s] Level 1:colcon.colcon_core.environment:checking '/workspaces/PHOENIX/src/main_ws/install/joy_tester/lib/python3.10/site-packages'
[1.898s] Level 1:colcon.colcon_core.shell:create_environment_hook('joy_tester', 'pythonpath')
[1.898s] INFO:colcon.colcon_core.shell:Creating environment hook '/workspaces/PHOENIX/src/main_ws/install/joy_tester/share/joy_tester/hook/pythonpath.ps1'
[1.899s] INFO:colcon.colcon_core.shell:Creating environment descriptor '/workspaces/PHOENIX/src/main_ws/install/joy_tester/share/joy_tester/hook/pythonpath.dsv'
[1.899s] INFO:colcon.colcon_core.shell:Creating environment hook '/workspaces/PHOENIX/src/main_ws/install/joy_tester/share/joy_tester/hook/pythonpath.sh'
[1.900s] Level 1:colcon.colcon_core.environment:checking '/workspaces/PHOENIX/src/main_ws/install/joy_tester/bin'
[1.900s] Level 1:colcon.colcon_core.environment:create_environment_scripts_only(joy_tester)
[1.900s] INFO:colcon.colcon_core.shell:Creating package script '/workspaces/PHOENIX/src/main_ws/install/joy_tester/share/joy_tester/package.ps1'
[1.901s] INFO:colcon.colcon_core.shell:Creating package descriptor '/workspaces/PHOENIX/src/main_ws/install/joy_tester/share/joy_tester/package.dsv'
[1.901s] INFO:colcon.colcon_core.shell:Creating package script '/workspaces/PHOENIX/src/main_ws/install/joy_tester/share/joy_tester/package.sh'
[1.902s] INFO:colcon.colcon_core.shell:Creating package script '/workspaces/PHOENIX/src/main_ws/install/joy_tester/share/joy_tester/package.bash'
[1.903s] INFO:colcon.colcon_core.shell:Creating package script '/workspaces/PHOENIX/src/main_ws/install/joy_tester/share/joy_tester/package.zsh'
[1.903s] Level 1:colcon.colcon_core.environment:create_file_with_runtime_dependencies(/workspaces/PHOENIX/src/main_ws/install/joy_tester/share/colcon-core/packages/joy_tester)
[1.905s] DEBUG:colcon.colcon_parallel_executor.executor.parallel:closing loop
[1.905s] DEBUG:colcon.colcon_parallel_executor.executor.parallel:loop closed
[1.905s] DEBUG:colcon.colcon_parallel_executor.executor.parallel:run_until_complete finished with '0'
[1.906s] DEBUG:colcon.colcon_core.event_reactor:joining thread
[1.913s] INFO:colcon.colcon_core.plugin_system:Skipping extension 'colcon_notification.desktop_notification.notify_send': Could not find 'notify-send'
[1.913s] INFO:colcon.colcon_core.plugin_system:Skipping extension 'colcon_notification.desktop_notification.terminal_notifier': Not used on non-Darwin systems
[1.913s] INFO:colcon.colcon_core.plugin_system:Skipping extension 'colcon_notification.desktop_notification.win32': Not used on non-Windows systems
[1.913s] INFO:colcon.colcon_notification.desktop_notification:Sending desktop notification using 'notify2'
[1.916s] DEBUG:colcon.colcon_notification.desktop_notification.notify2:Failed to initialize notify2: org.freedesktop.DBus.Error.Spawn.ExecFailed: /usr/bin/dbus-launch terminated abnormally without any error message
[1.916s] DEBUG:colcon.colcon_core.event_reactor:joined thread
[1.917s] INFO:colcon.colcon_core.shell:Creating prefix script '/workspaces/PHOENIX/src/main_ws/install/local_setup.ps1'
[1.918s] INFO:colcon.colcon_core.shell:Creating prefix util module '/workspaces/PHOENIX/src/main_ws/install/_local_setup_util_ps1.py'
[1.921s] INFO:colcon.colcon_core.shell:Creating prefix chain script '/workspaces/PHOENIX/src/main_ws/install/setup.ps1'
[1.922s] INFO:colcon.colcon_core.shell:Creating prefix script '/workspaces/PHOENIX/src/main_ws/install/local_setup.sh'
[1.923s] INFO:colcon.colcon_core.shell:Creating prefix util module '/workspaces/PHOENIX/src/main_ws/install/_local_setup_util_sh.py'
[1.924s] INFO:colcon.colcon_core.shell:Creating prefix chain script '/workspaces/PHOENIX/src/main_ws/install/setup.sh'
[1.926s] INFO:colcon.colcon_core.shell:Creating prefix script '/workspaces/PHOENIX/src/main_ws/install/local_setup.bash'
[1.927s] INFO:colcon.colcon_core.shell:Creating prefix chain script '/workspaces/PHOENIX/src/main_ws/install/setup.bash'
[1.929s] INFO:colcon.colcon_core.shell:Creating prefix script '/workspaces/PHOENIX/src/main_ws/install/local_setup.zsh'
[1.932s] INFO:colcon.colcon_core.shell:Creating prefix chain script '/workspaces/PHOENIX/src/main_ws/install/setup.zsh'
