[0.329s] Invoking command in '/workspaces/PHOENIX/src/main_ws/build/perception': CMAKE_PREFIX_PATH=/opt/ros/humble /usr/bin/cmake --build /workspaces/PHOENIX/src/main_ws/build/perception -- -j12 -l12
[0.471s] [100%] Built target camera
[0.512s] Invoked command in '/workspaces/PHOENIX/src/main_ws/build/perception' returned '0': CMAKE_PREFIX_PATH=/opt/ros/humble /usr/bin/cmake --build /workspaces/PHOENIX/src/main_ws/build/perception -- -j12 -l12
[0.628s] Invoking command in '/workspaces/PHOENIX/src/main_ws/build/perception': CMAKE_PREFIX_PATH=/opt/ros/humble /usr/bin/cmake --install /workspaces/PHOENIX/src/main_ws/build/perception
[0.649s] -- Install configuration: ""
[0.649s] -- Up-to-date: /workspaces/PHOENIX/src/main_ws/install/perception/lib/perception/camera
[0.650s] -- Up-to-date: /workspaces/PHOENIX/src/main_ws/install/perception/share/ament_index/resource_index/package_run_dependencies/perception
[0.652s] -- Up-to-date: /workspaces/PHOENIX/src/main_ws/install/perception/share/ament_index/resource_index/parent_prefix_path/perception
[0.658s] -- Up-to-date: /workspaces/PHOENIX/src/main_ws/install/perception/share/perception/environment/ament_prefix_path.sh
[0.659s] -- Up-to-date: /workspaces/PHOENIX/src/main_ws/install/perception/share/perception/environment/ament_prefix_path.dsv
[0.659s] -- Up-to-date: /workspaces/PHOENIX/src/main_ws/install/perception/share/perception/environment/path.sh
[0.660s] -- Up-to-date: /workspaces/PHOENIX/src/main_ws/install/perception/share/perception/environment/path.dsv
[0.662s] -- Up-to-date: /workspaces/PHOENIX/src/main_ws/install/perception/share/perception/local_setup.bash
[0.662s] -- Up-to-date: /workspaces/PHOENIX/src/main_ws/install/perception/share/perception/local_setup.sh
[0.662s] -- Up-to-date: /workspaces/PHOENIX/src/main_ws/install/perception/share/perception/local_setup.zsh
[0.662s] -- Up-to-date: /workspaces/PHOENIX/src/main_ws/install/perception/share/perception/local_setup.dsv
[0.663s] -- Installing: /workspaces/PHOENIX/src/main_ws/install/perception/share/perception/package.dsv
[0.663s] -- Up-to-date: /workspaces/PHOENIX/src/main_ws/install/perception/share/ament_index/resource_index/packages/perception
[0.663s] -- Up-to-date: /workspaces/PHOENIX/src/main_ws/install/perception/share/perception/cmake/perceptionConfig.cmake
[0.663s] -- Up-to-date: /workspaces/PHOENIX/src/main_ws/install/perception/share/perception/cmake/perceptionConfig-version.cmake
[0.664s] -- Up-to-date: /workspaces/PHOENIX/src/main_ws/install/perception/share/perception/package.xml
[0.680s] Invoked command in '/workspaces/PHOENIX/src/main_ws/build/perception' returned '0': CMAKE_PREFIX_PATH=/opt/ros/humble /usr/bin/cmake --install /workspaces/PHOENIX/src/main_ws/build/perception
