-- Found ament_cmake: 1.3.10 (/opt/ros/humble/share/ament_cmake/cmake)
-- Found Python3: /usr/bin/python3 (found version "3.10.12") found components: Interpreter 
-- Found ament_lint_auto: 0.12.11 (/opt/ros/humble/share/ament_lint_auto/cmake)
-- Added test 'flake8' to check Python code syntax and style conventions
-- Added test 'lint_cmake' to check CMake code style
-- Added test 'pep257' to check Python code against some of the docstring style conventions in PEP 257
-- Added test 'xmllint' to check XML markup files
-- Configuring done
-- Generating done
-- Build files have been written to: /workspaces/PHOENIX/src/main_ws/build/drive_station
-- Install configuration: ""
-- Up-to-date: /workspaces/PHOENIX/src/main_ws/install/drive_station/share/ament_index/resource_index/package_run_dependencies/drive_station
-- Up-to-date: /workspaces/PHOENIX/src/main_ws/install/drive_station/share/ament_index/resource_index/parent_prefix_path/drive_station
-- Installing: /workspaces/PHOENIX/src/main_ws/install/drive_station/share/drive_station/environment/ament_prefix_path.sh
-- Installing: /workspaces/PHOENIX/src/main_ws/install/drive_station/share/drive_station/environment/ament_prefix_path.dsv
-- Installing: /workspaces/PHOENIX/src/main_ws/install/drive_station/share/drive_station/environment/path.sh
-- Installing: /workspaces/PHOENIX/src/main_ws/install/drive_station/share/drive_station/environment/path.dsv
-- Up-to-date: /workspaces/PHOENIX/src/main_ws/install/drive_station/share/drive_station/local_setup.bash
-- Up-to-date: /workspaces/PHOENIX/src/main_ws/install/drive_station/share/drive_station/local_setup.sh
-- Up-to-date: /workspaces/PHOENIX/src/main_ws/install/drive_station/share/drive_station/local_setup.zsh
-- Installing: /workspaces/PHOENIX/src/main_ws/install/drive_station/share/drive_station/local_setup.dsv
-- Installing: /workspaces/PHOENIX/src/main_ws/install/drive_station/share/drive_station/package.dsv
-- Up-to-date: /workspaces/PHOENIX/src/main_ws/install/drive_station/share/ament_index/resource_index/packages/drive_station
-- Up-to-date: /workspaces/PHOENIX/src/main_ws/install/drive_station/share/drive_station/cmake/drive_stationConfig.cmake
-- Up-to-date: /workspaces/PHOENIX/src/main_ws/install/drive_station/share/drive_station/cmake/drive_stationConfig-version.cmake
-- Up-to-date: /workspaces/PHOENIX/src/main_ws/install/drive_station/share/drive_station/package.xml
