[0.048s] Invoking command in '/workspaces/PHOENIX/src/main_ws/src/build/controls': CMAKE_PREFIX_PATH=/opt/ros/humble /usr/bin/cmake --build /workspaces/PHOENIX/src/main_ws/src/build/controls -- -j12 -l12
[0.148s] [ 83%] Built target dump
[0.148s] [ 66%] Built target drivetrain
[0.148s] [100%] Built target dig
[0.161s] Invoked command in '/workspaces/PHOENIX/src/main_ws/src/build/controls' returned '0': CMAKE_PREFIX_PATH=/opt/ros/humble /usr/bin/cmake --build /workspaces/PHOENIX/src/main_ws/src/build/controls -- -j12 -l12
[0.235s] Invoking command in '/workspaces/PHOENIX/src/main_ws/src/build/controls': CMAKE_PREFIX_PATH=/opt/ros/humble /usr/bin/cmake --install /workspaces/PHOENIX/src/main_ws/src/build/controls
[0.245s] -- Install configuration: ""
[0.246s] -- Up-to-date: /workspaces/PHOENIX/src/main_ws/src/install/controls/lib/controls/drivetrain
[0.247s] -- Up-to-date: /workspaces/PHOENIX/src/main_ws/src/install/controls/lib/controls/dig
[0.247s] -- Up-to-date: /workspaces/PHOENIX/src/main_ws/src/install/controls/lib/controls/dump
[0.248s] -- Up-to-date: /workspaces/PHOENIX/src/main_ws/src/install/controls/share/ament_index/resource_index/package_run_dependencies/controls
[0.249s] -- Up-to-date: /workspaces/PHOENIX/src/main_ws/src/install/controls/share/ament_index/resource_index/parent_prefix_path/controls
[0.249s] -- Up-to-date: /workspaces/PHOENIX/src/main_ws/src/install/controls/share/controls/environment/ament_prefix_path.sh
[0.249s] -- Up-to-date: /workspaces/PHOENIX/src/main_ws/src/install/controls/share/controls/environment/ament_prefix_path.dsv
[0.250s] -- Up-to-date: /workspaces/PHOENIX/src/main_ws/src/install/controls/share/controls/environment/path.sh
[0.251s] -- Up-to-date: /workspaces/PHOENIX/src/main_ws/src/install/controls/share/controls/environment/path.dsv
[0.251s] -- Up-to-date: /workspaces/PHOENIX/src/main_ws/src/install/controls/share/controls/local_setup.bash
[0.254s] -- Up-to-date: /workspaces/PHOENIX/src/main_ws/src/install/controls/share/controls/local_setup.sh
[0.254s] -- Up-to-date: /workspaces/PHOENIX/src/main_ws/src/install/controls/share/controls/local_setup.zsh
[0.254s] -- Up-to-date: /workspaces/PHOENIX/src/main_ws/src/install/controls/share/controls/local_setup.dsv
[0.254s] -- Installing: /workspaces/PHOENIX/src/main_ws/src/install/controls/share/controls/package.dsv
[0.254s] -- Up-to-date: /workspaces/PHOENIX/src/main_ws/src/install/controls/share/ament_index/resource_index/packages/controls
[0.254s] -- Up-to-date: /workspaces/PHOENIX/src/main_ws/src/install/controls/share/controls/cmake/controlsConfig.cmake
[0.255s] -- Up-to-date: /workspaces/PHOENIX/src/main_ws/src/install/controls/share/controls/cmake/controlsConfig-version.cmake
[0.255s] -- Up-to-date: /workspaces/PHOENIX/src/main_ws/src/install/controls/share/controls/package.xml
