[0.026s] Invoking command in '/workspaces/PHOENIX/src/main_ws/src/build/ros_babel_fish': AMENT_PREFIX_PATH=/workspaces/PHOENIX/src/main_ws/src/install/ros_babel_fish_test_msgs:${AMENT_PREFIX_PATH} CMAKE_PREFIX_PATH=/workspaces/PHOENIX/src/main_ws/src/install/ros_babel_fish_test_msgs:/opt/ros/humble LD_LIBRARY_PATH=/workspaces/PHOENIX/src/main_ws/src/install/ros_babel_fish_test_msgs/lib:${LD_LIBRARY_PATH} PYTHONPATH=/workspaces/PHOENIX/src/main_ws/src/install/ros_babel_fish_test_msgs/local/lib/python3.10/dist-packages:${PYTHONPATH} /usr/bin/cmake --build /workspaces/PHOENIX/src/main_ws/src/build/ros_babel_fish -- -j12 -l12
[0.064s] -- Found ament_cmake: 1.3.10 (/opt/ros/humble/share/ament_cmake/cmake)
[0.238s] -- Found ament_index_cpp: 1.4.0 (/opt/ros/humble/share/ament_index_cpp/cmake)
[0.240s] -- Found rclcpp: 16.0.10 (/opt/ros/humble/share/rclcpp/cmake)
[0.282s] -- Found rosidl_generator_c: 3.1.5 (/opt/ros/humble/share/rosidl_generator_c/cmake)
[0.285s] -- Found rosidl_adapter: 3.1.5 (/opt/ros/humble/share/rosidl_adapter/cmake)
[0.293s] -- Found rosidl_generator_cpp: 3.1.5 (/opt/ros/humble/share/rosidl_generator_cpp/cmake)
[0.310s] -- Using all available rosidl_typesupport_c: rosidl_typesupport_fastrtps_c;rosidl_typesupport_introspection_c
[0.326s] -- Using all available rosidl_typesupport_cpp: rosidl_typesupport_fastrtps_cpp;rosidl_typesupport_introspection_cpp
[0.367s] -- Found rmw_implementation_cmake: 6.1.2 (/opt/ros/humble/share/rmw_implementation_cmake/cmake)
[0.370s] -- Found rmw_fastrtps_cpp: 6.2.7 (/opt/ros/humble/share/rmw_fastrtps_cpp/cmake)
[0.514s] -- Using RMW implementation 'rmw_fastrtps_cpp' as default
[0.611s] -- Found rclcpp_action: 16.0.10 (/opt/ros/humble/share/rclcpp_action/cmake)
[0.666s] -- Found ament_lint_auto: 0.12.11 (/opt/ros/humble/share/ament_lint_auto/cmake)
[0.872s] -- Found action_tutorials_interfaces: 0.20.5 (/opt/ros/humble/share/action_tutorials_interfaces/cmake)
[0.902s] -- Found gtest sources under '/opt/ros/humble/src/gtest_vendor': C++ tests using 'Google Test' will be built
[0.968s] -- Added test 'cppcheck' to perform static code analysis on C / C++ code
[0.970s] -- Configured cppcheck include dirs: /workspaces/PHOENIX/src/main_ws/src/ros_babel_fish/ros_babel_fish/include;$<BUILD_INTERFACE:/workspaces/PHOENIX/src/main_ws/src/ros_babel_fish/ros_babel_fish/include>
[0.970s] -- Configured cppcheck exclude dirs and/or files: 
[0.974s] -- Configuring done
[1.166s] -- Generating done
[1.179s] -- Build files have been written to: /workspaces/PHOENIX/src/main_ws/src/build/ros_babel_fish
[1.249s] [35m[1mConsolidate compiler generated dependencies of target gtest_main[0m
[1.249s] [35m[1mConsolidate compiler generated dependencies of target gtest[0m
[1.277s] [35m[1mConsolidate compiler generated dependencies of target ros_babel_fish[0m
[1.279s] [  4%] Built target gtest_main
[1.286s] [  9%] Built target gtest
[1.344s] [ 11%] [32mBuilding CXX object CMakeFiles/ros_babel_fish.dir/src/detail/babel_fish_action_server.cpp.o[0m
[1.347s] [ 13%] [32mBuilding CXX object CMakeFiles/ros_babel_fish.dir/src/detail/babel_fish_action_client.cpp.o[0m
[1.348s] [ 16%] [32mBuilding CXX object CMakeFiles/ros_babel_fish.dir/src/detail/babel_fish_service_client.cpp.o[0m
[1.351s] [ 18%] [32mBuilding CXX object CMakeFiles/ros_babel_fish.dir/src/detail/babel_fish_service.cpp.o[0m
[1.369s] [ 20%] [32mBuilding CXX object CMakeFiles/ros_babel_fish.dir/src/detail/babel_fish_subscription.cpp.o[0m
[1.376s] [ 23%] [32mBuilding CXX object CMakeFiles/ros_babel_fish.dir/src/detail/babel_fish_publisher.cpp.o[0m
[1.384s] [ 25%] [32mBuilding CXX object CMakeFiles/ros_babel_fish.dir/src/idl/providers/local_type_support_provider.cpp.o[0m
[1.393s] [ 27%] [32mBuilding CXX object CMakeFiles/ros_babel_fish.dir/src/idl/serialization.cpp.o[0m
[1.400s] [ 30%] [32mBuilding CXX object CMakeFiles/ros_babel_fish.dir/src/idl/type_support_provider.cpp.o[0m
[1.428s] [ 32%] [32mBuilding CXX object CMakeFiles/ros_babel_fish.dir/src/messages/array_message.cpp.o[0m
[1.438s] [ 34%] [32mBuilding CXX object CMakeFiles/ros_babel_fish.dir/src/messages/message.cpp.o[0m
[1.439s] [ 37%] [32mBuilding CXX object CMakeFiles/ros_babel_fish.dir/src/messages/compound_message.cpp.o[0m
[11.513s] [ 39%] [32mBuilding CXX object CMakeFiles/ros_babel_fish.dir/src/babel_fish.cpp.o[0m
[12.161s] [ 41%] [32mBuilding CXX object CMakeFiles/ros_babel_fish.dir/src/detail/topic.cpp.o[0m
[14.503s] [01m[K/workspaces/PHOENIX/src/main_ws/src/ros_babel_fish/ros_babel_fish/src/detail/babel_fish_publisher.cpp:[m[K In constructor ‘[01m[Kros_babel_fish::BabelFishPublisher::BabelFishPublisher(rclcpp::node_interfaces::NodeBaseInterface*, const rosidl_message_type_support_t&, const string&, const rclcpp::QoS&, const PublisherOptions&)[m[K’:
[14.505s] [01m[K/workspaces/PHOENIX/src/main_ws/src/ros_babel_fish/ros_babel_fish/src/detail/babel_fish_publisher.cpp:20:25:[m[K [01;31m[Kerror: [m[Kno matching function for call to ‘[01m[Krclcpp::PublisherBase::PublisherBase(rclcpp::node_interfaces::NodeBaseInterface*&, const string&, const rosidl_message_type_support_t&, rcl_publisher_options_t, const rclcpp::PublisherEventCallbacks&, const bool&)[m[K’
[14.506s]    20 |       options_( options [01;31m[K)[m[K
[14.506s]       |                         [01;31m[K^[m[K
[14.507s] In file included from [01m[K/workspaces/PHOENIX/src/main_ws/src/ros_babel_fish/ros_babel_fish/include/ros_babel_fish/detail/babel_fish_publisher.hpp:10[m[K,
[14.507s]                  from [01m[K/workspaces/PHOENIX/src/main_ws/src/ros_babel_fish/ros_babel_fish/src/detail/babel_fish_publisher.cpp:4[m[K:
[14.508s] [01m[K/opt/ros/humble/include/rclcpp/rclcpp/publisher_base.hpp:77:3:[m[K [01;36m[Knote: [m[Kcandidate: ‘[01m[Krclcpp::PublisherBase::PublisherBase(rclcpp::node_interfaces::NodeBaseInterface*, const string&, const rosidl_message_type_support_t&, const rcl_publisher_options_t&)[m[K’
[14.508s]    77 |   [01;36m[KPublisherBase[m[K(
[14.508s]       |   [01;36m[K^~~~~~~~~~~~~[m[K
[14.508s] [01m[K/opt/ros/humble/include/rclcpp/rclcpp/publisher_base.hpp:77:3:[m[K [01;36m[Knote: [m[K  candidate expects 4 arguments, 6 provided
[14.509s] [01m[K/opt/ros/humble/include/rclcpp/rclcpp/publisher_base.hpp:60:7:[m[K [01;36m[Knote: [m[Kcandidate: ‘[01m[Krclcpp::PublisherBase::PublisherBase(const rclcpp::PublisherBase&)[m[K’
[14.510s]    60 | class [01;36m[KPublisherBase[m[K : public std::enable_shared_from_this<PublisherBase>
[14.510s]       |       [01;36m[K^~~~~~~~~~~~~[m[K
[14.511s] [01m[K/opt/ros/humble/include/rclcpp/rclcpp/publisher_base.hpp:60:7:[m[K [01;36m[Knote: [m[K  candidate expects 1 argument, 6 provided
[21.821s] gmake[2]: *** [CMakeFiles/ros_babel_fish.dir/build.make:104: CMakeFiles/ros_babel_fish.dir/src/detail/babel_fish_publisher.cpp.o] Error 1
[21.850s] gmake[2]: *** Waiting for unfinished jobs....
[22.674s] In file included from [01m[K/workspaces/PHOENIX/src/main_ws/src/ros_babel_fish/ros_babel_fish/src/detail/babel_fish_subscription.cpp:5[m[K:
[22.675s] [01m[K/workspaces/PHOENIX/src/main_ws/src/ros_babel_fish/ros_babel_fish/include/ros_babel_fish/detail/babel_fish_subscription.hpp:22:76:[m[K [01;31m[Kerror: [m[Ktype/value mismatch at argument 1 in template parameter list for ‘[01m[Ktemplate<class _Tp> class std::shared_ptr[m[K’
[22.675s]    22 |       std::shared_ptr<rclcpp::topic_statistics::SubscriptionTopicStatistics[01;31m[K>[m[K;
[22.675s]       |                                                                            [01;31m[K^[m[K
[22.676s] [01m[K/workspaces/PHOENIX/src/main_ws/src/ros_babel_fish/ros_babel_fish/include/ros_babel_fish/detail/babel_fish_subscription.hpp:22:76:[m[K [01;36m[Knote: [m[K  expected a type, got ‘[01m[KSubscriptionTopicStatistics[m[K’
[22.679s] [01m[K/workspaces/PHOENIX/src/main_ws/src/ros_babel_fish/ros_babel_fish/include/ros_babel_fish/detail/babel_fish_subscription.hpp:33:7:[m[K [01;31m[Kerror: [m[K‘[01m[KSubscriptionTopicStatisticsSharedPtr[m[K’ has not been declared
[22.679s]    33 |       [01;31m[KSubscriptionTopicStatisticsSharedPtr[m[K subscription_topic_statistics = nullptr );
[22.679s]       |       [01;31m[K^~~~~~~~~~~~~~~~~~~~~~~~~~~~~~~~~~~~[m[K
[22.688s] [01m[K/workspaces/PHOENIX/src/main_ws/src/ros_babel_fish/ros_babel_fish/include/ros_babel_fish/detail/babel_fish_subscription.hpp:59:11:[m[K [01;31m[Kerror: [m[K‘[01m[Kdynamic_typesupport[m[K’ in namespace ‘[01m[Krclcpp[m[K’ does not name a type
[22.688s]    59 |   rclcpp::[01;31m[Kdynamic_typesupport[m[K::DynamicMessageType::SharedPtr get_shared_dynamic_message_type() override;
[22.689s]       |           [01;31m[K^~~~~~~~~~~~~~~~~~~[m[K
[22.690s] [01m[K/workspaces/PHOENIX/src/main_ws/src/ros_babel_fish/ros_babel_fish/include/ros_babel_fish/detail/babel_fish_subscription.hpp:61:11:[m[K [01;31m[Kerror: [m[K‘[01m[Kdynamic_typesupport[m[K’ in namespace ‘[01m[Krclcpp[m[K’ does not name a type
[22.691s]    61 |   rclcpp::[01;31m[Kdynamic_typesupport[m[K::DynamicMessage::SharedPtr get_shared_dynamic_message() override;
[22.691s]       |           [01;31m[K^~~~~~~~~~~~~~~~~~~[m[K
[22.692s] [01m[K/workspaces/PHOENIX/src/main_ws/src/ros_babel_fish/ros_babel_fish/include/ros_babel_fish/detail/babel_fish_subscription.hpp:63:11:[m[K [01;31m[Kerror: [m[K‘[01m[Kdynamic_typesupport[m[K’ in namespace ‘[01m[Krclcpp[m[K’ does not name a type
[22.693s]    63 |   rclcpp::[01;31m[Kdynamic_typesupport[m[K::DynamicSerializationSupport::SharedPtr
[22.693s]       |           [01;31m[K^~~~~~~~~~~~~~~~~~~[m[K
[22.694s] [01m[K/workspaces/PHOENIX/src/main_ws/src/ros_babel_fish/ros_babel_fish/include/ros_babel_fish/detail/babel_fish_subscription.hpp:66:11:[m[K [01;31m[Kerror: [m[K‘[01m[Kdynamic_typesupport[m[K’ in namespace ‘[01m[Krclcpp[m[K’ does not name a type
[22.694s]    66 |   rclcpp::[01;31m[Kdynamic_typesupport[m[K::DynamicMessage::SharedPtr create_dynamic_message() override;
[22.695s]       |           [01;31m[K^~~~~~~~~~~~~~~~~~~[m[K
[22.698s] [01m[K/workspaces/PHOENIX/src/main_ws/src/ros_babel_fish/ros_babel_fish/include/ros_babel_fish/detail/babel_fish_subscription.hpp:69:35:[m[K [01;31m[Kerror: [m[K‘[01m[Krclcpp::dynamic_typesupport[m[K’ has not been declared
[22.698s]    69 |   return_dynamic_message( rclcpp::[01;31m[Kdynamic_typesupport[m[K::DynamicMessage::SharedPtr &message ) override;
[22.698s]       |                                   [01;31m[K^~~~~~~~~~~~~~~~~~~[m[K
[22.707s] [01m[K/workspaces/PHOENIX/src/main_ws/src/ros_babel_fish/ros_babel_fish/include/ros_babel_fish/detail/babel_fish_subscription.hpp:69:82:[m[K [01;31m[Kerror: [m[Kexpected ‘[01m[K,[m[K’ or ‘[01m[K...[m[K’ before ‘[01m[K&[m[K’ token
[22.708s]    69 |   return_dynamic_message( rclcpp::dynamic_typesupport::DynamicMessage::SharedPtr [01;31m[K&[m[Kmessage ) override;
[22.708s]       |                                                                                  [01;31m[K^[m[K
[22.710s] [01m[K/workspaces/PHOENIX/src/main_ws/src/ros_babel_fish/ros_babel_fish/include/ros_babel_fish/detail/babel_fish_subscription.hpp:71:46:[m[K [01;31m[Kerror: [m[K‘[01m[Kdynamic_typesupport[m[K’ in namespace ‘[01m[Krclcpp[m[K’ does not name a type
[22.710s]    71 |   void handle_dynamic_message( const rclcpp::[01;31m[Kdynamic_typesupport[m[K::DynamicMessage::SharedPtr &message,
[22.710s]       |                                              [01;31m[K^~~~~~~~~~~~~~~~~~~[m[K
[22.711s] [01m[K/workspaces/PHOENIX/src/main_ws/src/ros_babel_fish/ros_babel_fish/include/ros_babel_fish/detail/babel_fish_subscription.hpp:71:81:[m[K [01;31m[Kerror: [m[Kexpected unqualified-id before ‘[01m[K::[m[K’ token
[22.711s]    71 |   void handle_dynamic_message( const rclcpp::dynamic_typesupport::DynamicMessage[01;31m[K::[m[KSharedPtr &message,
[22.711s]       |                                                                                 [01;31m[K^~[m[K
[22.721s] [01m[K/workspaces/PHOENIX/src/main_ws/src/ros_babel_fish/ros_babel_fish/include/ros_babel_fish/detail/babel_fish_subscription.hpp:71:81:[m[K [01;31m[Kerror: [m[Kexpected ‘[01m[K)[m[K’ before ‘[01m[K::[m[K’ token
[22.722s]    71 |   void handle_dynamic_message[34m[K([m[K const rclcpp::dynamic_typesupport::DynamicMessage[01;31m[K:[m[K[32m[K:[m[KSharedPtr &message,
[22.722s]       |                              [34m[K~[m[K                                                  [01;31m[K^[m[K[32m[K~[m[K
[22.722s]       |                                                                                 [32m[K)[m[K
[22.724s] [01m[K/workspaces/PHOENIX/src/main_ws/src/ros_babel_fish/ros_babel_fish/include/ros_babel_fish/detail/babel_fish_subscription.hpp:71:67:[m[K [01;31m[Kerror: [m[Kexpected ‘[01m[K;[m[K’ at end of member declaration
[22.725s]    71 |   void handle_dynamic_message( const rclcpp::dynamic_typesupport::[01;31m[KDynamicMessage[m[K::SharedPtr &message,
[22.725s]       |                                                                   [01;31m[K^~~~~~~~~~~~~~[m[K
[22.729s]       |                                                                                 [32m[K;[m[K
[22.769s] [01m[K/workspaces/PHOENIX/src/main_ws/src/ros_babel_fish/ros_babel_fish/include/ros_babel_fish/detail/babel_fish_subscription.hpp:71:83:[m[K [01;31m[Kerror: [m[K‘[01m[KSharedPtr[m[K’ in namespace ‘[01m[K::[m[K’ does not name a type
[22.770s]    71 |   void handle_dynamic_message( const rclcpp::dynamic_typesupport::DynamicMessage::[01;31m[KSharedPtr[m[K &message,
[22.771s]       |                                                                                   [01;31m[K^~~~~~~~~[m[K
[23.497s] [01m[K/workspaces/PHOENIX/src/main_ws/src/ros_babel_fish/ros_babel_fish/include/ros_babel_fish/detail/babel_fish_subscription.hpp:80:3:[m[K [01;31m[Kerror: [m[K‘[01m[KSubscriptionTopicStatisticsSharedPtr[m[K’ does not name a type
[23.497s]    80 |   [01;31m[KSubscriptionTopicStatisticsSharedPtr[m[K subscription_topic_statistics_{ nullptr };
[23.497s]       |   [01;31m[K^~~~~~~~~~~~~~~~~~~~~~~~~~~~~~~~~~~~[m[K
[23.501s] [01m[K/workspaces/PHOENIX/src/main_ws/src/ros_babel_fish/ros_babel_fish/include/ros_babel_fish/detail/babel_fish_subscription.hpp:80:81:[m[K [01;35m[Kwarning: [m[Kextra ‘[01m[K;[m[K’ [[01;35m[K]8;;https://gcc.gnu.org/onlinedocs/gcc/Warning-Options.html#index-Wpedantic-Wpedantic]8;;[m[K]
[23.501s]    80 |   SubscriptionTopicStatisticsSharedPtr subscription_topic_statistics_{ nullptr }[01;35m[K;[m[K
[23.501s]       |                                                                                 [01;35m[K^[m[K
[23.501s]       |                                                                                 [31m[K-[m[K
[23.506s] [01m[K/workspaces/PHOENIX/src/main_ws/src/ros_babel_fish/ros_babel_fish/include/ros_babel_fish/detail/babel_fish_subscription.hpp:69:3:[m[K [01;31m[Kerror: [m[K‘[01m[Kvoid ros_babel_fish::BabelFishSubscription::return_dynamic_message(int)[m[K’ marked ‘[01m[Koverride[m[K’, but does not override
[23.506s]    69 |   [01;31m[Kreturn_dynamic_message[m[K( rclcpp::dynamic_typesupport::DynamicMessage::SharedPtr &message ) override;
[23.507s]       |   [01;31m[K^~~~~~~~~~~~~~~~~~~~~~[m[K
[23.509s] [01m[K/workspaces/PHOENIX/src/main_ws/src/ros_babel_fish/ros_babel_fish/include/ros_babel_fish/detail/babel_fish_subscription.hpp:33:76:[m[K [01;31m[Kerror: [m[Kcould not convert ‘[01m[Knullptr[m[K’ from ‘[01m[Kstd::nullptr_t[m[K’ to ‘[01m[Kint[m[K’
[23.516s]    33 |       SubscriptionTopicStatisticsSharedPtr subscription_topic_statistics = [01;31m[Knullptr[m[K );
[23.517s]       |                                                                            [01;31m[K^~~~~~~[m[K
[23.517s]       |                                                                            [01;31m[K|[m[K
[23.517s]       |                                                                            [01;31m[Kstd::nullptr_t[m[K
[23.610s] [01m[K/workspaces/PHOENIX/src/main_ws/src/ros_babel_fish/ros_babel_fish/src/detail/babel_fish_subscription.cpp:21:5:[m[K [01;31m[Kerror: [m[K‘[01m[KSubscriptionTopicStatisticsSharedPtr[m[K’ has not been declared
[23.610s]    21 |     [01;31m[KSubscriptionTopicStatisticsSharedPtr[m[K subscription_topic_statistics )
[23.611s]       |     [01;31m[K^~~~~~~~~~~~~~~~~~~~~~~~~~~~~~~~~~~~[m[K
[23.618s] [01m[K/workspaces/PHOENIX/src/main_ws/src/ros_babel_fish/ros_babel_fish/src/detail/babel_fish_subscription.cpp:[m[K In constructor ‘[01m[Kros_babel_fish::BabelFishSubscription::BabelFishSubscription(rclcpp::node_interfaces::NodeBaseInterface*, ros_babel_fish::MessageTypeSupport::ConstSharedPtr, const string&, const rclcpp::QoS&, rclcpp::AnySubscriptionCallback<ros_babel_fish::CompoundMessage, std::allocator<void> >, const rclcpp::SubscriptionOptionsWithAllocator<std::allocator<void> >&, int)[m[K’:
[23.618s] [01m[K/workspaces/PHOENIX/src/main_ws/src/ros_babel_fish/ros_babel_fish/src/detail/babel_fish_subscription.cpp:23:68:[m[K [01;31m[Kerror: [m[Kno matching function for call to ‘[01m[Krclcpp::SubscriptionOptionsWithAllocator<std::allocator<void> >::to_rcl_subscription_options(const rclcpp::QoS&) const[m[K’
[23.619s]    23 |                                 [01;31m[Koptions.to_rcl_subscription_options( qos )[m[K, options.event_callbacks,
[23.619s]       |                                 [01;31m[K~~~~~~~~~~~~~~~~~~~~~~~~~~~~~~~~~~~^~~~~~~[m[K
[23.633s] In file included from [01m[K/opt/ros/humble/include/rclcpp/rclcpp/subscription.hpp:45[m[K,
[23.633s]                  from [01m[K/opt/ros/humble/include/rclcpp/rclcpp/node_interfaces/node_topics_interface.hpp:31[m[K,
[23.633s]                  from [01m[K/opt/ros/humble/include/rclcpp/rclcpp/generic_publisher.hpp:27[m[K,
[23.634s]                  from [01m[K/opt/ros/humble/include/rclcpp/rclcpp/node.hpp:45[m[K,
[23.634s]                  from [01m[K/workspaces/PHOENIX/src/main_ws/src/ros_babel_fish/ros_babel_fish/include/ros_babel_fish/detail/babel_fish_subscription.hpp:9[m[K,
[23.634s]                  from [01m[K/workspaces/PHOENIX/src/main_ws/src/ros_babel_fish/ros_babel_fish/src/detail/babel_fish_subscription.cpp:5[m[K:
[23.634s] [01m[K/opt/ros/humble/include/rclcpp/rclcpp/subscription_options.hpp:115:3:[m[K [01;36m[Knote: [m[Kcandidate: ‘[01m[Ktemplate<class MessageT> rcl_subscription_options_t rclcpp::SubscriptionOptionsWithAllocator<Allocator>::to_rcl_subscription_options(const rclcpp::QoS&) const [with MessageT = MessageT; Allocator = std::allocator<void>][m[K’
[23.634s]   115 |   [01;36m[Kto_rcl_subscription_options[m[K(const rclcpp::QoS & qos) const
[23.634s]       |   [01;36m[K^~~~~~~~~~~~~~~~~~~~~~~~~~~[m[K
[23.636s] [01m[K/opt/ros/humble/include/rclcpp/rclcpp/subscription_options.hpp:115:3:[m[K [01;36m[Knote: [m[K  template argument deduction/substitution failed:
[23.637s] [01m[K/workspaces/PHOENIX/src/main_ws/src/ros_babel_fish/ros_babel_fish/src/detail/babel_fish_subscription.cpp:23:68:[m[K [01;36m[Knote: [m[K  couldn’t deduce template parameter ‘[01m[KMessageT[m[K’
[23.637s]    23 |                                 [01;36m[Koptions.to_rcl_subscription_options( qos )[m[K, options.event_callbacks,
[23.642s]       |                                 [01;36m[K~~~~~~~~~~~~~~~~~~~~~~~~~~~~~~~~~~~^~~~~~~[m[K
[23.731s] [01m[K/workspaces/PHOENIX/src/main_ws/src/ros_babel_fish/ros_babel_fish/src/detail/babel_fish_subscription.cpp:26:47:[m[K [01;31m[Kerror: [m[K‘[01m[Krclcpp::DeliveredMessageKind[m[K’ has not been declared
[23.731s]    26 |                                     ? rclcpp::[01;31m[KDeliveredMessageKind[m[K::SERIALIZED_MESSAGE
[23.731s]       |                                               [01;31m[K^~~~~~~~~~~~~~~~~~~~[m[K
[23.733s] [01m[K/workspaces/PHOENIX/src/main_ws/src/ros_babel_fish/ros_babel_fish/src/detail/babel_fish_subscription.cpp:27:47:[m[K [01;31m[Kerror: [m[K‘[01m[Krclcpp::DeliveredMessageKind[m[K’ has not been declared
[23.733s]    27 |                                     : rclcpp::[01;31m[KDeliveredMessageKind[m[K::ROS_MESSAGE ),
[23.734s]       |                                               [01;31m[K^~~~~~~~~~~~~~~~~~~~[m[K
[23.769s] [01m[K/workspaces/PHOENIX/src/main_ws/src/ros_babel_fish/ros_babel_fish/src/detail/babel_fish_subscription.cpp:32:38:[m[K [01;31m[Kerror: [m[Kinvalid operands of types ‘[01m[Kint[m[K’ and ‘[01m[Kstd::nullptr_t[m[K’ to binary ‘[01m[Koperator!=[m[K’
[23.770s]    32 |   if ( [01;31m[Ksubscription_topic_statistics != nullptr[m[K ) {
[23.770s]       |        [01;31m[K~~~~~~~~~~~~~~~~~~~~~~~~~~~~~~^~~~~~~~~~[m[K
[23.775s] [01m[K/workspaces/PHOENIX/src/main_ws/src/ros_babel_fish/ros_babel_fish/src/detail/babel_fish_subscription.cpp:33:11:[m[K [01;31m[Kerror: [m[K‘[01m[Kclass ros_babel_fish::BabelFishSubscription[m[K’ has no member named ‘[01m[Ksubscription_topic_statistics_[m[K’
[23.778s]    33 |     this->[01;31m[Ksubscription_topic_statistics_[m[K = std::move( subscription_topic_statistics );
[23.779s]       |           [01;31m[K^~~~~~~~~~~~~~~~~~~~~~~~~~~~~~[m[K
[23.936s] [01m[K/workspaces/PHOENIX/src/main_ws/src/ros_babel_fish/ros_babel_fish/src/detail/babel_fish_subscription.cpp:[m[K In member function ‘[01m[Kvirtual void ros_babel_fish::BabelFishSubscription::handle_message(std::shared_ptr<void>&, const rclcpp::MessageInfo&)[m[K’:
[23.937s] [01m[K/workspaces/PHOENIX/src/main_ws/src/ros_babel_fish/ros_babel_fish/src/detail/babel_fish_subscription.cpp:68:8:[m[K [01;31m[Kerror: [m[K‘[01m[Ksubscription_topic_statistics_[m[K’ was not declared in this scope
[23.937s]    68 |   if ( [01;31m[Ksubscription_topic_statistics_[m[K ) {
[23.937s]       |        [01;31m[K^~~~~~~~~~~~~~~~~~~~~~~~~~~~~~[m[K
[23.998s] [01m[K/workspaces/PHOENIX/src/main_ws/src/ros_babel_fish/ros_babel_fish/src/detail/babel_fish_subscription.cpp:76:8:[m[K [01;31m[Kerror: [m[K‘[01m[Ksubscription_topic_statistics_[m[K’ was not declared in this scope
[23.998s]    76 |   if ( [01;31m[Ksubscription_topic_statistics_[m[K ) {
[23.999s]       |        [01;31m[K^~~~~~~~~~~~~~~~~~~~~~~~~~~~~~[m[K
[24.052s] [01m[K/workspaces/PHOENIX/src/main_ws/src/ros_babel_fish/ros_babel_fish/src/detail/babel_fish_subscription.cpp:[m[K In member function ‘[01m[Kvirtual void ros_babel_fish::BabelFishSubscription::handle_serialized_message(const std::shared_ptr<rclcpp::SerializedMessage>&, const rclcpp::MessageInfo&)[m[K’:
[24.053s] [01m[K/workspaces/PHOENIX/src/main_ws/src/ros_babel_fish/ros_babel_fish/src/detail/babel_fish_subscription.cpp:88:8:[m[K [01;31m[Kerror: [m[K‘[01m[Ksubscription_topic_statistics_[m[K’ was not declared in this scope
[24.053s]    88 |   if ( [01;31m[Ksubscription_topic_statistics_[m[K ) {
[24.053s]       |        [01;31m[K^~~~~~~~~~~~~~~~~~~~~~~~~~~~~~[m[K
[24.114s] [01m[K/workspaces/PHOENIX/src/main_ws/src/ros_babel_fish/ros_babel_fish/src/detail/babel_fish_subscription.cpp:96:8:[m[K [01;31m[Kerror: [m[K‘[01m[Ksubscription_topic_statistics_[m[K’ was not declared in this scope
[24.114s]    96 |   if ( [01;31m[Ksubscription_topic_statistics_[m[K ) {
[24.114s]       |        [01;31m[K^~~~~~~~~~~~~~~~~~~~~~~~~~~~~~[m[K
[24.133s] [01m[K/workspaces/PHOENIX/src/main_ws/src/ros_babel_fish/ros_babel_fish/src/detail/babel_fish_subscription.cpp:[m[K At global scope:
[24.135s] [01m[K/workspaces/PHOENIX/src/main_ws/src/ros_babel_fish/ros_babel_fish/src/detail/babel_fish_subscription.cpp:138:9:[m[K [01;31m[Kerror: [m[K‘[01m[Kdynamic_typesupport[m[K’ in namespace ‘[01m[Krclcpp[m[K’ does not name a type
[24.135s]   138 | rclcpp::[01;31m[Kdynamic_typesupport[m[K::DynamicMessageType::SharedPtr
[24.135s]       |         [01;31m[K^~~~~~~~~~~~~~~~~~~[m[K
[24.135s] [01m[K/workspaces/PHOENIX/src/main_ws/src/ros_babel_fish/ros_babel_fish/src/detail/babel_fish_subscription.cpp:145:9:[m[K [01;31m[Kerror: [m[K‘[01m[Kdynamic_typesupport[m[K’ in namespace ‘[01m[Krclcpp[m[K’ does not name a type
[24.136s]   145 | rclcpp::[01;31m[Kdynamic_typesupport[m[K::DynamicMessage::SharedPtr
[24.137s]       |         [01;31m[K^~~~~~~~~~~~~~~~~~~[m[K
[24.138s] [01m[K/workspaces/PHOENIX/src/main_ws/src/ros_babel_fish/ros_babel_fish/src/detail/babel_fish_subscription.cpp:152:9:[m[K [01;31m[Kerror: [m[K‘[01m[Kdynamic_typesupport[m[K’ in namespace ‘[01m[Krclcpp[m[K’ does not name a type
[24.138s]   152 | rclcpp::[01;31m[Kdynamic_typesupport[m[K::DynamicSerializationSupport::SharedPtr
[24.153s]       |         [01;31m[K^~~~~~~~~~~~~~~~~~~[m[K
[24.154s] [01m[K/workspaces/PHOENIX/src/main_ws/src/ros_babel_fish/ros_babel_fish/src/detail/babel_fish_subscription.cpp:159:9:[m[K [01;31m[Kerror: [m[K‘[01m[Kdynamic_typesupport[m[K’ in namespace ‘[01m[Krclcpp[m[K’ does not name a type
[24.154s]   159 | rclcpp::[01;31m[Kdynamic_typesupport[m[K::DynamicMessage::SharedPtr BabelFishSubscription::create_dynamic_message()
[24.155s]       |         [01;31m[K^~~~~~~~~~~~~~~~~~~[m[K
[24.155s] [01m[K/workspaces/PHOENIX/src/main_ws/src/ros_babel_fish/ros_babel_fish/src/detail/babel_fish_subscription.cpp:165:6:[m[K [01;31m[Kerror: [m[Kvariable or field ‘[01m[Kreturn_dynamic_message[m[K’ declared void
[24.155s]   165 | void [01;31m[KBabelFishSubscription[m[K::return_dynamic_message(
[24.155s]       |      [01;31m[K^~~~~~~~~~~~~~~~~~~~~[m[K
[24.156s] [01m[K/workspaces/PHOENIX/src/main_ws/src/ros_babel_fish/ros_babel_fish/src/detail/babel_fish_subscription.cpp:166:13:[m[K [01;31m[Kerror: [m[K‘[01m[Krclcpp::dynamic_typesupport[m[K’ has not been declared
[24.156s]   166 |     rclcpp::[01;31m[Kdynamic_typesupport[m[K::DynamicMessage::SharedPtr & )
[24.156s]       |             [01;31m[K^~~~~~~~~~~~~~~~~~~[m[K
[24.156s] [01m[K/workspaces/PHOENIX/src/main_ws/src/ros_babel_fish/ros_babel_fish/src/detail/babel_fish_subscription.cpp:166:62:[m[K [01;31m[Kerror: [m[Kexpected primary-expression before ‘[01m[K)[m[K’ token
[24.156s]   166 |     rclcpp::dynamic_typesupport::DynamicMessage::SharedPtr & [01;31m[K)[m[K
[24.157s]       |                                                              [01;31m[K^[m[K
[24.177s] [01m[K/workspaces/PHOENIX/src/main_ws/src/ros_babel_fish/ros_babel_fish/src/detail/babel_fish_subscription.cpp:173:19:[m[K [01;31m[Kerror: [m[K‘[01m[Kdynamic_typesupport[m[K’ in namespace ‘[01m[Krclcpp[m[K’ does not name a type
[24.204s]   173 |     const rclcpp::[01;31m[Kdynamic_typesupport[m[K::DynamicMessage::SharedPtr &, const rclcpp::MessageInfo & )
[24.206s]       |                   [01;31m[K^~~~~~~~~~~~~~~~~~~[m[K
[24.207s] [01m[K/workspaces/PHOENIX/src/main_ws/src/ros_babel_fish/ros_babel_fish/src/detail/babel_fish_subscription.cpp:173:54:[m[K [01;31m[Kerror: [m[Kexpected unqualified-id before ‘[01m[K::[m[K’ token
[24.220s]   173 |     const rclcpp::dynamic_typesupport::DynamicMessage[01;31m[K::[m[KSharedPtr &, const rclcpp::MessageInfo & )
[24.222s]       |                                                      [01;31m[K^~[m[K
[24.223s] [01m[K/workspaces/PHOENIX/src/main_ws/src/ros_babel_fish/ros_babel_fish/src/detail/babel_fish_subscription.cpp:173:54:[m[K [01;31m[Kerror: [m[Kexpected ‘[01m[K)[m[K’ before ‘[01m[K::[m[K’ token
[24.225s]   173 |     const rclcpp::dynamic_typesupport::DynamicMessage[01;31m[K:[m[K[32m[K:[m[KSharedPtr &, const rclcpp::MessageInfo & )
[24.226s]       |                                                      [01;31m[K^[m[K[32m[K~[m[K
[24.228s]       |                                                      [32m[K)[m[K
[24.231s] [01m[K/workspaces/PHOENIX/src/main_ws/src/ros_babel_fish/ros_babel_fish/src/detail/babel_fish_subscription.cpp:172:51:[m[K [01;36m[Knote: [m[Kto match this ‘[01m[K([m[K’
[24.244s]   172 | void BabelFishSubscription::handle_dynamic_message[01;36m[K([m[K
[24.246s]       |                                                   [01;36m[K^[m[K
[24.247s] [01m[K/workspaces/PHOENIX/src/main_ws/src/ros_babel_fish/ros_babel_fish/src/detail/babel_fish_subscription.cpp:173:54:[m[K [01;31m[Kerror: [m[Kexpected initializer before ‘[01m[K::[m[K’ token
[24.249s]   173 |     const rclcpp::dynamic_typesupport::DynamicMessage[01;31m[K::[m[KSharedPtr &, const rclcpp::MessageInfo & )
[24.261s]       |                                                      [01;31m[K^~[m[K
[29.985s] In file included from [01m[K/workspaces/PHOENIX/src/main_ws/src/ros_babel_fish/ros_babel_fish/include/ros_babel_fish/babel_fish.hpp:12[m[K,
[29.994s]                  from [01m[K/workspaces/PHOENIX/src/main_ws/src/ros_babel_fish/ros_babel_fish/src/messages/message.cpp:6[m[K:
[29.994s] [01m[K/workspaces/PHOENIX/src/main_ws/src/ros_babel_fish/ros_babel_fish/include/ros_babel_fish/detail/babel_fish_subscription.hpp:22:76:[m[K [01;31m[Kerror: [m[Ktype/value mismatch at argument 1 in template parameter list for ‘[01m[Ktemplate<class _Tp> class std::shared_ptr[m[K’
[29.994s]    22 |       std::shared_ptr<rclcpp::topic_statistics::SubscriptionTopicStatistics[01;31m[K>[m[K;
[29.995s]       |                                                                            [01;31m[K^[m[K
[29.997s] [01m[K/workspaces/PHOENIX/src/main_ws/src/ros_babel_fish/ros_babel_fish/include/ros_babel_fish/detail/babel_fish_subscription.hpp:22:76:[m[K [01;36m[Knote: [m[K  expected a type, got ‘[01m[KSubscriptionTopicStatistics[m[K’
[29.997s] [01m[K/workspaces/PHOENIX/src/main_ws/src/ros_babel_fish/ros_babel_fish/include/ros_babel_fish/detail/babel_fish_subscription.hpp:33:7:[m[K [01;31m[Kerror: [m[K‘[01m[KSubscriptionTopicStatisticsSharedPtr[m[K’ has not been declared
[29.998s]    33 |       [01;31m[KSubscriptionTopicStatisticsSharedPtr[m[K subscription_topic_statistics = nullptr );
[29.999s]       |       [01;31m[K^~~~~~~~~~~~~~~~~~~~~~~~~~~~~~~~~~~~[m[K
[30.000s] [01m[K/workspaces/PHOENIX/src/main_ws/src/ros_babel_fish/ros_babel_fish/include/ros_babel_fish/detail/babel_fish_subscription.hpp:59:11:[m[K [01;31m[Kerror: [m[K‘[01m[Kdynamic_typesupport[m[K’ in namespace ‘[01m[Krclcpp[m[K’ does not name a type
[30.001s]    59 |   rclcpp::[01;31m[Kdynamic_typesupport[m[K::DynamicMessageType::SharedPtr get_shared_dynamic_message_type() override;
[30.001s]       |           [01;31m[K^~~~~~~~~~~~~~~~~~~[m[K
[30.001s] [01m[K/workspaces/PHOENIX/src/main_ws/src/ros_babel_fish/ros_babel_fish/include/ros_babel_fish/detail/babel_fish_subscription.hpp:61:11:[m[K [01;31m[Kerror: [m[K‘[01m[Kdynamic_typesupport[m[K’ in namespace ‘[01m[Krclcpp[m[K’ does not name a type
[30.002s]    61 |   rclcpp::[01;31m[Kdynamic_typesupport[m[K::DynamicMessage::SharedPtr get_shared_dynamic_message() override;
[30.002s]       |           [01;31m[K^~~~~~~~~~~~~~~~~~~[m[K
[30.002s] [01m[K/workspaces/PHOENIX/src/main_ws/src/ros_babel_fish/ros_babel_fish/include/ros_babel_fish/detail/babel_fish_subscription.hpp:63:11:[m[K [01;31m[Kerror: [m[K‘[01m[Kdynamic_typesupport[m[K’ in namespace ‘[01m[Krclcpp[m[K’ does not name a type
[30.004s]    63 |   rclcpp::[01;31m[Kdynamic_typesupport[m[K::DynamicSerializationSupport::SharedPtr
[30.005s]       |           [01;31m[K^~~~~~~~~~~~~~~~~~~[m[K
[30.005s] [01m[K/workspaces/PHOENIX/src/main_ws/src/ros_babel_fish/ros_babel_fish/include/ros_babel_fish/detail/babel_fish_subscription.hpp:66:11:[m[K [01;31m[Kerror: [m[K‘[01m[Kdynamic_typesupport[m[K’ in namespace ‘[01m[Krclcpp[m[K’ does not name a type
[30.006s]    66 |   rclcpp::[01;31m[Kdynamic_typesupport[m[K::DynamicMessage::SharedPtr create_dynamic_message() override;
[30.007s]       |           [01;31m[K^~~~~~~~~~~~~~~~~~~[m[K
[30.008s] [01m[K/workspaces/PHOENIX/src/main_ws/src/ros_babel_fish/ros_babel_fish/include/ros_babel_fish/detail/babel_fish_subscription.hpp:69:35:[m[K [01;31m[Kerror: [m[K‘[01m[Krclcpp::dynamic_typesupport[m[K’ has not been declared
[30.008s]    69 |   return_dynamic_message( rclcpp::[01;31m[Kdynamic_typesupport[m[K::DynamicMessage::SharedPtr &message ) override;
[30.009s]       |                                   [01;31m[K^~~~~~~~~~~~~~~~~~~[m[K
[30.012s] [01m[K/workspaces/PHOENIX/src/main_ws/src/ros_babel_fish/ros_babel_fish/include/ros_babel_fish/detail/babel_fish_subscription.hpp:69:82:[m[K [01;31m[Kerror: [m[Kexpected ‘[01m[K,[m[K’ or ‘[01m[K...[m[K’ before ‘[01m[K&[m[K’ token
[30.012s]    69 |   return_dynamic_message( rclcpp::dynamic_typesupport::DynamicMessage::SharedPtr [01;31m[K&[m[Kmessage ) override;
[30.012s]       |                                                                                  [01;31m[K^[m[K
[31.814s] [01m[K/workspaces/PHOENIX/src/main_ws/src/ros_babel_fish/ros_babel_fish/include/ros_babel_fish/detail/babel_fish_subscription.hpp:71:46:[m[K [01;31m[Kerror: [m[K‘[01m[Kdynamic_typesupport[m[K’ in namespace ‘[01m[Krclcpp[m[K’ does not name a type
[31.816s]    71 |   void handle_dynamic_message( const rclcpp::[01;31m[Kdynamic_typesupport[m[K::DynamicMessage::SharedPtr &message,
[31.818s]       |                                              [01;31m[K^~~~~~~~~~~~~~~~~~~[m[K
[31.819s] [01m[K/workspaces/PHOENIX/src/main_ws/src/ros_babel_fish/ros_babel_fish/include/ros_babel_fish/detail/babel_fish_subscription.hpp:71:81:[m[K [01;31m[Kerror: [m[Kexpected unqualified-id before ‘[01m[K::[m[K’ token
[31.819s]    71 |   void handle_dynamic_message( const rclcpp::dynamic_typesupport::DynamicMessage[01;31m[K::[m[KSharedPtr &message,
[31.819s]       |                                                                                 [01;31m[K^~[m[K
[31.819s] [01m[K/workspaces/PHOENIX/src/main_ws/src/ros_babel_fish/ros_babel_fish/include/ros_babel_fish/detail/babel_fish_subscription.hpp:71:81:[m[K [01;31m[Kerror: [m[Kexpected ‘[01m[K)[m[K’ before ‘[01m[K::[m[K’ token
[31.820s]    71 |   void handle_dynamic_message[34m[K([m[K const rclcpp::dynamic_typesupport::DynamicMessage[01;31m[K:[m[K[32m[K:[m[KSharedPtr &message,
[31.820s]       |                              [34m[K~[m[K                                                  [01;31m[K^[m[K[32m[K~[m[K
[31.820s]       |                                                                                 [32m[K)[m[K
[31.820s] [01m[K/workspaces/PHOENIX/src/main_ws/src/ros_babel_fish/ros_babel_fish/include/ros_babel_fish/detail/babel_fish_subscription.hpp:71:67:[m[K [01;31m[Kerror: [m[Kexpected ‘[01m[K;[m[K’ at end of member declaration
[31.820s]    71 |   void handle_dynamic_message( const rclcpp::dynamic_typesupport::[01;31m[KDynamicMessage[m[K::SharedPtr &message,
[31.822s]       |                                                                   [01;31m[K^~~~~~~~~~~~~~[m[K
[31.822s]       |                                                                                 [32m[K;[m[K
[31.822s] [01m[K/workspaces/PHOENIX/src/main_ws/src/ros_babel_fish/ros_babel_fish/include/ros_babel_fish/detail/babel_fish_subscription.hpp:71:83:[m[K [01;31m[Kerror: [m[K‘[01m[KSharedPtr[m[K’ in namespace ‘[01m[K::[m[K’ does not name a type
[31.822s]    71 |   void handle_dynamic_message( const rclcpp::dynamic_typesupport::DynamicMessage::[01;31m[KSharedPtr[m[K &message,
[31.822s]       |                                                                                   [01;31m[K^~~~~~~~~[m[K
[31.864s] [01m[K/workspaces/PHOENIX/src/main_ws/src/ros_babel_fish/ros_babel_fish/include/ros_babel_fish/detail/babel_fish_subscription.hpp:80:3:[m[K [01;31m[Kerror: [m[K‘[01m[KSubscriptionTopicStatisticsSharedPtr[m[K’ does not name a type
[31.889s]    80 |   [01;31m[KSubscriptionTopicStatisticsSharedPtr[m[K subscription_topic_statistics_{ nullptr };
[31.891s]       |   [01;31m[K^~~~~~~~~~~~~~~~~~~~~~~~~~~~~~~~~~~~[m[K
[31.891s] [01m[K/workspaces/PHOENIX/src/main_ws/src/ros_babel_fish/ros_babel_fish/include/ros_babel_fish/detail/babel_fish_subscription.hpp:80:81:[m[K [01;35m[Kwarning: [m[Kextra ‘[01m[K;[m[K’ [[01;35m[K]8;;https://gcc.gnu.org/onlinedocs/gcc/Warning-Options.html#index-Wpedantic-Wpedantic]8;;[m[K]
[31.891s]    80 |   SubscriptionTopicStatisticsSharedPtr subscription_topic_statistics_{ nullptr }[01;35m[K;[m[K
[31.891s]       |                                                                                 [01;35m[K^[m[K
[31.892s]       |                                                                                 [31m[K-[m[K
[31.892s] [01m[K/workspaces/PHOENIX/src/main_ws/src/ros_babel_fish/ros_babel_fish/include/ros_babel_fish/detail/babel_fish_subscription.hpp:69:3:[m[K [01;31m[Kerror: [m[K‘[01m[Kvoid ros_babel_fish::BabelFishSubscription::return_dynamic_message(int)[m[K’ marked ‘[01m[Koverride[m[K’, but does not override
[31.892s]    69 |   [01;31m[Kreturn_dynamic_message[m[K( rclcpp::dynamic_typesupport::DynamicMessage::SharedPtr &message ) override;
[31.892s]       |   [01;31m[K^~~~~~~~~~~~~~~~~~~~~~[m[K
[31.892s] [01m[K/workspaces/PHOENIX/src/main_ws/src/ros_babel_fish/ros_babel_fish/include/ros_babel_fish/detail/babel_fish_subscription.hpp:33:76:[m[K [01;31m[Kerror: [m[Kcould not convert ‘[01m[Knullptr[m[K’ from ‘[01m[Kstd::nullptr_t[m[K’ to ‘[01m[Kint[m[K’
[31.892s]    33 |       SubscriptionTopicStatisticsSharedPtr subscription_topic_statistics = [01;31m[Knullptr[m[K );
[31.892s]       |                                                                            [01;31m[K^~~~~~~[m[K
[31.892s]       |                                                                            [01;31m[K|[m[K
[31.892s]       |                                                                            [01;31m[Kstd::nullptr_t[m[K
[38.049s] In file included from [01m[K/workspaces/PHOENIX/src/main_ws/src/ros_babel_fish/ros_babel_fish/include/ros_babel_fish/babel_fish.hpp:12[m[K,
[38.055s]                  from [01m[K/workspaces/PHOENIX/src/main_ws/src/ros_babel_fish/ros_babel_fish/src/babel_fish.cpp:4[m[K:
[38.057s] [01m[K/workspaces/PHOENIX/src/main_ws/src/ros_babel_fish/ros_babel_fish/include/ros_babel_fish/detail/babel_fish_subscription.hpp:22:76:[m[K [01;31m[Kerror: [m[Ktype/value mismatch at argument 1 in template parameter list for ‘[01m[Ktemplate<class _Tp> class std::shared_ptr[m[K’
[38.057s]    22 |       std::shared_ptr<rclcpp::topic_statistics::SubscriptionTopicStatistics[01;31m[K>[m[K;
[38.057s]       |                                                                            [01;31m[K^[m[K
[38.058s] [01m[K/workspaces/PHOENIX/src/main_ws/src/ros_babel_fish/ros_babel_fish/include/ros_babel_fish/detail/babel_fish_subscription.hpp:22:76:[m[K [01;36m[Knote: [m[K  expected a type, got ‘[01m[KSubscriptionTopicStatistics[m[K’
[38.059s] [01m[K/workspaces/PHOENIX/src/main_ws/src/ros_babel_fish/ros_babel_fish/include/ros_babel_fish/detail/babel_fish_subscription.hpp:33:7:[m[K [01;31m[Kerror: [m[K‘[01m[KSubscriptionTopicStatisticsSharedPtr[m[K’ has not been declared
[38.059s]    33 |       [01;31m[KSubscriptionTopicStatisticsSharedPtr[m[K subscription_topic_statistics = nullptr );
[38.059s]       |       [01;31m[K^~~~~~~~~~~~~~~~~~~~~~~~~~~~~~~~~~~~[m[K
[38.063s] [01m[K/workspaces/PHOENIX/src/main_ws/src/ros_babel_fish/ros_babel_fish/include/ros_babel_fish/detail/babel_fish_subscription.hpp:59:11:[m[K [01;31m[Kerror: [m[K‘[01m[Kdynamic_typesupport[m[K’ in namespace ‘[01m[Krclcpp[m[K’ does not name a type
[38.063s]    59 |   rclcpp::[01;31m[Kdynamic_typesupport[m[K::DynamicMessageType::SharedPtr get_shared_dynamic_message_type() override;
[38.063s]       |           [01;31m[K^~~~~~~~~~~~~~~~~~~[m[K
[38.064s] [01m[K/workspaces/PHOENIX/src/main_ws/src/ros_babel_fish/ros_babel_fish/include/ros_babel_fish/detail/babel_fish_subscription.hpp:61:11:[m[K [01;31m[Kerror: [m[K‘[01m[Kdynamic_typesupport[m[K’ in namespace ‘[01m[Krclcpp[m[K’ does not name a type
[38.064s]    61 |   rclcpp::[01;31m[Kdynamic_typesupport[m[K::DynamicMessage::SharedPtr get_shared_dynamic_message() override;
[38.065s]       |           [01;31m[K^~~~~~~~~~~~~~~~~~~[m[K
[38.069s] [01m[K/workspaces/PHOENIX/src/main_ws/src/ros_babel_fish/ros_babel_fish/include/ros_babel_fish/detail/babel_fish_subscription.hpp:63:11:[m[K [01;31m[Kerror: [m[K‘[01m[Kdynamic_typesupport[m[K’ in namespace ‘[01m[Krclcpp[m[K’ does not name a type
[38.069s]    63 |   rclcpp::[01;31m[Kdynamic_typesupport[m[K::DynamicSerializationSupport::SharedPtr
[38.069s]       |           [01;31m[K^~~~~~~~~~~~~~~~~~~[m[K
[38.069s] [01m[K/workspaces/PHOENIX/src/main_ws/src/ros_babel_fish/ros_babel_fish/include/ros_babel_fish/detail/babel_fish_subscription.hpp:66:11:[m[K [01;31m[Kerror: [m[K‘[01m[Kdynamic_typesupport[m[K’ in namespace ‘[01m[Krclcpp[m[K’ does not name a type
[38.073s]    66 |   rclcpp::[01;31m[Kdynamic_typesupport[m[K::DynamicMessage::SharedPtr create_dynamic_message() override;
[38.073s]       |           [01;31m[K^~~~~~~~~~~~~~~~~~~[m[K
[38.073s] [01m[K/workspaces/PHOENIX/src/main_ws/src/ros_babel_fish/ros_babel_fish/include/ros_babel_fish/detail/babel_fish_subscription.hpp:69:35:[m[K [01;31m[Kerror: [m[K‘[01m[Krclcpp::dynamic_typesupport[m[K’ has not been declared
[38.074s]    69 |   return_dynamic_message( rclcpp::[01;31m[Kdynamic_typesupport[m[K::DynamicMessage::SharedPtr &message ) override;
[38.074s]       |                                   [01;31m[K^~~~~~~~~~~~~~~~~~~[m[K
[38.074s] [01m[K/workspaces/PHOENIX/src/main_ws/src/ros_babel_fish/ros_babel_fish/include/ros_babel_fish/detail/babel_fish_subscription.hpp:69:82:[m[K [01;31m[Kerror: [m[Kexpected ‘[01m[K,[m[K’ or ‘[01m[K...[m[K’ before ‘[01m[K&[m[K’ token
[38.074s]    69 |   return_dynamic_message( rclcpp::dynamic_typesupport::DynamicMessage::SharedPtr [01;31m[K&[m[Kmessage ) override;
[38.074s]       |                                                                                  [01;31m[K^[m[K
[38.074s] [01m[K/workspaces/PHOENIX/src/main_ws/src/ros_babel_fish/ros_babel_fish/include/ros_babel_fish/detail/babel_fish_subscription.hpp:71:46:[m[K [01;31m[Kerror: [m[K‘[01m[Kdynamic_typesupport[m[K’ in namespace ‘[01m[Krclcpp[m[K’ does not name a type
[38.074s]    71 |   void handle_dynamic_message( const rclcpp::[01;31m[Kdynamic_typesupport[m[K::DynamicMessage::SharedPtr &message,
[38.074s]       |                                              [01;31m[K^~~~~~~~~~~~~~~~~~~[m[K
[38.074s] [01m[K/workspaces/PHOENIX/src/main_ws/src/ros_babel_fish/ros_babel_fish/include/ros_babel_fish/detail/babel_fish_subscription.hpp:71:81:[m[K [01;31m[Kerror: [m[Kexpected unqualified-id before ‘[01m[K::[m[K’ token
[38.074s]    71 |   void handle_dynamic_message( const rclcpp::dynamic_typesupport::DynamicMessage[01;31m[K::[m[KSharedPtr &message,
[38.075s]       |                                                                                 [01;31m[K^~[m[K
[38.075s] [01m[K/workspaces/PHOENIX/src/main_ws/src/ros_babel_fish/ros_babel_fish/include/ros_babel_fish/detail/babel_fish_subscription.hpp:71:81:[m[K [01;31m[Kerror: [m[Kexpected ‘[01m[K)[m[K’ before ‘[01m[K::[m[K’ token
[38.075s]    71 |   void handle_dynamic_message[34m[K([m[K const rclcpp::dynamic_typesupport::DynamicMessage[01;31m[K:[m[K[32m[K:[m[KSharedPtr &message,
[38.075s]       |                              [34m[K~[m[K                                                  [01;31m[K^[m[K[32m[K~[m[K
[38.075s]       |                                                                                 [32m[K)[m[K
[38.075s] [01m[K/workspaces/PHOENIX/src/main_ws/src/ros_babel_fish/ros_babel_fish/include/ros_babel_fish/detail/babel_fish_subscription.hpp:71:67:[m[K [01;31m[Kerror: [m[Kexpected ‘[01m[K;[m[K’ at end of member declaration
[38.075s]    71 |   void handle_dynamic_message( const rclcpp::dynamic_typesupport::[01;31m[KDynamicMessage[m[K::SharedPtr &message,
[38.075s]       |                                                                   [01;31m[K^~~~~~~~~~~~~~[m[K
[38.075s]       |                                                                                 [32m[K;[m[K
[38.075s] [01m[K/workspaces/PHOENIX/src/main_ws/src/ros_babel_fish/ros_babel_fish/include/ros_babel_fish/detail/babel_fish_subscription.hpp:71:83:[m[K [01;31m[Kerror: [m[K‘[01m[KSharedPtr[m[K’ in namespace ‘[01m[K::[m[K’ does not name a type
[38.075s]    71 |   void handle_dynamic_message( const rclcpp::dynamic_typesupport::DynamicMessage::[01;31m[KSharedPtr[m[K &message,
[38.076s]       |                                                                                   [01;31m[K^~~~~~~~~[m[K
[38.588s] [01m[K/workspaces/PHOENIX/src/main_ws/src/ros_babel_fish/ros_babel_fish/include/ros_babel_fish/detail/babel_fish_subscription.hpp:80:3:[m[K [01;31m[Kerror: [m[K‘[01m[KSubscriptionTopicStatisticsSharedPtr[m[K’ does not name a type
[38.589s]    80 |   [01;31m[KSubscriptionTopicStatisticsSharedPtr[m[K subscription_topic_statistics_{ nullptr };
[38.589s]       |   [01;31m[K^~~~~~~~~~~~~~~~~~~~~~~~~~~~~~~~~~~~[m[K
[38.589s] [01m[K/workspaces/PHOENIX/src/main_ws/src/ros_babel_fish/ros_babel_fish/include/ros_babel_fish/detail/babel_fish_subscription.hpp:80:81:[m[K [01;35m[Kwarning: [m[Kextra ‘[01m[K;[m[K’ [[01;35m[K]8;;https://gcc.gnu.org/onlinedocs/gcc/Warning-Options.html#index-Wpedantic-Wpedantic]8;;[m[K]
[38.590s]    80 |   SubscriptionTopicStatisticsSharedPtr subscription_topic_statistics_{ nullptr }[01;35m[K;[m[K
[38.590s]       |                                                                                 [01;35m[K^[m[K
[38.590s]       |                                                                                 [31m[K-[m[K
[38.595s] [01m[K/workspaces/PHOENIX/src/main_ws/src/ros_babel_fish/ros_babel_fish/include/ros_babel_fish/detail/babel_fish_subscription.hpp:69:3:[m[K [01;31m[Kerror: [m[K‘[01m[Kvoid ros_babel_fish::BabelFishSubscription::return_dynamic_message(int)[m[K’ marked ‘[01m[Koverride[m[K’, but does not override
[38.595s]    69 |   [01;31m[Kreturn_dynamic_message[m[K( rclcpp::dynamic_typesupport::DynamicMessage::SharedPtr &message ) override;
[38.595s]       |   [01;31m[K^~~~~~~~~~~~~~~~~~~~~~[m[K
[38.595s] [01m[K/workspaces/PHOENIX/src/main_ws/src/ros_babel_fish/ros_babel_fish/include/ros_babel_fish/detail/babel_fish_subscription.hpp:33:76:[m[K [01;31m[Kerror: [m[Kcould not convert ‘[01m[Knullptr[m[K’ from ‘[01m[Kstd::nullptr_t[m[K’ to ‘[01m[Kint[m[K’
[38.596s]    33 |       SubscriptionTopicStatisticsSharedPtr subscription_topic_statistics = [01;31m[Knullptr[m[K );
[38.596s]       |                                                                            [01;31m[K^~~~~~~[m[K
[38.596s]       |                                                                            [01;31m[K|[m[K
[38.596s]       |                                                                            [01;31m[Kstd::nullptr_t[m[K
[39.830s] gmake[2]: *** [CMakeFiles/ros_babel_fish.dir/build.make:146: CMakeFiles/ros_babel_fish.dir/src/detail/babel_fish_subscription.cpp.o] Error 1
[42.768s] In file included from [01m[K/usr/include/x86_64-linux-gnu/c++/11/bits/c++allocator.h:33[m[K,
[42.768s]                  from [01m[K/usr/include/c++/11/bits/allocator.h:46[m[K,
[42.768s]                  from [01m[K/usr/include/c++/11/string:41[m[K,
[42.768s]                  from [01m[K/usr/include/c++/11/stdexcept:39[m[K,
[42.769s]                  from [01m[K/opt/ros/humble/include/rclcpp/rclcpp/exceptions/exceptions.hpp:18[m[K,
[42.769s]                  from [01m[K/opt/ros/humble/include/rclcpp/rclcpp/exceptions.hpp:18[m[K,
[42.769s]                  from [01m[K/workspaces/PHOENIX/src/main_ws/src/ros_babel_fish/ros_babel_fish/include/ros_babel_fish/exceptions/babel_fish_exception.hpp:7[m[K,
[42.769s]                  from [01m[K/workspaces/PHOENIX/src/main_ws/src/ros_babel_fish/ros_babel_fish/include/ros_babel_fish/messages/message.hpp:7[m[K,
[42.769s]                  from [01m[K/workspaces/PHOENIX/src/main_ws/src/ros_babel_fish/ros_babel_fish/include/ros_babel_fish/messages/compound_message.hpp:7[m[K,
[42.769s]                  from [01m[K/workspaces/PHOENIX/src/main_ws/src/ros_babel_fish/ros_babel_fish/include/ros_babel_fish/detail/babel_fish_action.hpp:7[m[K,
[42.769s]                  from [01m[K/workspaces/PHOENIX/src/main_ws/src/ros_babel_fish/ros_babel_fish/include/ros_babel_fish/detail/babel_fish_action_client.hpp:7[m[K,
[42.769s]                  from [01m[K/workspaces/PHOENIX/src/main_ws/src/ros_babel_fish/ros_babel_fish/include/ros_babel_fish/babel_fish.hpp:7[m[K,
[42.770s]                  from [01m[K/workspaces/PHOENIX/src/main_ws/src/ros_babel_fish/ros_babel_fish/src/babel_fish.cpp:4[m[K:
[42.770s] /usr/include/c++/11/ext/new_allocator.h: In instantiation of ‘[01m[Kvoid __gnu_cxx::new_allocator<_Tp>::construct(_Up*, _Args&& ...) [with _Up = ros_babel_fish::BabelFishSubscription; _Args = {rclcpp::node_interfaces::NodeBaseInterface*, std::shared_ptr<const ros_babel_fish::MessageTypeSupport>&, const std::__cxx11::basic_string<char, std::char_traits<char>, std::allocator<char> >&, const rclcpp::QoS&, rclcpp::AnySubscriptionCallback<ros_babel_fish::CompoundMessage, std::allocator<void> >, rclcpp::SubscriptionOptionsWithAllocator<std::allocator<void> >}; _Tp = ros_babel_fish::BabelFishSubscription][m[K’:
[42.771s] [01m[K/usr/include/c++/11/bits/alloc_traits.h:516:17:[m[K   required from ‘[01m[Kstatic void std::allocator_traits<std::allocator<_CharT> >::construct(std::allocator_traits<std::allocator<_CharT> >::allocator_type&, _Up*, _Args&& ...) [with _Up = ros_babel_fish::BabelFishSubscription; _Args = {rclcpp::node_interfaces::NodeBaseInterface*, std::shared_ptr<const ros_babel_fish::MessageTypeSupport>&, const std::__cxx11::basic_string<char, std::char_traits<char>, std::allocator<char> >&, const rclcpp::QoS&, rclcpp::AnySubscriptionCallback<ros_babel_fish::CompoundMessage, std::allocator<void> >, rclcpp::SubscriptionOptionsWithAllocator<std::allocator<void> >}; _Tp = ros_babel_fish::BabelFishSubscription; std::allocator_traits<std::allocator<_CharT> >::allocator_type = std::allocator<ros_babel_fish::BabelFishSubscription>][m[K’
[42.771s] [01m[K/usr/include/c++/11/bits/shared_ptr_base.h:519:39:[m[K   required from ‘[01m[Kstd::_Sp_counted_ptr_inplace<_Tp, _Alloc, _Lp>::_Sp_counted_ptr_inplace(_Alloc, _Args&& ...) [with _Args = {rclcpp::node_interfaces::NodeBaseInterface*, std::shared_ptr<const ros_babel_fish::MessageTypeSupport>&, const std::__cxx11::basic_string<char, std::char_traits<char>, std::allocator<char> >&, const rclcpp::QoS&, rclcpp::AnySubscriptionCallback<ros_babel_fish::CompoundMessage, std::allocator<void> >, rclcpp::SubscriptionOptionsWithAllocator<std::allocator<void> >}; _Tp = ros_babel_fish::BabelFishSubscription; _Alloc = std::allocator<ros_babel_fish::BabelFishSubscription>; __gnu_cxx::_Lock_policy _Lp = __gnu_cxx::_S_atomic][m[K’
[42.771s] [01m[K/usr/include/c++/11/bits/shared_ptr_base.h:650:16:[m[K   required from ‘[01m[Kstd::__shared_count<_Lp>::__shared_count(_Tp*&, std::_Sp_alloc_shared_tag<_Alloc>, _Args&& ...) [with _Tp = ros_babel_fish::BabelFishSubscription; _Alloc = std::allocator<ros_babel_fish::BabelFishSubscription>; _Args = {rclcpp::node_interfaces::NodeBaseInterface*, std::shared_ptr<const ros_babel_fish::MessageTypeSupport>&, const std::__cxx11::basic_string<char, std::char_traits<char>, std::allocator<char> >&, const rclcpp::QoS&, rclcpp::AnySubscriptionCallback<ros_babel_fish::CompoundMessage, std::allocator<void> >, rclcpp::SubscriptionOptionsWithAllocator<std::allocator<void> >}; __gnu_cxx::_Lock_policy _Lp = __gnu_cxx::_S_atomic][m[K’
[42.771s] [01m[K/usr/include/c++/11/bits/shared_ptr_base.h:1342:14:[m[K   required from ‘[01m[Kstd::__shared_ptr<_Tp, _Lp>::__shared_ptr(std::_Sp_alloc_shared_tag<_Tp>, _Args&& ...) [with _Alloc = std::allocator<ros_babel_fish::BabelFishSubscription>; _Args = {rclcpp::node_interfaces::NodeBaseInterface*, std::shared_ptr<const ros_babel_fish::MessageTypeSupport>&, const std::__cxx11::basic_string<char, std::char_traits<char>, std::allocator<char> >&, const rclcpp::QoS&, rclcpp::AnySubscriptionCallback<ros_babel_fish::CompoundMessage, std::allocator<void> >, rclcpp::SubscriptionOptionsWithAllocator<std::allocator<void> >}; _Tp = ros_babel_fish::BabelFishSubscription; __gnu_cxx::_Lock_policy _Lp = __gnu_cxx::_S_atomic][m[K’
[42.773s] [01m[K/usr/include/c++/11/bits/shared_ptr.h:409:59:[m[K   required from ‘[01m[Kstd::shared_ptr<_Tp>::shared_ptr(std::_Sp_alloc_shared_tag<_Tp>, _Args&& ...) [with _Alloc = std::allocator<ros_babel_fish::BabelFishSubscription>; _Args = {rclcpp::node_interfaces::NodeBaseInterface*, std::shared_ptr<const ros_babel_fish::MessageTypeSupport>&, const std::__cxx11::basic_string<char, std::char_traits<char>, std::allocator<char> >&, const rclcpp::QoS&, rclcpp::AnySubscriptionCallback<ros_babel_fish::CompoundMessage, std::allocator<void> >, rclcpp::SubscriptionOptionsWithAllocator<std::allocator<void> >}; _Tp = ros_babel_fish::BabelFishSubscription][m[K’
[42.773s] [01m[K/usr/include/c++/11/bits/shared_ptr.h:862:14:[m[K   required from ‘[01m[Kstd::shared_ptr<_Tp> std::allocate_shared(const _Alloc&, _Args&& ...) [with _Tp = ros_babel_fish::BabelFishSubscription; _Alloc = std::allocator<ros_babel_fish::BabelFishSubscription>; _Args = {rclcpp::node_interfaces::NodeBaseInterface*, std::shared_ptr<const ros_babel_fish::MessageTypeSupport>&, const std::__cxx11::basic_string<char, std::char_traits<char>, std::allocator<char> >&, const rclcpp::QoS&, rclcpp::AnySubscriptionCallback<ros_babel_fish::CompoundMessage, std::allocator<void> >, rclcpp::SubscriptionOptionsWithAllocator<std::allocator<void> >}][m[K’
[42.774s] [01m[K/usr/include/c++/11/bits/shared_ptr.h:878:39:[m[K   required from ‘[01m[Kstd::shared_ptr<_Tp> std::make_shared(_Args&& ...) [with _Tp = ros_babel_fish::BabelFishSubscription; _Args = {rclcpp::node_interfaces::NodeBaseInterface*, std::shared_ptr<const ros_babel_fish::MessageTypeSupport>&, const std::__cxx11::basic_string<char, std::char_traits<char>, std::allocator<char> >&, const rclcpp::QoS&, rclcpp::AnySubscriptionCallback<ros_babel_fish::CompoundMessage, std::allocator<void> >, rclcpp::SubscriptionOptionsWithAllocator<std::allocator<void> >}][m[K’
[42.774s] [01m[K/workspaces/PHOENIX/src/main_ws/src/ros_babel_fish/ros_babel_fish/src/babel_fish.cpp:58:64:[m[K   required from here
[42.774s] [01m[K/usr/include/c++/11/ext/new_allocator.h:162:11:[m[K [01;31m[Kerror: [m[Kcannot convert ‘[01m[Kstd::nullptr_t[m[K’ to ‘[01m[Kint[m[K’
[42.774s]   162 |         { [01;31m[K::new((void *)__p) _Up(std::forward<_Args>(__args)...)[m[K; }
[42.774s]       |           [01;31m[K^~~~~~~~~~~~~~~~~~~~~~~~~~~~~~~~~~~~~~~~~~~~~~~~~~~~~~[m[K
[42.774s]       |           [01;31m[K|[m[K
[42.774s]       |           [01;31m[Kstd::nullptr_t[m[K
[42.774s] In file included from [01m[K/workspaces/PHOENIX/src/main_ws/src/ros_babel_fish/ros_babel_fish/include/ros_babel_fish/babel_fish.hpp:12[m[K,
[42.775s]                  from [01m[K/workspaces/PHOENIX/src/main_ws/src/ros_babel_fish/ros_babel_fish/src/babel_fish.cpp:4[m[K:
[42.775s] [01m[K/workspaces/PHOENIX/src/main_ws/src/ros_babel_fish/ros_babel_fish/include/ros_babel_fish/detail/babel_fish_subscription.hpp:33:44:[m[K [01;36m[Knote: [m[K  initializing argument 7 of ‘[01m[Kros_babel_fish::BabelFishSubscription::BabelFishSubscription(rclcpp::node_interfaces::NodeBaseInterface*, ros_babel_fish::MessageTypeSupport::ConstSharedPtr, const string&, const rclcpp::QoS&, rclcpp::AnySubscriptionCallback<ros_babel_fish::CompoundMessage, std::allocator<void> >, const rclcpp::SubscriptionOptionsWithAllocator<std::allocator<void> >&, int)[m[K’
[42.776s]    33 |       [01;36m[KSubscriptionTopicStatisticsSharedPtr subscription_topic_statistics = nullptr[m[K );
[42.776s]       |       [01;36m[K~~~~~~~~~~~~~~~~~~~~~~~~~~~~~~~~~~~~~^~~~~~~~~~~~~~~~~~~~~~~~~~~~~~~~~~~~~~~[m[K
[43.761s] gmake[2]: *** [CMakeFiles/ros_babel_fish.dir/build.make:244: CMakeFiles/ros_babel_fish.dir/src/babel_fish.cpp.o] Error 1
[43.807s] gmake[2]: *** [CMakeFiles/ros_babel_fish.dir/build.make:230: CMakeFiles/ros_babel_fish.dir/src/messages/message.cpp.o] Error 1
[49.494s] gmake[1]: *** [CMakeFiles/Makefile2:179: CMakeFiles/ros_babel_fish.dir/all] Error 2
[49.496s] gmake: *** [Makefile:146: all] Error 2
[49.622s] Invoked command in '/workspaces/PHOENIX/src/main_ws/src/build/ros_babel_fish' returned '2': AMENT_PREFIX_PATH=/workspaces/PHOENIX/src/main_ws/src/install/ros_babel_fish_test_msgs:${AMENT_PREFIX_PATH} CMAKE_PREFIX_PATH=/workspaces/PHOENIX/src/main_ws/src/install/ros_babel_fish_test_msgs:/opt/ros/humble LD_LIBRARY_PATH=/workspaces/PHOENIX/src/main_ws/src/install/ros_babel_fish_test_msgs/lib:${LD_LIBRARY_PATH} PYTHONPATH=/workspaces/PHOENIX/src/main_ws/src/install/ros_babel_fish_test_msgs/local/lib/python3.10/dist-packages:${PYTHONPATH} /usr/bin/cmake --build /workspaces/PHOENIX/src/main_ws/src/build/ros_babel_fish -- -j12 -l12
