[0.074s] Invoking command in '/workspaces/PHOENIX/src/main_ws/src/build/perception': CMAKE_PREFIX_PATH=/opt/ros/humble /usr/bin/cmake --build /workspaces/PHOENIX/src/main_ws/src/build/perception -- -j12 -l12
[0.327s] [35m[1mConsolidate compiler generated dependencies of target camera[0m
[0.400s] [100%] Built target camera
[0.511s] Invoked command in '/workspaces/PHOENIX/src/main_ws/src/build/perception' returned '0': CMAKE_PREFIX_PATH=/opt/ros/humble /usr/bin/cmake --build /workspaces/PHOENIX/src/main_ws/src/build/perception -- -j12 -l12
[0.731s] Invoking command in '/workspaces/PHOENIX/src/main_ws/src/build/perception': CMAKE_PREFIX_PATH=/opt/ros/humble /usr/bin/cmake --install /workspaces/PHOENIX/src/main_ws/src/build/perception
[0.758s] -- Install configuration: ""
[0.768s] -- Up-to-date: /workspaces/PHOENIX/src/main_ws/src/install/perception/lib/perception/camera
[0.770s] -- Up-to-date: /workspaces/PHOENIX/src/main_ws/src/install/perception/share/ament_index/resource_index/package_run_dependencies/perception
[0.771s] -- Up-to-date: /workspaces/PHOENIX/src/main_ws/src/install/perception/share/ament_index/resource_index/parent_prefix_path/perception
[0.772s] -- Up-to-date: /workspaces/PHOENIX/src/main_ws/src/install/perception/share/perception/environment/ament_prefix_path.sh
[0.772s] -- Up-to-date: /workspaces/PHOENIX/src/main_ws/src/install/perception/share/perception/environment/ament_prefix_path.dsv
[0.772s] -- Up-to-date: /workspaces/PHOENIX/src/main_ws/src/install/perception/share/perception/environment/path.sh
[0.772s] -- Up-to-date: /workspaces/PHOENIX/src/main_ws/src/install/perception/share/perception/environment/path.dsv
[0.773s] -- Up-to-date: /workspaces/PHOENIX/src/main_ws/src/install/perception/share/perception/local_setup.bash
[0.774s] -- Up-to-date: /workspaces/PHOENIX/src/main_ws/src/install/perception/share/perception/local_setup.sh
[0.774s] -- Up-to-date: /workspaces/PHOENIX/src/main_ws/src/install/perception/share/perception/local_setup.zsh
[0.781s] -- Up-to-date: /workspaces/PHOENIX/src/main_ws/src/install/perception/share/perception/local_setup.dsv
[0.786s] -- Installing: /workspaces/PHOENIX/src/main_ws/src/install/perception/share/perception/package.dsv
[0.786s] -- Up-to-date: /workspaces/PHOENIX/src/main_ws/src/install/perception/share/ament_index/resource_index/packages/perception
[0.787s] -- Up-to-date: /workspaces/PHOENIX/src/main_ws/src/install/perception/share/perception/cmake/perceptionConfig.cmake
[0.787s] -- Up-to-date: /workspaces/PHOENIX/src/main_ws/src/install/perception/share/perception/cmake/perceptionConfig-version.cmake
[0.787s] -- Up-to-date: /workspaces/PHOENIX/src/main_ws/src/install/perception/share/perception/package.xml
[0.844s] Invoked command in '/workspaces/PHOENIX/src/main_ws/src/build/perception' returned '0': CMAKE_PREFIX_PATH=/opt/ros/humble /usr/bin/cmake --install /workspaces/PHOENIX/src/main_ws/src/build/perception
