[0.092s] Invoking command in '/workspaces/PHOENIX/src/main_ws/src/build/perception': CMAKE_PREFIX_PATH=/opt/ros/humble /usr/bin/cmake --build /workspaces/PHOENIX/src/main_ws/src/build/perception -- -j12 -l12
[0.594s] [100%] Built target camera
[0.633s] Invoked command in '/workspaces/PHOENIX/src/main_ws/src/build/perception' returned '0': CMAKE_PREFIX_PATH=/opt/ros/humble /usr/bin/cmake --build /workspaces/PHOENIX/src/main_ws/src/build/perception -- -j12 -l12
[0.674s] Invoking command in '/workspaces/PHOENIX/src/main_ws/src/build/perception': CMAKE_PREFIX_PATH=/opt/ros/humble /usr/bin/cmake --install /workspaces/PHOENIX/src/main_ws/src/build/perception
[0.685s] -- Install configuration: ""
[0.689s] -- Up-to-date: /workspaces/PHOENIX/src/main_ws/src/install/perception/lib/perception/camera
[0.691s] -- Up-to-date: /workspaces/PHOENIX/src/main_ws/src/install/perception/share/ament_index/resource_index/package_run_dependencies/perception
[0.692s] -- Up-to-date: /workspaces/PHOENIX/src/main_ws/src/install/perception/share/ament_index/resource_index/parent_prefix_path/perception
[0.693s] -- Up-to-date: /workspaces/PHOENIX/src/main_ws/src/install/perception/share/perception/environment/ament_prefix_path.sh
[0.693s] -- Up-to-date: /workspaces/PHOENIX/src/main_ws/src/install/perception/share/perception/environment/ament_prefix_path.dsv
[0.693s] -- Up-to-date: /workspaces/PHOENIX/src/main_ws/src/install/perception/share/perception/environment/path.sh
[0.694s] -- Up-to-date: /workspaces/PHOENIX/src/main_ws/src/install/perception/share/perception/environment/path.dsv
[0.694s] -- Up-to-date: /workspaces/PHOENIX/src/main_ws/src/install/perception/share/perception/local_setup.bash
[0.695s] -- Up-to-date: /workspaces/PHOENIX/src/main_ws/src/install/perception/share/perception/local_setup.sh
[0.695s] -- Up-to-date: /workspaces/PHOENIX/src/main_ws/src/install/perception/share/perception/local_setup.zsh
[0.695s] -- Up-to-date: /workspaces/PHOENIX/src/main_ws/src/install/perception/share/perception/local_setup.dsv
[0.695s] -- Installing: /workspaces/PHOENIX/src/main_ws/src/install/perception/share/perception/package.dsv
[0.697s] -- Up-to-date: /workspaces/PHOENIX/src/main_ws/src/install/perception/share/ament_index/resource_index/packages/perception
[0.698s] -- Up-to-date: /workspaces/PHOENIX/src/main_ws/src/install/perception/share/perception/cmake/perceptionConfig.cmake
[0.698s] -- Up-to-date: /workspaces/PHOENIX/src/main_ws/src/install/perception/share/perception/cmake/perceptionConfig-version.cmake
[0.699s] -- Up-to-date: /workspaces/PHOENIX/src/main_ws/src/install/perception/share/perception/package.xml
[0.701s] Invoked command in '/workspaces/PHOENIX/src/main_ws/src/build/perception' returned '0': CMAKE_PREFIX_PATH=/opt/ros/humble /usr/bin/cmake --install /workspaces/PHOENIX/src/main_ws/src/build/perception
