[0.324s] DEBUG:colcon:Command line arguments: ['/usr/bin/colcon', 'list', '-p', '--base-paths', '/workspaces/PHOENIX']
[0.325s] DEBUG:colcon:Parsed command line arguments: Namespace(log_base=None, log_level=None, verb_name='list', build_base='build', ignore_user_meta=False, metas=['./colcon.meta'], base_paths=['/workspaces/PHOENIX'], packages_ignore=None, packages_ignore_regex=None, paths=None, packages_up_to=None, packages_up_to_regex=None, packages_above=None, packages_above_and_dependencies=None, packages_above_depth=None, packages_select_by_dep=None, packages_skip_by_dep=None, packages_skip_up_to=None, packages_select_build_failed=False, packages_skip_build_finished=False, packages_select_test_failures=False, packages_skip_test_passed=False, packages_select=None, packages_skip=None, packages_select_regex=None, packages_skip_regex=None, packages_start=None, packages_end=None, topological_order=False, names_only=False, paths_only=True, topological_graph=False, topological_graph_dot=False, topological_graph_density=False, topological_graph_legend=False, topological_graph_dot_cluster=False, topological_graph_dot_include_skipped=False, mixin_files=None, mixin=None, verb_parser=<colcon_mixin.mixin.mixin_argument.MixinArgumentDecorator object at 0x7f81d47606d0>, verb_extension=<colcon_package_information.verb.list.ListVerb object at 0x7f81d4726fe0>, main=<bound method ListVerb.main of <colcon_package_information.verb.list.ListVerb object at 0x7f81d4726fe0>>, mixin_verb=('list',))
[0.635s] Level 1:colcon.colcon_core.package_discovery:discover_packages(colcon_meta) check parameters
[0.636s] Level 1:colcon.colcon_core.package_discovery:discover_packages(recursive) check parameters
[0.636s] Level 1:colcon.colcon_core.package_discovery:discover_packages(ignore) check parameters
[0.636s] Level 1:colcon.colcon_core.package_discovery:discover_packages(path) check parameters
[0.636s] Level 1:colcon.colcon_core.package_discovery:discover_packages(recursive) discover
[0.636s] INFO:colcon.colcon_core.package_discovery:Crawling recursively for packages in '/workspaces/PHOENIX'
[0.636s] Level 1:colcon.colcon_core.package_identification:_identify(/workspaces/PHOENIX) by extensions ['ignore', 'ignore_ament_install']
[0.636s] Level 1:colcon.colcon_core.package_identification:_identify(/workspaces/PHOENIX) by extension 'ignore'
[0.636s] Level 1:colcon.colcon_core.package_identification:_identify(/workspaces/PHOENIX) by extension 'ignore_ament_install'
[0.636s] Level 1:colcon.colcon_core.package_identification:_identify(/workspaces/PHOENIX) by extensions ['colcon_pkg']
[0.636s] Level 1:colcon.colcon_core.package_identification:_identify(/workspaces/PHOENIX) by extension 'colcon_pkg'
[0.636s] Level 1:colcon.colcon_core.package_identification:_identify(/workspaces/PHOENIX) by extensions ['colcon_meta']
[0.636s] Level 1:colcon.colcon_core.package_identification:_identify(/workspaces/PHOENIX) by extension 'colcon_meta'
[0.636s] Level 1:colcon.colcon_core.package_identification:_identify(/workspaces/PHOENIX) by extensions ['ros']
[0.636s] Level 1:colcon.colcon_core.package_identification:_identify(/workspaces/PHOENIX) by extension 'ros'
[0.659s] Level 1:colcon.colcon_core.package_identification:_identify(/workspaces/PHOENIX) by extensions ['cmake', 'python']
[0.659s] Level 1:colcon.colcon_core.package_identification:_identify(/workspaces/PHOENIX) by extension 'cmake'
[0.659s] Level 1:colcon.colcon_core.package_identification:_identify(/workspaces/PHOENIX) by extension 'python'
[0.659s] Level 1:colcon.colcon_core.package_identification:_identify(/workspaces/PHOENIX) by extensions ['python_setup_py']
[0.659s] Level 1:colcon.colcon_core.package_identification:_identify(/workspaces/PHOENIX) by extension 'python_setup_py'
[0.659s] Level 1:colcon.colcon_core.package_identification:_identify(/workspaces/PHOENIX/log) by extensions ['ignore', 'ignore_ament_install']
[0.659s] Level 1:colcon.colcon_core.package_identification:_identify(/workspaces/PHOENIX/log) by extension 'ignore'
[0.659s] Level 1:colcon.colcon_core.package_identification:_identify(/workspaces/PHOENIX/log) ignored
[0.659s] Level 1:colcon.colcon_core.package_identification:_identify(/workspaces/PHOENIX/src) by extensions ['ignore', 'ignore_ament_install']
[0.660s] Level 1:colcon.colcon_core.package_identification:_identify(/workspaces/PHOENIX/src) by extension 'ignore'
[0.660s] Level 1:colcon.colcon_core.package_identification:_identify(/workspaces/PHOENIX/src) by extension 'ignore_ament_install'
[0.660s] Level 1:colcon.colcon_core.package_identification:_identify(/workspaces/PHOENIX/src) by extensions ['colcon_pkg']
[0.660s] Level 1:colcon.colcon_core.package_identification:_identify(/workspaces/PHOENIX/src) by extension 'colcon_pkg'
[0.660s] Level 1:colcon.colcon_core.package_identification:_identify(/workspaces/PHOENIX/src) by extensions ['colcon_meta']
[0.660s] Level 1:colcon.colcon_core.package_identification:_identify(/workspaces/PHOENIX/src) by extension 'colcon_meta'
[0.660s] Level 1:colcon.colcon_core.package_identification:_identify(/workspaces/PHOENIX/src) by extensions ['ros']
[0.660s] Level 1:colcon.colcon_core.package_identification:_identify(/workspaces/PHOENIX/src) by extension 'ros'
[0.660s] Level 1:colcon.colcon_core.package_identification:_identify(/workspaces/PHOENIX/src) by extensions ['cmake', 'python']
[0.660s] Level 1:colcon.colcon_core.package_identification:_identify(/workspaces/PHOENIX/src) by extension 'cmake'
[0.660s] Level 1:colcon.colcon_core.package_identification:_identify(/workspaces/PHOENIX/src) by extension 'python'
[0.660s] Level 1:colcon.colcon_core.package_identification:_identify(/workspaces/PHOENIX/src) by extensions ['python_setup_py']
[0.660s] Level 1:colcon.colcon_core.package_identification:_identify(/workspaces/PHOENIX/src) by extension 'python_setup_py'
[0.660s] Level 1:colcon.colcon_core.package_identification:_identify(/workspaces/PHOENIX/src/main_ws) by extensions ['ignore', 'ignore_ament_install']
[0.660s] Level 1:colcon.colcon_core.package_identification:_identify(/workspaces/PHOENIX/src/main_ws) by extension 'ignore'
[0.660s] Level 1:colcon.colcon_core.package_identification:_identify(/workspaces/PHOENIX/src/main_ws) by extension 'ignore_ament_install'
[0.660s] Level 1:colcon.colcon_core.package_identification:_identify(/workspaces/PHOENIX/src/main_ws) by extensions ['colcon_pkg']
[0.660s] Level 1:colcon.colcon_core.package_identification:_identify(/workspaces/PHOENIX/src/main_ws) by extension 'colcon_pkg'
[0.660s] Level 1:colcon.colcon_core.package_identification:_identify(/workspaces/PHOENIX/src/main_ws) by extensions ['colcon_meta']
[0.660s] Level 1:colcon.colcon_core.package_identification:_identify(/workspaces/PHOENIX/src/main_ws) by extension 'colcon_meta'
[0.660s] Level 1:colcon.colcon_core.package_identification:_identify(/workspaces/PHOENIX/src/main_ws) by extensions ['ros']
[0.660s] Level 1:colcon.colcon_core.package_identification:_identify(/workspaces/PHOENIX/src/main_ws) by extension 'ros'
[0.660s] Level 1:colcon.colcon_core.package_identification:_identify(/workspaces/PHOENIX/src/main_ws) by extensions ['cmake', 'python']
[0.660s] Level 1:colcon.colcon_core.package_identification:_identify(/workspaces/PHOENIX/src/main_ws) by extension 'cmake'
[0.660s] Level 1:colcon.colcon_core.package_identification:_identify(/workspaces/PHOENIX/src/main_ws) by extension 'python'
[0.661s] Level 1:colcon.colcon_core.package_identification:_identify(/workspaces/PHOENIX/src/main_ws) by extensions ['python_setup_py']
[0.661s] Level 1:colcon.colcon_core.package_identification:_identify(/workspaces/PHOENIX/src/main_ws) by extension 'python_setup_py'
[0.661s] Level 1:colcon.colcon_core.package_identification:_identify(/workspaces/PHOENIX/src/main_ws/build) by extensions ['ignore', 'ignore_ament_install']
[0.661s] Level 1:colcon.colcon_core.package_identification:_identify(/workspaces/PHOENIX/src/main_ws/build) by extension 'ignore'
[0.661s] Level 1:colcon.colcon_core.package_identification:_identify(/workspaces/PHOENIX/src/main_ws/build) ignored
[0.661s] Level 1:colcon.colcon_core.package_identification:_identify(/workspaces/PHOENIX/src/main_ws/install) by extensions ['ignore', 'ignore_ament_install']
[0.661s] Level 1:colcon.colcon_core.package_identification:_identify(/workspaces/PHOENIX/src/main_ws/install) by extension 'ignore'
[0.661s] Level 1:colcon.colcon_core.package_identification:_identify(/workspaces/PHOENIX/src/main_ws/install) ignored
[0.662s] Level 1:colcon.colcon_core.package_identification:_identify(/workspaces/PHOENIX/src/main_ws/log) by extensions ['ignore', 'ignore_ament_install']
[0.662s] Level 1:colcon.colcon_core.package_identification:_identify(/workspaces/PHOENIX/src/main_ws/log) by extension 'ignore'
[0.662s] Level 1:colcon.colcon_core.package_identification:_identify(/workspaces/PHOENIX/src/main_ws/log) ignored
[0.662s] Level 1:colcon.colcon_core.package_identification:_identify(/workspaces/PHOENIX/src/main_ws/src) by extensions ['ignore', 'ignore_ament_install']
[0.662s] Level 1:colcon.colcon_core.package_identification:_identify(/workspaces/PHOENIX/src/main_ws/src) by extension 'ignore'
[0.663s] Level 1:colcon.colcon_core.package_identification:_identify(/workspaces/PHOENIX/src/main_ws/src) by extension 'ignore_ament_install'
[0.663s] Level 1:colcon.colcon_core.package_identification:_identify(/workspaces/PHOENIX/src/main_ws/src) by extensions ['colcon_pkg']
[0.663s] Level 1:colcon.colcon_core.package_identification:_identify(/workspaces/PHOENIX/src/main_ws/src) by extension 'colcon_pkg'
[0.663s] Level 1:colcon.colcon_core.package_identification:_identify(/workspaces/PHOENIX/src/main_ws/src) by extensions ['colcon_meta']
[0.663s] Level 1:colcon.colcon_core.package_identification:_identify(/workspaces/PHOENIX/src/main_ws/src) by extension 'colcon_meta'
[0.663s] Level 1:colcon.colcon_core.package_identification:_identify(/workspaces/PHOENIX/src/main_ws/src) by extensions ['ros']
[0.663s] Level 1:colcon.colcon_core.package_identification:_identify(/workspaces/PHOENIX/src/main_ws/src) by extension 'ros'
[0.663s] Level 1:colcon.colcon_core.package_identification:_identify(/workspaces/PHOENIX/src/main_ws/src) by extensions ['cmake', 'python']
[0.663s] Level 1:colcon.colcon_core.package_identification:_identify(/workspaces/PHOENIX/src/main_ws/src) by extension 'cmake'
[0.664s] Level 1:colcon.colcon_core.package_identification:_identify(/workspaces/PHOENIX/src/main_ws/src) by extension 'python'
[0.664s] Level 1:colcon.colcon_core.package_identification:_identify(/workspaces/PHOENIX/src/main_ws/src) by extensions ['python_setup_py']
[0.664s] Level 1:colcon.colcon_core.package_identification:_identify(/workspaces/PHOENIX/src/main_ws/src) by extension 'python_setup_py'
[0.664s] Level 1:colcon.colcon_core.package_identification:_identify(/workspaces/PHOENIX/src/main_ws/src/controls) by extensions ['ignore', 'ignore_ament_install']
[0.664s] Level 1:colcon.colcon_core.package_identification:_identify(/workspaces/PHOENIX/src/main_ws/src/controls) by extension 'ignore'
[0.664s] Level 1:colcon.colcon_core.package_identification:_identify(/workspaces/PHOENIX/src/main_ws/src/controls) by extension 'ignore_ament_install'
[0.664s] Level 1:colcon.colcon_core.package_identification:_identify(/workspaces/PHOENIX/src/main_ws/src/controls) by extensions ['colcon_pkg']
[0.664s] Level 1:colcon.colcon_core.package_identification:_identify(/workspaces/PHOENIX/src/main_ws/src/controls) by extension 'colcon_pkg'
[0.664s] Level 1:colcon.colcon_core.package_identification:_identify(/workspaces/PHOENIX/src/main_ws/src/controls) by extensions ['colcon_meta']
[0.665s] Level 1:colcon.colcon_core.package_identification:_identify(/workspaces/PHOENIX/src/main_ws/src/controls) by extension 'colcon_meta'
[0.665s] Level 1:colcon.colcon_core.package_identification:_identify(/workspaces/PHOENIX/src/main_ws/src/controls) by extensions ['ros']
[0.665s] Level 1:colcon.colcon_core.package_identification:_identify(/workspaces/PHOENIX/src/main_ws/src/controls) by extension 'ros'
[0.669s] DEBUG:colcon.colcon_core.package_identification:Package '/workspaces/PHOENIX/src/main_ws/src/controls' with type 'ros.ament_cmake' and name 'controls'
[0.669s] Level 1:colcon.colcon_core.package_identification:_identify(/workspaces/PHOENIX/src/main_ws/src/drive_station) by extensions ['ignore', 'ignore_ament_install']
[0.669s] Level 1:colcon.colcon_core.package_identification:_identify(/workspaces/PHOENIX/src/main_ws/src/drive_station) by extension 'ignore'
[0.669s] Level 1:colcon.colcon_core.package_identification:_identify(/workspaces/PHOENIX/src/main_ws/src/drive_station) by extension 'ignore_ament_install'
[0.670s] Level 1:colcon.colcon_core.package_identification:_identify(/workspaces/PHOENIX/src/main_ws/src/drive_station) by extensions ['colcon_pkg']
[0.670s] Level 1:colcon.colcon_core.package_identification:_identify(/workspaces/PHOENIX/src/main_ws/src/drive_station) by extension 'colcon_pkg'
[0.670s] Level 1:colcon.colcon_core.package_identification:_identify(/workspaces/PHOENIX/src/main_ws/src/drive_station) by extensions ['colcon_meta']
[0.670s] Level 1:colcon.colcon_core.package_identification:_identify(/workspaces/PHOENIX/src/main_ws/src/drive_station) by extension 'colcon_meta'
[0.670s] Level 1:colcon.colcon_core.package_identification:_identify(/workspaces/PHOENIX/src/main_ws/src/drive_station) by extensions ['ros']
[0.670s] Level 1:colcon.colcon_core.package_identification:_identify(/workspaces/PHOENIX/src/main_ws/src/drive_station) by extension 'ros'
[0.670s] DEBUG:colcon.colcon_core.package_identification:Package '/workspaces/PHOENIX/src/main_ws/src/drive_station' with type 'ros.ament_cmake' and name 'drive_station'
[0.670s] Level 1:colcon.colcon_core.package_identification:_identify(/workspaces/PHOENIX/src/main_ws/src/perception) by extensions ['ignore', 'ignore_ament_install']
[0.671s] Level 1:colcon.colcon_core.package_identification:_identify(/workspaces/PHOENIX/src/main_ws/src/perception) by extension 'ignore'
[0.671s] Level 1:colcon.colcon_core.package_identification:_identify(/workspaces/PHOENIX/src/main_ws/src/perception) by extension 'ignore_ament_install'
[0.671s] Level 1:colcon.colcon_core.package_identification:_identify(/workspaces/PHOENIX/src/main_ws/src/perception) by extensions ['colcon_pkg']
[0.671s] Level 1:colcon.colcon_core.package_identification:_identify(/workspaces/PHOENIX/src/main_ws/src/perception) by extension 'colcon_pkg'
[0.671s] Level 1:colcon.colcon_core.package_identification:_identify(/workspaces/PHOENIX/src/main_ws/src/perception) by extensions ['colcon_meta']
[0.671s] Level 1:colcon.colcon_core.package_identification:_identify(/workspaces/PHOENIX/src/main_ws/src/perception) by extension 'colcon_meta'
[0.671s] Level 1:colcon.colcon_core.package_identification:_identify(/workspaces/PHOENIX/src/main_ws/src/perception) by extensions ['ros']
[0.671s] Level 1:colcon.colcon_core.package_identification:_identify(/workspaces/PHOENIX/src/main_ws/src/perception) by extension 'ros'
[0.672s] DEBUG:colcon.colcon_core.package_identification:Package '/workspaces/PHOENIX/src/main_ws/src/perception' with type 'ros.ament_cmake' and name 'perception'
[0.672s] Level 1:colcon.colcon_core.package_identification:_identify(/workspaces/PHOENIX/src/main_ws/src/teleop) by extensions ['ignore', 'ignore_ament_install']
[0.672s] Level 1:colcon.colcon_core.package_identification:_identify(/workspaces/PHOENIX/src/main_ws/src/teleop) by extension 'ignore'
[0.672s] Level 1:colcon.colcon_core.package_identification:_identify(/workspaces/PHOENIX/src/main_ws/src/teleop) by extension 'ignore_ament_install'
[0.672s] Level 1:colcon.colcon_core.package_identification:_identify(/workspaces/PHOENIX/src/main_ws/src/teleop) by extensions ['colcon_pkg']
[0.672s] Level 1:colcon.colcon_core.package_identification:_identify(/workspaces/PHOENIX/src/main_ws/src/teleop) by extension 'colcon_pkg'
[0.672s] Level 1:colcon.colcon_core.package_identification:_identify(/workspaces/PHOENIX/src/main_ws/src/teleop) by extensions ['colcon_meta']
[0.672s] Level 1:colcon.colcon_core.package_identification:_identify(/workspaces/PHOENIX/src/main_ws/src/teleop) by extension 'colcon_meta'
[0.672s] Level 1:colcon.colcon_core.package_identification:_identify(/workspaces/PHOENIX/src/main_ws/src/teleop) by extensions ['ros']
[0.672s] Level 1:colcon.colcon_core.package_identification:_identify(/workspaces/PHOENIX/src/main_ws/src/teleop) by extension 'ros'
[0.673s] DEBUG:colcon.colcon_core.package_identification:Package '/workspaces/PHOENIX/src/main_ws/src/teleop' with type 'ros.ament_cmake' and name 'teleop'
[0.673s] Level 1:colcon.colcon_core.package_identification:_identify(/workspaces/PHOENIX/src/micro_ws) by extensions ['ignore', 'ignore_ament_install']
[0.673s] Level 1:colcon.colcon_core.package_identification:_identify(/workspaces/PHOENIX/src/micro_ws) by extension 'ignore'
[0.673s] Level 1:colcon.colcon_core.package_identification:_identify(/workspaces/PHOENIX/src/micro_ws) by extension 'ignore_ament_install'
[0.673s] Level 1:colcon.colcon_core.package_identification:_identify(/workspaces/PHOENIX/src/micro_ws) by extensions ['colcon_pkg']
[0.673s] Level 1:colcon.colcon_core.package_identification:_identify(/workspaces/PHOENIX/src/micro_ws) by extension 'colcon_pkg'
[0.673s] Level 1:colcon.colcon_core.package_identification:_identify(/workspaces/PHOENIX/src/micro_ws) by extensions ['colcon_meta']
[0.673s] Level 1:colcon.colcon_core.package_identification:_identify(/workspaces/PHOENIX/src/micro_ws) by extension 'colcon_meta'
[0.673s] Level 1:colcon.colcon_core.package_identification:_identify(/workspaces/PHOENIX/src/micro_ws) by extensions ['ros']
[0.673s] Level 1:colcon.colcon_core.package_identification:_identify(/workspaces/PHOENIX/src/micro_ws) by extension 'ros'
[0.674s] Level 1:colcon.colcon_core.package_identification:_identify(/workspaces/PHOENIX/src/micro_ws) by extensions ['cmake', 'python']
[0.674s] Level 1:colcon.colcon_core.package_identification:_identify(/workspaces/PHOENIX/src/micro_ws) by extension 'cmake'
[0.674s] Level 1:colcon.colcon_core.package_identification:_identify(/workspaces/PHOENIX/src/micro_ws) by extension 'python'
[0.674s] Level 1:colcon.colcon_core.package_identification:_identify(/workspaces/PHOENIX/src/micro_ws) by extensions ['python_setup_py']
[0.674s] Level 1:colcon.colcon_core.package_identification:_identify(/workspaces/PHOENIX/src/micro_ws) by extension 'python_setup_py'
[0.674s] Level 1:colcon.colcon_core.package_identification:_identify(/workspaces/PHOENIX/src/micro_ws/build) by extensions ['ignore', 'ignore_ament_install']
[0.674s] Level 1:colcon.colcon_core.package_identification:_identify(/workspaces/PHOENIX/src/micro_ws/build) by extension 'ignore'
[0.674s] Level 1:colcon.colcon_core.package_identification:_identify(/workspaces/PHOENIX/src/micro_ws/build) ignored
[0.674s] Level 1:colcon.colcon_core.package_identification:_identify(/workspaces/PHOENIX/src/micro_ws/install) by extensions ['ignore', 'ignore_ament_install']
[0.674s] Level 1:colcon.colcon_core.package_identification:_identify(/workspaces/PHOENIX/src/micro_ws/install) by extension 'ignore'
[0.674s] Level 1:colcon.colcon_core.package_identification:_identify(/workspaces/PHOENIX/src/micro_ws/install) ignored
[0.674s] Level 1:colcon.colcon_core.package_identification:_identify(/workspaces/PHOENIX/src/micro_ws/log) by extensions ['ignore', 'ignore_ament_install']
[0.674s] Level 1:colcon.colcon_core.package_identification:_identify(/workspaces/PHOENIX/src/micro_ws/log) by extension 'ignore'
[0.674s] Level 1:colcon.colcon_core.package_identification:_identify(/workspaces/PHOENIX/src/micro_ws/log) ignored
[0.674s] Level 1:colcon.colcon_core.package_identification:_identify(/workspaces/PHOENIX/src/micro_ws/src) by extensions ['ignore', 'ignore_ament_install']
[0.674s] Level 1:colcon.colcon_core.package_identification:_identify(/workspaces/PHOENIX/src/micro_ws/src) by extension 'ignore'
[0.674s] Level 1:colcon.colcon_core.package_identification:_identify(/workspaces/PHOENIX/src/micro_ws/src) by extension 'ignore_ament_install'
[0.675s] Level 1:colcon.colcon_core.package_identification:_identify(/workspaces/PHOENIX/src/micro_ws/src) by extensions ['colcon_pkg']
[0.675s] Level 1:colcon.colcon_core.package_identification:_identify(/workspaces/PHOENIX/src/micro_ws/src) by extension 'colcon_pkg'
[0.675s] Level 1:colcon.colcon_core.package_identification:_identify(/workspaces/PHOENIX/src/micro_ws/src) by extensions ['colcon_meta']
[0.675s] Level 1:colcon.colcon_core.package_identification:_identify(/workspaces/PHOENIX/src/micro_ws/src) by extension 'colcon_meta'
[0.675s] Level 1:colcon.colcon_core.package_identification:_identify(/workspaces/PHOENIX/src/micro_ws/src) by extensions ['ros']
[0.675s] Level 1:colcon.colcon_core.package_identification:_identify(/workspaces/PHOENIX/src/micro_ws/src) by extension 'ros'
[0.675s] Level 1:colcon.colcon_core.package_identification:_identify(/workspaces/PHOENIX/src/micro_ws/src) by extensions ['cmake', 'python']
[0.675s] Level 1:colcon.colcon_core.package_identification:_identify(/workspaces/PHOENIX/src/micro_ws/src) by extension 'cmake'
[0.675s] Level 1:colcon.colcon_core.package_identification:_identify(/workspaces/PHOENIX/src/micro_ws/src) by extension 'python'
[0.675s] Level 1:colcon.colcon_core.package_identification:_identify(/workspaces/PHOENIX/src/micro_ws/src) by extensions ['python_setup_py']
[0.675s] Level 1:colcon.colcon_core.package_identification:_identify(/workspaces/PHOENIX/src/micro_ws/src) by extension 'python_setup_py'
[0.675s] Level 1:colcon.colcon_core.package_identification:_identify(/workspaces/PHOENIX/src/micro_ws/src/build) by extensions ['ignore', 'ignore_ament_install']
[0.675s] Level 1:colcon.colcon_core.package_identification:_identify(/workspaces/PHOENIX/src/micro_ws/src/build) by extension 'ignore'
[0.675s] Level 1:colcon.colcon_core.package_identification:_identify(/workspaces/PHOENIX/src/micro_ws/src/build) ignored
[0.675s] Level 1:colcon.colcon_core.package_identification:_identify(/workspaces/PHOENIX/src/micro_ws/src/install) by extensions ['ignore', 'ignore_ament_install']
[0.675s] Level 1:colcon.colcon_core.package_identification:_identify(/workspaces/PHOENIX/src/micro_ws/src/install) by extension 'ignore'
[0.675s] Level 1:colcon.colcon_core.package_identification:_identify(/workspaces/PHOENIX/src/micro_ws/src/install) ignored
[0.675s] Level 1:colcon.colcon_core.package_identification:_identify(/workspaces/PHOENIX/src/micro_ws/src/log) by extensions ['ignore', 'ignore_ament_install']
[0.675s] Level 1:colcon.colcon_core.package_identification:_identify(/workspaces/PHOENIX/src/micro_ws/src/log) by extension 'ignore'
[0.675s] Level 1:colcon.colcon_core.package_identification:_identify(/workspaces/PHOENIX/src/micro_ws/src/log) ignored
[0.676s] Level 1:colcon.colcon_core.package_identification:_identify(/workspaces/PHOENIX/src/micro_ws/src/micro_controls) by extensions ['ignore', 'ignore_ament_install']
[0.676s] Level 1:colcon.colcon_core.package_identification:_identify(/workspaces/PHOENIX/src/micro_ws/src/micro_controls) by extension 'ignore'
[0.676s] Level 1:colcon.colcon_core.package_identification:_identify(/workspaces/PHOENIX/src/micro_ws/src/micro_controls) by extension 'ignore_ament_install'
[0.676s] Level 1:colcon.colcon_core.package_identification:_identify(/workspaces/PHOENIX/src/micro_ws/src/micro_controls) by extensions ['colcon_pkg']
[0.676s] Level 1:colcon.colcon_core.package_identification:_identify(/workspaces/PHOENIX/src/micro_ws/src/micro_controls) by extension 'colcon_pkg'
[0.676s] Level 1:colcon.colcon_core.package_identification:_identify(/workspaces/PHOENIX/src/micro_ws/src/micro_controls) by extensions ['colcon_meta']
[0.676s] Level 1:colcon.colcon_core.package_identification:_identify(/workspaces/PHOENIX/src/micro_ws/src/micro_controls) by extension 'colcon_meta'
[0.676s] Level 1:colcon.colcon_core.package_identification:_identify(/workspaces/PHOENIX/src/micro_ws/src/micro_controls) by extensions ['ros']
[0.676s] Level 1:colcon.colcon_core.package_identification:_identify(/workspaces/PHOENIX/src/micro_ws/src/micro_controls) by extension 'ros'
[0.677s] DEBUG:colcon.colcon_core.package_identification:Package '/workspaces/PHOENIX/src/micro_ws/src/micro_controls' with type 'ros.ament_cmake' and name 'micro_controls'
[0.677s] Level 1:colcon.colcon_core.package_discovery:discover_packages(recursive) using defaults
