[0.053s] Invoking command in '/workspaces/PHOENIX/src/main_ws/src/build/teleop': CMAKE_PREFIX_PATH=/opt/ros/humble /usr/bin/cmake /workspaces/PHOENIX/src/main_ws/src/teleop -DCMAKE_INSTALL_PREFIX=/workspaces/PHOENIX/src/main_ws/src/install/teleop
[0.798s] -- The C compiler identification is GNU 11.4.0
[1.310s] -- The CXX compiler identification is GNU 11.4.0
[1.331s] -- Detecting C compiler ABI info
[1.517s] -- Detecting C compiler ABI info - done
[1.525s] -- Check for working C compiler: /usr/bin/cc - skipped
[1.526s] -- Detecting C compile features
[1.527s] -- Detecting C compile features - done
[1.534s] -- Detecting CXX compiler ABI info
[1.688s] -- Detecting CXX compiler ABI info - done
[1.699s] -- Check for working CXX compiler: /usr/bin/c++ - skipped
[1.699s] -- Detecting CXX compile features
[1.699s] -- Detecting CXX compile features - done
[1.734s] -- Found ament_cmake: 1.3.10 (/opt/ros/humble/share/ament_cmake/cmake)
[1.974s] -- Found Python3: /usr/bin/python3 (found version "3.10.12") found components: Interpreter 
[2.177s] -- Found ament_lint_auto: 0.12.11 (/opt/ros/humble/share/ament_lint_auto/cmake)
[2.292s] -- Added test 'lint_cmake' to check CMake code style
[2.297s] -- Added test 'xmllint' to check XML markup files
[2.302s] -- Configuring done
[2.318s] -- Generating done
[2.320s] -- Build files have been written to: /workspaces/PHOENIX/src/main_ws/src/build/teleop
[2.346s] Invoked command in '/workspaces/PHOENIX/src/main_ws/src/build/teleop' returned '0': CMAKE_PREFIX_PATH=/opt/ros/humble /usr/bin/cmake /workspaces/PHOENIX/src/main_ws/src/teleop -DCMAKE_INSTALL_PREFIX=/workspaces/PHOENIX/src/main_ws/src/install/teleop
[2.346s] Invoking command in '/workspaces/PHOENIX/src/main_ws/src/build/teleop': CMAKE_PREFIX_PATH=/opt/ros/humble /usr/bin/cmake --build /workspaces/PHOENIX/src/main_ws/src/build/teleop -- -j12 -l12
[2.388s] Invoked command in '/workspaces/PHOENIX/src/main_ws/src/build/teleop' returned '0': CMAKE_PREFIX_PATH=/opt/ros/humble /usr/bin/cmake --build /workspaces/PHOENIX/src/main_ws/src/build/teleop -- -j12 -l12
[2.426s] Invoking command in '/workspaces/PHOENIX/src/main_ws/src/build/teleop': CMAKE_PREFIX_PATH=/opt/ros/humble /usr/bin/cmake --install /workspaces/PHOENIX/src/main_ws/src/build/teleop
[2.430s] -- Install configuration: ""
[2.433s] -- Installing: /workspaces/PHOENIX/src/main_ws/src/install/teleop/share/ament_index/resource_index/package_run_dependencies/teleop
[2.434s] -- Installing: /workspaces/PHOENIX/src/main_ws/src/install/teleop/share/ament_index/resource_index/parent_prefix_path/teleop
[2.437s] -- Installing: /workspaces/PHOENIX/src/main_ws/src/install/teleop/share/teleop/environment/ament_prefix_path.sh
[2.438s] -- Installing: /workspaces/PHOENIX/src/main_ws/src/install/teleop/share/teleop/environment/ament_prefix_path.dsv
[2.438s] -- Installing: /workspaces/PHOENIX/src/main_ws/src/install/teleop/share/teleop/environment/path.sh
[2.440s] -- Installing: /workspaces/PHOENIX/src/main_ws/src/install/teleop/share/teleop/environment/path.dsv
[2.441s] -- Installing: /workspaces/PHOENIX/src/main_ws/src/install/teleop/share/teleop/local_setup.bash
[2.443s] -- Installing: /workspaces/PHOENIX/src/main_ws/src/install/teleop/share/teleop/local_setup.sh
[2.444s] -- Installing: /workspaces/PHOENIX/src/main_ws/src/install/teleop/share/teleop/local_setup.zsh
[2.444s] -- Installing: /workspaces/PHOENIX/src/main_ws/src/install/teleop/share/teleop/local_setup.dsv
[2.444s] -- Installing: /workspaces/PHOENIX/src/main_ws/src/install/teleop/share/teleop/package.dsv
[2.445s] -- Installing: /workspaces/PHOENIX/src/main_ws/src/install/teleop/share/ament_index/resource_index/packages/teleop
[2.446s] -- Installing: /workspaces/PHOENIX/src/main_ws/src/install/teleop/share/teleop/cmake/teleopConfig.cmake
[2.446s] -- Installing: /workspaces/PHOENIX/src/main_ws/src/install/teleop/share/teleop/cmake/teleopConfig-version.cmake
[2.447s] -- Installing: /workspaces/PHOENIX/src/main_ws/src/install/teleop/share/teleop/package.xml
[2.479s] Invoked command in '/workspaces/PHOENIX/src/main_ws/src/build/teleop' returned '0': CMAKE_PREFIX_PATH=/opt/ros/humble /usr/bin/cmake --install /workspaces/PHOENIX/src/main_ws/src/build/teleop
