[0.089s] DEBUG:colcon:Command line arguments: ['/usr/bin/colcon', 'build']
[0.089s] DEBUG:colcon:Parsed command line arguments: Namespace(log_base=None, log_level=None, verb_name='build', build_base='build', install_base='install', merge_install=False, symlink_install=False, test_result_base=None, continue_on_error=False, executor='parallel', parallel_workers=12, event_handlers=None, ignore_user_meta=False, metas=['./colcon.meta'], base_paths=['.'], packages_ignore=None, packages_ignore_regex=None, paths=None, packages_up_to=None, packages_up_to_regex=None, packages_above=None, packages_above_and_dependencies=None, packages_above_depth=None, packages_select_by_dep=None, packages_skip_by_dep=None, packages_skip_up_to=None, packages_select_build_failed=False, packages_skip_build_finished=False, packages_select_test_failures=False, packages_skip_test_passed=False, packages_select=None, packages_skip=None, packages_select_regex=None, packages_skip_regex=None, packages_start=None, packages_end=None, cmake_args=None, cmake_target=None, cmake_target_skip_unavailable=False, cmake_clean_cache=False, cmake_clean_first=False, cmake_force_configure=False, ament_cmake_args=None, catkin_cmake_args=None, catkin_skip_building_tests=False, mixin_files=None, mixin=None, verb_parser=<colcon_mixin.mixin.mixin_argument.MixinArgumentDecorator object at 0x7f37f8e102e0>, verb_extension=<colcon_core.verb.build.BuildVerb object at 0x7f37f8f28940>, main=<bound method BuildVerb.main of <colcon_core.verb.build.BuildVerb object at 0x7f37f8f28940>>, mixin_verb=('build',))
[0.199s] Level 1:colcon.colcon_core.package_discovery:discover_packages(colcon_meta) check parameters
[0.199s] Level 1:colcon.colcon_core.package_discovery:discover_packages(recursive) check parameters
[0.199s] Level 1:colcon.colcon_core.package_discovery:discover_packages(ignore) check parameters
[0.199s] Level 1:colcon.colcon_core.package_discovery:discover_packages(path) check parameters
[0.199s] Level 1:colcon.colcon_core.package_discovery:discover_packages(colcon_meta) discover
[0.199s] Level 1:colcon.colcon_core.package_discovery:discover_packages(recursive) discover
[0.199s] INFO:colcon.colcon_core.package_discovery:Crawling recursively for packages in '/workspaces/PHOENIX/src/main_ws/src'
[0.200s] Level 1:colcon.colcon_core.package_identification:_identify(.) by extensions ['ignore', 'ignore_ament_install']
[0.200s] Level 1:colcon.colcon_core.package_identification:_identify(.) by extension 'ignore'
[0.200s] Level 1:colcon.colcon_core.package_identification:_identify(.) by extension 'ignore_ament_install'
[0.200s] Level 1:colcon.colcon_core.package_identification:_identify(.) by extensions ['colcon_pkg']
[0.200s] Level 1:colcon.colcon_core.package_identification:_identify(.) by extension 'colcon_pkg'
[0.200s] Level 1:colcon.colcon_core.package_identification:_identify(.) by extensions ['colcon_meta']
[0.200s] Level 1:colcon.colcon_core.package_identification:_identify(.) by extension 'colcon_meta'
[0.200s] Level 1:colcon.colcon_core.package_identification:_identify(.) by extensions ['ros']
[0.200s] Level 1:colcon.colcon_core.package_identification:_identify(.) by extension 'ros'
[0.209s] Level 1:colcon.colcon_core.package_identification:_identify(.) by extensions ['cmake', 'python']
[0.210s] Level 1:colcon.colcon_core.package_identification:_identify(.) by extension 'cmake'
[0.210s] Level 1:colcon.colcon_core.package_identification:_identify(.) by extension 'python'
[0.210s] Level 1:colcon.colcon_core.package_identification:_identify(.) by extensions ['python_setup_py']
[0.210s] Level 1:colcon.colcon_core.package_identification:_identify(.) by extension 'python_setup_py'
[0.210s] Level 1:colcon.colcon_core.package_identification:_identify(build) by extensions ['ignore', 'ignore_ament_install']
[0.210s] Level 1:colcon.colcon_core.package_identification:_identify(build) by extension 'ignore'
[0.210s] Level 1:colcon.colcon_core.package_identification:_identify(build) ignored
[0.210s] Level 1:colcon.colcon_core.package_identification:_identify(controls) by extensions ['ignore', 'ignore_ament_install']
[0.210s] Level 1:colcon.colcon_core.package_identification:_identify(controls) by extension 'ignore'
[0.210s] Level 1:colcon.colcon_core.package_identification:_identify(controls) by extension 'ignore_ament_install'
[0.210s] Level 1:colcon.colcon_core.package_identification:_identify(controls) by extensions ['colcon_pkg']
[0.210s] Level 1:colcon.colcon_core.package_identification:_identify(controls) by extension 'colcon_pkg'
[0.210s] Level 1:colcon.colcon_core.package_identification:_identify(controls) by extensions ['colcon_meta']
[0.210s] Level 1:colcon.colcon_core.package_identification:_identify(controls) by extension 'colcon_meta'
[0.210s] Level 1:colcon.colcon_core.package_identification:_identify(controls) by extensions ['ros']
[0.211s] Level 1:colcon.colcon_core.package_identification:_identify(controls) by extension 'ros'
[0.213s] DEBUG:colcon.colcon_core.package_identification:Package 'controls' with type 'ros.ament_cmake' and name 'controls'
[0.213s] Level 1:colcon.colcon_core.package_identification:_identify(drive_station) by extensions ['ignore', 'ignore_ament_install']
[0.213s] Level 1:colcon.colcon_core.package_identification:_identify(drive_station) by extension 'ignore'
[0.213s] Level 1:colcon.colcon_core.package_identification:_identify(drive_station) by extension 'ignore_ament_install'
[0.213s] Level 1:colcon.colcon_core.package_identification:_identify(drive_station) by extensions ['colcon_pkg']
[0.213s] Level 1:colcon.colcon_core.package_identification:_identify(drive_station) by extension 'colcon_pkg'
[0.213s] Level 1:colcon.colcon_core.package_identification:_identify(drive_station) by extensions ['colcon_meta']
[0.213s] Level 1:colcon.colcon_core.package_identification:_identify(drive_station) by extension 'colcon_meta'
[0.213s] Level 1:colcon.colcon_core.package_identification:_identify(drive_station) by extensions ['ros']
[0.213s] Level 1:colcon.colcon_core.package_identification:_identify(drive_station) by extension 'ros'
[0.213s] DEBUG:colcon.colcon_core.package_identification:Package 'drive_station' with type 'ros.ament_cmake' and name 'drive_station'
[0.214s] Level 1:colcon.colcon_core.package_identification:_identify(install) by extensions ['ignore', 'ignore_ament_install']
[0.214s] Level 1:colcon.colcon_core.package_identification:_identify(install) by extension 'ignore'
[0.214s] Level 1:colcon.colcon_core.package_identification:_identify(install) ignored
[0.214s] Level 1:colcon.colcon_core.package_identification:_identify(log) by extensions ['ignore', 'ignore_ament_install']
[0.214s] Level 1:colcon.colcon_core.package_identification:_identify(log) by extension 'ignore'
[0.214s] Level 1:colcon.colcon_core.package_identification:_identify(log) ignored
[0.214s] Level 1:colcon.colcon_core.package_identification:_identify(perception) by extensions ['ignore', 'ignore_ament_install']
[0.214s] Level 1:colcon.colcon_core.package_identification:_identify(perception) by extension 'ignore'
[0.214s] Level 1:colcon.colcon_core.package_identification:_identify(perception) by extension 'ignore_ament_install'
[0.214s] Level 1:colcon.colcon_core.package_identification:_identify(perception) by extensions ['colcon_pkg']
[0.214s] Level 1:colcon.colcon_core.package_identification:_identify(perception) by extension 'colcon_pkg'
[0.214s] Level 1:colcon.colcon_core.package_identification:_identify(perception) by extensions ['colcon_meta']
[0.214s] Level 1:colcon.colcon_core.package_identification:_identify(perception) by extension 'colcon_meta'
[0.214s] Level 1:colcon.colcon_core.package_identification:_identify(perception) by extensions ['ros']
[0.214s] Level 1:colcon.colcon_core.package_identification:_identify(perception) by extension 'ros'
[0.215s] DEBUG:colcon.colcon_core.package_identification:Package 'perception' with type 'ros.ament_cmake' and name 'perception'
[0.215s] Level 1:colcon.colcon_core.package_identification:_identify(teleop) by extensions ['ignore', 'ignore_ament_install']
[0.215s] Level 1:colcon.colcon_core.package_identification:_identify(teleop) by extension 'ignore'
[0.215s] Level 1:colcon.colcon_core.package_identification:_identify(teleop) by extension 'ignore_ament_install'
[0.215s] Level 1:colcon.colcon_core.package_identification:_identify(teleop) by extensions ['colcon_pkg']
[0.215s] Level 1:colcon.colcon_core.package_identification:_identify(teleop) by extension 'colcon_pkg'
[0.215s] Level 1:colcon.colcon_core.package_identification:_identify(teleop) by extensions ['colcon_meta']
[0.215s] Level 1:colcon.colcon_core.package_identification:_identify(teleop) by extension 'colcon_meta'
[0.215s] Level 1:colcon.colcon_core.package_identification:_identify(teleop) by extensions ['ros']
[0.215s] Level 1:colcon.colcon_core.package_identification:_identify(teleop) by extension 'ros'
[0.216s] DEBUG:colcon.colcon_core.package_identification:Package 'teleop' with type 'ros.ament_cmake' and name 'teleop'
[0.216s] Level 1:colcon.colcon_core.package_discovery:discover_packages(recursive) using defaults
[0.216s] Level 1:colcon.colcon_core.package_discovery:discover_packages(ignore) discover
[0.216s] Level 1:colcon.colcon_core.package_discovery:discover_packages(ignore) using defaults
[0.216s] Level 1:colcon.colcon_core.package_discovery:discover_packages(path) discover
[0.216s] Level 1:colcon.colcon_core.package_discovery:discover_packages(path) using defaults
[0.233s] Level 5:colcon.colcon_core.verb:set package 'controls' build argument 'cmake_args' from command line to 'None'
[0.233s] Level 5:colcon.colcon_core.verb:set package 'controls' build argument 'cmake_target' from command line to 'None'
[0.233s] Level 5:colcon.colcon_core.verb:set package 'controls' build argument 'cmake_target_skip_unavailable' from command line to 'False'
[0.233s] Level 5:colcon.colcon_core.verb:set package 'controls' build argument 'cmake_clean_cache' from command line to 'False'
[0.233s] Level 5:colcon.colcon_core.verb:set package 'controls' build argument 'cmake_clean_first' from command line to 'False'
[0.233s] Level 5:colcon.colcon_core.verb:set package 'controls' build argument 'cmake_force_configure' from command line to 'False'
[0.233s] Level 5:colcon.colcon_core.verb:set package 'controls' build argument 'ament_cmake_args' from command line to 'None'
[0.233s] Level 5:colcon.colcon_core.verb:set package 'controls' build argument 'catkin_cmake_args' from command line to 'None'
[0.233s] Level 5:colcon.colcon_core.verb:set package 'controls' build argument 'catkin_skip_building_tests' from command line to 'False'
[0.233s] DEBUG:colcon.colcon_core.verb:Building package 'controls' with the following arguments: {'ament_cmake_args': None, 'build_base': '/workspaces/PHOENIX/src/main_ws/src/build/controls', 'catkin_cmake_args': None, 'catkin_skip_building_tests': False, 'cmake_args': None, 'cmake_clean_cache': False, 'cmake_clean_first': False, 'cmake_force_configure': False, 'cmake_target': None, 'cmake_target_skip_unavailable': False, 'install_base': '/workspaces/PHOENIX/src/main_ws/src/install/controls', 'merge_install': False, 'path': '/workspaces/PHOENIX/src/main_ws/src/controls', 'symlink_install': False, 'test_result_base': None}
[0.233s] Level 5:colcon.colcon_core.verb:set package 'drive_station' build argument 'cmake_args' from command line to 'None'
[0.233s] Level 5:colcon.colcon_core.verb:set package 'drive_station' build argument 'cmake_target' from command line to 'None'
[0.233s] Level 5:colcon.colcon_core.verb:set package 'drive_station' build argument 'cmake_target_skip_unavailable' from command line to 'False'
[0.233s] Level 5:colcon.colcon_core.verb:set package 'drive_station' build argument 'cmake_clean_cache' from command line to 'False'
[0.234s] Level 5:colcon.colcon_core.verb:set package 'drive_station' build argument 'cmake_clean_first' from command line to 'False'
[0.234s] Level 5:colcon.colcon_core.verb:set package 'drive_station' build argument 'cmake_force_configure' from command line to 'False'
[0.234s] Level 5:colcon.colcon_core.verb:set package 'drive_station' build argument 'ament_cmake_args' from command line to 'None'
[0.234s] Level 5:colcon.colcon_core.verb:set package 'drive_station' build argument 'catkin_cmake_args' from command line to 'None'
[0.234s] Level 5:colcon.colcon_core.verb:set package 'drive_station' build argument 'catkin_skip_building_tests' from command line to 'False'
[0.234s] DEBUG:colcon.colcon_core.verb:Building package 'drive_station' with the following arguments: {'ament_cmake_args': None, 'build_base': '/workspaces/PHOENIX/src/main_ws/src/build/drive_station', 'catkin_cmake_args': None, 'catkin_skip_building_tests': False, 'cmake_args': None, 'cmake_clean_cache': False, 'cmake_clean_first': False, 'cmake_force_configure': False, 'cmake_target': None, 'cmake_target_skip_unavailable': False, 'install_base': '/workspaces/PHOENIX/src/main_ws/src/install/drive_station', 'merge_install': False, 'path': '/workspaces/PHOENIX/src/main_ws/src/drive_station', 'symlink_install': False, 'test_result_base': None}
[0.234s] Level 5:colcon.colcon_core.verb:set package 'perception' build argument 'cmake_args' from command line to 'None'
[0.234s] Level 5:colcon.colcon_core.verb:set package 'perception' build argument 'cmake_target' from command line to 'None'
[0.234s] Level 5:colcon.colcon_core.verb:set package 'perception' build argument 'cmake_target_skip_unavailable' from command line to 'False'
[0.234s] Level 5:colcon.colcon_core.verb:set package 'perception' build argument 'cmake_clean_cache' from command line to 'False'
[0.234s] Level 5:colcon.colcon_core.verb:set package 'perception' build argument 'cmake_clean_first' from command line to 'False'
[0.234s] Level 5:colcon.colcon_core.verb:set package 'perception' build argument 'cmake_force_configure' from command line to 'False'
[0.234s] Level 5:colcon.colcon_core.verb:set package 'perception' build argument 'ament_cmake_args' from command line to 'None'
[0.234s] Level 5:colcon.colcon_core.verb:set package 'perception' build argument 'catkin_cmake_args' from command line to 'None'
[0.234s] Level 5:colcon.colcon_core.verb:set package 'perception' build argument 'catkin_skip_building_tests' from command line to 'False'
[0.234s] DEBUG:colcon.colcon_core.verb:Building package 'perception' with the following arguments: {'ament_cmake_args': None, 'build_base': '/workspaces/PHOENIX/src/main_ws/src/build/perception', 'catkin_cmake_args': None, 'catkin_skip_building_tests': False, 'cmake_args': None, 'cmake_clean_cache': False, 'cmake_clean_first': False, 'cmake_force_configure': False, 'cmake_target': None, 'cmake_target_skip_unavailable': False, 'install_base': '/workspaces/PHOENIX/src/main_ws/src/install/perception', 'merge_install': False, 'path': '/workspaces/PHOENIX/src/main_ws/src/perception', 'symlink_install': False, 'test_result_base': None}
[0.234s] Level 5:colcon.colcon_core.verb:set package 'teleop' build argument 'cmake_args' from command line to 'None'
[0.235s] Level 5:colcon.colcon_core.verb:set package 'teleop' build argument 'cmake_target' from command line to 'None'
[0.235s] Level 5:colcon.colcon_core.verb:set package 'teleop' build argument 'cmake_target_skip_unavailable' from command line to 'False'
[0.235s] Level 5:colcon.colcon_core.verb:set package 'teleop' build argument 'cmake_clean_cache' from command line to 'False'
[0.235s] Level 5:colcon.colcon_core.verb:set package 'teleop' build argument 'cmake_clean_first' from command line to 'False'
[0.235s] Level 5:colcon.colcon_core.verb:set package 'teleop' build argument 'cmake_force_configure' from command line to 'False'
[0.235s] Level 5:colcon.colcon_core.verb:set package 'teleop' build argument 'ament_cmake_args' from command line to 'None'
[0.235s] Level 5:colcon.colcon_core.verb:set package 'teleop' build argument 'catkin_cmake_args' from command line to 'None'
[0.235s] Level 5:colcon.colcon_core.verb:set package 'teleop' build argument 'catkin_skip_building_tests' from command line to 'False'
[0.235s] DEBUG:colcon.colcon_core.verb:Building package 'teleop' with the following arguments: {'ament_cmake_args': None, 'build_base': '/workspaces/PHOENIX/src/main_ws/src/build/teleop', 'catkin_cmake_args': None, 'catkin_skip_building_tests': False, 'cmake_args': None, 'cmake_clean_cache': False, 'cmake_clean_first': False, 'cmake_force_configure': False, 'cmake_target': None, 'cmake_target_skip_unavailable': False, 'install_base': '/workspaces/PHOENIX/src/main_ws/src/install/teleop', 'merge_install': False, 'path': '/workspaces/PHOENIX/src/main_ws/src/teleop', 'symlink_install': False, 'test_result_base': None}
[0.235s] INFO:colcon.colcon_core.executor:Executing jobs using 'parallel' executor
[0.236s] DEBUG:colcon.colcon_parallel_executor.executor.parallel:run_until_complete
[0.236s] INFO:colcon.colcon_ros.task.ament_cmake.build:Building ROS package in '/workspaces/PHOENIX/src/main_ws/src/controls' with build type 'ament_cmake'
[0.236s] INFO:colcon.colcon_cmake.task.cmake.build:Building CMake package in '/workspaces/PHOENIX/src/main_ws/src/controls'
[0.239s] INFO:colcon.colcon_core.plugin_system:Skipping extension 'colcon_core.shell.bat': Not used on non-Windows systems
[0.240s] INFO:colcon.colcon_core.shell:Skip shell extension 'powershell' for command environment: Not usable outside of PowerShell
[0.240s] DEBUG:colcon.colcon_core.shell:Skip shell extension 'dsv' for command environment
[0.243s] INFO:colcon.colcon_ros.task.ament_cmake.build:Building ROS package in '/workspaces/PHOENIX/src/main_ws/src/drive_station' with build type 'ament_cmake'
[0.243s] INFO:colcon.colcon_cmake.task.cmake.build:Building CMake package in '/workspaces/PHOENIX/src/main_ws/src/drive_station'
[0.244s] INFO:colcon.colcon_core.shell:Skip shell extension 'powershell' for command environment: Not usable outside of PowerShell
[0.244s] DEBUG:colcon.colcon_core.shell:Skip shell extension 'dsv' for command environment
[0.248s] INFO:colcon.colcon_ros.task.ament_cmake.build:Building ROS package in '/workspaces/PHOENIX/src/main_ws/src/perception' with build type 'ament_cmake'
[0.249s] INFO:colcon.colcon_cmake.task.cmake.build:Building CMake package in '/workspaces/PHOENIX/src/main_ws/src/perception'
[0.249s] INFO:colcon.colcon_core.shell:Skip shell extension 'powershell' for command environment: Not usable outside of PowerShell
[0.249s] DEBUG:colcon.colcon_core.shell:Skip shell extension 'dsv' for command environment
[0.257s] INFO:colcon.colcon_ros.task.ament_cmake.build:Building ROS package in '/workspaces/PHOENIX/src/main_ws/src/teleop' with build type 'ament_cmake'
[0.257s] INFO:colcon.colcon_cmake.task.cmake.build:Building CMake package in '/workspaces/PHOENIX/src/main_ws/src/teleop'
[0.258s] INFO:colcon.colcon_core.shell:Skip shell extension 'powershell' for command environment: Not usable outside of PowerShell
[0.258s] DEBUG:colcon.colcon_core.shell:Skip shell extension 'dsv' for command environment
[0.275s] DEBUG:colcon.colcon_core.event_handler.log_command:Invoking command in '/workspaces/PHOENIX/src/main_ws/src/build/controls': CMAKE_PREFIX_PATH=/opt/ros/humble /usr/bin/cmake --build /workspaces/PHOENIX/src/main_ws/src/build/controls -- -j12 -l12
[0.282s] DEBUG:colcon.colcon_core.event_handler.log_command:Invoking command in '/workspaces/PHOENIX/src/main_ws/src/build/drive_station': CMAKE_PREFIX_PATH=/opt/ros/humble /usr/bin/cmake --build /workspaces/PHOENIX/src/main_ws/src/build/drive_station -- -j12 -l12
[0.296s] DEBUG:colcon.colcon_core.event_handler.log_command:Invoking command in '/workspaces/PHOENIX/src/main_ws/src/build/perception': CMAKE_PREFIX_PATH=/opt/ros/humble /usr/bin/cmake --build /workspaces/PHOENIX/src/main_ws/src/build/perception -- -j12 -l12
[0.303s] DEBUG:colcon.colcon_core.event_handler.log_command:Invoking command in '/workspaces/PHOENIX/src/main_ws/src/build/teleop': CMAKE_PREFIX_PATH=/opt/ros/humble /usr/bin/cmake --build /workspaces/PHOENIX/src/main_ws/src/build/teleop -- -j12 -l12
[0.322s] DEBUG:colcon.colcon_core.event_handler.log_command:Invoked command in '/workspaces/PHOENIX/src/main_ws/src/build/drive_station' returned '0': CMAKE_PREFIX_PATH=/opt/ros/humble /usr/bin/cmake --build /workspaces/PHOENIX/src/main_ws/src/build/drive_station -- -j12 -l12
[0.340s] DEBUG:colcon.colcon_core.event_handler.log_command:Invoked command in '/workspaces/PHOENIX/src/main_ws/src/build/teleop' returned '0': CMAKE_PREFIX_PATH=/opt/ros/humble /usr/bin/cmake --build /workspaces/PHOENIX/src/main_ws/src/build/teleop -- -j12 -l12
[0.364s] DEBUG:colcon.colcon_core.event_handler.log_command:Invoking command in '/workspaces/PHOENIX/src/main_ws/src/build/drive_station': CMAKE_PREFIX_PATH=/opt/ros/humble /usr/bin/cmake --install /workspaces/PHOENIX/src/main_ws/src/build/drive_station
[0.369s] DEBUG:colcon.colcon_core.event_handler.log_command:Invoked command in '/workspaces/PHOENIX/src/main_ws/src/build/controls' returned '0': CMAKE_PREFIX_PATH=/opt/ros/humble /usr/bin/cmake --build /workspaces/PHOENIX/src/main_ws/src/build/controls -- -j12 -l12
[0.383s] Level 1:colcon.colcon_core.environment:create_environment_scripts_only(drive_station)
[0.389s] DEBUG:colcon.colcon_core.event_handler.log_command:Invoked command in '/workspaces/PHOENIX/src/main_ws/src/build/perception' returned '0': CMAKE_PREFIX_PATH=/opt/ros/humble /usr/bin/cmake --build /workspaces/PHOENIX/src/main_ws/src/build/perception -- -j12 -l12
[0.391s] DEBUG:colcon.colcon_core.event_handler.log_command:Invoking command in '/workspaces/PHOENIX/src/main_ws/src/build/teleop': CMAKE_PREFIX_PATH=/opt/ros/humble /usr/bin/cmake --install /workspaces/PHOENIX/src/main_ws/src/build/teleop
[0.391s] DEBUG:colcon.colcon_core.event_handler.log_command:Invoked command in '/workspaces/PHOENIX/src/main_ws/src/build/drive_station' returned '0': CMAKE_PREFIX_PATH=/opt/ros/humble /usr/bin/cmake --install /workspaces/PHOENIX/src/main_ws/src/build/drive_station
[0.396s] Level 1:colcon.colcon_core.environment:checking '/workspaces/PHOENIX/src/main_ws/src/install/drive_station' for CMake module files
[0.398s] Level 1:colcon.colcon_core.environment:checking '/workspaces/PHOENIX/src/main_ws/src/install/drive_station' for CMake config files
[0.399s] Level 1:colcon.colcon_core.shell:create_environment_hook('drive_station', 'cmake_prefix_path')
[0.399s] INFO:colcon.colcon_core.shell:Creating environment hook '/workspaces/PHOENIX/src/main_ws/src/install/drive_station/share/drive_station/hook/cmake_prefix_path.ps1'
[0.400s] INFO:colcon.colcon_core.shell:Creating environment descriptor '/workspaces/PHOENIX/src/main_ws/src/install/drive_station/share/drive_station/hook/cmake_prefix_path.dsv'
[0.400s] INFO:colcon.colcon_core.shell:Creating environment hook '/workspaces/PHOENIX/src/main_ws/src/install/drive_station/share/drive_station/hook/cmake_prefix_path.sh'
[0.401s] Level 1:colcon.colcon_core.environment:checking '/workspaces/PHOENIX/src/main_ws/src/install/drive_station/bin'
[0.401s] Level 1:colcon.colcon_core.environment:checking '/workspaces/PHOENIX/src/main_ws/src/install/drive_station/lib/pkgconfig/drive_station.pc'
[0.403s] Level 1:colcon.colcon_core.environment:checking '/workspaces/PHOENIX/src/main_ws/src/install/drive_station/lib/python3.10/site-packages'
[0.403s] Level 1:colcon.colcon_core.environment:checking '/workspaces/PHOENIX/src/main_ws/src/install/drive_station/bin'
[0.403s] INFO:colcon.colcon_core.shell:Creating package script '/workspaces/PHOENIX/src/main_ws/src/install/drive_station/share/drive_station/package.ps1'
[0.404s] INFO:colcon.colcon_core.shell:Creating package descriptor '/workspaces/PHOENIX/src/main_ws/src/install/drive_station/share/drive_station/package.dsv'
[0.405s] INFO:colcon.colcon_core.shell:Creating package script '/workspaces/PHOENIX/src/main_ws/src/install/drive_station/share/drive_station/package.sh'
[0.405s] INFO:colcon.colcon_core.shell:Creating package script '/workspaces/PHOENIX/src/main_ws/src/install/drive_station/share/drive_station/package.bash'
[0.406s] INFO:colcon.colcon_core.shell:Creating package script '/workspaces/PHOENIX/src/main_ws/src/install/drive_station/share/drive_station/package.zsh'
[0.407s] Level 1:colcon.colcon_core.environment:create_file_with_runtime_dependencies(/workspaces/PHOENIX/src/main_ws/src/install/drive_station/share/colcon-core/packages/drive_station)
[0.413s] DEBUG:colcon.colcon_core.event_handler.log_command:Invoking command in '/workspaces/PHOENIX/src/main_ws/src/build/controls': CMAKE_PREFIX_PATH=/opt/ros/humble /usr/bin/cmake --install /workspaces/PHOENIX/src/main_ws/src/build/controls
[0.415s] Level 1:colcon.colcon_core.environment:create_environment_scripts_only(teleop)
[0.415s] Level 1:colcon.colcon_core.environment:checking '/workspaces/PHOENIX/src/main_ws/src/install/teleop' for CMake module files
[0.420s] DEBUG:colcon.colcon_core.event_handler.log_command:Invoking command in '/workspaces/PHOENIX/src/main_ws/src/build/perception': CMAKE_PREFIX_PATH=/opt/ros/humble /usr/bin/cmake --install /workspaces/PHOENIX/src/main_ws/src/build/perception
[0.421s] Level 1:colcon.colcon_core.environment:checking '/workspaces/PHOENIX/src/main_ws/src/install/teleop' for CMake config files
[0.422s] DEBUG:colcon.colcon_core.event_handler.log_command:Invoked command in '/workspaces/PHOENIX/src/main_ws/src/build/teleop' returned '0': CMAKE_PREFIX_PATH=/opt/ros/humble /usr/bin/cmake --install /workspaces/PHOENIX/src/main_ws/src/build/teleop
[0.424s] Level 1:colcon.colcon_core.shell:create_environment_hook('teleop', 'cmake_prefix_path')
[0.424s] INFO:colcon.colcon_core.shell:Creating environment hook '/workspaces/PHOENIX/src/main_ws/src/install/teleop/share/teleop/hook/cmake_prefix_path.ps1'
[0.427s] INFO:colcon.colcon_core.shell:Creating environment descriptor '/workspaces/PHOENIX/src/main_ws/src/install/teleop/share/teleop/hook/cmake_prefix_path.dsv'
[0.430s] INFO:colcon.colcon_core.shell:Creating environment hook '/workspaces/PHOENIX/src/main_ws/src/install/teleop/share/teleop/hook/cmake_prefix_path.sh'
[0.431s] Level 1:colcon.colcon_core.environment:checking '/workspaces/PHOENIX/src/main_ws/src/install/teleop/bin'
[0.431s] Level 1:colcon.colcon_core.environment:checking '/workspaces/PHOENIX/src/main_ws/src/install/teleop/lib/pkgconfig/teleop.pc'
[0.431s] Level 1:colcon.colcon_core.environment:checking '/workspaces/PHOENIX/src/main_ws/src/install/teleop/lib/python3.10/site-packages'
[0.431s] Level 1:colcon.colcon_core.environment:checking '/workspaces/PHOENIX/src/main_ws/src/install/teleop/bin'
[0.432s] INFO:colcon.colcon_core.shell:Creating package script '/workspaces/PHOENIX/src/main_ws/src/install/teleop/share/teleop/package.ps1'
[0.432s] INFO:colcon.colcon_core.shell:Creating package descriptor '/workspaces/PHOENIX/src/main_ws/src/install/teleop/share/teleop/package.dsv'
[0.432s] INFO:colcon.colcon_core.shell:Creating package script '/workspaces/PHOENIX/src/main_ws/src/install/teleop/share/teleop/package.sh'
[0.432s] INFO:colcon.colcon_core.shell:Creating package script '/workspaces/PHOENIX/src/main_ws/src/install/teleop/share/teleop/package.bash'
[0.433s] INFO:colcon.colcon_core.shell:Creating package script '/workspaces/PHOENIX/src/main_ws/src/install/teleop/share/teleop/package.zsh'
[0.433s] Level 1:colcon.colcon_core.environment:create_file_with_runtime_dependencies(/workspaces/PHOENIX/src/main_ws/src/install/teleop/share/colcon-core/packages/teleop)
[0.437s] Level 1:colcon.colcon_core.environment:create_environment_scripts_only(drive_station)
[0.437s] Level 1:colcon.colcon_core.environment:checking '/workspaces/PHOENIX/src/main_ws/src/install/drive_station' for CMake module files
[0.438s] Level 1:colcon.colcon_core.environment:checking '/workspaces/PHOENIX/src/main_ws/src/install/drive_station' for CMake config files
[0.438s] Level 1:colcon.colcon_core.shell:create_environment_hook('drive_station', 'cmake_prefix_path')
[0.438s] INFO:colcon.colcon_core.shell:Creating environment hook '/workspaces/PHOENIX/src/main_ws/src/install/drive_station/share/drive_station/hook/cmake_prefix_path.ps1'
[0.439s] INFO:colcon.colcon_core.shell:Creating environment descriptor '/workspaces/PHOENIX/src/main_ws/src/install/drive_station/share/drive_station/hook/cmake_prefix_path.dsv'
[0.439s] INFO:colcon.colcon_core.shell:Creating environment hook '/workspaces/PHOENIX/src/main_ws/src/install/drive_station/share/drive_station/hook/cmake_prefix_path.sh'
[0.439s] Level 1:colcon.colcon_core.environment:checking '/workspaces/PHOENIX/src/main_ws/src/install/drive_station/bin'
[0.439s] Level 1:colcon.colcon_core.environment:checking '/workspaces/PHOENIX/src/main_ws/src/install/drive_station/lib/pkgconfig/drive_station.pc'
[0.439s] Level 1:colcon.colcon_core.environment:checking '/workspaces/PHOENIX/src/main_ws/src/install/drive_station/lib/python3.10/site-packages'
[0.440s] Level 1:colcon.colcon_core.environment:checking '/workspaces/PHOENIX/src/main_ws/src/install/drive_station/bin'
[0.440s] INFO:colcon.colcon_core.shell:Creating package script '/workspaces/PHOENIX/src/main_ws/src/install/drive_station/share/drive_station/package.ps1'
[0.440s] INFO:colcon.colcon_core.shell:Creating package descriptor '/workspaces/PHOENIX/src/main_ws/src/install/drive_station/share/drive_station/package.dsv'
[0.441s] INFO:colcon.colcon_core.shell:Creating package script '/workspaces/PHOENIX/src/main_ws/src/install/drive_station/share/drive_station/package.sh'
[0.441s] INFO:colcon.colcon_core.shell:Creating package script '/workspaces/PHOENIX/src/main_ws/src/install/drive_station/share/drive_station/package.bash'
[0.441s] INFO:colcon.colcon_core.shell:Creating package script '/workspaces/PHOENIX/src/main_ws/src/install/drive_station/share/drive_station/package.zsh'
[0.442s] Level 1:colcon.colcon_core.environment:create_file_with_runtime_dependencies(/workspaces/PHOENIX/src/main_ws/src/install/drive_station/share/colcon-core/packages/drive_station)
[0.442s] Level 1:colcon.colcon_core.environment:create_environment_scripts_only(controls)
[0.443s] Level 1:colcon.colcon_core.environment:checking '/workspaces/PHOENIX/src/main_ws/src/install/controls' for CMake module files
[0.446s] DEBUG:colcon.colcon_core.event_handler.log_command:Invoked command in '/workspaces/PHOENIX/src/main_ws/src/build/controls' returned '0': CMAKE_PREFIX_PATH=/opt/ros/humble /usr/bin/cmake --install /workspaces/PHOENIX/src/main_ws/src/build/controls
[0.446s] Level 1:colcon.colcon_core.environment:checking '/workspaces/PHOENIX/src/main_ws/src/install/controls' for CMake config files
[0.446s] Level 1:colcon.colcon_core.shell:create_environment_hook('controls', 'cmake_prefix_path')
[0.447s] INFO:colcon.colcon_core.shell:Creating environment hook '/workspaces/PHOENIX/src/main_ws/src/install/controls/share/controls/hook/cmake_prefix_path.ps1'
[0.448s] INFO:colcon.colcon_core.shell:Creating environment descriptor '/workspaces/PHOENIX/src/main_ws/src/install/controls/share/controls/hook/cmake_prefix_path.dsv'
[0.448s] INFO:colcon.colcon_core.shell:Creating environment hook '/workspaces/PHOENIX/src/main_ws/src/install/controls/share/controls/hook/cmake_prefix_path.sh'
[0.449s] Level 1:colcon.colcon_core.environment:checking '/workspaces/PHOENIX/src/main_ws/src/install/controls/lib'
[0.451s] Level 1:colcon.colcon_core.environment:checking '/workspaces/PHOENIX/src/main_ws/src/install/controls/bin'
[0.451s] Level 1:colcon.colcon_core.environment:checking '/workspaces/PHOENIX/src/main_ws/src/install/controls/lib/pkgconfig/controls.pc'
[0.451s] Level 1:colcon.colcon_core.environment:checking '/workspaces/PHOENIX/src/main_ws/src/install/controls/lib/python3.10/site-packages'
[0.451s] Level 1:colcon.colcon_core.environment:checking '/workspaces/PHOENIX/src/main_ws/src/install/controls/bin'
[0.452s] INFO:colcon.colcon_core.shell:Creating package script '/workspaces/PHOENIX/src/main_ws/src/install/controls/share/controls/package.ps1'
[0.454s] INFO:colcon.colcon_core.shell:Creating package descriptor '/workspaces/PHOENIX/src/main_ws/src/install/controls/share/controls/package.dsv'
[0.455s] INFO:colcon.colcon_core.shell:Creating package script '/workspaces/PHOENIX/src/main_ws/src/install/controls/share/controls/package.sh'
[0.455s] INFO:colcon.colcon_core.shell:Creating package script '/workspaces/PHOENIX/src/main_ws/src/install/controls/share/controls/package.bash'
[0.456s] INFO:colcon.colcon_core.shell:Creating package script '/workspaces/PHOENIX/src/main_ws/src/install/controls/share/controls/package.zsh'
[0.456s] Level 1:colcon.colcon_core.environment:create_file_with_runtime_dependencies(/workspaces/PHOENIX/src/main_ws/src/install/controls/share/colcon-core/packages/controls)
[0.458s] Level 1:colcon.colcon_core.environment:create_environment_scripts_only(perception)
[0.459s] Level 1:colcon.colcon_core.environment:checking '/workspaces/PHOENIX/src/main_ws/src/install/perception' for CMake module files
[0.460s] DEBUG:colcon.colcon_core.event_handler.log_command:Invoked command in '/workspaces/PHOENIX/src/main_ws/src/build/perception' returned '0': CMAKE_PREFIX_PATH=/opt/ros/humble /usr/bin/cmake --install /workspaces/PHOENIX/src/main_ws/src/build/perception
[0.460s] Level 1:colcon.colcon_core.environment:checking '/workspaces/PHOENIX/src/main_ws/src/install/perception' for CMake config files
[0.461s] Level 1:colcon.colcon_core.shell:create_environment_hook('perception', 'cmake_prefix_path')
[0.461s] INFO:colcon.colcon_core.shell:Creating environment hook '/workspaces/PHOENIX/src/main_ws/src/install/perception/share/perception/hook/cmake_prefix_path.ps1'
[0.462s] INFO:colcon.colcon_core.shell:Creating environment descriptor '/workspaces/PHOENIX/src/main_ws/src/install/perception/share/perception/hook/cmake_prefix_path.dsv'
[0.464s] INFO:colcon.colcon_core.shell:Creating environment hook '/workspaces/PHOENIX/src/main_ws/src/install/perception/share/perception/hook/cmake_prefix_path.sh'
[0.467s] Level 1:colcon.colcon_core.environment:checking '/workspaces/PHOENIX/src/main_ws/src/install/perception/lib'
[0.467s] Level 1:colcon.colcon_core.environment:checking '/workspaces/PHOENIX/src/main_ws/src/install/perception/bin'
[0.467s] Level 1:colcon.colcon_core.environment:checking '/workspaces/PHOENIX/src/main_ws/src/install/perception/lib/pkgconfig/perception.pc'
[0.468s] Level 1:colcon.colcon_core.environment:checking '/workspaces/PHOENIX/src/main_ws/src/install/perception/lib/python3.10/site-packages'
[0.468s] Level 1:colcon.colcon_core.environment:checking '/workspaces/PHOENIX/src/main_ws/src/install/perception/bin'
[0.468s] INFO:colcon.colcon_core.shell:Creating package script '/workspaces/PHOENIX/src/main_ws/src/install/perception/share/perception/package.ps1'
[0.469s] INFO:colcon.colcon_core.shell:Creating package descriptor '/workspaces/PHOENIX/src/main_ws/src/install/perception/share/perception/package.dsv'
[0.470s] INFO:colcon.colcon_core.shell:Creating package script '/workspaces/PHOENIX/src/main_ws/src/install/perception/share/perception/package.sh'
[0.470s] INFO:colcon.colcon_core.shell:Creating package script '/workspaces/PHOENIX/src/main_ws/src/install/perception/share/perception/package.bash'
[0.470s] INFO:colcon.colcon_core.shell:Creating package script '/workspaces/PHOENIX/src/main_ws/src/install/perception/share/perception/package.zsh'
[0.471s] Level 1:colcon.colcon_core.environment:create_file_with_runtime_dependencies(/workspaces/PHOENIX/src/main_ws/src/install/perception/share/colcon-core/packages/perception)
[0.473s] Level 1:colcon.colcon_core.environment:create_environment_scripts_only(teleop)
[0.473s] Level 1:colcon.colcon_core.environment:checking '/workspaces/PHOENIX/src/main_ws/src/install/teleop' for CMake module files
[0.473s] Level 1:colcon.colcon_core.environment:checking '/workspaces/PHOENIX/src/main_ws/src/install/teleop' for CMake config files
[0.474s] Level 1:colcon.colcon_core.shell:create_environment_hook('teleop', 'cmake_prefix_path')
[0.474s] INFO:colcon.colcon_core.shell:Creating environment hook '/workspaces/PHOENIX/src/main_ws/src/install/teleop/share/teleop/hook/cmake_prefix_path.ps1'
[0.475s] INFO:colcon.colcon_core.shell:Creating environment descriptor '/workspaces/PHOENIX/src/main_ws/src/install/teleop/share/teleop/hook/cmake_prefix_path.dsv'
[0.475s] INFO:colcon.colcon_core.shell:Creating environment hook '/workspaces/PHOENIX/src/main_ws/src/install/teleop/share/teleop/hook/cmake_prefix_path.sh'
[0.476s] Level 1:colcon.colcon_core.environment:checking '/workspaces/PHOENIX/src/main_ws/src/install/teleop/bin'
[0.476s] Level 1:colcon.colcon_core.environment:checking '/workspaces/PHOENIX/src/main_ws/src/install/teleop/lib/pkgconfig/teleop.pc'
[0.477s] Level 1:colcon.colcon_core.environment:checking '/workspaces/PHOENIX/src/main_ws/src/install/teleop/lib/python3.10/site-packages'
[0.477s] Level 1:colcon.colcon_core.environment:checking '/workspaces/PHOENIX/src/main_ws/src/install/teleop/bin'
[0.477s] INFO:colcon.colcon_core.shell:Creating package script '/workspaces/PHOENIX/src/main_ws/src/install/teleop/share/teleop/package.ps1'
[0.479s] INFO:colcon.colcon_core.shell:Creating package descriptor '/workspaces/PHOENIX/src/main_ws/src/install/teleop/share/teleop/package.dsv'
[0.480s] INFO:colcon.colcon_core.shell:Creating package script '/workspaces/PHOENIX/src/main_ws/src/install/teleop/share/teleop/package.sh'
[0.481s] INFO:colcon.colcon_core.shell:Creating package script '/workspaces/PHOENIX/src/main_ws/src/install/teleop/share/teleop/package.bash'
[0.482s] INFO:colcon.colcon_core.shell:Creating package script '/workspaces/PHOENIX/src/main_ws/src/install/teleop/share/teleop/package.zsh'
[0.483s] Level 1:colcon.colcon_core.environment:create_file_with_runtime_dependencies(/workspaces/PHOENIX/src/main_ws/src/install/teleop/share/colcon-core/packages/teleop)
[0.490s] Level 1:colcon.colcon_core.environment:create_environment_scripts_only(controls)
[0.490s] Level 1:colcon.colcon_core.environment:checking '/workspaces/PHOENIX/src/main_ws/src/install/controls' for CMake module files
[0.490s] Level 1:colcon.colcon_core.environment:checking '/workspaces/PHOENIX/src/main_ws/src/install/controls' for CMake config files
[0.491s] Level 1:colcon.colcon_core.shell:create_environment_hook('controls', 'cmake_prefix_path')
[0.491s] INFO:colcon.colcon_core.shell:Creating environment hook '/workspaces/PHOENIX/src/main_ws/src/install/controls/share/controls/hook/cmake_prefix_path.ps1'
[0.491s] INFO:colcon.colcon_core.shell:Creating environment descriptor '/workspaces/PHOENIX/src/main_ws/src/install/controls/share/controls/hook/cmake_prefix_path.dsv'
[0.492s] INFO:colcon.colcon_core.shell:Creating environment hook '/workspaces/PHOENIX/src/main_ws/src/install/controls/share/controls/hook/cmake_prefix_path.sh'
[0.493s] Level 1:colcon.colcon_core.environment:checking '/workspaces/PHOENIX/src/main_ws/src/install/controls/lib'
[0.493s] Level 1:colcon.colcon_core.environment:checking '/workspaces/PHOENIX/src/main_ws/src/install/controls/bin'
[0.493s] Level 1:colcon.colcon_core.environment:checking '/workspaces/PHOENIX/src/main_ws/src/install/controls/lib/pkgconfig/controls.pc'
[0.493s] Level 1:colcon.colcon_core.environment:checking '/workspaces/PHOENIX/src/main_ws/src/install/controls/lib/python3.10/site-packages'
[0.493s] Level 1:colcon.colcon_core.environment:checking '/workspaces/PHOENIX/src/main_ws/src/install/controls/bin'
[0.494s] INFO:colcon.colcon_core.shell:Creating package script '/workspaces/PHOENIX/src/main_ws/src/install/controls/share/controls/package.ps1'
[0.495s] INFO:colcon.colcon_core.shell:Creating package descriptor '/workspaces/PHOENIX/src/main_ws/src/install/controls/share/controls/package.dsv'
[0.495s] INFO:colcon.colcon_core.shell:Creating package script '/workspaces/PHOENIX/src/main_ws/src/install/controls/share/controls/package.sh'
[0.496s] INFO:colcon.colcon_core.shell:Creating package script '/workspaces/PHOENIX/src/main_ws/src/install/controls/share/controls/package.bash'
[0.496s] INFO:colcon.colcon_core.shell:Creating package script '/workspaces/PHOENIX/src/main_ws/src/install/controls/share/controls/package.zsh'
[0.496s] Level 1:colcon.colcon_core.environment:create_file_with_runtime_dependencies(/workspaces/PHOENIX/src/main_ws/src/install/controls/share/colcon-core/packages/controls)
[0.501s] Level 1:colcon.colcon_core.environment:create_environment_scripts_only(perception)
[0.502s] Level 1:colcon.colcon_core.environment:checking '/workspaces/PHOENIX/src/main_ws/src/install/perception' for CMake module files
[0.502s] Level 1:colcon.colcon_core.environment:checking '/workspaces/PHOENIX/src/main_ws/src/install/perception' for CMake config files
[0.503s] Level 1:colcon.colcon_core.shell:create_environment_hook('perception', 'cmake_prefix_path')
[0.503s] INFO:colcon.colcon_core.shell:Creating environment hook '/workspaces/PHOENIX/src/main_ws/src/install/perception/share/perception/hook/cmake_prefix_path.ps1'
[0.504s] INFO:colcon.colcon_core.shell:Creating environment descriptor '/workspaces/PHOENIX/src/main_ws/src/install/perception/share/perception/hook/cmake_prefix_path.dsv'
[0.505s] INFO:colcon.colcon_core.shell:Creating environment hook '/workspaces/PHOENIX/src/main_ws/src/install/perception/share/perception/hook/cmake_prefix_path.sh'
[0.505s] Level 1:colcon.colcon_core.environment:checking '/workspaces/PHOENIX/src/main_ws/src/install/perception/lib'
[0.506s] Level 1:colcon.colcon_core.environment:checking '/workspaces/PHOENIX/src/main_ws/src/install/perception/bin'
[0.506s] Level 1:colcon.colcon_core.environment:checking '/workspaces/PHOENIX/src/main_ws/src/install/perception/lib/pkgconfig/perception.pc'
[0.506s] Level 1:colcon.colcon_core.environment:checking '/workspaces/PHOENIX/src/main_ws/src/install/perception/lib/python3.10/site-packages'
[0.506s] Level 1:colcon.colcon_core.environment:checking '/workspaces/PHOENIX/src/main_ws/src/install/perception/bin'
[0.506s] INFO:colcon.colcon_core.shell:Creating package script '/workspaces/PHOENIX/src/main_ws/src/install/perception/share/perception/package.ps1'
[0.507s] INFO:colcon.colcon_core.shell:Creating package descriptor '/workspaces/PHOENIX/src/main_ws/src/install/perception/share/perception/package.dsv'
[0.508s] INFO:colcon.colcon_core.shell:Creating package script '/workspaces/PHOENIX/src/main_ws/src/install/perception/share/perception/package.sh'
[0.508s] INFO:colcon.colcon_core.shell:Creating package script '/workspaces/PHOENIX/src/main_ws/src/install/perception/share/perception/package.bash'
[0.508s] INFO:colcon.colcon_core.shell:Creating package script '/workspaces/PHOENIX/src/main_ws/src/install/perception/share/perception/package.zsh'
[0.509s] Level 1:colcon.colcon_core.environment:create_file_with_runtime_dependencies(/workspaces/PHOENIX/src/main_ws/src/install/perception/share/colcon-core/packages/perception)
[0.509s] DEBUG:colcon.colcon_parallel_executor.executor.parallel:closing loop
[0.510s] DEBUG:colcon.colcon_parallel_executor.executor.parallel:loop closed
[0.511s] DEBUG:colcon.colcon_parallel_executor.executor.parallel:run_until_complete finished with '0'
[0.511s] DEBUG:colcon.colcon_core.event_reactor:joining thread
[0.518s] INFO:colcon.colcon_core.plugin_system:Skipping extension 'colcon_notification.desktop_notification.notify_send': Could not find 'notify-send'
[0.518s] INFO:colcon.colcon_core.plugin_system:Skipping extension 'colcon_notification.desktop_notification.terminal_notifier': Not used on non-Darwin systems
[0.518s] INFO:colcon.colcon_core.plugin_system:Skipping extension 'colcon_notification.desktop_notification.win32': Not used on non-Windows systems
[0.518s] INFO:colcon.colcon_notification.desktop_notification:Sending desktop notification using 'notify2'
[0.521s] DEBUG:colcon.colcon_notification.desktop_notification.notify2:Failed to initialize notify2: org.freedesktop.DBus.Error.Spawn.ExecFailed: /usr/bin/dbus-launch terminated abnormally without any error message
[0.521s] DEBUG:colcon.colcon_core.event_reactor:joined thread
[0.522s] INFO:colcon.colcon_core.shell:Creating prefix script '/workspaces/PHOENIX/src/main_ws/src/install/local_setup.ps1'
[0.523s] INFO:colcon.colcon_core.shell:Creating prefix util module '/workspaces/PHOENIX/src/main_ws/src/install/_local_setup_util_ps1.py'
[0.524s] INFO:colcon.colcon_core.shell:Creating prefix chain script '/workspaces/PHOENIX/src/main_ws/src/install/setup.ps1'
[0.525s] INFO:colcon.colcon_core.shell:Creating prefix script '/workspaces/PHOENIX/src/main_ws/src/install/local_setup.sh'
[0.526s] INFO:colcon.colcon_core.shell:Creating prefix util module '/workspaces/PHOENIX/src/main_ws/src/install/_local_setup_util_sh.py'
[0.527s] INFO:colcon.colcon_core.shell:Creating prefix chain script '/workspaces/PHOENIX/src/main_ws/src/install/setup.sh'
[0.528s] INFO:colcon.colcon_core.shell:Creating prefix script '/workspaces/PHOENIX/src/main_ws/src/install/local_setup.bash'
[0.528s] INFO:colcon.colcon_core.shell:Creating prefix chain script '/workspaces/PHOENIX/src/main_ws/src/install/setup.bash'
[0.529s] INFO:colcon.colcon_core.shell:Creating prefix script '/workspaces/PHOENIX/src/main_ws/src/install/local_setup.zsh'
[0.529s] INFO:colcon.colcon_core.shell:Creating prefix chain script '/workspaces/PHOENIX/src/main_ws/src/install/setup.zsh'
