[0.115s] Invoking command in '/workspaces/PHOENIX/build/drive_station': CMAKE_PREFIX_PATH=/opt/ros/humble /usr/bin/cmake /workspaces/PHOENIX/src/main_ws/src/drive_station -DCMAKE_INSTALL_PREFIX=/workspaces/PHOENIX/install/drive_station
[1.084s] -- The C compiler identification is GNU 11.4.0
[1.576s] -- The CXX compiler identification is GNU 11.4.0
[1.583s] -- Detecting C compiler ABI info
[1.838s] -- Detecting C compiler ABI info - done
[1.847s] -- Check for working C compiler: /usr/bin/cc - skipped
[1.848s] -- Detecting C compile features
[1.849s] -- Detecting C compile features - done
[1.856s] -- Detecting CXX compiler ABI info
[2.194s] -- Detecting CXX compiler ABI info - done
[2.207s] -- Check for working CXX compiler: /usr/bin/c++ - skipped
[2.208s] -- Detecting CXX compile features
[2.222s] -- Detecting CXX compile features - done
[2.385s] -- Found ament_cmake: 1.3.10 (/opt/ros/humble/share/ament_cmake/cmake)
[2.940s] -- Found Python3: /usr/bin/python3 (found version "3.10.12") found components: Interpreter 
[3.320s] -- Found ament_lint_auto: 0.12.11 (/opt/ros/humble/share/ament_lint_auto/cmake)
[3.598s] -- Added test 'flake8' to check Python code syntax and style conventions
[3.602s] -- Added test 'lint_cmake' to check CMake code style
[3.604s] -- Added test 'pep257' to check Python code against some of the docstring style conventions in PEP 257
[3.608s] -- Added test 'xmllint' to check XML markup files
[3.616s] -- Configuring done
[3.640s] -- Generating done
[3.651s] -- Build files have been written to: /workspaces/PHOENIX/build/drive_station
[3.670s] Invoked command in '/workspaces/PHOENIX/build/drive_station' returned '0': CMAKE_PREFIX_PATH=/opt/ros/humble /usr/bin/cmake /workspaces/PHOENIX/src/main_ws/src/drive_station -DCMAKE_INSTALL_PREFIX=/workspaces/PHOENIX/install/drive_station
[3.679s] Invoking command in '/workspaces/PHOENIX/build/drive_station': CMAKE_PREFIX_PATH=/opt/ros/humble /usr/bin/cmake --build /workspaces/PHOENIX/build/drive_station -- -j12 -l12
[3.770s] Invoked command in '/workspaces/PHOENIX/build/drive_station' returned '0': CMAKE_PREFIX_PATH=/opt/ros/humble /usr/bin/cmake --build /workspaces/PHOENIX/build/drive_station -- -j12 -l12
[3.833s] Invoking command in '/workspaces/PHOENIX/build/drive_station': CMAKE_PREFIX_PATH=/opt/ros/humble /usr/bin/cmake --install /workspaces/PHOENIX/build/drive_station
[3.858s] -- Install configuration: ""
[3.863s] -- Installing: /workspaces/PHOENIX/install/drive_station/share/ament_index/resource_index/package_run_dependencies/drive_station
[3.863s] -- Installing: /workspaces/PHOENIX/install/drive_station/share/ament_index/resource_index/parent_prefix_path/drive_station
[3.863s] -- Installing: /workspaces/PHOENIX/install/drive_station/share/drive_station/environment/ament_prefix_path.sh
[3.863s] -- Installing: /workspaces/PHOENIX/install/drive_station/share/drive_station/environment/ament_prefix_path.dsv
[3.863s] -- Installing: /workspaces/PHOENIX/install/drive_station/share/drive_station/environment/path.sh
[3.864s] -- Installing: /workspaces/PHOENIX/install/drive_station/share/drive_station/environment/path.dsv
[3.864s] -- Installing: /workspaces/PHOENIX/install/drive_station/share/drive_station/local_setup.bash
[3.864s] -- Installing: /workspaces/PHOENIX/install/drive_station/share/drive_station/local_setup.sh
[3.864s] -- Installing: /workspaces/PHOENIX/install/drive_station/share/drive_station/local_setup.zsh
[3.864s] -- Installing: /workspaces/PHOENIX/install/drive_station/share/drive_station/local_setup.dsv
[3.864s] -- Installing: /workspaces/PHOENIX/install/drive_station/share/drive_station/package.dsv
[3.868s] -- Installing: /workspaces/PHOENIX/install/drive_station/share/ament_index/resource_index/packages/drive_station
[3.870s] -- Installing: /workspaces/PHOENIX/install/drive_station/share/drive_station/cmake/drive_stationConfig.cmake
[3.870s] -- Installing: /workspaces/PHOENIX/install/drive_station/share/drive_station/cmake/drive_stationConfig-version.cmake
[3.870s] -- Installing: /workspaces/PHOENIX/install/drive_station/share/drive_station/package.xml
[3.881s] Invoked command in '/workspaces/PHOENIX/build/drive_station' returned '0': CMAKE_PREFIX_PATH=/opt/ros/humble /usr/bin/cmake --install /workspaces/PHOENIX/build/drive_station
