-- The C compiler identification is GNU 11.4.0
-- The CXX compiler identification is GNU 11.4.0
-- Detecting C compiler ABI info
-- Detecting C compiler ABI info - done
-- Check for working C compiler: /usr/bin/cc - skipped
-- Detecting C compile features
-- Detecting C compile features - done
-- Detecting CXX compiler ABI info
-- Detecting CXX compiler ABI info - done
-- Check for working CXX compiler: /usr/bin/c++ - skipped
-- Detecting CXX compile features
-- Detecting CXX compile features - done
-- Found ament_cmake: 1.3.10 (/opt/ros/humble/share/ament_cmake/cmake)
-- Found Python3: /usr/bin/python3 (found version "3.10.12") found components: Interpreter 
-- Found ament_index_cpp: 1.4.0 (/opt/ros/humble/share/ament_index_cpp/cmake)
-- Found rclcpp: 16.0.10 (/opt/ros/humble/share/rclcpp/cmake)
-- Found rosidl_generator_c: 3.1.5 (/opt/ros/humble/share/rosidl_generator_c/cmake)
-- Found rosidl_adapter: 3.1.5 (/opt/ros/humble/share/rosidl_adapter/cmake)
-- Found rosidl_generator_cpp: 3.1.5 (/opt/ros/humble/share/rosidl_generator_cpp/cmake)
-- Using all available rosidl_typesupport_c: rosidl_typesupport_fastrtps_c;rosidl_typesupport_introspection_c
-- Using all available rosidl_typesupport_cpp: rosidl_typesupport_fastrtps_cpp;rosidl_typesupport_introspection_cpp
-- Found rmw_implementation_cmake: 6.1.2 (/opt/ros/humble/share/rmw_implementation_cmake/cmake)
-- Found rmw_fastrtps_cpp: 6.2.7 (/opt/ros/humble/share/rmw_fastrtps_cpp/cmake)
-- Found OpenSSL: /usr/lib/x86_64-linux-gnu/libcrypto.so (found version "3.0.2")  
-- Found FastRTPS: /opt/ros/humble/include  
-- Using RMW implementation 'rmw_fastrtps_cpp' as default
-- Looking for pthread.h
-- Looking for pthread.h - found
-- Performing Test CMAKE_HAVE_LIBC_PTHREAD
-- Performing Test CMAKE_HAVE_LIBC_PTHREAD - Success
-- Found Threads: TRUE  
-- Found rclcpp_action: 16.0.10 (/opt/ros/humble/share/rclcpp_action/cmake)
-- Found ament_lint_auto: 0.12.11 (/opt/ros/humble/share/ament_lint_auto/cmake)
-- Found action_tutorials_interfaces: 0.20.5 (/opt/ros/humble/share/action_tutorials_interfaces/cmake)
-- Found gtest sources under '/opt/ros/humble/src/gtest_vendor': C++ tests using 'Google Test' will be built
-- Added test 'cppcheck' to perform static code analysis on C / C++ code
-- Configured cppcheck include dirs: /workspaces/PHOENIX/src/main_ws/src/ros_babel_fish/ros_babel_fish/include;$<BUILD_INTERFACE:/workspaces/PHOENIX/src/main_ws/src/ros_babel_fish/ros_babel_fish/include>
-- Configured cppcheck exclude dirs and/or files: 
-- Configuring done
-- Generating done
-- Build files have been written to: /workspaces/PHOENIX/src/main_ws/src/build/ros_babel_fish
[  2%] [32mBuilding CXX object gtest/CMakeFiles/gtest_main.dir/src/gtest_main.cc.o[0m
[  4%] [32mBuilding CXX object CMakeFiles/ros_babel_fish.dir/src/detail/babel_fish_action_client.cpp.o[0m
[  6%] [32mBuilding CXX object gtest/CMakeFiles/gtest.dir/src/gtest-all.cc.o[0m
[  9%] [32mBuilding CXX object CMakeFiles/ros_babel_fish.dir/src/detail/babel_fish_publisher.cpp.o[0m
[ 11%] [32mBuilding CXX object CMakeFiles/ros_babel_fish.dir/src/detail/babel_fish_action_server.cpp.o[0m
[ 13%] [32mBuilding CXX object CMakeFiles/ros_babel_fish.dir/src/detail/babel_fish_service.cpp.o[0m
[ 16%] [32mBuilding CXX object CMakeFiles/ros_babel_fish.dir/src/detail/babel_fish_service_client.cpp.o[0m
[ 18%] [32mBuilding CXX object CMakeFiles/ros_babel_fish.dir/src/messages/array_message.cpp.o[0m
[ 20%] [32mBuilding CXX object CMakeFiles/ros_babel_fish.dir/src/idl/serialization.cpp.o[0m
[ 23%] [32mBuilding CXX object CMakeFiles/ros_babel_fish.dir/src/idl/type_support_provider.cpp.o[0m
[ 25%] [32mBuilding CXX object CMakeFiles/ros_babel_fish.dir/src/detail/babel_fish_subscription.cpp.o[0m
[ 27%] [32mBuilding CXX object CMakeFiles/ros_babel_fish.dir/src/idl/providers/local_type_support_provider.cpp.o[0m
[ 30%] [32m[1mLinking CXX static library libgtest_main.a[0m
[ 30%] Built target gtest_main
[ 32%] [32m[1mLinking CXX static library libgtest.a[0m
[ 32%] Built target gtest
