[0.062s] Invoking command in '/workspaces/PHOENIX/src/main_ws/src/build/teleop': CMAKE_PREFIX_PATH=/opt/ros/humble /usr/bin/cmake --build /workspaces/PHOENIX/src/main_ws/src/build/teleop -- -j12 -l12
[0.125s] Invoked command in '/workspaces/PHOENIX/src/main_ws/src/build/teleop' returned '0': CMAKE_PREFIX_PATH=/opt/ros/humble /usr/bin/cmake --build /workspaces/PHOENIX/src/main_ws/src/build/teleop -- -j12 -l12
[0.181s] Invoking command in '/workspaces/PHOENIX/src/main_ws/src/build/teleop': CMAKE_PREFIX_PATH=/opt/ros/humble /usr/bin/cmake --install /workspaces/PHOENIX/src/main_ws/src/build/teleop
[0.200s] -- Install configuration: ""
[0.204s] -- Up-to-date: /workspaces/PHOENIX/src/main_ws/src/install/teleop/share/ament_index/resource_index/package_run_dependencies/teleop
[0.204s] -- Up-to-date: /workspaces/PHOENIX/src/main_ws/src/install/teleop/share/ament_index/resource_index/parent_prefix_path/teleop
[0.204s] -- Up-to-date: /workspaces/PHOENIX/src/main_ws/src/install/teleop/share/teleop/environment/ament_prefix_path.sh
[0.205s] -- Up-to-date: /workspaces/PHOENIX/src/main_ws/src/install/teleop/share/teleop/environment/ament_prefix_path.dsv
[0.205s] -- Up-to-date: /workspaces/PHOENIX/src/main_ws/src/install/teleop/share/teleop/environment/path.sh
[0.206s] -- Up-to-date: /workspaces/PHOENIX/src/main_ws/src/install/teleop/share/teleop/environment/path.dsv
[0.207s] -- Up-to-date: /workspaces/PHOENIX/src/main_ws/src/install/teleop/share/teleop/local_setup.bash
[0.207s] -- Up-to-date: /workspaces/PHOENIX/src/main_ws/src/install/teleop/share/teleop/local_setup.sh
[0.207s] -- Up-to-date: /workspaces/PHOENIX/src/main_ws/src/install/teleop/share/teleop/local_setup.zsh
[0.207s] -- Up-to-date: /workspaces/PHOENIX/src/main_ws/src/install/teleop/share/teleop/local_setup.dsv
[0.207s] -- Installing: /workspaces/PHOENIX/src/main_ws/src/install/teleop/share/teleop/package.dsv
[0.208s] -- Up-to-date: /workspaces/PHOENIX/src/main_ws/src/install/teleop/share/ament_index/resource_index/packages/teleop
[0.208s] -- Up-to-date: /workspaces/PHOENIX/src/main_ws/src/install/teleop/share/teleop/cmake/teleopConfig.cmake
[0.208s] -- Up-to-date: /workspaces/PHOENIX/src/main_ws/src/install/teleop/share/teleop/cmake/teleopConfig-version.cmake
[0.208s] -- Up-to-date: /workspaces/PHOENIX/src/main_ws/src/install/teleop/share/teleop/package.xml
[0.213s] Invoked command in '/workspaces/PHOENIX/src/main_ws/src/build/teleop' returned '0': CMAKE_PREFIX_PATH=/opt/ros/humble /usr/bin/cmake --install /workspaces/PHOENIX/src/main_ws/src/build/teleop
