[0.046s] Invoking command in '/workspaces/PHOENIX/src/main_ws/src/build/controls': CMAKE_PREFIX_PATH=/opt/ros/humble /usr/bin/cmake --build /workspaces/PHOENIX/src/main_ws/src/build/controls -- -j12 -l12
[0.206s] [100%] Built target dump
[0.206s] [100%] Built target drivetrain
[0.206s] [100%] Built target dig
[0.294s] Invoked command in '/workspaces/PHOENIX/src/main_ws/src/build/controls' returned '0': CMAKE_PREFIX_PATH=/opt/ros/humble /usr/bin/cmake --build /workspaces/PHOENIX/src/main_ws/src/build/controls -- -j12 -l12
[0.364s] Invoking command in '/workspaces/PHOENIX/src/main_ws/src/build/controls': CMAKE_PREFIX_PATH=/opt/ros/humble /usr/bin/cmake --install /workspaces/PHOENIX/src/main_ws/src/build/controls
[0.377s] -- Install configuration: ""
[0.392s] -- Up-to-date: /workspaces/PHOENIX/src/main_ws/src/install/controls/lib/controls/drivetrain
[0.393s] -- Up-to-date: /workspaces/PHOENIX/src/main_ws/src/install/controls/lib/controls/dig
[0.394s] -- Up-to-date: /workspaces/PHOENIX/src/main_ws/src/install/controls/lib/controls/dump
[0.397s] -- Up-to-date: /workspaces/PHOENIX/src/main_ws/src/install/controls/share/ament_index/resource_index/package_run_dependencies/controls
[0.400s] -- Up-to-date: /workspaces/PHOENIX/src/main_ws/src/install/controls/share/ament_index/resource_index/parent_prefix_path/controls
[0.401s] -- Up-to-date: /workspaces/PHOENIX/src/main_ws/src/install/controls/share/controls/environment/ament_prefix_path.sh
[0.402s] -- Up-to-date: /workspaces/PHOENIX/src/main_ws/src/install/controls/share/controls/environment/ament_prefix_path.dsv
[0.404s] -- Up-to-date: /workspaces/PHOENIX/src/main_ws/src/install/controls/share/controls/environment/path.sh
[0.405s] -- Up-to-date: /workspaces/PHOENIX/src/main_ws/src/install/controls/share/controls/environment/path.dsv
[0.405s] -- Up-to-date: /workspaces/PHOENIX/src/main_ws/src/install/controls/share/controls/local_setup.bash
[0.405s] -- Up-to-date: /workspaces/PHOENIX/src/main_ws/src/install/controls/share/controls/local_setup.sh
[0.405s] -- Up-to-date: /workspaces/PHOENIX/src/main_ws/src/install/controls/share/controls/local_setup.zsh
[0.405s] -- Up-to-date: /workspaces/PHOENIX/src/main_ws/src/install/controls/share/controls/local_setup.dsv
[0.405s] -- Installing: /workspaces/PHOENIX/src/main_ws/src/install/controls/share/controls/package.dsv
[0.406s] -- Up-to-date: /workspaces/PHOENIX/src/main_ws/src/install/controls/share/ament_index/resource_index/packages/controls
[0.406s] -- Up-to-date: /workspaces/PHOENIX/src/main_ws/src/install/controls/share/controls/cmake/controlsConfig.cmake
[0.406s] -- Up-to-date: /workspaces/PHOENIX/src/main_ws/src/install/controls/share/controls/cmake/controlsConfig-version.cmake
[0.406s] -- Up-to-date: /workspaces/PHOENIX/src/main_ws/src/install/controls/share/controls/package.xml
[0.443s] Invoked command in '/workspaces/PHOENIX/src/main_ws/src/build/controls' returned '0': CMAKE_PREFIX_PATH=/opt/ros/humble /usr/bin/cmake --install /workspaces/PHOENIX/src/main_ws/src/build/controls
