[0.438s] DEBUG:colcon:Command line arguments: ['/usr/bin/colcon', 'build']
[0.438s] DEBUG:colcon:Parsed command line arguments: Namespace(log_base=None, log_level=None, verb_name='build', build_base='build', install_base='install', merge_install=False, symlink_install=False, test_result_base=None, continue_on_error=False, executor='parallel', parallel_workers=12, event_handlers=None, ignore_user_meta=False, metas=['./colcon.meta'], base_paths=['.'], packages_ignore=None, packages_ignore_regex=None, paths=None, packages_up_to=None, packages_up_to_regex=None, packages_above=None, packages_above_and_dependencies=None, packages_above_depth=None, packages_select_by_dep=None, packages_skip_by_dep=None, packages_skip_up_to=None, packages_select_build_failed=False, packages_skip_build_finished=False, packages_select_test_failures=False, packages_skip_test_passed=False, packages_select=None, packages_skip=None, packages_select_regex=None, packages_skip_regex=None, packages_start=None, packages_end=None, cmake_args=None, cmake_target=None, cmake_target_skip_unavailable=False, cmake_clean_cache=False, cmake_clean_first=False, cmake_force_configure=False, ament_cmake_args=None, catkin_cmake_args=None, catkin_skip_building_tests=False, mixin_files=None, mixin=None, verb_parser=<colcon_mixin.mixin.mixin_argument.MixinArgumentDecorator object at 0x7fb0fa0902e0>, verb_extension=<colcon_core.verb.build.BuildVerb object at 0x7fb0fa198940>, main=<bound method BuildVerb.main of <colcon_core.verb.build.BuildVerb object at 0x7fb0fa198940>>, mixin_verb=('build',))
[0.751s] Level 1:colcon.colcon_core.package_discovery:discover_packages(colcon_meta) check parameters
[0.751s] Level 1:colcon.colcon_core.package_discovery:discover_packages(recursive) check parameters
[0.751s] Level 1:colcon.colcon_core.package_discovery:discover_packages(ignore) check parameters
[0.751s] Level 1:colcon.colcon_core.package_discovery:discover_packages(path) check parameters
[0.751s] Level 1:colcon.colcon_core.package_discovery:discover_packages(colcon_meta) discover
[0.751s] Level 1:colcon.colcon_core.package_discovery:discover_packages(recursive) discover
[0.751s] INFO:colcon.colcon_core.package_discovery:Crawling recursively for packages in '/workspaces/PHOENIX/src/main_ws/src'
[0.751s] Level 1:colcon.colcon_core.package_identification:_identify(.) by extensions ['ignore', 'ignore_ament_install']
[0.751s] Level 1:colcon.colcon_core.package_identification:_identify(.) by extension 'ignore'
[0.751s] Level 1:colcon.colcon_core.package_identification:_identify(.) by extension 'ignore_ament_install'
[0.751s] Level 1:colcon.colcon_core.package_identification:_identify(.) by extensions ['colcon_pkg']
[0.751s] Level 1:colcon.colcon_core.package_identification:_identify(.) by extension 'colcon_pkg'
[0.751s] Level 1:colcon.colcon_core.package_identification:_identify(.) by extensions ['colcon_meta']
[0.751s] Level 1:colcon.colcon_core.package_identification:_identify(.) by extension 'colcon_meta'
[0.752s] Level 1:colcon.colcon_core.package_identification:_identify(.) by extensions ['ros']
[0.752s] Level 1:colcon.colcon_core.package_identification:_identify(.) by extension 'ros'
[0.776s] Level 1:colcon.colcon_core.package_identification:_identify(.) by extensions ['cmake', 'python']
[0.776s] Level 1:colcon.colcon_core.package_identification:_identify(.) by extension 'cmake'
[0.776s] Level 1:colcon.colcon_core.package_identification:_identify(.) by extension 'python'
[0.776s] Level 1:colcon.colcon_core.package_identification:_identify(.) by extensions ['python_setup_py']
[0.776s] Level 1:colcon.colcon_core.package_identification:_identify(.) by extension 'python_setup_py'
[0.776s] Level 1:colcon.colcon_core.package_identification:_identify(build) by extensions ['ignore', 'ignore_ament_install']
[0.776s] Level 1:colcon.colcon_core.package_identification:_identify(build) by extension 'ignore'
[0.776s] Level 1:colcon.colcon_core.package_identification:_identify(build) ignored
[0.776s] Level 1:colcon.colcon_core.package_identification:_identify(controls) by extensions ['ignore', 'ignore_ament_install']
[0.776s] Level 1:colcon.colcon_core.package_identification:_identify(controls) by extension 'ignore'
[0.777s] Level 1:colcon.colcon_core.package_identification:_identify(controls) by extension 'ignore_ament_install'
[0.777s] Level 1:colcon.colcon_core.package_identification:_identify(controls) by extensions ['colcon_pkg']
[0.777s] Level 1:colcon.colcon_core.package_identification:_identify(controls) by extension 'colcon_pkg'
[0.777s] Level 1:colcon.colcon_core.package_identification:_identify(controls) by extensions ['colcon_meta']
[0.777s] Level 1:colcon.colcon_core.package_identification:_identify(controls) by extension 'colcon_meta'
[0.777s] Level 1:colcon.colcon_core.package_identification:_identify(controls) by extensions ['ros']
[0.777s] Level 1:colcon.colcon_core.package_identification:_identify(controls) by extension 'ros'
[0.782s] DEBUG:colcon.colcon_core.package_identification:Package 'controls' with type 'ros.ament_cmake' and name 'controls'
[0.782s] Level 1:colcon.colcon_core.package_identification:_identify(drive_station) by extensions ['ignore', 'ignore_ament_install']
[0.782s] Level 1:colcon.colcon_core.package_identification:_identify(drive_station) by extension 'ignore'
[0.783s] Level 1:colcon.colcon_core.package_identification:_identify(drive_station) by extension 'ignore_ament_install'
[0.783s] Level 1:colcon.colcon_core.package_identification:_identify(drive_station) by extensions ['colcon_pkg']
[0.783s] Level 1:colcon.colcon_core.package_identification:_identify(drive_station) by extension 'colcon_pkg'
[0.783s] Level 1:colcon.colcon_core.package_identification:_identify(drive_station) by extensions ['colcon_meta']
[0.783s] Level 1:colcon.colcon_core.package_identification:_identify(drive_station) by extension 'colcon_meta'
[0.783s] Level 1:colcon.colcon_core.package_identification:_identify(drive_station) by extensions ['ros']
[0.783s] Level 1:colcon.colcon_core.package_identification:_identify(drive_station) by extension 'ros'
[0.784s] DEBUG:colcon.colcon_core.package_identification:Package 'drive_station' with type 'ros.ament_cmake' and name 'drive_station'
[0.784s] Level 1:colcon.colcon_core.package_identification:_identify(install) by extensions ['ignore', 'ignore_ament_install']
[0.785s] Level 1:colcon.colcon_core.package_identification:_identify(install) by extension 'ignore'
[0.785s] Level 1:colcon.colcon_core.package_identification:_identify(install) ignored
[0.785s] Level 1:colcon.colcon_core.package_identification:_identify(log) by extensions ['ignore', 'ignore_ament_install']
[0.785s] Level 1:colcon.colcon_core.package_identification:_identify(log) by extension 'ignore'
[0.785s] Level 1:colcon.colcon_core.package_identification:_identify(log) ignored
[0.785s] Level 1:colcon.colcon_core.package_identification:_identify(perception) by extensions ['ignore', 'ignore_ament_install']
[0.785s] Level 1:colcon.colcon_core.package_identification:_identify(perception) by extension 'ignore'
[0.785s] Level 1:colcon.colcon_core.package_identification:_identify(perception) by extension 'ignore_ament_install'
[0.785s] Level 1:colcon.colcon_core.package_identification:_identify(perception) by extensions ['colcon_pkg']
[0.785s] Level 1:colcon.colcon_core.package_identification:_identify(perception) by extension 'colcon_pkg'
[0.785s] Level 1:colcon.colcon_core.package_identification:_identify(perception) by extensions ['colcon_meta']
[0.785s] Level 1:colcon.colcon_core.package_identification:_identify(perception) by extension 'colcon_meta'
[0.785s] Level 1:colcon.colcon_core.package_identification:_identify(perception) by extensions ['ros']
[0.785s] Level 1:colcon.colcon_core.package_identification:_identify(perception) by extension 'ros'
[0.786s] DEBUG:colcon.colcon_core.package_identification:Package 'perception' with type 'ros.ament_cmake' and name 'perception'
[0.786s] Level 1:colcon.colcon_core.package_identification:_identify(ros_babel_fish) by extensions ['ignore', 'ignore_ament_install']
[0.786s] Level 1:colcon.colcon_core.package_identification:_identify(ros_babel_fish) by extension 'ignore'
[0.787s] Level 1:colcon.colcon_core.package_identification:_identify(ros_babel_fish) by extension 'ignore_ament_install'
[0.787s] Level 1:colcon.colcon_core.package_identification:_identify(ros_babel_fish) by extensions ['colcon_pkg']
[0.787s] Level 1:colcon.colcon_core.package_identification:_identify(ros_babel_fish) by extension 'colcon_pkg'
[0.787s] Level 1:colcon.colcon_core.package_identification:_identify(ros_babel_fish) by extensions ['colcon_meta']
[0.787s] Level 1:colcon.colcon_core.package_identification:_identify(ros_babel_fish) by extension 'colcon_meta'
[0.787s] Level 1:colcon.colcon_core.package_identification:_identify(ros_babel_fish) by extensions ['ros']
[0.787s] Level 1:colcon.colcon_core.package_identification:_identify(ros_babel_fish) by extension 'ros'
[0.787s] Level 1:colcon.colcon_core.package_identification:_identify(ros_babel_fish) by extensions ['cmake', 'python']
[0.787s] Level 1:colcon.colcon_core.package_identification:_identify(ros_babel_fish) by extension 'cmake'
[0.787s] Level 1:colcon.colcon_core.package_identification:_identify(ros_babel_fish) by extension 'python'
[0.787s] Level 1:colcon.colcon_core.package_identification:_identify(ros_babel_fish) by extensions ['python_setup_py']
[0.787s] Level 1:colcon.colcon_core.package_identification:_identify(ros_babel_fish) by extension 'python_setup_py'
[0.787s] Level 1:colcon.colcon_core.package_identification:_identify(ros_babel_fish/ros_babel_fish) by extensions ['ignore', 'ignore_ament_install']
[0.787s] Level 1:colcon.colcon_core.package_identification:_identify(ros_babel_fish/ros_babel_fish) by extension 'ignore'
[0.787s] Level 1:colcon.colcon_core.package_identification:_identify(ros_babel_fish/ros_babel_fish) by extension 'ignore_ament_install'
[0.787s] Level 1:colcon.colcon_core.package_identification:_identify(ros_babel_fish/ros_babel_fish) by extensions ['colcon_pkg']
[0.787s] Level 1:colcon.colcon_core.package_identification:_identify(ros_babel_fish/ros_babel_fish) by extension 'colcon_pkg'
[0.787s] Level 1:colcon.colcon_core.package_identification:_identify(ros_babel_fish/ros_babel_fish) by extensions ['colcon_meta']
[0.788s] Level 1:colcon.colcon_core.package_identification:_identify(ros_babel_fish/ros_babel_fish) by extension 'colcon_meta'
[0.788s] Level 1:colcon.colcon_core.package_identification:_identify(ros_babel_fish/ros_babel_fish) by extensions ['ros']
[0.788s] Level 1:colcon.colcon_core.package_identification:_identify(ros_babel_fish/ros_babel_fish) by extension 'ros'
[0.789s] DEBUG:colcon.colcon_core.package_identification:Package 'ros_babel_fish/ros_babel_fish' with type 'ros.ament_cmake' and name 'ros_babel_fish'
[0.790s] Level 1:colcon.colcon_core.package_identification:_identify(ros_babel_fish/ros_babel_fish_test_msgs) by extensions ['ignore', 'ignore_ament_install']
[0.790s] Level 1:colcon.colcon_core.package_identification:_identify(ros_babel_fish/ros_babel_fish_test_msgs) by extension 'ignore'
[0.790s] Level 1:colcon.colcon_core.package_identification:_identify(ros_babel_fish/ros_babel_fish_test_msgs) by extension 'ignore_ament_install'
[0.790s] Level 1:colcon.colcon_core.package_identification:_identify(ros_babel_fish/ros_babel_fish_test_msgs) by extensions ['colcon_pkg']
[0.790s] Level 1:colcon.colcon_core.package_identification:_identify(ros_babel_fish/ros_babel_fish_test_msgs) by extension 'colcon_pkg'
[0.790s] Level 1:colcon.colcon_core.package_identification:_identify(ros_babel_fish/ros_babel_fish_test_msgs) by extensions ['colcon_meta']
[0.790s] Level 1:colcon.colcon_core.package_identification:_identify(ros_babel_fish/ros_babel_fish_test_msgs) by extension 'colcon_meta'
[0.790s] Level 1:colcon.colcon_core.package_identification:_identify(ros_babel_fish/ros_babel_fish_test_msgs) by extensions ['ros']
[0.790s] Level 1:colcon.colcon_core.package_identification:_identify(ros_babel_fish/ros_babel_fish_test_msgs) by extension 'ros'
[0.791s] DEBUG:colcon.colcon_core.package_identification:Package 'ros_babel_fish/ros_babel_fish_test_msgs' with type 'ros.ament_cmake' and name 'ros_babel_fish_test_msgs'
[0.791s] Level 1:colcon.colcon_core.package_identification:_identify(teleop) by extensions ['ignore', 'ignore_ament_install']
[0.791s] Level 1:colcon.colcon_core.package_identification:_identify(teleop) by extension 'ignore'
[0.791s] Level 1:colcon.colcon_core.package_identification:_identify(teleop) by extension 'ignore_ament_install'
[0.791s] Level 1:colcon.colcon_core.package_identification:_identify(teleop) by extensions ['colcon_pkg']
[0.791s] Level 1:colcon.colcon_core.package_identification:_identify(teleop) by extension 'colcon_pkg'
[0.791s] Level 1:colcon.colcon_core.package_identification:_identify(teleop) by extensions ['colcon_meta']
[0.791s] Level 1:colcon.colcon_core.package_identification:_identify(teleop) by extension 'colcon_meta'
[0.791s] Level 1:colcon.colcon_core.package_identification:_identify(teleop) by extensions ['ros']
[0.791s] Level 1:colcon.colcon_core.package_identification:_identify(teleop) by extension 'ros'
[0.792s] DEBUG:colcon.colcon_core.package_identification:Package 'teleop' with type 'ros.ament_cmake' and name 'teleop'
[0.792s] Level 1:colcon.colcon_core.package_discovery:discover_packages(recursive) using defaults
[0.792s] Level 1:colcon.colcon_core.package_discovery:discover_packages(ignore) discover
[0.792s] Level 1:colcon.colcon_core.package_discovery:discover_packages(ignore) using defaults
[0.792s] Level 1:colcon.colcon_core.package_discovery:discover_packages(path) discover
[0.792s] Level 1:colcon.colcon_core.package_discovery:discover_packages(path) using defaults
[0.849s] Level 5:colcon.colcon_core.verb:set package 'controls' build argument 'cmake_args' from command line to 'None'
[0.849s] Level 5:colcon.colcon_core.verb:set package 'controls' build argument 'cmake_target' from command line to 'None'
[0.849s] Level 5:colcon.colcon_core.verb:set package 'controls' build argument 'cmake_target_skip_unavailable' from command line to 'False'
[0.849s] Level 5:colcon.colcon_core.verb:set package 'controls' build argument 'cmake_clean_cache' from command line to 'False'
[0.849s] Level 5:colcon.colcon_core.verb:set package 'controls' build argument 'cmake_clean_first' from command line to 'False'
[0.849s] Level 5:colcon.colcon_core.verb:set package 'controls' build argument 'cmake_force_configure' from command line to 'False'
[0.849s] Level 5:colcon.colcon_core.verb:set package 'controls' build argument 'ament_cmake_args' from command line to 'None'
[0.849s] Level 5:colcon.colcon_core.verb:set package 'controls' build argument 'catkin_cmake_args' from command line to 'None'
[0.849s] Level 5:colcon.colcon_core.verb:set package 'controls' build argument 'catkin_skip_building_tests' from command line to 'False'
[0.849s] DEBUG:colcon.colcon_core.verb:Building package 'controls' with the following arguments: {'ament_cmake_args': None, 'build_base': '/workspaces/PHOENIX/src/main_ws/src/build/controls', 'catkin_cmake_args': None, 'catkin_skip_building_tests': False, 'cmake_args': None, 'cmake_clean_cache': False, 'cmake_clean_first': False, 'cmake_force_configure': False, 'cmake_target': None, 'cmake_target_skip_unavailable': False, 'install_base': '/workspaces/PHOENIX/src/main_ws/src/install/controls', 'merge_install': False, 'path': '/workspaces/PHOENIX/src/main_ws/src/controls', 'symlink_install': False, 'test_result_base': None}
[0.849s] Level 5:colcon.colcon_core.verb:set package 'drive_station' build argument 'cmake_args' from command line to 'None'
[0.849s] Level 5:colcon.colcon_core.verb:set package 'drive_station' build argument 'cmake_target' from command line to 'None'
[0.849s] Level 5:colcon.colcon_core.verb:set package 'drive_station' build argument 'cmake_target_skip_unavailable' from command line to 'False'
[0.849s] Level 5:colcon.colcon_core.verb:set package 'drive_station' build argument 'cmake_clean_cache' from command line to 'False'
[0.850s] Level 5:colcon.colcon_core.verb:set package 'drive_station' build argument 'cmake_clean_first' from command line to 'False'
[0.850s] Level 5:colcon.colcon_core.verb:set package 'drive_station' build argument 'cmake_force_configure' from command line to 'False'
[0.850s] Level 5:colcon.colcon_core.verb:set package 'drive_station' build argument 'ament_cmake_args' from command line to 'None'
[0.850s] Level 5:colcon.colcon_core.verb:set package 'drive_station' build argument 'catkin_cmake_args' from command line to 'None'
[0.850s] Level 5:colcon.colcon_core.verb:set package 'drive_station' build argument 'catkin_skip_building_tests' from command line to 'False'
[0.850s] DEBUG:colcon.colcon_core.verb:Building package 'drive_station' with the following arguments: {'ament_cmake_args': None, 'build_base': '/workspaces/PHOENIX/src/main_ws/src/build/drive_station', 'catkin_cmake_args': None, 'catkin_skip_building_tests': False, 'cmake_args': None, 'cmake_clean_cache': False, 'cmake_clean_first': False, 'cmake_force_configure': False, 'cmake_target': None, 'cmake_target_skip_unavailable': False, 'install_base': '/workspaces/PHOENIX/src/main_ws/src/install/drive_station', 'merge_install': False, 'path': '/workspaces/PHOENIX/src/main_ws/src/drive_station', 'symlink_install': False, 'test_result_base': None}
[0.850s] Level 5:colcon.colcon_core.verb:set package 'perception' build argument 'cmake_args' from command line to 'None'
[0.850s] Level 5:colcon.colcon_core.verb:set package 'perception' build argument 'cmake_target' from command line to 'None'
[0.850s] Level 5:colcon.colcon_core.verb:set package 'perception' build argument 'cmake_target_skip_unavailable' from command line to 'False'
[0.850s] Level 5:colcon.colcon_core.verb:set package 'perception' build argument 'cmake_clean_cache' from command line to 'False'
[0.850s] Level 5:colcon.colcon_core.verb:set package 'perception' build argument 'cmake_clean_first' from command line to 'False'
[0.850s] Level 5:colcon.colcon_core.verb:set package 'perception' build argument 'cmake_force_configure' from command line to 'False'
[0.850s] Level 5:colcon.colcon_core.verb:set package 'perception' build argument 'ament_cmake_args' from command line to 'None'
[0.850s] Level 5:colcon.colcon_core.verb:set package 'perception' build argument 'catkin_cmake_args' from command line to 'None'
[0.850s] Level 5:colcon.colcon_core.verb:set package 'perception' build argument 'catkin_skip_building_tests' from command line to 'False'
[0.850s] DEBUG:colcon.colcon_core.verb:Building package 'perception' with the following arguments: {'ament_cmake_args': None, 'build_base': '/workspaces/PHOENIX/src/main_ws/src/build/perception', 'catkin_cmake_args': None, 'catkin_skip_building_tests': False, 'cmake_args': None, 'cmake_clean_cache': False, 'cmake_clean_first': False, 'cmake_force_configure': False, 'cmake_target': None, 'cmake_target_skip_unavailable': False, 'install_base': '/workspaces/PHOENIX/src/main_ws/src/install/perception', 'merge_install': False, 'path': '/workspaces/PHOENIX/src/main_ws/src/perception', 'symlink_install': False, 'test_result_base': None}
[0.850s] Level 5:colcon.colcon_core.verb:set package 'ros_babel_fish_test_msgs' build argument 'cmake_args' from command line to 'None'
[0.850s] Level 5:colcon.colcon_core.verb:set package 'ros_babel_fish_test_msgs' build argument 'cmake_target' from command line to 'None'
[0.850s] Level 5:colcon.colcon_core.verb:set package 'ros_babel_fish_test_msgs' build argument 'cmake_target_skip_unavailable' from command line to 'False'
[0.850s] Level 5:colcon.colcon_core.verb:set package 'ros_babel_fish_test_msgs' build argument 'cmake_clean_cache' from command line to 'False'
[0.851s] Level 5:colcon.colcon_core.verb:set package 'ros_babel_fish_test_msgs' build argument 'cmake_clean_first' from command line to 'False'
[0.851s] Level 5:colcon.colcon_core.verb:set package 'ros_babel_fish_test_msgs' build argument 'cmake_force_configure' from command line to 'False'
[0.851s] Level 5:colcon.colcon_core.verb:set package 'ros_babel_fish_test_msgs' build argument 'ament_cmake_args' from command line to 'None'
[0.851s] Level 5:colcon.colcon_core.verb:set package 'ros_babel_fish_test_msgs' build argument 'catkin_cmake_args' from command line to 'None'
[0.851s] Level 5:colcon.colcon_core.verb:set package 'ros_babel_fish_test_msgs' build argument 'catkin_skip_building_tests' from command line to 'False'
[0.851s] DEBUG:colcon.colcon_core.verb:Building package 'ros_babel_fish_test_msgs' with the following arguments: {'ament_cmake_args': None, 'build_base': '/workspaces/PHOENIX/src/main_ws/src/build/ros_babel_fish_test_msgs', 'catkin_cmake_args': None, 'catkin_skip_building_tests': False, 'cmake_args': None, 'cmake_clean_cache': False, 'cmake_clean_first': False, 'cmake_force_configure': False, 'cmake_target': None, 'cmake_target_skip_unavailable': False, 'install_base': '/workspaces/PHOENIX/src/main_ws/src/install/ros_babel_fish_test_msgs', 'merge_install': False, 'path': '/workspaces/PHOENIX/src/main_ws/src/ros_babel_fish/ros_babel_fish_test_msgs', 'symlink_install': False, 'test_result_base': None}
[0.851s] Level 5:colcon.colcon_core.verb:set package 'teleop' build argument 'cmake_args' from command line to 'None'
[0.851s] Level 5:colcon.colcon_core.verb:set package 'teleop' build argument 'cmake_target' from command line to 'None'
[0.851s] Level 5:colcon.colcon_core.verb:set package 'teleop' build argument 'cmake_target_skip_unavailable' from command line to 'False'
[0.851s] Level 5:colcon.colcon_core.verb:set package 'teleop' build argument 'cmake_clean_cache' from command line to 'False'
[0.851s] Level 5:colcon.colcon_core.verb:set package 'teleop' build argument 'cmake_clean_first' from command line to 'False'
[0.851s] Level 5:colcon.colcon_core.verb:set package 'teleop' build argument 'cmake_force_configure' from command line to 'False'
[0.851s] Level 5:colcon.colcon_core.verb:set package 'teleop' build argument 'ament_cmake_args' from command line to 'None'
[0.851s] Level 5:colcon.colcon_core.verb:set package 'teleop' build argument 'catkin_cmake_args' from command line to 'None'
[0.851s] Level 5:colcon.colcon_core.verb:set package 'teleop' build argument 'catkin_skip_building_tests' from command line to 'False'
[0.851s] DEBUG:colcon.colcon_core.verb:Building package 'teleop' with the following arguments: {'ament_cmake_args': None, 'build_base': '/workspaces/PHOENIX/src/main_ws/src/build/teleop', 'catkin_cmake_args': None, 'catkin_skip_building_tests': False, 'cmake_args': None, 'cmake_clean_cache': False, 'cmake_clean_first': False, 'cmake_force_configure': False, 'cmake_target': None, 'cmake_target_skip_unavailable': False, 'install_base': '/workspaces/PHOENIX/src/main_ws/src/install/teleop', 'merge_install': False, 'path': '/workspaces/PHOENIX/src/main_ws/src/teleop', 'symlink_install': False, 'test_result_base': None}
[0.851s] Level 5:colcon.colcon_core.verb:set package 'ros_babel_fish' build argument 'cmake_args' from command line to 'None'
[0.851s] Level 5:colcon.colcon_core.verb:set package 'ros_babel_fish' build argument 'cmake_target' from command line to 'None'
[0.851s] Level 5:colcon.colcon_core.verb:set package 'ros_babel_fish' build argument 'cmake_target_skip_unavailable' from command line to 'False'
[0.851s] Level 5:colcon.colcon_core.verb:set package 'ros_babel_fish' build argument 'cmake_clean_cache' from command line to 'False'
[0.851s] Level 5:colcon.colcon_core.verb:set package 'ros_babel_fish' build argument 'cmake_clean_first' from command line to 'False'
[0.851s] Level 5:colcon.colcon_core.verb:set package 'ros_babel_fish' build argument 'cmake_force_configure' from command line to 'False'
[0.851s] Level 5:colcon.colcon_core.verb:set package 'ros_babel_fish' build argument 'ament_cmake_args' from command line to 'None'
[0.851s] Level 5:colcon.colcon_core.verb:set package 'ros_babel_fish' build argument 'catkin_cmake_args' from command line to 'None'
[0.851s] Level 5:colcon.colcon_core.verb:set package 'ros_babel_fish' build argument 'catkin_skip_building_tests' from command line to 'False'
[0.852s] DEBUG:colcon.colcon_core.verb:Building package 'ros_babel_fish' with the following arguments: {'ament_cmake_args': None, 'build_base': '/workspaces/PHOENIX/src/main_ws/src/build/ros_babel_fish', 'catkin_cmake_args': None, 'catkin_skip_building_tests': False, 'cmake_args': None, 'cmake_clean_cache': False, 'cmake_clean_first': False, 'cmake_force_configure': False, 'cmake_target': None, 'cmake_target_skip_unavailable': False, 'install_base': '/workspaces/PHOENIX/src/main_ws/src/install/ros_babel_fish', 'merge_install': False, 'path': '/workspaces/PHOENIX/src/main_ws/src/ros_babel_fish/ros_babel_fish', 'symlink_install': False, 'test_result_base': None}
[0.852s] INFO:colcon.colcon_core.executor:Executing jobs using 'parallel' executor
[0.853s] DEBUG:colcon.colcon_parallel_executor.executor.parallel:run_until_complete
[0.854s] INFO:colcon.colcon_ros.task.ament_cmake.build:Building ROS package in '/workspaces/PHOENIX/src/main_ws/src/ros_babel_fish/ros_babel_fish_test_msgs' with build type 'ament_cmake'
[0.854s] INFO:colcon.colcon_cmake.task.cmake.build:Building CMake package in '/workspaces/PHOENIX/src/main_ws/src/ros_babel_fish/ros_babel_fish_test_msgs'
[0.862s] INFO:colcon.colcon_core.plugin_system:Skipping extension 'colcon_core.shell.bat': Not used on non-Windows systems
[0.862s] INFO:colcon.colcon_core.shell:Skip shell extension 'powershell' for command environment: Not usable outside of PowerShell
[0.863s] DEBUG:colcon.colcon_core.shell:Skip shell extension 'dsv' for command environment
[0.882s] INFO:colcon.colcon_ros.task.ament_cmake.build:Building ROS package in '/workspaces/PHOENIX/src/main_ws/src/controls' with build type 'ament_cmake'
[0.882s] INFO:colcon.colcon_cmake.task.cmake.build:Building CMake package in '/workspaces/PHOENIX/src/main_ws/src/controls'
[0.883s] INFO:colcon.colcon_core.shell:Skip shell extension 'powershell' for command environment: Not usable outside of PowerShell
[0.883s] DEBUG:colcon.colcon_core.shell:Skip shell extension 'dsv' for command environment
[0.890s] INFO:colcon.colcon_ros.task.ament_cmake.build:Building ROS package in '/workspaces/PHOENIX/src/main_ws/src/drive_station' with build type 'ament_cmake'
[0.891s] INFO:colcon.colcon_cmake.task.cmake.build:Building CMake package in '/workspaces/PHOENIX/src/main_ws/src/drive_station'
[0.893s] INFO:colcon.colcon_core.shell:Skip shell extension 'powershell' for command environment: Not usable outside of PowerShell
[0.894s] DEBUG:colcon.colcon_core.shell:Skip shell extension 'dsv' for command environment
[0.899s] INFO:colcon.colcon_ros.task.ament_cmake.build:Building ROS package in '/workspaces/PHOENIX/src/main_ws/src/perception' with build type 'ament_cmake'
[0.900s] INFO:colcon.colcon_cmake.task.cmake.build:Building CMake package in '/workspaces/PHOENIX/src/main_ws/src/perception'
[0.901s] INFO:colcon.colcon_core.shell:Skip shell extension 'powershell' for command environment: Not usable outside of PowerShell
[0.902s] DEBUG:colcon.colcon_core.shell:Skip shell extension 'dsv' for command environment
[0.909s] INFO:colcon.colcon_ros.task.ament_cmake.build:Building ROS package in '/workspaces/PHOENIX/src/main_ws/src/teleop' with build type 'ament_cmake'
[0.909s] INFO:colcon.colcon_cmake.task.cmake.build:Building CMake package in '/workspaces/PHOENIX/src/main_ws/src/teleop'
[0.910s] INFO:colcon.colcon_core.shell:Skip shell extension 'powershell' for command environment: Not usable outside of PowerShell
[0.910s] DEBUG:colcon.colcon_core.shell:Skip shell extension 'dsv' for command environment
[0.927s] DEBUG:colcon.colcon_core.event_handler.log_command:Invoking command in '/workspaces/PHOENIX/src/main_ws/src/build/ros_babel_fish_test_msgs': CMAKE_PREFIX_PATH=/opt/ros/humble /usr/bin/cmake --build /workspaces/PHOENIX/src/main_ws/src/build/ros_babel_fish_test_msgs -- -j12 -l12
[0.937s] DEBUG:colcon.colcon_core.event_handler.log_command:Invoking command in '/workspaces/PHOENIX/src/main_ws/src/build/controls': CMAKE_PREFIX_PATH=/opt/ros/humble /usr/bin/cmake --build /workspaces/PHOENIX/src/main_ws/src/build/controls -- -j12 -l12
[0.945s] DEBUG:colcon.colcon_core.event_handler.log_command:Invoking command in '/workspaces/PHOENIX/src/main_ws/src/build/drive_station': CMAKE_PREFIX_PATH=/opt/ros/humble /usr/bin/cmake --build /workspaces/PHOENIX/src/main_ws/src/build/drive_station -- -j12 -l12
[0.958s] DEBUG:colcon.colcon_core.event_handler.log_command:Invoking command in '/workspaces/PHOENIX/src/main_ws/src/build/perception': CMAKE_PREFIX_PATH=/opt/ros/humble /usr/bin/cmake --build /workspaces/PHOENIX/src/main_ws/src/build/perception -- -j12 -l12
[0.972s] DEBUG:colcon.colcon_core.event_handler.log_command:Invoking command in '/workspaces/PHOENIX/src/main_ws/src/build/teleop': CMAKE_PREFIX_PATH=/opt/ros/humble /usr/bin/cmake --build /workspaces/PHOENIX/src/main_ws/src/build/teleop -- -j12 -l12
[1.063s] DEBUG:colcon.colcon_core.event_handler.log_command:Invoked command in '/workspaces/PHOENIX/src/main_ws/src/build/teleop' returned '0': CMAKE_PREFIX_PATH=/opt/ros/humble /usr/bin/cmake --build /workspaces/PHOENIX/src/main_ws/src/build/teleop -- -j12 -l12
[1.068s] DEBUG:colcon.colcon_core.event_handler.log_command:Invoked command in '/workspaces/PHOENIX/src/main_ws/src/build/drive_station' returned '0': CMAKE_PREFIX_PATH=/opt/ros/humble /usr/bin/cmake --build /workspaces/PHOENIX/src/main_ws/src/build/drive_station -- -j12 -l12
[1.157s] DEBUG:colcon.colcon_core.event_handler.log_command:Invoking command in '/workspaces/PHOENIX/src/main_ws/src/build/teleop': CMAKE_PREFIX_PATH=/opt/ros/humble /usr/bin/cmake --install /workspaces/PHOENIX/src/main_ws/src/build/teleop
[1.193s] DEBUG:colcon.colcon_core.event_handler.log_command:Invoking command in '/workspaces/PHOENIX/src/main_ws/src/build/drive_station': CMAKE_PREFIX_PATH=/opt/ros/humble /usr/bin/cmake --install /workspaces/PHOENIX/src/main_ws/src/build/drive_station
[1.212s] Level 1:colcon.colcon_core.environment:create_environment_scripts_only(teleop)
[1.215s] DEBUG:colcon.colcon_core.event_handler.log_command:Invoked command in '/workspaces/PHOENIX/src/main_ws/src/build/teleop' returned '0': CMAKE_PREFIX_PATH=/opt/ros/humble /usr/bin/cmake --install /workspaces/PHOENIX/src/main_ws/src/build/teleop
[1.265s] Level 1:colcon.colcon_core.environment:checking '/workspaces/PHOENIX/src/main_ws/src/install/teleop' for CMake module files
[1.269s] Level 1:colcon.colcon_core.environment:checking '/workspaces/PHOENIX/src/main_ws/src/install/teleop' for CMake config files
[1.269s] Level 1:colcon.colcon_core.shell:create_environment_hook('teleop', 'cmake_prefix_path')
[1.270s] INFO:colcon.colcon_core.shell:Creating environment hook '/workspaces/PHOENIX/src/main_ws/src/install/teleop/share/teleop/hook/cmake_prefix_path.ps1'
[1.273s] INFO:colcon.colcon_core.shell:Creating environment descriptor '/workspaces/PHOENIX/src/main_ws/src/install/teleop/share/teleop/hook/cmake_prefix_path.dsv'
[1.276s] INFO:colcon.colcon_core.shell:Creating environment hook '/workspaces/PHOENIX/src/main_ws/src/install/teleop/share/teleop/hook/cmake_prefix_path.sh'
[1.278s] Level 1:colcon.colcon_core.environment:checking '/workspaces/PHOENIX/src/main_ws/src/install/teleop/bin'
[1.278s] Level 1:colcon.colcon_core.environment:checking '/workspaces/PHOENIX/src/main_ws/src/install/teleop/lib/pkgconfig/teleop.pc'
[1.282s] Level 1:colcon.colcon_core.environment:checking '/workspaces/PHOENIX/src/main_ws/src/install/teleop/lib/python3.10/site-packages'
[1.283s] Level 1:colcon.colcon_core.environment:checking '/workspaces/PHOENIX/src/main_ws/src/install/teleop/bin'
[1.284s] INFO:colcon.colcon_core.shell:Creating package script '/workspaces/PHOENIX/src/main_ws/src/install/teleop/share/teleop/package.ps1'
[1.286s] INFO:colcon.colcon_core.shell:Creating package descriptor '/workspaces/PHOENIX/src/main_ws/src/install/teleop/share/teleop/package.dsv'
[1.288s] INFO:colcon.colcon_core.shell:Creating package script '/workspaces/PHOENIX/src/main_ws/src/install/teleop/share/teleop/package.sh'
[1.289s] INFO:colcon.colcon_core.shell:Creating package script '/workspaces/PHOENIX/src/main_ws/src/install/teleop/share/teleop/package.bash'
[1.291s] INFO:colcon.colcon_core.shell:Creating package script '/workspaces/PHOENIX/src/main_ws/src/install/teleop/share/teleop/package.zsh'
[1.293s] Level 1:colcon.colcon_core.environment:create_file_with_runtime_dependencies(/workspaces/PHOENIX/src/main_ws/src/install/teleop/share/colcon-core/packages/teleop)
[1.301s] DEBUG:colcon.colcon_core.event_handler.log_command:Invoked command in '/workspaces/PHOENIX/src/main_ws/src/build/perception' returned '0': CMAKE_PREFIX_PATH=/opt/ros/humble /usr/bin/cmake --build /workspaces/PHOENIX/src/main_ws/src/build/perception -- -j12 -l12
[1.308s] Level 1:colcon.colcon_core.environment:create_environment_scripts_only(drive_station)
[1.309s] Level 1:colcon.colcon_core.environment:checking '/workspaces/PHOENIX/src/main_ws/src/install/drive_station' for CMake module files
[1.310s] DEBUG:colcon.colcon_core.event_handler.log_command:Invoked command in '/workspaces/PHOENIX/src/main_ws/src/build/drive_station' returned '0': CMAKE_PREFIX_PATH=/opt/ros/humble /usr/bin/cmake --install /workspaces/PHOENIX/src/main_ws/src/build/drive_station
[1.311s] Level 1:colcon.colcon_core.environment:checking '/workspaces/PHOENIX/src/main_ws/src/install/drive_station' for CMake config files
[1.312s] Level 1:colcon.colcon_core.shell:create_environment_hook('drive_station', 'cmake_prefix_path')
[1.312s] INFO:colcon.colcon_core.shell:Creating environment hook '/workspaces/PHOENIX/src/main_ws/src/install/drive_station/share/drive_station/hook/cmake_prefix_path.ps1'
[1.315s] INFO:colcon.colcon_core.shell:Creating environment descriptor '/workspaces/PHOENIX/src/main_ws/src/install/drive_station/share/drive_station/hook/cmake_prefix_path.dsv'
[1.319s] INFO:colcon.colcon_core.shell:Creating environment hook '/workspaces/PHOENIX/src/main_ws/src/install/drive_station/share/drive_station/hook/cmake_prefix_path.sh'
[1.320s] Level 1:colcon.colcon_core.environment:checking '/workspaces/PHOENIX/src/main_ws/src/install/drive_station/bin'
[1.321s] Level 1:colcon.colcon_core.environment:checking '/workspaces/PHOENIX/src/main_ws/src/install/drive_station/lib/pkgconfig/drive_station.pc'
[1.321s] Level 1:colcon.colcon_core.environment:checking '/workspaces/PHOENIX/src/main_ws/src/install/drive_station/lib/python3.10/site-packages'
[1.321s] Level 1:colcon.colcon_core.environment:checking '/workspaces/PHOENIX/src/main_ws/src/install/drive_station/bin'
[1.322s] INFO:colcon.colcon_core.shell:Creating package script '/workspaces/PHOENIX/src/main_ws/src/install/drive_station/share/drive_station/package.ps1'
[1.323s] INFO:colcon.colcon_core.shell:Creating package descriptor '/workspaces/PHOENIX/src/main_ws/src/install/drive_station/share/drive_station/package.dsv'
[1.324s] INFO:colcon.colcon_core.shell:Creating package script '/workspaces/PHOENIX/src/main_ws/src/install/drive_station/share/drive_station/package.sh'
[1.325s] INFO:colcon.colcon_core.shell:Creating package script '/workspaces/PHOENIX/src/main_ws/src/install/drive_station/share/drive_station/package.bash'
[1.326s] INFO:colcon.colcon_core.shell:Creating package script '/workspaces/PHOENIX/src/main_ws/src/install/drive_station/share/drive_station/package.zsh'
[1.326s] Level 1:colcon.colcon_core.environment:create_file_with_runtime_dependencies(/workspaces/PHOENIX/src/main_ws/src/install/drive_station/share/colcon-core/packages/drive_station)
[1.335s] DEBUG:colcon.colcon_core.event_handler.log_command:Invoked command in '/workspaces/PHOENIX/src/main_ws/src/build/controls' returned '0': CMAKE_PREFIX_PATH=/opt/ros/humble /usr/bin/cmake --build /workspaces/PHOENIX/src/main_ws/src/build/controls -- -j12 -l12
[1.339s] Level 1:colcon.colcon_core.environment:create_environment_scripts_only(teleop)
[1.340s] Level 1:colcon.colcon_core.environment:checking '/workspaces/PHOENIX/src/main_ws/src/install/teleop' for CMake module files
[1.341s] Level 1:colcon.colcon_core.environment:checking '/workspaces/PHOENIX/src/main_ws/src/install/teleop' for CMake config files
[1.341s] Level 1:colcon.colcon_core.shell:create_environment_hook('teleop', 'cmake_prefix_path')
[1.341s] INFO:colcon.colcon_core.shell:Creating environment hook '/workspaces/PHOENIX/src/main_ws/src/install/teleop/share/teleop/hook/cmake_prefix_path.ps1'
[1.342s] INFO:colcon.colcon_core.shell:Creating environment descriptor '/workspaces/PHOENIX/src/main_ws/src/install/teleop/share/teleop/hook/cmake_prefix_path.dsv'
[1.343s] INFO:colcon.colcon_core.shell:Creating environment hook '/workspaces/PHOENIX/src/main_ws/src/install/teleop/share/teleop/hook/cmake_prefix_path.sh'
[1.343s] Level 1:colcon.colcon_core.environment:checking '/workspaces/PHOENIX/src/main_ws/src/install/teleop/bin'
[1.344s] Level 1:colcon.colcon_core.environment:checking '/workspaces/PHOENIX/src/main_ws/src/install/teleop/lib/pkgconfig/teleop.pc'
[1.344s] Level 1:colcon.colcon_core.environment:checking '/workspaces/PHOENIX/src/main_ws/src/install/teleop/lib/python3.10/site-packages'
[1.344s] Level 1:colcon.colcon_core.environment:checking '/workspaces/PHOENIX/src/main_ws/src/install/teleop/bin'
[1.345s] INFO:colcon.colcon_core.shell:Creating package script '/workspaces/PHOENIX/src/main_ws/src/install/teleop/share/teleop/package.ps1'
[1.346s] INFO:colcon.colcon_core.shell:Creating package descriptor '/workspaces/PHOENIX/src/main_ws/src/install/teleop/share/teleop/package.dsv'
[1.349s] INFO:colcon.colcon_core.shell:Creating package script '/workspaces/PHOENIX/src/main_ws/src/install/teleop/share/teleop/package.sh'
[1.351s] INFO:colcon.colcon_core.shell:Creating package script '/workspaces/PHOENIX/src/main_ws/src/install/teleop/share/teleop/package.bash'
[1.353s] INFO:colcon.colcon_core.shell:Creating package script '/workspaces/PHOENIX/src/main_ws/src/install/teleop/share/teleop/package.zsh'
[1.354s] Level 1:colcon.colcon_core.environment:create_file_with_runtime_dependencies(/workspaces/PHOENIX/src/main_ws/src/install/teleop/share/colcon-core/packages/teleop)
[1.362s] DEBUG:colcon.colcon_core.event_handler.log_command:Invoking command in '/workspaces/PHOENIX/src/main_ws/src/build/perception': CMAKE_PREFIX_PATH=/opt/ros/humble /usr/bin/cmake --install /workspaces/PHOENIX/src/main_ws/src/build/perception
[1.367s] Level 1:colcon.colcon_core.environment:create_environment_scripts_only(drive_station)
[1.369s] Level 1:colcon.colcon_core.environment:checking '/workspaces/PHOENIX/src/main_ws/src/install/drive_station' for CMake module files
[1.371s] Level 1:colcon.colcon_core.environment:checking '/workspaces/PHOENIX/src/main_ws/src/install/drive_station' for CMake config files
[1.372s] Level 1:colcon.colcon_core.shell:create_environment_hook('drive_station', 'cmake_prefix_path')
[1.373s] INFO:colcon.colcon_core.shell:Creating environment hook '/workspaces/PHOENIX/src/main_ws/src/install/drive_station/share/drive_station/hook/cmake_prefix_path.ps1'
[1.374s] INFO:colcon.colcon_core.shell:Creating environment descriptor '/workspaces/PHOENIX/src/main_ws/src/install/drive_station/share/drive_station/hook/cmake_prefix_path.dsv'
[1.376s] INFO:colcon.colcon_core.shell:Creating environment hook '/workspaces/PHOENIX/src/main_ws/src/install/drive_station/share/drive_station/hook/cmake_prefix_path.sh'
[1.378s] Level 1:colcon.colcon_core.environment:checking '/workspaces/PHOENIX/src/main_ws/src/install/drive_station/bin'
[1.379s] Level 1:colcon.colcon_core.environment:checking '/workspaces/PHOENIX/src/main_ws/src/install/drive_station/lib/pkgconfig/drive_station.pc'
[1.380s] Level 1:colcon.colcon_core.environment:checking '/workspaces/PHOENIX/src/main_ws/src/install/drive_station/lib/python3.10/site-packages'
[1.380s] Level 1:colcon.colcon_core.environment:checking '/workspaces/PHOENIX/src/main_ws/src/install/drive_station/bin'
[1.382s] INFO:colcon.colcon_core.shell:Creating package script '/workspaces/PHOENIX/src/main_ws/src/install/drive_station/share/drive_station/package.ps1'
[1.388s] INFO:colcon.colcon_core.shell:Creating package descriptor '/workspaces/PHOENIX/src/main_ws/src/install/drive_station/share/drive_station/package.dsv'
[1.391s] INFO:colcon.colcon_core.shell:Creating package script '/workspaces/PHOENIX/src/main_ws/src/install/drive_station/share/drive_station/package.sh'
[1.393s] INFO:colcon.colcon_core.shell:Creating package script '/workspaces/PHOENIX/src/main_ws/src/install/drive_station/share/drive_station/package.bash'
[1.394s] INFO:colcon.colcon_core.shell:Creating package script '/workspaces/PHOENIX/src/main_ws/src/install/drive_station/share/drive_station/package.zsh'
[1.395s] Level 1:colcon.colcon_core.environment:create_file_with_runtime_dependencies(/workspaces/PHOENIX/src/main_ws/src/install/drive_station/share/colcon-core/packages/drive_station)
[1.402s] Level 1:colcon.colcon_core.environment:create_environment_scripts_only(perception)
[1.403s] Level 1:colcon.colcon_core.environment:checking '/workspaces/PHOENIX/src/main_ws/src/install/perception' for CMake module files
[1.406s] DEBUG:colcon.colcon_core.event_handler.log_command:Invoking command in '/workspaces/PHOENIX/src/main_ws/src/build/controls': CMAKE_PREFIX_PATH=/opt/ros/humble /usr/bin/cmake --install /workspaces/PHOENIX/src/main_ws/src/build/controls
[1.406s] Level 1:colcon.colcon_core.environment:checking '/workspaces/PHOENIX/src/main_ws/src/install/perception' for CMake config files
[1.408s] DEBUG:colcon.colcon_core.event_handler.log_command:Invoked command in '/workspaces/PHOENIX/src/main_ws/src/build/perception' returned '0': CMAKE_PREFIX_PATH=/opt/ros/humble /usr/bin/cmake --install /workspaces/PHOENIX/src/main_ws/src/build/perception
[1.409s] Level 1:colcon.colcon_core.shell:create_environment_hook('perception', 'cmake_prefix_path')
[1.409s] INFO:colcon.colcon_core.shell:Creating environment hook '/workspaces/PHOENIX/src/main_ws/src/install/perception/share/perception/hook/cmake_prefix_path.ps1'
[1.412s] INFO:colcon.colcon_core.shell:Creating environment descriptor '/workspaces/PHOENIX/src/main_ws/src/install/perception/share/perception/hook/cmake_prefix_path.dsv'
[1.413s] INFO:colcon.colcon_core.shell:Creating environment hook '/workspaces/PHOENIX/src/main_ws/src/install/perception/share/perception/hook/cmake_prefix_path.sh'
[1.418s] Level 1:colcon.colcon_core.environment:checking '/workspaces/PHOENIX/src/main_ws/src/install/perception/lib'
[1.421s] Level 1:colcon.colcon_core.environment:checking '/workspaces/PHOENIX/src/main_ws/src/install/perception/bin'
[1.421s] Level 1:colcon.colcon_core.environment:checking '/workspaces/PHOENIX/src/main_ws/src/install/perception/lib/pkgconfig/perception.pc'
[1.422s] Level 1:colcon.colcon_core.environment:checking '/workspaces/PHOENIX/src/main_ws/src/install/perception/lib/python3.10/site-packages'
[1.422s] Level 1:colcon.colcon_core.environment:checking '/workspaces/PHOENIX/src/main_ws/src/install/perception/bin'
[1.424s] INFO:colcon.colcon_core.shell:Creating package script '/workspaces/PHOENIX/src/main_ws/src/install/perception/share/perception/package.ps1'
[1.429s] INFO:colcon.colcon_core.shell:Creating package descriptor '/workspaces/PHOENIX/src/main_ws/src/install/perception/share/perception/package.dsv'
[1.436s] INFO:colcon.colcon_core.shell:Creating package script '/workspaces/PHOENIX/src/main_ws/src/install/perception/share/perception/package.sh'
[1.438s] INFO:colcon.colcon_core.shell:Creating package script '/workspaces/PHOENIX/src/main_ws/src/install/perception/share/perception/package.bash'
[1.438s] INFO:colcon.colcon_core.shell:Creating package script '/workspaces/PHOENIX/src/main_ws/src/install/perception/share/perception/package.zsh'
[1.439s] Level 1:colcon.colcon_core.environment:create_file_with_runtime_dependencies(/workspaces/PHOENIX/src/main_ws/src/install/perception/share/colcon-core/packages/perception)
[1.442s] Level 1:colcon.colcon_core.environment:create_environment_scripts_only(controls)
[1.443s] Level 1:colcon.colcon_core.environment:checking '/workspaces/PHOENIX/src/main_ws/src/install/controls' for CMake module files
[1.444s] DEBUG:colcon.colcon_core.event_handler.log_command:Invoked command in '/workspaces/PHOENIX/src/main_ws/src/build/controls' returned '0': CMAKE_PREFIX_PATH=/opt/ros/humble /usr/bin/cmake --install /workspaces/PHOENIX/src/main_ws/src/build/controls
[1.445s] Level 1:colcon.colcon_core.environment:checking '/workspaces/PHOENIX/src/main_ws/src/install/controls' for CMake config files
[1.446s] Level 1:colcon.colcon_core.shell:create_environment_hook('controls', 'cmake_prefix_path')
[1.446s] INFO:colcon.colcon_core.shell:Creating environment hook '/workspaces/PHOENIX/src/main_ws/src/install/controls/share/controls/hook/cmake_prefix_path.ps1'
[1.450s] INFO:colcon.colcon_core.shell:Creating environment descriptor '/workspaces/PHOENIX/src/main_ws/src/install/controls/share/controls/hook/cmake_prefix_path.dsv'
[1.452s] INFO:colcon.colcon_core.shell:Creating environment hook '/workspaces/PHOENIX/src/main_ws/src/install/controls/share/controls/hook/cmake_prefix_path.sh'
[1.452s] Level 1:colcon.colcon_core.environment:checking '/workspaces/PHOENIX/src/main_ws/src/install/controls/lib'
[1.453s] Level 1:colcon.colcon_core.environment:checking '/workspaces/PHOENIX/src/main_ws/src/install/controls/bin'
[1.453s] Level 1:colcon.colcon_core.environment:checking '/workspaces/PHOENIX/src/main_ws/src/install/controls/lib/pkgconfig/controls.pc'
[1.453s] Level 1:colcon.colcon_core.environment:checking '/workspaces/PHOENIX/src/main_ws/src/install/controls/lib/python3.10/site-packages'
[1.453s] Level 1:colcon.colcon_core.environment:checking '/workspaces/PHOENIX/src/main_ws/src/install/controls/bin'
[1.454s] INFO:colcon.colcon_core.shell:Creating package script '/workspaces/PHOENIX/src/main_ws/src/install/controls/share/controls/package.ps1'
[1.454s] INFO:colcon.colcon_core.shell:Creating package descriptor '/workspaces/PHOENIX/src/main_ws/src/install/controls/share/controls/package.dsv'
[1.455s] INFO:colcon.colcon_core.shell:Creating package script '/workspaces/PHOENIX/src/main_ws/src/install/controls/share/controls/package.sh'
[1.455s] INFO:colcon.colcon_core.shell:Creating package script '/workspaces/PHOENIX/src/main_ws/src/install/controls/share/controls/package.bash'
[1.456s] INFO:colcon.colcon_core.shell:Creating package script '/workspaces/PHOENIX/src/main_ws/src/install/controls/share/controls/package.zsh'
[1.456s] Level 1:colcon.colcon_core.environment:create_file_with_runtime_dependencies(/workspaces/PHOENIX/src/main_ws/src/install/controls/share/colcon-core/packages/controls)
[1.470s] Level 1:colcon.colcon_core.environment:create_environment_scripts_only(perception)
[1.471s] Level 1:colcon.colcon_core.environment:checking '/workspaces/PHOENIX/src/main_ws/src/install/perception' for CMake module files
[1.471s] Level 1:colcon.colcon_core.environment:checking '/workspaces/PHOENIX/src/main_ws/src/install/perception' for CMake config files
[1.471s] Level 1:colcon.colcon_core.shell:create_environment_hook('perception', 'cmake_prefix_path')
[1.472s] INFO:colcon.colcon_core.shell:Creating environment hook '/workspaces/PHOENIX/src/main_ws/src/install/perception/share/perception/hook/cmake_prefix_path.ps1'
[1.472s] INFO:colcon.colcon_core.shell:Creating environment descriptor '/workspaces/PHOENIX/src/main_ws/src/install/perception/share/perception/hook/cmake_prefix_path.dsv'
[1.473s] INFO:colcon.colcon_core.shell:Creating environment hook '/workspaces/PHOENIX/src/main_ws/src/install/perception/share/perception/hook/cmake_prefix_path.sh'
[1.473s] Level 1:colcon.colcon_core.environment:checking '/workspaces/PHOENIX/src/main_ws/src/install/perception/lib'
[1.474s] Level 1:colcon.colcon_core.environment:checking '/workspaces/PHOENIX/src/main_ws/src/install/perception/bin'
[1.474s] Level 1:colcon.colcon_core.environment:checking '/workspaces/PHOENIX/src/main_ws/src/install/perception/lib/pkgconfig/perception.pc'
[1.474s] Level 1:colcon.colcon_core.environment:checking '/workspaces/PHOENIX/src/main_ws/src/install/perception/lib/python3.10/site-packages'
[1.474s] Level 1:colcon.colcon_core.environment:checking '/workspaces/PHOENIX/src/main_ws/src/install/perception/bin'
[1.475s] INFO:colcon.colcon_core.shell:Creating package script '/workspaces/PHOENIX/src/main_ws/src/install/perception/share/perception/package.ps1'
[1.476s] INFO:colcon.colcon_core.shell:Creating package descriptor '/workspaces/PHOENIX/src/main_ws/src/install/perception/share/perception/package.dsv'
[1.477s] INFO:colcon.colcon_core.shell:Creating package script '/workspaces/PHOENIX/src/main_ws/src/install/perception/share/perception/package.sh'
[1.478s] INFO:colcon.colcon_core.shell:Creating package script '/workspaces/PHOENIX/src/main_ws/src/install/perception/share/perception/package.bash'
[1.479s] INFO:colcon.colcon_core.shell:Creating package script '/workspaces/PHOENIX/src/main_ws/src/install/perception/share/perception/package.zsh'
[1.480s] Level 1:colcon.colcon_core.environment:create_file_with_runtime_dependencies(/workspaces/PHOENIX/src/main_ws/src/install/perception/share/colcon-core/packages/perception)
[1.497s] Level 1:colcon.colcon_core.environment:create_environment_scripts_only(controls)
[1.498s] Level 1:colcon.colcon_core.environment:checking '/workspaces/PHOENIX/src/main_ws/src/install/controls' for CMake module files
[1.499s] Level 1:colcon.colcon_core.environment:checking '/workspaces/PHOENIX/src/main_ws/src/install/controls' for CMake config files
[1.499s] Level 1:colcon.colcon_core.shell:create_environment_hook('controls', 'cmake_prefix_path')
[1.500s] INFO:colcon.colcon_core.shell:Creating environment hook '/workspaces/PHOENIX/src/main_ws/src/install/controls/share/controls/hook/cmake_prefix_path.ps1'
[1.500s] INFO:colcon.colcon_core.shell:Creating environment descriptor '/workspaces/PHOENIX/src/main_ws/src/install/controls/share/controls/hook/cmake_prefix_path.dsv'
[1.501s] INFO:colcon.colcon_core.shell:Creating environment hook '/workspaces/PHOENIX/src/main_ws/src/install/controls/share/controls/hook/cmake_prefix_path.sh'
[1.501s] Level 1:colcon.colcon_core.environment:checking '/workspaces/PHOENIX/src/main_ws/src/install/controls/lib'
[1.501s] Level 1:colcon.colcon_core.environment:checking '/workspaces/PHOENIX/src/main_ws/src/install/controls/bin'
[1.501s] Level 1:colcon.colcon_core.environment:checking '/workspaces/PHOENIX/src/main_ws/src/install/controls/lib/pkgconfig/controls.pc'
[1.502s] Level 1:colcon.colcon_core.environment:checking '/workspaces/PHOENIX/src/main_ws/src/install/controls/lib/python3.10/site-packages'
[1.502s] Level 1:colcon.colcon_core.environment:checking '/workspaces/PHOENIX/src/main_ws/src/install/controls/bin'
[1.502s] INFO:colcon.colcon_core.shell:Creating package script '/workspaces/PHOENIX/src/main_ws/src/install/controls/share/controls/package.ps1'
[1.503s] INFO:colcon.colcon_core.shell:Creating package descriptor '/workspaces/PHOENIX/src/main_ws/src/install/controls/share/controls/package.dsv'
[1.503s] INFO:colcon.colcon_core.shell:Creating package script '/workspaces/PHOENIX/src/main_ws/src/install/controls/share/controls/package.sh'
[1.504s] INFO:colcon.colcon_core.shell:Creating package script '/workspaces/PHOENIX/src/main_ws/src/install/controls/share/controls/package.bash'
[1.505s] INFO:colcon.colcon_core.shell:Creating package script '/workspaces/PHOENIX/src/main_ws/src/install/controls/share/controls/package.zsh'
[1.506s] Level 1:colcon.colcon_core.environment:create_file_with_runtime_dependencies(/workspaces/PHOENIX/src/main_ws/src/install/controls/share/colcon-core/packages/controls)
[1.624s] DEBUG:colcon.colcon_core.event_handler.log_command:Invoked command in '/workspaces/PHOENIX/src/main_ws/src/build/ros_babel_fish_test_msgs' returned '0': CMAKE_PREFIX_PATH=/opt/ros/humble /usr/bin/cmake --build /workspaces/PHOENIX/src/main_ws/src/build/ros_babel_fish_test_msgs -- -j12 -l12
[1.741s] DEBUG:colcon.colcon_core.event_handler.log_command:Invoking command in '/workspaces/PHOENIX/src/main_ws/src/build/ros_babel_fish_test_msgs': CMAKE_PREFIX_PATH=/opt/ros/humble /usr/bin/cmake --install /workspaces/PHOENIX/src/main_ws/src/build/ros_babel_fish_test_msgs
[1.828s] Level 1:colcon.colcon_core.environment:create_environment_scripts_only(ros_babel_fish_test_msgs)
[1.828s] Level 1:colcon.colcon_core.environment:checking '/workspaces/PHOENIX/src/main_ws/src/install/ros_babel_fish_test_msgs' for CMake module files
[1.829s] DEBUG:colcon.colcon_core.event_handler.log_command:Invoked command in '/workspaces/PHOENIX/src/main_ws/src/build/ros_babel_fish_test_msgs' returned '0': CMAKE_PREFIX_PATH=/opt/ros/humble /usr/bin/cmake --install /workspaces/PHOENIX/src/main_ws/src/build/ros_babel_fish_test_msgs
[1.830s] Level 1:colcon.colcon_core.environment:checking '/workspaces/PHOENIX/src/main_ws/src/install/ros_babel_fish_test_msgs' for CMake config files
[1.830s] Level 1:colcon.colcon_core.shell:create_environment_hook('ros_babel_fish_test_msgs', 'cmake_prefix_path')
[1.831s] INFO:colcon.colcon_core.shell:Creating environment hook '/workspaces/PHOENIX/src/main_ws/src/install/ros_babel_fish_test_msgs/share/ros_babel_fish_test_msgs/hook/cmake_prefix_path.ps1'
[1.833s] INFO:colcon.colcon_core.shell:Creating environment descriptor '/workspaces/PHOENIX/src/main_ws/src/install/ros_babel_fish_test_msgs/share/ros_babel_fish_test_msgs/hook/cmake_prefix_path.dsv'
[1.834s] INFO:colcon.colcon_core.shell:Creating environment hook '/workspaces/PHOENIX/src/main_ws/src/install/ros_babel_fish_test_msgs/share/ros_babel_fish_test_msgs/hook/cmake_prefix_path.sh'
[1.835s] Level 1:colcon.colcon_core.environment:checking '/workspaces/PHOENIX/src/main_ws/src/install/ros_babel_fish_test_msgs/lib'
[1.835s] Level 1:colcon.colcon_core.shell:create_environment_hook('ros_babel_fish_test_msgs', 'ld_library_path_lib')
[1.835s] INFO:colcon.colcon_core.shell:Creating environment hook '/workspaces/PHOENIX/src/main_ws/src/install/ros_babel_fish_test_msgs/share/ros_babel_fish_test_msgs/hook/ld_library_path_lib.ps1'
[1.835s] INFO:colcon.colcon_core.shell:Creating environment descriptor '/workspaces/PHOENIX/src/main_ws/src/install/ros_babel_fish_test_msgs/share/ros_babel_fish_test_msgs/hook/ld_library_path_lib.dsv'
[1.836s] INFO:colcon.colcon_core.shell:Creating environment hook '/workspaces/PHOENIX/src/main_ws/src/install/ros_babel_fish_test_msgs/share/ros_babel_fish_test_msgs/hook/ld_library_path_lib.sh'
[1.836s] Level 1:colcon.colcon_core.environment:checking '/workspaces/PHOENIX/src/main_ws/src/install/ros_babel_fish_test_msgs/bin'
[1.836s] Level 1:colcon.colcon_core.environment:checking '/workspaces/PHOENIX/src/main_ws/src/install/ros_babel_fish_test_msgs/lib/pkgconfig/ros_babel_fish_test_msgs.pc'
[1.836s] Level 1:colcon.colcon_core.environment:checking '/workspaces/PHOENIX/src/main_ws/src/install/ros_babel_fish_test_msgs/lib/python3.10/site-packages'
[1.836s] Level 1:colcon.colcon_core.environment:checking '/workspaces/PHOENIX/src/main_ws/src/install/ros_babel_fish_test_msgs/bin'
[1.837s] INFO:colcon.colcon_core.shell:Creating package script '/workspaces/PHOENIX/src/main_ws/src/install/ros_babel_fish_test_msgs/share/ros_babel_fish_test_msgs/package.ps1'
[1.838s] INFO:colcon.colcon_core.shell:Creating package descriptor '/workspaces/PHOENIX/src/main_ws/src/install/ros_babel_fish_test_msgs/share/ros_babel_fish_test_msgs/package.dsv'
[1.838s] INFO:colcon.colcon_core.shell:Creating package script '/workspaces/PHOENIX/src/main_ws/src/install/ros_babel_fish_test_msgs/share/ros_babel_fish_test_msgs/package.sh'
[1.838s] INFO:colcon.colcon_core.shell:Creating package script '/workspaces/PHOENIX/src/main_ws/src/install/ros_babel_fish_test_msgs/share/ros_babel_fish_test_msgs/package.bash'
[1.839s] INFO:colcon.colcon_core.shell:Creating package script '/workspaces/PHOENIX/src/main_ws/src/install/ros_babel_fish_test_msgs/share/ros_babel_fish_test_msgs/package.zsh'
[1.839s] Level 1:colcon.colcon_core.environment:create_file_with_runtime_dependencies(/workspaces/PHOENIX/src/main_ws/src/install/ros_babel_fish_test_msgs/share/colcon-core/packages/ros_babel_fish_test_msgs)
[1.962s] Level 1:colcon.colcon_core.environment:create_environment_scripts_only(ros_babel_fish_test_msgs)
[1.963s] Level 1:colcon.colcon_core.environment:checking '/workspaces/PHOENIX/src/main_ws/src/install/ros_babel_fish_test_msgs' for CMake module files
[1.963s] Level 1:colcon.colcon_core.environment:checking '/workspaces/PHOENIX/src/main_ws/src/install/ros_babel_fish_test_msgs' for CMake config files
[1.964s] Level 1:colcon.colcon_core.shell:create_environment_hook('ros_babel_fish_test_msgs', 'cmake_prefix_path')
[1.964s] INFO:colcon.colcon_core.shell:Creating environment hook '/workspaces/PHOENIX/src/main_ws/src/install/ros_babel_fish_test_msgs/share/ros_babel_fish_test_msgs/hook/cmake_prefix_path.ps1'
[1.964s] INFO:colcon.colcon_core.shell:Creating environment descriptor '/workspaces/PHOENIX/src/main_ws/src/install/ros_babel_fish_test_msgs/share/ros_babel_fish_test_msgs/hook/cmake_prefix_path.dsv'
[1.966s] INFO:colcon.colcon_core.shell:Creating environment hook '/workspaces/PHOENIX/src/main_ws/src/install/ros_babel_fish_test_msgs/share/ros_babel_fish_test_msgs/hook/cmake_prefix_path.sh'
[1.967s] Level 1:colcon.colcon_core.environment:checking '/workspaces/PHOENIX/src/main_ws/src/install/ros_babel_fish_test_msgs/lib'
[1.967s] Level 1:colcon.colcon_core.shell:create_environment_hook('ros_babel_fish_test_msgs', 'ld_library_path_lib')
[1.967s] INFO:colcon.colcon_core.shell:Creating environment hook '/workspaces/PHOENIX/src/main_ws/src/install/ros_babel_fish_test_msgs/share/ros_babel_fish_test_msgs/hook/ld_library_path_lib.ps1'
[1.967s] INFO:colcon.colcon_core.shell:Creating environment descriptor '/workspaces/PHOENIX/src/main_ws/src/install/ros_babel_fish_test_msgs/share/ros_babel_fish_test_msgs/hook/ld_library_path_lib.dsv'
[1.968s] INFO:colcon.colcon_core.shell:Creating environment hook '/workspaces/PHOENIX/src/main_ws/src/install/ros_babel_fish_test_msgs/share/ros_babel_fish_test_msgs/hook/ld_library_path_lib.sh'
[1.968s] Level 1:colcon.colcon_core.environment:checking '/workspaces/PHOENIX/src/main_ws/src/install/ros_babel_fish_test_msgs/bin'
[1.968s] Level 1:colcon.colcon_core.environment:checking '/workspaces/PHOENIX/src/main_ws/src/install/ros_babel_fish_test_msgs/lib/pkgconfig/ros_babel_fish_test_msgs.pc'
[1.968s] Level 1:colcon.colcon_core.environment:checking '/workspaces/PHOENIX/src/main_ws/src/install/ros_babel_fish_test_msgs/lib/python3.10/site-packages'
[1.968s] Level 1:colcon.colcon_core.environment:checking '/workspaces/PHOENIX/src/main_ws/src/install/ros_babel_fish_test_msgs/bin'
[1.969s] INFO:colcon.colcon_core.shell:Creating package script '/workspaces/PHOENIX/src/main_ws/src/install/ros_babel_fish_test_msgs/share/ros_babel_fish_test_msgs/package.ps1'
[1.969s] INFO:colcon.colcon_core.shell:Creating package descriptor '/workspaces/PHOENIX/src/main_ws/src/install/ros_babel_fish_test_msgs/share/ros_babel_fish_test_msgs/package.dsv'
[1.969s] INFO:colcon.colcon_core.shell:Creating package script '/workspaces/PHOENIX/src/main_ws/src/install/ros_babel_fish_test_msgs/share/ros_babel_fish_test_msgs/package.sh'
[1.970s] INFO:colcon.colcon_core.shell:Creating package script '/workspaces/PHOENIX/src/main_ws/src/install/ros_babel_fish_test_msgs/share/ros_babel_fish_test_msgs/package.bash'
[1.970s] INFO:colcon.colcon_core.shell:Creating package script '/workspaces/PHOENIX/src/main_ws/src/install/ros_babel_fish_test_msgs/share/ros_babel_fish_test_msgs/package.zsh'
[1.970s] Level 1:colcon.colcon_core.environment:create_file_with_runtime_dependencies(/workspaces/PHOENIX/src/main_ws/src/install/ros_babel_fish_test_msgs/share/colcon-core/packages/ros_babel_fish_test_msgs)
[1.971s] INFO:colcon.colcon_ros.task.ament_cmake.build:Building ROS package in '/workspaces/PHOENIX/src/main_ws/src/ros_babel_fish/ros_babel_fish' with build type 'ament_cmake'
[1.971s] INFO:colcon.colcon_cmake.task.cmake.build:Building CMake package in '/workspaces/PHOENIX/src/main_ws/src/ros_babel_fish/ros_babel_fish'
[1.972s] INFO:colcon.colcon_core.shell:Skip shell extension 'powershell' for command environment: Not usable outside of PowerShell
[1.972s] DEBUG:colcon.colcon_core.shell:Skip shell extension 'dsv' for command environment
[1.989s] DEBUG:colcon.colcon_core.event_handler.log_command:Invoking command in '/workspaces/PHOENIX/src/main_ws/src/build/ros_babel_fish': AMENT_PREFIX_PATH=/workspaces/PHOENIX/src/main_ws/src/install/ros_babel_fish_test_msgs:${AMENT_PREFIX_PATH} CMAKE_PREFIX_PATH=/workspaces/PHOENIX/src/main_ws/src/install/ros_babel_fish_test_msgs:/opt/ros/humble LD_LIBRARY_PATH=/workspaces/PHOENIX/src/main_ws/src/install/ros_babel_fish_test_msgs/lib:${LD_LIBRARY_PATH} PYTHONPATH=/workspaces/PHOENIX/src/main_ws/src/install/ros_babel_fish_test_msgs/local/lib/python3.10/dist-packages:${PYTHONPATH} /usr/bin/cmake --build /workspaces/PHOENIX/src/main_ws/src/build/ros_babel_fish -- -j12 -l12
[14.455s] DEBUG:colcon.colcon_core.event_handler.log_command:Invoked command in '/workspaces/PHOENIX/src/main_ws/src/build/ros_babel_fish' returned '2': AMENT_PREFIX_PATH=/workspaces/PHOENIX/src/main_ws/src/install/ros_babel_fish_test_msgs:${AMENT_PREFIX_PATH} CMAKE_PREFIX_PATH=/workspaces/PHOENIX/src/main_ws/src/install/ros_babel_fish_test_msgs:/opt/ros/humble LD_LIBRARY_PATH=/workspaces/PHOENIX/src/main_ws/src/install/ros_babel_fish_test_msgs/lib:${LD_LIBRARY_PATH} PYTHONPATH=/workspaces/PHOENIX/src/main_ws/src/install/ros_babel_fish_test_msgs/local/lib/python3.10/dist-packages:${PYTHONPATH} /usr/bin/cmake --build /workspaces/PHOENIX/src/main_ws/src/build/ros_babel_fish -- -j12 -l12
[14.605s] Level 1:colcon.colcon_core.environment:create_environment_scripts_only(ros_babel_fish)
[14.605s] Level 1:colcon.colcon_core.environment:checking '/workspaces/PHOENIX/src/main_ws/src/install/ros_babel_fish' for CMake module files
[14.606s] Level 1:colcon.colcon_core.environment:checking '/workspaces/PHOENIX/src/main_ws/src/install/ros_babel_fish' for CMake config files
[14.606s] Level 1:colcon.colcon_core.environment:checking '/workspaces/PHOENIX/src/main_ws/src/install/ros_babel_fish/bin'
[14.607s] Level 1:colcon.colcon_core.environment:checking '/workspaces/PHOENIX/src/main_ws/src/install/ros_babel_fish/lib/pkgconfig/ros_babel_fish.pc'
[14.607s] Level 1:colcon.colcon_core.environment:checking '/workspaces/PHOENIX/src/main_ws/src/install/ros_babel_fish/lib/python3.10/site-packages'
[14.607s] Level 1:colcon.colcon_core.environment:checking '/workspaces/PHOENIX/src/main_ws/src/install/ros_babel_fish/bin'
[14.608s] INFO:colcon.colcon_core.shell:Creating package script '/workspaces/PHOENIX/src/main_ws/src/install/ros_babel_fish/share/ros_babel_fish/package.ps1'
[14.609s] INFO:colcon.colcon_core.shell:Creating package descriptor '/workspaces/PHOENIX/src/main_ws/src/install/ros_babel_fish/share/ros_babel_fish/package.dsv'
[14.610s] INFO:colcon.colcon_core.shell:Creating package script '/workspaces/PHOENIX/src/main_ws/src/install/ros_babel_fish/share/ros_babel_fish/package.sh'
[14.610s] INFO:colcon.colcon_core.shell:Creating package script '/workspaces/PHOENIX/src/main_ws/src/install/ros_babel_fish/share/ros_babel_fish/package.bash'
[14.611s] INFO:colcon.colcon_core.shell:Creating package script '/workspaces/PHOENIX/src/main_ws/src/install/ros_babel_fish/share/ros_babel_fish/package.zsh'
[14.612s] Level 1:colcon.colcon_core.environment:create_file_with_runtime_dependencies(/workspaces/PHOENIX/src/main_ws/src/install/ros_babel_fish/share/colcon-core/packages/ros_babel_fish)
[14.623s] DEBUG:colcon.colcon_parallel_executor.executor.parallel:closing loop
[14.623s] DEBUG:colcon.colcon_parallel_executor.executor.parallel:loop closed
[14.623s] DEBUG:colcon.colcon_parallel_executor.executor.parallel:run_until_complete finished with '2'
[14.623s] DEBUG:colcon.colcon_core.event_reactor:joining thread
[14.653s] INFO:colcon.colcon_core.plugin_system:Skipping extension 'colcon_notification.desktop_notification.notify_send': Could not find 'notify-send'
[14.653s] INFO:colcon.colcon_core.plugin_system:Skipping extension 'colcon_notification.desktop_notification.terminal_notifier': Not used on non-Darwin systems
[14.653s] INFO:colcon.colcon_core.plugin_system:Skipping extension 'colcon_notification.desktop_notification.win32': Not used on non-Windows systems
[14.653s] INFO:colcon.colcon_notification.desktop_notification:Sending desktop notification using 'notify2'
[14.660s] DEBUG:colcon.colcon_notification.desktop_notification.notify2:Failed to initialize notify2: org.freedesktop.DBus.Error.Spawn.ExecFailed: /usr/bin/dbus-launch terminated abnormally without any error message
[14.661s] DEBUG:colcon.colcon_core.event_reactor:joined thread
[14.663s] INFO:colcon.colcon_core.shell:Creating prefix script '/workspaces/PHOENIX/src/main_ws/src/install/local_setup.ps1'
[14.667s] INFO:colcon.colcon_core.shell:Creating prefix util module '/workspaces/PHOENIX/src/main_ws/src/install/_local_setup_util_ps1.py'
[14.671s] INFO:colcon.colcon_core.shell:Creating prefix chain script '/workspaces/PHOENIX/src/main_ws/src/install/setup.ps1'
[14.675s] INFO:colcon.colcon_core.shell:Creating prefix script '/workspaces/PHOENIX/src/main_ws/src/install/local_setup.sh'
[14.677s] INFO:colcon.colcon_core.shell:Creating prefix util module '/workspaces/PHOENIX/src/main_ws/src/install/_local_setup_util_sh.py'
[14.678s] INFO:colcon.colcon_core.shell:Creating prefix chain script '/workspaces/PHOENIX/src/main_ws/src/install/setup.sh'
[14.681s] INFO:colcon.colcon_core.shell:Creating prefix script '/workspaces/PHOENIX/src/main_ws/src/install/local_setup.bash'
[14.683s] INFO:colcon.colcon_core.shell:Creating prefix chain script '/workspaces/PHOENIX/src/main_ws/src/install/setup.bash'
[14.684s] INFO:colcon.colcon_core.shell:Creating prefix script '/workspaces/PHOENIX/src/main_ws/src/install/local_setup.zsh'
[14.686s] INFO:colcon.colcon_core.shell:Creating prefix chain script '/workspaces/PHOENIX/src/main_ws/src/install/setup.zsh'
