[0.119s] Invoking command in '/workspaces/PHOENIX/src/main_ws/build/perception': CMAKE_PREFIX_PATH=/opt/ros/humble /usr/bin/cmake --build /workspaces/PHOENIX/src/main_ws/build/perception -- -j12 -l12
[0.506s] -- Found ament_cmake: 1.3.10 (/opt/ros/humble/share/ament_cmake/cmake)
[0.945s] -- Found Python3: /usr/bin/python3 (found version "3.10.12") found components: Interpreter 
[1.153s] -- Found rclcpp: 16.0.10 (/opt/ros/humble/share/rclcpp/cmake)
[1.293s] -- Found rosidl_generator_c: 3.1.5 (/opt/ros/humble/share/rosidl_generator_c/cmake)
[1.307s] -- Found rosidl_adapter: 3.1.5 (/opt/ros/humble/share/rosidl_adapter/cmake)
[1.333s] -- Found rosidl_generator_cpp: 3.1.5 (/opt/ros/humble/share/rosidl_generator_cpp/cmake)
[1.372s] -- Using all available rosidl_typesupport_c: rosidl_typesupport_fastrtps_c;rosidl_typesupport_introspection_c
[1.423s] -- Using all available rosidl_typesupport_cpp: rosidl_typesupport_fastrtps_cpp;rosidl_typesupport_introspection_cpp
[1.617s] -- Found rmw_implementation_cmake: 6.1.2 (/opt/ros/humble/share/rmw_implementation_cmake/cmake)
[1.627s] -- Found rmw_fastrtps_cpp: 6.2.7 (/opt/ros/humble/share/rmw_fastrtps_cpp/cmake)
[1.916s] -- Using RMW implementation 'rmw_fastrtps_cpp' as default
[2.066s] -- Found ament_lint_auto: 0.12.11 (/opt/ros/humble/share/ament_lint_auto/cmake)
[2.248s] -- Added test 'cppcheck' to perform static code analysis on C / C++ code
[2.248s] -- Configured cppcheck include dirs: 
[2.249s] -- Configured cppcheck exclude dirs and/or files: 
[2.249s] -- Added test 'lint_cmake' to check CMake code style
[2.250s] -- Added test 'uncrustify' to check C / C++ code style
[2.250s] -- Configured uncrustify additional arguments: 
[2.251s] -- Added test 'xmllint' to check XML markup files
[2.254s] -- Configuring done
[2.290s] -- Generating done
[2.293s] -- Build files have been written to: /workspaces/PHOENIX/src/main_ws/build/perception
[2.336s] [ 50%] [32mBuilding CXX object CMakeFiles/camera.dir/src/camera.cpp.o[0m
[57.972s] [100%] [32m[1mLinking CXX executable camera[0m
[59.444s] [100%] Built target camera
[59.664s] Invoked command in '/workspaces/PHOENIX/src/main_ws/build/perception' returned '0': CMAKE_PREFIX_PATH=/opt/ros/humble /usr/bin/cmake --build /workspaces/PHOENIX/src/main_ws/build/perception -- -j12 -l12
[59.723s] Invoking command in '/workspaces/PHOENIX/src/main_ws/build/perception': CMAKE_PREFIX_PATH=/opt/ros/humble /usr/bin/cmake --install /workspaces/PHOENIX/src/main_ws/build/perception
[59.729s] -- Install configuration: ""
[59.730s] -- Installing: /workspaces/PHOENIX/src/main_ws/install/perception/lib/perception/camera
[59.737s] -- Set runtime path of "/workspaces/PHOENIX/src/main_ws/install/perception/lib/perception/camera" to ""
[59.737s] -- Up-to-date: /workspaces/PHOENIX/src/main_ws/install/perception/share/ament_index/resource_index/package_run_dependencies/perception
[59.738s] -- Up-to-date: /workspaces/PHOENIX/src/main_ws/install/perception/share/ament_index/resource_index/parent_prefix_path/perception
[59.739s] -- Installing: /workspaces/PHOENIX/src/main_ws/install/perception/share/perception/environment/ament_prefix_path.sh
[59.739s] -- Installing: /workspaces/PHOENIX/src/main_ws/install/perception/share/perception/environment/ament_prefix_path.dsv
[59.739s] -- Installing: /workspaces/PHOENIX/src/main_ws/install/perception/share/perception/environment/path.sh
[59.741s] -- Installing: /workspaces/PHOENIX/src/main_ws/install/perception/share/perception/environment/path.dsv
[59.742s] -- Up-to-date: /workspaces/PHOENIX/src/main_ws/install/perception/share/perception/local_setup.bash
[59.742s] -- Up-to-date: /workspaces/PHOENIX/src/main_ws/install/perception/share/perception/local_setup.sh
[59.742s] -- Up-to-date: /workspaces/PHOENIX/src/main_ws/install/perception/share/perception/local_setup.zsh
[59.743s] -- Installing: /workspaces/PHOENIX/src/main_ws/install/perception/share/perception/local_setup.dsv
[59.743s] -- Installing: /workspaces/PHOENIX/src/main_ws/install/perception/share/perception/package.dsv
[59.743s] -- Up-to-date: /workspaces/PHOENIX/src/main_ws/install/perception/share/ament_index/resource_index/packages/perception
[59.743s] -- Up-to-date: /workspaces/PHOENIX/src/main_ws/install/perception/share/perception/cmake/perceptionConfig.cmake
[59.743s] -- Up-to-date: /workspaces/PHOENIX/src/main_ws/install/perception/share/perception/cmake/perceptionConfig-version.cmake
[59.744s] -- Up-to-date: /workspaces/PHOENIX/src/main_ws/install/perception/share/perception/package.xml
[59.819s] Invoked command in '/workspaces/PHOENIX/src/main_ws/build/perception' returned '0': CMAKE_PREFIX_PATH=/opt/ros/humble /usr/bin/cmake --install /workspaces/PHOENIX/src/main_ws/build/perception
