[0.051s] Invoking command in '/workspaces/PHOENIX/src/main_ws/src/build/perception': CMAKE_PREFIX_PATH=/opt/ros/humble /usr/bin/cmake /workspaces/PHOENIX/src/main_ws/src/perception -DCMAKE_INSTALL_PREFIX=/workspaces/PHOENIX/src/main_ws/src/install/perception
[0.811s] -- The C compiler identification is GNU 11.4.0
[1.324s] -- The CXX compiler identification is GNU 11.4.0
[1.344s] -- Detecting C compiler ABI info
[1.528s] -- Detecting C compiler ABI info - done
[1.536s] -- Check for working C compiler: /usr/bin/cc - skipped
[1.537s] -- Detecting C compile features
[1.540s] -- Detecting C compile features - done
[1.547s] -- Detecting CXX compiler ABI info
[1.701s] -- Detecting CXX compiler ABI info - done
[1.711s] -- Check for working CXX compiler: /usr/bin/c++ - skipped
[1.711s] -- Detecting CXX compile features
[1.712s] -- Detecting CXX compile features - done
[1.747s] -- Found ament_cmake: 1.3.10 (/opt/ros/humble/share/ament_cmake/cmake)
[1.984s] -- Found Python3: /usr/bin/python3 (found version "3.10.12") found components: Interpreter 
[2.192s] -- Found rclcpp: 16.0.10 (/opt/ros/humble/share/rclcpp/cmake)
[2.315s] -- Found rosidl_generator_c: 3.1.5 (/opt/ros/humble/share/rosidl_generator_c/cmake)
[2.329s] -- Found rosidl_adapter: 3.1.5 (/opt/ros/humble/share/rosidl_adapter/cmake)
[2.356s] -- Found rosidl_generator_cpp: 3.1.5 (/opt/ros/humble/share/rosidl_generator_cpp/cmake)
[2.400s] -- Using all available rosidl_typesupport_c: rosidl_typesupport_fastrtps_c;rosidl_typesupport_introspection_c
[2.439s] -- Using all available rosidl_typesupport_cpp: rosidl_typesupport_fastrtps_cpp;rosidl_typesupport_introspection_cpp
[2.548s] -- Found rmw_implementation_cmake: 6.1.2 (/opt/ros/humble/share/rmw_implementation_cmake/cmake)
[2.554s] -- Found rmw_fastrtps_cpp: 6.2.7 (/opt/ros/humble/share/rmw_fastrtps_cpp/cmake)
[2.725s] -- Found OpenSSL: /usr/lib/x86_64-linux-gnu/libcrypto.so (found version "3.0.2")  
[2.776s] -- Found FastRTPS: /opt/ros/humble/include  
[2.831s] -- Using RMW implementation 'rmw_fastrtps_cpp' as default
[2.850s] -- Looking for pthread.h
[2.945s] -- Looking for pthread.h - found
[2.947s] -- Performing Test CMAKE_HAVE_LIBC_PTHREAD
[3.031s] -- Performing Test CMAKE_HAVE_LIBC_PTHREAD - Success
[3.032s] -- Found Threads: TRUE  
[3.130s] -- Found ament_lint_auto: 0.12.11 (/opt/ros/humble/share/ament_lint_auto/cmake)
[3.225s] -- Added test 'cppcheck' to perform static code analysis on C / C++ code
[3.225s] -- Configured cppcheck include dirs: 
[3.225s] -- Configured cppcheck exclude dirs and/or files: 
[3.227s] -- Added test 'lint_cmake' to check CMake code style
[3.228s] -- Added test 'uncrustify' to check C / C++ code style
[3.229s] -- Configured uncrustify additional arguments: 
[3.229s] -- Added test 'xmllint' to check XML markup files
[3.231s] -- Configuring done
[3.268s] -- Generating done
[3.272s] -- Build files have been written to: /workspaces/PHOENIX/src/main_ws/src/build/perception
[3.301s] Invoked command in '/workspaces/PHOENIX/src/main_ws/src/build/perception' returned '0': CMAKE_PREFIX_PATH=/opt/ros/humble /usr/bin/cmake /workspaces/PHOENIX/src/main_ws/src/perception -DCMAKE_INSTALL_PREFIX=/workspaces/PHOENIX/src/main_ws/src/install/perception
[3.303s] Invoking command in '/workspaces/PHOENIX/src/main_ws/src/build/perception': CMAKE_PREFIX_PATH=/opt/ros/humble /usr/bin/cmake --build /workspaces/PHOENIX/src/main_ws/src/build/perception -- -j12 -l12
[3.359s] [ 50%] [32mBuilding CXX object CMakeFiles/camera.dir/src/camera.cpp.o[0m
[71.121s] gmake[2]: *** [CMakeFiles/camera.dir/build.make:76: CMakeFiles/camera.dir/src/camera.cpp.o] Interrupt
[71.138s] gmake[1]: *** [CMakeFiles/Makefile2:137: CMakeFiles/camera.dir/all] Interrupt
[71.138s] gmake: *** [Makefile:146: all] Interrupt
