[0.134s] Invoking command in '/workspaces/PHOENIX/src/main_ws/src/build/controls': CMAKE_PREFIX_PATH=/opt/ros/humble /usr/bin/cmake --build /workspaces/PHOENIX/src/main_ws/src/build/controls -- -j12 -l12
[0.667s] [ 33%] Built target drivetrain
[0.677s] [ 66%] Built target dump
[0.680s] [100%] Built target dig
[0.707s] Invoked command in '/workspaces/PHOENIX/src/main_ws/src/build/controls' returned '0': CMAKE_PREFIX_PATH=/opt/ros/humble /usr/bin/cmake --build /workspaces/PHOENIX/src/main_ws/src/build/controls -- -j12 -l12
[0.761s] Invoking command in '/workspaces/PHOENIX/src/main_ws/src/build/controls': CMAKE_PREFIX_PATH=/opt/ros/humble /usr/bin/cmake --install /workspaces/PHOENIX/src/main_ws/src/build/controls
[0.769s] -- Install configuration: ""
[0.772s] -- Up-to-date: /workspaces/PHOENIX/src/main_ws/src/install/controls/lib/controls/drivetrain
[0.774s] -- Up-to-date: /workspaces/PHOENIX/src/main_ws/src/install/controls/lib/controls/dig
[0.775s] -- Up-to-date: /workspaces/PHOENIX/src/main_ws/src/install/controls/lib/controls/dump
[0.775s] -- Up-to-date: /workspaces/PHOENIX/src/main_ws/src/install/controls/share/ament_index/resource_index/package_run_dependencies/controls
[0.776s] -- Up-to-date: /workspaces/PHOENIX/src/main_ws/src/install/controls/share/ament_index/resource_index/parent_prefix_path/controls
[0.777s] -- Up-to-date: /workspaces/PHOENIX/src/main_ws/src/install/controls/share/controls/environment/ament_prefix_path.sh
[0.777s] -- Up-to-date: /workspaces/PHOENIX/src/main_ws/src/install/controls/share/controls/environment/ament_prefix_path.dsv
[0.778s] -- Up-to-date: /workspaces/PHOENIX/src/main_ws/src/install/controls/share/controls/environment/path.sh
[0.778s] -- Up-to-date: /workspaces/PHOENIX/src/main_ws/src/install/controls/share/controls/environment/path.dsv
[0.778s] -- Up-to-date: /workspaces/PHOENIX/src/main_ws/src/install/controls/share/controls/local_setup.bash
[0.778s] -- Up-to-date: /workspaces/PHOENIX/src/main_ws/src/install/controls/share/controls/local_setup.sh
[0.778s] -- Up-to-date: /workspaces/PHOENIX/src/main_ws/src/install/controls/share/controls/local_setup.zsh
[0.778s] -- Up-to-date: /workspaces/PHOENIX/src/main_ws/src/install/controls/share/controls/local_setup.dsv
[0.779s] -- Installing: /workspaces/PHOENIX/src/main_ws/src/install/controls/share/controls/package.dsv
[0.780s] -- Up-to-date: /workspaces/PHOENIX/src/main_ws/src/install/controls/share/ament_index/resource_index/packages/controls
[0.781s] -- Up-to-date: /workspaces/PHOENIX/src/main_ws/src/install/controls/share/controls/cmake/controlsConfig.cmake
[0.781s] -- Up-to-date: /workspaces/PHOENIX/src/main_ws/src/install/controls/share/controls/cmake/controlsConfig-version.cmake
[0.782s] -- Up-to-date: /workspaces/PHOENIX/src/main_ws/src/install/controls/share/controls/package.xml
[0.792s] Invoked command in '/workspaces/PHOENIX/src/main_ws/src/build/controls' returned '0': CMAKE_PREFIX_PATH=/opt/ros/humble /usr/bin/cmake --install /workspaces/PHOENIX/src/main_ws/src/build/controls
