[0.053s] Invoking command in '/workspaces/PHOENIX/src/main_ws/src/build/drive_station': CMAKE_PREFIX_PATH=/opt/ros/humble /usr/bin/cmake --build /workspaces/PHOENIX/src/main_ws/src/build/drive_station -- -j12 -l12
[0.175s] Invoked command in '/workspaces/PHOENIX/src/main_ws/src/build/drive_station' returned '0': CMAKE_PREFIX_PATH=/opt/ros/humble /usr/bin/cmake --build /workspaces/PHOENIX/src/main_ws/src/build/drive_station -- -j12 -l12
[0.302s] Invoking command in '/workspaces/PHOENIX/src/main_ws/src/build/drive_station': CMAKE_PREFIX_PATH=/opt/ros/humble /usr/bin/cmake --install /workspaces/PHOENIX/src/main_ws/src/build/drive_station
[0.336s] -- Install configuration: ""
[0.336s] -- Up-to-date: /workspaces/PHOENIX/src/main_ws/src/install/drive_station/share/ament_index/resource_index/package_run_dependencies/drive_station
[0.336s] -- Up-to-date: /workspaces/PHOENIX/src/main_ws/src/install/drive_station/share/ament_index/resource_index/parent_prefix_path/drive_station
[0.336s] -- Up-to-date: /workspaces/PHOENIX/src/main_ws/src/install/drive_station/share/drive_station/environment/ament_prefix_path.sh
[0.336s] -- Up-to-date: /workspaces/PHOENIX/src/main_ws/src/install/drive_station/share/drive_station/environment/ament_prefix_path.dsv
[0.337s] -- Up-to-date: /workspaces/PHOENIX/src/main_ws/src/install/drive_station/share/drive_station/environment/path.sh
[0.337s] -- Up-to-date: /workspaces/PHOENIX/src/main_ws/src/install/drive_station/share/drive_station/environment/path.dsv
[0.337s] -- Up-to-date: /workspaces/PHOENIX/src/main_ws/src/install/drive_station/share/drive_station/local_setup.bash
[0.337s] -- Up-to-date: /workspaces/PHOENIX/src/main_ws/src/install/drive_station/share/drive_station/local_setup.sh
[0.337s] -- Up-to-date: /workspaces/PHOENIX/src/main_ws/src/install/drive_station/share/drive_station/local_setup.zsh
[0.338s] -- Up-to-date: /workspaces/PHOENIX/src/main_ws/src/install/drive_station/share/drive_station/local_setup.dsv
[0.338s] -- Installing: /workspaces/PHOENIX/src/main_ws/src/install/drive_station/share/drive_station/package.dsv
[0.340s] -- Up-to-date: /workspaces/PHOENIX/src/main_ws/src/install/drive_station/share/ament_index/resource_index/packages/drive_station
[0.344s] -- Up-to-date: /workspaces/PHOENIX/src/main_ws/src/install/drive_station/share/drive_station/cmake/drive_stationConfig.cmake
[0.344s] -- Up-to-date: /workspaces/PHOENIX/src/main_ws/src/install/drive_station/share/drive_station/cmake/drive_stationConfig-version.cmake
[0.344s] -- Up-to-date: /workspaces/PHOENIX/src/main_ws/src/install/drive_station/share/drive_station/package.xml
[0.418s] Invoked command in '/workspaces/PHOENIX/src/main_ws/src/build/drive_station' returned '0': CMAKE_PREFIX_PATH=/opt/ros/humble /usr/bin/cmake --install /workspaces/PHOENIX/src/main_ws/src/build/drive_station
