[0.068s] Invoking command in '/workspaces/PHOENIX/src/main_ws/src/build/controls': CMAKE_PREFIX_PATH=/opt/ros/humble /usr/bin/cmake --build /workspaces/PHOENIX/src/main_ws/src/build/controls -- -j12 -l12
[0.343s] [35m[1mConsolidate compiler generated dependencies of target dig[0m
[0.344s] [35m[1mConsolidate compiler generated dependencies of target drivetrain[0m
[0.344s] [35m[1mConsolidate compiler generated dependencies of target dump[0m
[0.418s] [ 33%] Built target drivetrain
[0.429s] [ 66%] Built target dump
[0.435s] [100%] Built target dig
[0.734s] Invoked command in '/workspaces/PHOENIX/src/main_ws/src/build/controls' returned '0': CMAKE_PREFIX_PATH=/opt/ros/humble /usr/bin/cmake --build /workspaces/PHOENIX/src/main_ws/src/build/controls -- -j12 -l12
[0.847s] Invoking command in '/workspaces/PHOENIX/src/main_ws/src/build/controls': CMAKE_PREFIX_PATH=/opt/ros/humble /usr/bin/cmake --install /workspaces/PHOENIX/src/main_ws/src/build/controls
[0.887s] -- Install configuration: ""
[0.890s] -- Up-to-date: /workspaces/PHOENIX/src/main_ws/src/install/controls/lib/controls/drivetrain
[0.892s] -- Up-to-date: /workspaces/PHOENIX/src/main_ws/src/install/controls/lib/controls/dig
[0.893s] -- Up-to-date: /workspaces/PHOENIX/src/main_ws/src/install/controls/lib/controls/dump
[0.894s] -- Up-to-date: /workspaces/PHOENIX/src/main_ws/src/install/controls/share/ament_index/resource_index/package_run_dependencies/controls
[0.895s] -- Up-to-date: /workspaces/PHOENIX/src/main_ws/src/install/controls/share/ament_index/resource_index/parent_prefix_path/controls
[0.898s] -- Up-to-date: /workspaces/PHOENIX/src/main_ws/src/install/controls/share/controls/environment/ament_prefix_path.sh
[0.898s] -- Up-to-date: /workspaces/PHOENIX/src/main_ws/src/install/controls/share/controls/environment/ament_prefix_path.dsv
[0.901s] -- Up-to-date: /workspaces/PHOENIX/src/main_ws/src/install/controls/share/controls/environment/path.sh
[0.901s] -- Up-to-date: /workspaces/PHOENIX/src/main_ws/src/install/controls/share/controls/environment/path.dsv
[0.902s] -- Up-to-date: /workspaces/PHOENIX/src/main_ws/src/install/controls/share/controls/local_setup.bash
[0.902s] -- Up-to-date: /workspaces/PHOENIX/src/main_ws/src/install/controls/share/controls/local_setup.sh
[0.902s] -- Up-to-date: /workspaces/PHOENIX/src/main_ws/src/install/controls/share/controls/local_setup.zsh
[0.902s] -- Up-to-date: /workspaces/PHOENIX/src/main_ws/src/install/controls/share/controls/local_setup.dsv
[0.903s] -- Installing: /workspaces/PHOENIX/src/main_ws/src/install/controls/share/controls/package.dsv
[0.904s] -- Up-to-date: /workspaces/PHOENIX/src/main_ws/src/install/controls/share/ament_index/resource_index/packages/controls
[0.906s] -- Up-to-date: /workspaces/PHOENIX/src/main_ws/src/install/controls/share/controls/cmake/controlsConfig.cmake
[0.906s] -- Up-to-date: /workspaces/PHOENIX/src/main_ws/src/install/controls/share/controls/cmake/controlsConfig-version.cmake
[0.907s] -- Up-to-date: /workspaces/PHOENIX/src/main_ws/src/install/controls/share/controls/package.xml
[0.920s] Invoked command in '/workspaces/PHOENIX/src/main_ws/src/build/controls' returned '0': CMAKE_PREFIX_PATH=/opt/ros/humble /usr/bin/cmake --install /workspaces/PHOENIX/src/main_ws/src/build/controls
