[0.055s] Invoking command in '/workspaces/PHOENIX/src/main_ws/build/controls': CMAKE_PREFIX_PATH=/opt/ros/humble /usr/bin/cmake --build /workspaces/PHOENIX/src/main_ws/build/controls -- -j12 -l12
[0.352s] [ 33%] Built target dump
[0.352s] [ 66%] Built target drivetrain
[0.352s] [100%] Built target dig
[0.396s] Invoked command in '/workspaces/PHOENIX/src/main_ws/build/controls' returned '0': CMAKE_PREFIX_PATH=/opt/ros/humble /usr/bin/cmake --build /workspaces/PHOENIX/src/main_ws/build/controls -- -j12 -l12
[0.511s] Invoking command in '/workspaces/PHOENIX/src/main_ws/build/controls': CMAKE_PREFIX_PATH=/opt/ros/humble /usr/bin/cmake --install /workspaces/PHOENIX/src/main_ws/build/controls
[0.524s] -- Install configuration: ""
[0.524s] -- Up-to-date: /workspaces/PHOENIX/src/main_ws/install/controls/lib/controls/drivetrain
[0.524s] -- Up-to-date: /workspaces/PHOENIX/src/main_ws/install/controls/lib/controls/dig
[0.524s] -- Up-to-date: /workspaces/PHOENIX/src/main_ws/install/controls/lib/controls/dump
[0.525s] -- Up-to-date: /workspaces/PHOENIX/src/main_ws/install/controls/share/ament_index/resource_index/package_run_dependencies/controls
[0.525s] -- Up-to-date: /workspaces/PHOENIX/src/main_ws/install/controls/share/ament_index/resource_index/parent_prefix_path/controls
[0.525s] -- Up-to-date: /workspaces/PHOENIX/src/main_ws/install/controls/share/controls/environment/ament_prefix_path.sh
[0.525s] -- Up-to-date: /workspaces/PHOENIX/src/main_ws/install/controls/share/controls/environment/ament_prefix_path.dsv
[0.525s] -- Up-to-date: /workspaces/PHOENIX/src/main_ws/install/controls/share/controls/environment/path.sh
[0.525s] -- Up-to-date: /workspaces/PHOENIX/src/main_ws/install/controls/share/controls/environment/path.dsv
[0.526s] -- Up-to-date: /workspaces/PHOENIX/src/main_ws/install/controls/share/controls/local_setup.bash
[0.526s] -- Up-to-date: /workspaces/PHOENIX/src/main_ws/install/controls/share/controls/local_setup.sh
[0.526s] -- Up-to-date: /workspaces/PHOENIX/src/main_ws/install/controls/share/controls/local_setup.zsh
[0.526s] -- Up-to-date: /workspaces/PHOENIX/src/main_ws/install/controls/share/controls/local_setup.dsv
[0.526s] -- Installing: /workspaces/PHOENIX/src/main_ws/install/controls/share/controls/package.dsv
[0.532s] -- Up-to-date: /workspaces/PHOENIX/src/main_ws/install/controls/share/ament_index/resource_index/packages/controls
[0.533s] -- Up-to-date: /workspaces/PHOENIX/src/main_ws/install/controls/share/controls/cmake/controlsConfig.cmake
[0.533s] -- Up-to-date: /workspaces/PHOENIX/src/main_ws/install/controls/share/controls/cmake/controlsConfig-version.cmake
[0.533s] -- Up-to-date: /workspaces/PHOENIX/src/main_ws/install/controls/share/controls/package.xml
[0.546s] Invoked command in '/workspaces/PHOENIX/src/main_ws/build/controls' returned '0': CMAKE_PREFIX_PATH=/opt/ros/humble /usr/bin/cmake --install /workspaces/PHOENIX/src/main_ws/build/controls
