[0.092s] Invoking command in '/workspaces/PHOENIX/src/main_ws/src/build/teleop': CMAKE_PREFIX_PATH=/opt/ros/humble /usr/bin/cmake --build /workspaces/PHOENIX/src/main_ws/src/build/teleop -- -j12 -l12
[0.364s] Invoked command in '/workspaces/PHOENIX/src/main_ws/src/build/teleop' returned '0': CMAKE_PREFIX_PATH=/opt/ros/humble /usr/bin/cmake --build /workspaces/PHOENIX/src/main_ws/src/build/teleop -- -j12 -l12
[0.413s] Invoking command in '/workspaces/PHOENIX/src/main_ws/src/build/teleop': CMAKE_PREFIX_PATH=/opt/ros/humble /usr/bin/cmake --install /workspaces/PHOENIX/src/main_ws/src/build/teleop
[0.423s] -- Install configuration: ""
[0.424s] -- Up-to-date: /workspaces/PHOENIX/src/main_ws/src/install/teleop/share/ament_index/resource_index/package_run_dependencies/teleop
[0.430s] -- Up-to-date: /workspaces/PHOENIX/src/main_ws/src/install/teleop/share/ament_index/resource_index/parent_prefix_path/teleop
[0.438s] -- Up-to-date: /workspaces/PHOENIX/src/main_ws/src/install/teleop/share/teleop/environment/ament_prefix_path.sh
[0.444s] -- Up-to-date: /workspaces/PHOENIX/src/main_ws/src/install/teleop/share/teleop/environment/ament_prefix_path.dsv
[0.445s] -- Up-to-date: /workspaces/PHOENIX/src/main_ws/src/install/teleop/share/teleop/environment/path.sh
[0.445s] -- Up-to-date: /workspaces/PHOENIX/src/main_ws/src/install/teleop/share/teleop/environment/path.dsv
[0.451s] -- Up-to-date: /workspaces/PHOENIX/src/main_ws/src/install/teleop/share/teleop/local_setup.bash
[0.451s] -- Up-to-date: /workspaces/PHOENIX/src/main_ws/src/install/teleop/share/teleop/local_setup.sh
[0.452s] -- Up-to-date: /workspaces/PHOENIX/src/main_ws/src/install/teleop/share/teleop/local_setup.zsh
[0.452s] -- Up-to-date: /workspaces/PHOENIX/src/main_ws/src/install/teleop/share/teleop/local_setup.dsv
[0.452s] -- Installing: /workspaces/PHOENIX/src/main_ws/src/install/teleop/share/teleop/package.dsv
[0.454s] -- Up-to-date: /workspaces/PHOENIX/src/main_ws/src/install/teleop/share/ament_index/resource_index/packages/teleop
[0.458s] -- Up-to-date: /workspaces/PHOENIX/src/main_ws/src/install/teleop/share/teleop/cmake/teleopConfig.cmake
[0.458s] -- Up-to-date: /workspaces/PHOENIX/src/main_ws/src/install/teleop/share/teleop/cmake/teleopConfig-version.cmake
[0.459s] -- Up-to-date: /workspaces/PHOENIX/src/main_ws/src/install/teleop/share/teleop/package.xml
[0.526s] Invoked command in '/workspaces/PHOENIX/src/main_ws/src/build/teleop' returned '0': CMAKE_PREFIX_PATH=/opt/ros/humble /usr/bin/cmake --install /workspaces/PHOENIX/src/main_ws/src/build/teleop
