[0.026s] Invoking command in '/workspaces/PHOENIX/src/main_ws/src/build/ros_babel_fish': AMENT_PREFIX_PATH=/workspaces/PHOENIX/src/main_ws/src/install/ros_babel_fish_test_msgs:${AMENT_PREFIX_PATH} CMAKE_PREFIX_PATH=/workspaces/PHOENIX/src/main_ws/src/install/ros_babel_fish_test_msgs:/opt/ros/humble LD_LIBRARY_PATH=/workspaces/PHOENIX/src/main_ws/src/install/ros_babel_fish_test_msgs/lib:${LD_LIBRARY_PATH} PYTHONPATH=/workspaces/PHOENIX/src/main_ws/src/install/ros_babel_fish_test_msgs/local/lib/python3.10/dist-packages:${PYTHONPATH} /usr/bin/cmake --build /workspaces/PHOENIX/src/main_ws/src/build/ros_babel_fish -- -j12 -l12
[0.068s] -- Found ament_cmake: 1.3.10 (/opt/ros/humble/share/ament_cmake/cmake)
[0.256s] -- Found ament_index_cpp: 1.4.0 (/opt/ros/humble/share/ament_index_cpp/cmake)
[0.258s] -- Found rclcpp: 16.0.10 (/opt/ros/humble/share/rclcpp/cmake)
[0.295s] -- Found rosidl_generator_c: 3.1.5 (/opt/ros/humble/share/rosidl_generator_c/cmake)
[0.298s] -- Found rosidl_adapter: 3.1.5 (/opt/ros/humble/share/rosidl_adapter/cmake)
[0.306s] -- Found rosidl_generator_cpp: 3.1.5 (/opt/ros/humble/share/rosidl_generator_cpp/cmake)
[0.316s] -- Using all available rosidl_typesupport_c: rosidl_typesupport_fastrtps_c;rosidl_typesupport_introspection_c
[0.341s] -- Using all available rosidl_typesupport_cpp: rosidl_typesupport_fastrtps_cpp;rosidl_typesupport_introspection_cpp
[0.457s] -- Found rmw_implementation_cmake: 6.1.2 (/opt/ros/humble/share/rmw_implementation_cmake/cmake)
[0.466s] -- Found rmw_fastrtps_cpp: 6.2.7 (/opt/ros/humble/share/rmw_fastrtps_cpp/cmake)
[0.690s] -- Using RMW implementation 'rmw_fastrtps_cpp' as default
[0.812s] -- Found rclcpp_action: 16.0.10 (/opt/ros/humble/share/rclcpp_action/cmake)
[0.876s] -- Found ament_lint_auto: 0.12.11 (/opt/ros/humble/share/ament_lint_auto/cmake)
[1.051s] -- Found action_tutorials_interfaces: 0.20.5 (/opt/ros/humble/share/action_tutorials_interfaces/cmake)
[1.080s] -- Found gtest sources under '/opt/ros/humble/src/gtest_vendor': C++ tests using 'Google Test' will be built
[1.126s] -- Added test 'cppcheck' to perform static code analysis on C / C++ code
[1.127s] -- Configured cppcheck include dirs: /workspaces/PHOENIX/src/main_ws/src/ros_babel_fish/ros_babel_fish/include;$<BUILD_INTERFACE:/workspaces/PHOENIX/src/main_ws/src/ros_babel_fish/ros_babel_fish/include>
[1.127s] -- Configured cppcheck exclude dirs and/or files: 
[1.131s] -- Configuring done
[1.253s] -- Generating done
[1.261s] -- Build files have been written to: /workspaces/PHOENIX/src/main_ws/src/build/ros_babel_fish
[1.296s] [35m[1mConsolidate compiler generated dependencies of target gtest_main[0m
[1.296s] [35m[1mConsolidate compiler generated dependencies of target gtest[0m
[1.314s] [  4%] Built target gtest_main
[1.315s] [35m[1mConsolidate compiler generated dependencies of target ros_babel_fish[0m
[1.318s] [  9%] Built target gtest
[1.378s] [ 11%] [32mBuilding CXX object CMakeFiles/ros_babel_fish.dir/src/detail/babel_fish_action_client.cpp.o[0m
[1.381s] [ 16%] [32mBuilding CXX object CMakeFiles/ros_babel_fish.dir/src/detail/babel_fish_publisher.cpp.o[0m
[1.381s] [ 16%] [32mBuilding CXX object CMakeFiles/ros_babel_fish.dir/src/detail/babel_fish_action_server.cpp.o[0m
[1.381s] [ 18%] [32mBuilding CXX object CMakeFiles/ros_babel_fish.dir/src/detail/babel_fish_service.cpp.o[0m
[1.388s] [ 20%] [32mBuilding CXX object CMakeFiles/ros_babel_fish.dir/src/detail/babel_fish_service_client.cpp.o[0m
[1.389s] [ 23%] [32mBuilding CXX object CMakeFiles/ros_babel_fish.dir/src/detail/babel_fish_subscription.cpp.o[0m
[1.395s] [ 25%] [32mBuilding CXX object CMakeFiles/ros_babel_fish.dir/src/idl/type_support_provider.cpp.o[0m
[1.396s] [ 27%] [32mBuilding CXX object CMakeFiles/ros_babel_fish.dir/src/idl/serialization.cpp.o[0m
[1.400s] [ 32%] [32mBuilding CXX object CMakeFiles/ros_babel_fish.dir/src/messages/array_message.cpp.o[0m
[1.400s] [ 32%] [32mBuilding CXX object CMakeFiles/ros_babel_fish.dir/src/idl/providers/local_type_support_provider.cpp.o[0m
[1.411s] [ 34%] [32mBuilding CXX object CMakeFiles/ros_babel_fish.dir/src/messages/compound_message.cpp.o[0m
[1.416s] [ 37%] [32mBuilding CXX object CMakeFiles/ros_babel_fish.dir/src/messages/message.cpp.o[0m
[7.665s] [ 39%] [32mBuilding CXX object CMakeFiles/ros_babel_fish.dir/src/babel_fish.cpp.o[0m
[7.666s] [ 41%] [32mBuilding CXX object CMakeFiles/ros_babel_fish.dir/src/detail/topic.cpp.o[0m
[14.036s] [01m[K/workspaces/PHOENIX/src/main_ws/src/ros_babel_fish/ros_babel_fish/src/detail/babel_fish_publisher.cpp:[m[K In constructor ‘[01m[Kros_babel_fish::BabelFishPublisher::BabelFishPublisher(rclcpp::node_interfaces::NodeBaseInterface*, const rosidl_message_type_support_t&, const string&, const rclcpp::QoS&, const PublisherOptions&)[m[K’:
[14.044s] [01m[K/workspaces/PHOENIX/src/main_ws/src/ros_babel_fish/ros_babel_fish/src/detail/babel_fish_publisher.cpp:20:25:[m[K [01;31m[Kerror: [m[Kno matching function for call to ‘[01m[Krclcpp::PublisherBase::PublisherBase(rclcpp::node_interfaces::NodeBaseInterface*&, const string&, const rosidl_message_type_support_t&, rcl_publisher_options_t, const rclcpp::PublisherEventCallbacks&, const bool&)[m[K’
[14.049s]    20 |       options_( options [01;31m[K)[m[K
[14.051s]       |                         [01;31m[K^[m[K
[14.053s] In file included from [01m[K/workspaces/PHOENIX/src/main_ws/src/ros_babel_fish/ros_babel_fish/include/ros_babel_fish/detail/babel_fish_publisher.hpp:10[m[K,
[14.056s]                  from [01m[K/workspaces/PHOENIX/src/main_ws/src/ros_babel_fish/ros_babel_fish/src/detail/babel_fish_publisher.cpp:4[m[K:
[14.058s] [01m[K/opt/ros/humble/include/rclcpp/rclcpp/publisher_base.hpp:77:3:[m[K [01;36m[Knote: [m[Kcandidate: ‘[01m[Krclcpp::PublisherBase::PublisherBase(rclcpp::node_interfaces::NodeBaseInterface*, const string&, const rosidl_message_type_support_t&, const rcl_publisher_options_t&)[m[K’
[14.065s]    77 |   [01;36m[KPublisherBase[m[K(
[14.067s]       |   [01;36m[K^~~~~~~~~~~~~[m[K
[14.068s] [01m[K/opt/ros/humble/include/rclcpp/rclcpp/publisher_base.hpp:77:3:[m[K [01;36m[Knote: [m[K  candidate expects 4 arguments, 6 provided
[14.071s] [01m[K/opt/ros/humble/include/rclcpp/rclcpp/publisher_base.hpp:60:7:[m[K [01;36m[Knote: [m[Kcandidate: ‘[01m[Krclcpp::PublisherBase::PublisherBase(const rclcpp::PublisherBase&)[m[K’
[14.073s]    60 | class [01;36m[KPublisherBase[m[K : public std::enable_shared_from_this<PublisherBase>
[14.087s]       |       [01;36m[K^~~~~~~~~~~~~[m[K
[14.089s] [01m[K/opt/ros/humble/include/rclcpp/rclcpp/publisher_base.hpp:60:7:[m[K [01;36m[Knote: [m[K  candidate expects 1 argument, 6 provided
[18.478s] In file included from [01m[K/workspaces/PHOENIX/src/main_ws/src/ros_babel_fish/ros_babel_fish/src/detail/babel_fish_subscription.cpp:5[m[K:
[18.479s] [01m[K/workspaces/PHOENIX/src/main_ws/src/ros_babel_fish/ros_babel_fish/include/ros_babel_fish/detail/babel_fish_subscription.hpp:22:76:[m[K [01;31m[Kerror: [m[Ktype/value mismatch at argument 1 in template parameter list for ‘[01m[Ktemplate<class _Tp> class std::shared_ptr[m[K’
[18.479s]    22 |       std::shared_ptr<rclcpp::topic_statistics::SubscriptionTopicStatistics[01;31m[K>[m[K;
[18.479s]       |                                                                            [01;31m[K^[m[K
[18.479s] [01m[K/workspaces/PHOENIX/src/main_ws/src/ros_babel_fish/ros_babel_fish/include/ros_babel_fish/detail/babel_fish_subscription.hpp:22:76:[m[K [01;36m[Knote: [m[K  expected a type, got ‘[01m[KSubscriptionTopicStatistics[m[K’
[18.485s] [01m[K/workspaces/PHOENIX/src/main_ws/src/ros_babel_fish/ros_babel_fish/include/ros_babel_fish/detail/babel_fish_subscription.hpp:33:7:[m[K [01;31m[Kerror: [m[K‘[01m[KSubscriptionTopicStatisticsSharedPtr[m[K’ has not been declared
[18.486s]    33 |       [01;31m[KSubscriptionTopicStatisticsSharedPtr[m[K subscription_topic_statistics = nullptr );
[18.486s]       |       [01;31m[K^~~~~~~~~~~~~~~~~~~~~~~~~~~~~~~~~~~~[m[K
[18.548s] [01m[K/workspaces/PHOENIX/src/main_ws/src/ros_babel_fish/ros_babel_fish/include/ros_babel_fish/detail/babel_fish_subscription.hpp:59:11:[m[K [01;31m[Kerror: [m[K‘[01m[Kdynamic_typesupport[m[K’ in namespace ‘[01m[Krclcpp[m[K’ does not name a type
[18.549s]    59 |   rclcpp::[01;31m[Kdynamic_typesupport[m[K::DynamicMessageType::SharedPtr get_shared_dynamic_message_type() override;
[18.549s]       |           [01;31m[K^~~~~~~~~~~~~~~~~~~[m[K
[18.550s] [01m[K/workspaces/PHOENIX/src/main_ws/src/ros_babel_fish/ros_babel_fish/include/ros_babel_fish/detail/babel_fish_subscription.hpp:61:11:[m[K [01;31m[Kerror: [m[K‘[01m[Kdynamic_typesupport[m[K’ in namespace ‘[01m[Krclcpp[m[K’ does not name a type
[18.552s]    61 |   rclcpp::[01;31m[Kdynamic_typesupport[m[K::DynamicMessage::SharedPtr get_shared_dynamic_message() override;
[18.553s]       |           [01;31m[K^~~~~~~~~~~~~~~~~~~[m[K
[18.559s] [01m[K/workspaces/PHOENIX/src/main_ws/src/ros_babel_fish/ros_babel_fish/include/ros_babel_fish/detail/babel_fish_subscription.hpp:63:11:[m[K [01;31m[Kerror: [m[K‘[01m[Kdynamic_typesupport[m[K’ in namespace ‘[01m[Krclcpp[m[K’ does not name a type
[18.561s]    63 |   rclcpp::[01;31m[Kdynamic_typesupport[m[K::DynamicSerializationSupport::SharedPtr
[18.570s]       |           [01;31m[K^~~~~~~~~~~~~~~~~~~[m[K
[18.571s] [01m[K/workspaces/PHOENIX/src/main_ws/src/ros_babel_fish/ros_babel_fish/include/ros_babel_fish/detail/babel_fish_subscription.hpp:66:11:[m[K [01;31m[Kerror: [m[K‘[01m[Kdynamic_typesupport[m[K’ in namespace ‘[01m[Krclcpp[m[K’ does not name a type
[18.572s]    66 |   rclcpp::[01;31m[Kdynamic_typesupport[m[K::DynamicMessage::SharedPtr create_dynamic_message() override;
[18.574s]       |           [01;31m[K^~~~~~~~~~~~~~~~~~~[m[K
[18.578s] [01m[K/workspaces/PHOENIX/src/main_ws/src/ros_babel_fish/ros_babel_fish/include/ros_babel_fish/detail/babel_fish_subscription.hpp:69:35:[m[K [01;31m[Kerror: [m[K‘[01m[Krclcpp::dynamic_typesupport[m[K’ has not been declared
[18.579s]    69 |   return_dynamic_message( rclcpp::[01;31m[Kdynamic_typesupport[m[K::DynamicMessage::SharedPtr &message ) override;
[18.580s]       |                                   [01;31m[K^~~~~~~~~~~~~~~~~~~[m[K
[18.580s] [01m[K/workspaces/PHOENIX/src/main_ws/src/ros_babel_fish/ros_babel_fish/include/ros_babel_fish/detail/babel_fish_subscription.hpp:69:82:[m[K [01;31m[Kerror: [m[Kexpected ‘[01m[K,[m[K’ or ‘[01m[K...[m[K’ before ‘[01m[K&[m[K’ token
[18.580s]    69 |   return_dynamic_message( rclcpp::dynamic_typesupport::DynamicMessage::SharedPtr [01;31m[K&[m[Kmessage ) override;
[18.580s]       |                                                                                  [01;31m[K^[m[K
[18.584s] [01m[K/workspaces/PHOENIX/src/main_ws/src/ros_babel_fish/ros_babel_fish/include/ros_babel_fish/detail/babel_fish_subscription.hpp:71:46:[m[K [01;31m[Kerror: [m[K‘[01m[Kdynamic_typesupport[m[K’ in namespace ‘[01m[Krclcpp[m[K’ does not name a type
[18.586s]    71 |   void handle_dynamic_message( const rclcpp::[01;31m[Kdynamic_typesupport[m[K::DynamicMessage::SharedPtr &message,
[18.587s]       |                                              [01;31m[K^~~~~~~~~~~~~~~~~~~[m[K
[18.587s] [01m[K/workspaces/PHOENIX/src/main_ws/src/ros_babel_fish/ros_babel_fish/include/ros_babel_fish/detail/babel_fish_subscription.hpp:71:81:[m[K [01;31m[Kerror: [m[Kexpected unqualified-id before ‘[01m[K::[m[K’ token
[18.587s]    71 |   void handle_dynamic_message( const rclcpp::dynamic_typesupport::DynamicMessage[01;31m[K::[m[KSharedPtr &message,
[18.587s]       |                                                                                 [01;31m[K^~[m[K
[18.588s] [01m[K/workspaces/PHOENIX/src/main_ws/src/ros_babel_fish/ros_babel_fish/include/ros_babel_fish/detail/babel_fish_subscription.hpp:71:81:[m[K [01;31m[Kerror: [m[Kexpected ‘[01m[K)[m[K’ before ‘[01m[K::[m[K’ token
[18.589s]    71 |   void handle_dynamic_message[34m[K([m[K const rclcpp::dynamic_typesupport::DynamicMessage[01;31m[K:[m[K[32m[K:[m[KSharedPtr &message,
[18.589s]       |                              [34m[K~[m[K                                                  [01;31m[K^[m[K[32m[K~[m[K
[18.589s]       |                                                                                 [32m[K)[m[K
[18.589s] [01m[K/workspaces/PHOENIX/src/main_ws/src/ros_babel_fish/ros_babel_fish/include/ros_babel_fish/detail/babel_fish_subscription.hpp:71:67:[m[K [01;31m[Kerror: [m[Kexpected ‘[01m[K;[m[K’ at end of member declaration
[18.590s]    71 |   void handle_dynamic_message( const rclcpp::dynamic_typesupport::[01;31m[KDynamicMessage[m[K::SharedPtr &message,
[18.590s]       |                                                                   [01;31m[K^~~~~~~~~~~~~~[m[K
[18.590s]       |                                                                                 [32m[K;[m[K
[18.606s] [01m[K/workspaces/PHOENIX/src/main_ws/src/ros_babel_fish/ros_babel_fish/include/ros_babel_fish/detail/babel_fish_subscription.hpp:71:83:[m[K [01;31m[Kerror: [m[K‘[01m[KSharedPtr[m[K’ in namespace ‘[01m[K::[m[K’ does not name a type
[18.606s]    71 |   void handle_dynamic_message( const rclcpp::dynamic_typesupport::DynamicMessage::[01;31m[KSharedPtr[m[K &message,
[18.609s]       |                                                                                   [01;31m[K^~~~~~~~~[m[K
[20.316s] gmake[2]: *** [CMakeFiles/ros_babel_fish.dir/build.make:104: CMakeFiles/ros_babel_fish.dir/src/detail/babel_fish_publisher.cpp.o] Error 1
[20.317s] gmake[2]: *** Waiting for unfinished jobs....
[20.348s] [01m[K/workspaces/PHOENIX/src/main_ws/src/ros_babel_fish/ros_babel_fish/include/ros_babel_fish/detail/babel_fish_subscription.hpp:80:3:[m[K [01;31m[Kerror: [m[K‘[01m[KSubscriptionTopicStatisticsSharedPtr[m[K’ does not name a type
[20.348s]    80 |   [01;31m[KSubscriptionTopicStatisticsSharedPtr[m[K subscription_topic_statistics_{ nullptr };
[20.348s]       |   [01;31m[K^~~~~~~~~~~~~~~~~~~~~~~~~~~~~~~~~~~~[m[K
[20.355s] [01m[K/workspaces/PHOENIX/src/main_ws/src/ros_babel_fish/ros_babel_fish/include/ros_babel_fish/detail/babel_fish_subscription.hpp:80:81:[m[K [01;35m[Kwarning: [m[Kextra ‘[01m[K;[m[K’ [[01;35m[K]8;;https://gcc.gnu.org/onlinedocs/gcc/Warning-Options.html#index-Wpedantic-Wpedantic]8;;[m[K]
[20.355s]    80 |   SubscriptionTopicStatisticsSharedPtr subscription_topic_statistics_{ nullptr }[01;35m[K;[m[K
[20.356s]       |                                                                                 [01;35m[K^[m[K
[20.356s]       |                                                                                 [31m[K-[m[K
[20.359s] [01m[K/workspaces/PHOENIX/src/main_ws/src/ros_babel_fish/ros_babel_fish/include/ros_babel_fish/detail/babel_fish_subscription.hpp:69:3:[m[K [01;31m[Kerror: [m[K‘[01m[Kvoid ros_babel_fish::BabelFishSubscription::return_dynamic_message(int)[m[K’ marked ‘[01m[Koverride[m[K’, but does not override
[20.359s]    69 |   [01;31m[Kreturn_dynamic_message[m[K( rclcpp::dynamic_typesupport::DynamicMessage::SharedPtr &message ) override;
[20.359s]       |   [01;31m[K^~~~~~~~~~~~~~~~~~~~~~[m[K
[20.361s] [01m[K/workspaces/PHOENIX/src/main_ws/src/ros_babel_fish/ros_babel_fish/include/ros_babel_fish/detail/babel_fish_subscription.hpp:33:76:[m[K [01;31m[Kerror: [m[Kcould not convert ‘[01m[Knullptr[m[K’ from ‘[01m[Kstd::nullptr_t[m[K’ to ‘[01m[Kint[m[K’
[20.361s]    33 |       SubscriptionTopicStatisticsSharedPtr subscription_topic_statistics = [01;31m[Knullptr[m[K );
[20.361s]       |                                                                            [01;31m[K^~~~~~~[m[K
[20.361s]       |                                                                            [01;31m[K|[m[K
[20.361s]       |                                                                            [01;31m[Kstd::nullptr_t[m[K
[20.484s] [01m[K/workspaces/PHOENIX/src/main_ws/src/ros_babel_fish/ros_babel_fish/src/detail/babel_fish_subscription.cpp:21:5:[m[K [01;31m[Kerror: [m[K‘[01m[KSubscriptionTopicStatisticsSharedPtr[m[K’ has not been declared
[20.484s]    21 |     [01;31m[KSubscriptionTopicStatisticsSharedPtr[m[K subscription_topic_statistics )
[20.484s]       |     [01;31m[K^~~~~~~~~~~~~~~~~~~~~~~~~~~~~~~~~~~~[m[K
[20.487s] [01m[K/workspaces/PHOENIX/src/main_ws/src/ros_babel_fish/ros_babel_fish/src/detail/babel_fish_subscription.cpp:[m[K In constructor ‘[01m[Kros_babel_fish::BabelFishSubscription::BabelFishSubscription(rclcpp::node_interfaces::NodeBaseInterface*, ros_babel_fish::MessageTypeSupport::ConstSharedPtr, const string&, const rclcpp::QoS&, rclcpp::AnySubscriptionCallback<ros_babel_fish::CompoundMessage, std::allocator<void> >, const rclcpp::SubscriptionOptionsWithAllocator<std::allocator<void> >&, int)[m[K’:
[20.487s] [01m[K/workspaces/PHOENIX/src/main_ws/src/ros_babel_fish/ros_babel_fish/src/detail/babel_fish_subscription.cpp:23:68:[m[K [01;31m[Kerror: [m[Kno matching function for call to ‘[01m[Krclcpp::SubscriptionOptionsWithAllocator<std::allocator<void> >::to_rcl_subscription_options(const rclcpp::QoS&) const[m[K’
[20.488s]    23 |                                 [01;31m[Koptions.to_rcl_subscription_options( qos )[m[K, options.event_callbacks,
[20.488s]       |                                 [01;31m[K~~~~~~~~~~~~~~~~~~~~~~~~~~~~~~~~~~~^~~~~~~[m[K
[20.506s] In file included from [01m[K/opt/ros/humble/include/rclcpp/rclcpp/subscription.hpp:45[m[K,
[20.510s]                  from [01m[K/opt/ros/humble/include/rclcpp/rclcpp/node_interfaces/node_topics_interface.hpp:31[m[K,
[20.511s]                  from [01m[K/opt/ros/humble/include/rclcpp/rclcpp/generic_publisher.hpp:27[m[K,
[20.513s]                  from [01m[K/opt/ros/humble/include/rclcpp/rclcpp/node.hpp:45[m[K,
[20.514s]                  from [01m[K/workspaces/PHOENIX/src/main_ws/src/ros_babel_fish/ros_babel_fish/include/ros_babel_fish/detail/babel_fish_subscription.hpp:9[m[K,
[20.515s]                  from [01m[K/workspaces/PHOENIX/src/main_ws/src/ros_babel_fish/ros_babel_fish/src/detail/babel_fish_subscription.cpp:5[m[K:
[20.529s] [01m[K/opt/ros/humble/include/rclcpp/rclcpp/subscription_options.hpp:115:3:[m[K [01;36m[Knote: [m[Kcandidate: ‘[01m[Ktemplate<class MessageT> rcl_subscription_options_t rclcpp::SubscriptionOptionsWithAllocator<Allocator>::to_rcl_subscription_options(const rclcpp::QoS&) const [with MessageT = MessageT; Allocator = std::allocator<void>][m[K’
[20.530s]   115 |   [01;36m[Kto_rcl_subscription_options[m[K(const rclcpp::QoS & qos) const
[20.531s]       |   [01;36m[K^~~~~~~~~~~~~~~~~~~~~~~~~~~[m[K
[20.532s] [01m[K/opt/ros/humble/include/rclcpp/rclcpp/subscription_options.hpp:115:3:[m[K [01;36m[Knote: [m[K  template argument deduction/substitution failed:
[20.532s] [01m[K/workspaces/PHOENIX/src/main_ws/src/ros_babel_fish/ros_babel_fish/src/detail/babel_fish_subscription.cpp:23:68:[m[K [01;36m[Knote: [m[K  couldn’t deduce template parameter ‘[01m[KMessageT[m[K’
[20.533s]    23 |                                 [01;36m[Koptions.to_rcl_subscription_options( qos )[m[K, options.event_callbacks,
[20.534s]       |                                 [01;36m[K~~~~~~~~~~~~~~~~~~~~~~~~~~~~~~~~~~~^~~~~~~[m[K
[20.718s] [01m[K/workspaces/PHOENIX/src/main_ws/src/ros_babel_fish/ros_babel_fish/src/detail/babel_fish_subscription.cpp:26:47:[m[K [01;31m[Kerror: [m[K‘[01m[Krclcpp::DeliveredMessageKind[m[K’ has not been declared
[20.718s]    26 |                                     ? rclcpp::[01;31m[KDeliveredMessageKind[m[K::SERIALIZED_MESSAGE
[20.719s]       |                                               [01;31m[K^~~~~~~~~~~~~~~~~~~~[m[K
[20.722s] [01m[K/workspaces/PHOENIX/src/main_ws/src/ros_babel_fish/ros_babel_fish/src/detail/babel_fish_subscription.cpp:27:47:[m[K [01;31m[Kerror: [m[K‘[01m[Krclcpp::DeliveredMessageKind[m[K’ has not been declared
[20.722s]    27 |                                     : rclcpp::[01;31m[KDeliveredMessageKind[m[K::ROS_MESSAGE ),
[20.722s]       |                                               [01;31m[K^~~~~~~~~~~~~~~~~~~~[m[K
[20.772s] [01m[K/workspaces/PHOENIX/src/main_ws/src/ros_babel_fish/ros_babel_fish/src/detail/babel_fish_subscription.cpp:32:38:[m[K [01;31m[Kerror: [m[Kinvalid operands of types ‘[01m[Kint[m[K’ and ‘[01m[Kstd::nullptr_t[m[K’ to binary ‘[01m[Koperator!=[m[K’
[20.773s]    32 |   if ( [01;31m[Ksubscription_topic_statistics != nullptr[m[K ) {
[20.773s]       |        [01;31m[K~~~~~~~~~~~~~~~~~~~~~~~~~~~~~~^~~~~~~~~~[m[K
[20.776s] [01m[K/workspaces/PHOENIX/src/main_ws/src/ros_babel_fish/ros_babel_fish/src/detail/babel_fish_subscription.cpp:33:11:[m[K [01;31m[Kerror: [m[K‘[01m[Kclass ros_babel_fish::BabelFishSubscription[m[K’ has no member named ‘[01m[Ksubscription_topic_statistics_[m[K’
[20.776s]    33 |     this->[01;31m[Ksubscription_topic_statistics_[m[K = std::move( subscription_topic_statistics );
[20.777s]       |           [01;31m[K^~~~~~~~~~~~~~~~~~~~~~~~~~~~~~[m[K
[20.937s] [01m[K/workspaces/PHOENIX/src/main_ws/src/ros_babel_fish/ros_babel_fish/src/detail/babel_fish_subscription.cpp:[m[K In member function ‘[01m[Kvirtual void ros_babel_fish::BabelFishSubscription::handle_message(std::shared_ptr<void>&, const rclcpp::MessageInfo&)[m[K’:
[20.937s] [01m[K/workspaces/PHOENIX/src/main_ws/src/ros_babel_fish/ros_babel_fish/src/detail/babel_fish_subscription.cpp:68:8:[m[K [01;31m[Kerror: [m[K‘[01m[Ksubscription_topic_statistics_[m[K’ was not declared in this scope
[20.937s]    68 |   if ( [01;31m[Ksubscription_topic_statistics_[m[K ) {
[20.937s]       |        [01;31m[K^~~~~~~~~~~~~~~~~~~~~~~~~~~~~~[m[K
[21.008s] [01m[K/workspaces/PHOENIX/src/main_ws/src/ros_babel_fish/ros_babel_fish/src/detail/babel_fish_subscription.cpp:76:8:[m[K [01;31m[Kerror: [m[K‘[01m[Ksubscription_topic_statistics_[m[K’ was not declared in this scope
[21.008s]    76 |   if ( [01;31m[Ksubscription_topic_statistics_[m[K ) {
[21.009s]       |        [01;31m[K^~~~~~~~~~~~~~~~~~~~~~~~~~~~~~[m[K
[21.068s] [01m[K/workspaces/PHOENIX/src/main_ws/src/ros_babel_fish/ros_babel_fish/src/detail/babel_fish_subscription.cpp:[m[K In member function ‘[01m[Kvirtual void ros_babel_fish::BabelFishSubscription::handle_serialized_message(const std::shared_ptr<rclcpp::SerializedMessage>&, const rclcpp::MessageInfo&)[m[K’:
[21.069s] [01m[K/workspaces/PHOENIX/src/main_ws/src/ros_babel_fish/ros_babel_fish/src/detail/babel_fish_subscription.cpp:88:8:[m[K [01;31m[Kerror: [m[K‘[01m[Ksubscription_topic_statistics_[m[K’ was not declared in this scope
[21.069s]    88 |   if ( [01;31m[Ksubscription_topic_statistics_[m[K ) {
[21.069s]       |        [01;31m[K^~~~~~~~~~~~~~~~~~~~~~~~~~~~~~[m[K
[21.135s] [01m[K/workspaces/PHOENIX/src/main_ws/src/ros_babel_fish/ros_babel_fish/src/detail/babel_fish_subscription.cpp:96:8:[m[K [01;31m[Kerror: [m[K‘[01m[Ksubscription_topic_statistics_[m[K’ was not declared in this scope
[21.135s]    96 |   if ( [01;31m[Ksubscription_topic_statistics_[m[K ) {
[21.135s]       |        [01;31m[K^~~~~~~~~~~~~~~~~~~~~~~~~~~~~~[m[K
[21.166s] [01m[K/workspaces/PHOENIX/src/main_ws/src/ros_babel_fish/ros_babel_fish/src/detail/babel_fish_subscription.cpp:[m[K At global scope:
[21.167s] [01m[K/workspaces/PHOENIX/src/main_ws/src/ros_babel_fish/ros_babel_fish/src/detail/babel_fish_subscription.cpp:138:9:[m[K [01;31m[Kerror: [m[K‘[01m[Kdynamic_typesupport[m[K’ in namespace ‘[01m[Krclcpp[m[K’ does not name a type
[21.167s]   138 | rclcpp::[01;31m[Kdynamic_typesupport[m[K::DynamicMessageType::SharedPtr
[21.167s]       |         [01;31m[K^~~~~~~~~~~~~~~~~~~[m[K
[21.171s] [01m[K/workspaces/PHOENIX/src/main_ws/src/ros_babel_fish/ros_babel_fish/src/detail/babel_fish_subscription.cpp:145:9:[m[K [01;31m[Kerror: [m[K‘[01m[Kdynamic_typesupport[m[K’ in namespace ‘[01m[Krclcpp[m[K’ does not name a type
[21.171s]   145 | rclcpp::[01;31m[Kdynamic_typesupport[m[K::DynamicMessage::SharedPtr
[21.171s]       |         [01;31m[K^~~~~~~~~~~~~~~~~~~[m[K
[21.171s] [01m[K/workspaces/PHOENIX/src/main_ws/src/ros_babel_fish/ros_babel_fish/src/detail/babel_fish_subscription.cpp:152:9:[m[K [01;31m[Kerror: [m[K‘[01m[Kdynamic_typesupport[m[K’ in namespace ‘[01m[Krclcpp[m[K’ does not name a type
[21.171s]   152 | rclcpp::[01;31m[Kdynamic_typesupport[m[K::DynamicSerializationSupport::SharedPtr
[21.171s]       |         [01;31m[K^~~~~~~~~~~~~~~~~~~[m[K
[21.171s] [01m[K/workspaces/PHOENIX/src/main_ws/src/ros_babel_fish/ros_babel_fish/src/detail/babel_fish_subscription.cpp:159:9:[m[K [01;31m[Kerror: [m[K‘[01m[Kdynamic_typesupport[m[K’ in namespace ‘[01m[Krclcpp[m[K’ does not name a type
[21.172s]   159 | rclcpp::[01;31m[Kdynamic_typesupport[m[K::DynamicMessage::SharedPtr BabelFishSubscription::create_dynamic_message()
[21.173s]       |         [01;31m[K^~~~~~~~~~~~~~~~~~~[m[K
[21.173s] [01m[K/workspaces/PHOENIX/src/main_ws/src/ros_babel_fish/ros_babel_fish/src/detail/babel_fish_subscription.cpp:165:6:[m[K [01;31m[Kerror: [m[Kvariable or field ‘[01m[Kreturn_dynamic_message[m[K’ declared void
[21.173s]   165 | void [01;31m[KBabelFishSubscription[m[K::return_dynamic_message(
[21.173s]       |      [01;31m[K^~~~~~~~~~~~~~~~~~~~~[m[K
[21.173s] [01m[K/workspaces/PHOENIX/src/main_ws/src/ros_babel_fish/ros_babel_fish/src/detail/babel_fish_subscription.cpp:166:13:[m[K [01;31m[Kerror: [m[K‘[01m[Krclcpp::dynamic_typesupport[m[K’ has not been declared
[21.174s]   166 |     rclcpp::[01;31m[Kdynamic_typesupport[m[K::DynamicMessage::SharedPtr & )
[21.186s]       |             [01;31m[K^~~~~~~~~~~~~~~~~~~[m[K
[21.187s] [01m[K/workspaces/PHOENIX/src/main_ws/src/ros_babel_fish/ros_babel_fish/src/detail/babel_fish_subscription.cpp:166:62:[m[K [01;31m[Kerror: [m[Kexpected primary-expression before ‘[01m[K)[m[K’ token
[21.187s]   166 |     rclcpp::dynamic_typesupport::DynamicMessage::SharedPtr & [01;31m[K)[m[K
[21.187s]       |                                                              [01;31m[K^[m[K
[21.187s] [01m[K/workspaces/PHOENIX/src/main_ws/src/ros_babel_fish/ros_babel_fish/src/detail/babel_fish_subscription.cpp:173:19:[m[K [01;31m[Kerror: [m[K‘[01m[Kdynamic_typesupport[m[K’ in namespace ‘[01m[Krclcpp[m[K’ does not name a type
[21.189s]   173 |     const rclcpp::[01;31m[Kdynamic_typesupport[m[K::DynamicMessage::SharedPtr &, const rclcpp::MessageInfo & )
[21.189s]       |                   [01;31m[K^~~~~~~~~~~~~~~~~~~[m[K
[21.189s] [01m[K/workspaces/PHOENIX/src/main_ws/src/ros_babel_fish/ros_babel_fish/src/detail/babel_fish_subscription.cpp:173:54:[m[K [01;31m[Kerror: [m[Kexpected unqualified-id before ‘[01m[K::[m[K’ token
[21.189s]   173 |     const rclcpp::dynamic_typesupport::DynamicMessage[01;31m[K::[m[KSharedPtr &, const rclcpp::MessageInfo & )
[21.190s]       |                                                      [01;31m[K^~[m[K
[21.190s] [01m[K/workspaces/PHOENIX/src/main_ws/src/ros_babel_fish/ros_babel_fish/src/detail/babel_fish_subscription.cpp:173:54:[m[K [01;31m[Kerror: [m[Kexpected ‘[01m[K)[m[K’ before ‘[01m[K::[m[K’ token
[21.190s]   173 |     const rclcpp::dynamic_typesupport::DynamicMessage[01;31m[K:[m[K[32m[K:[m[KSharedPtr &, const rclcpp::MessageInfo & )
[21.190s]       |                                                      [01;31m[K^[m[K[32m[K~[m[K
[21.190s]       |                                                      [32m[K)[m[K
[21.190s] [01m[K/workspaces/PHOENIX/src/main_ws/src/ros_babel_fish/ros_babel_fish/src/detail/babel_fish_subscription.cpp:172:51:[m[K [01;36m[Knote: [m[Kto match this ‘[01m[K([m[K’
[21.191s]   172 | void BabelFishSubscription::handle_dynamic_message[01;36m[K([m[K
[21.191s]       |                                                   [01;36m[K^[m[K
[21.191s] [01m[K/workspaces/PHOENIX/src/main_ws/src/ros_babel_fish/ros_babel_fish/src/detail/babel_fish_subscription.cpp:173:54:[m[K [01;31m[Kerror: [m[Kexpected initializer before ‘[01m[K::[m[K’ token
[21.191s]   173 |     const rclcpp::dynamic_typesupport::DynamicMessage[01;31m[K::[m[KSharedPtr &, const rclcpp::MessageInfo & )
[21.191s]       |                                                      [01;31m[K^~[m[K
[21.465s] In file included from [01m[K/workspaces/PHOENIX/src/main_ws/src/ros_babel_fish/ros_babel_fish/include/ros_babel_fish/babel_fish.hpp:12[m[K,
[21.466s]                  from [01m[K/workspaces/PHOENIX/src/main_ws/src/ros_babel_fish/ros_babel_fish/src/messages/message.cpp:6[m[K:
[21.470s] [01m[K/workspaces/PHOENIX/src/main_ws/src/ros_babel_fish/ros_babel_fish/include/ros_babel_fish/detail/babel_fish_subscription.hpp:22:76:[m[K [01;31m[Kerror: [m[Ktype/value mismatch at argument 1 in template parameter list for ‘[01m[Ktemplate<class _Tp> class std::shared_ptr[m[K’
[21.474s]    22 |       std::shared_ptr<rclcpp::topic_statistics::SubscriptionTopicStatistics[01;31m[K>[m[K;
[21.474s]       |                                                                            [01;31m[K^[m[K
[21.474s] [01m[K/workspaces/PHOENIX/src/main_ws/src/ros_babel_fish/ros_babel_fish/include/ros_babel_fish/detail/babel_fish_subscription.hpp:22:76:[m[K [01;36m[Knote: [m[K  expected a type, got ‘[01m[KSubscriptionTopicStatistics[m[K’
[21.475s] [01m[K/workspaces/PHOENIX/src/main_ws/src/ros_babel_fish/ros_babel_fish/include/ros_babel_fish/detail/babel_fish_subscription.hpp:33:7:[m[K [01;31m[Kerror: [m[K‘[01m[KSubscriptionTopicStatisticsSharedPtr[m[K’ has not been declared
[21.475s]    33 |       [01;31m[KSubscriptionTopicStatisticsSharedPtr[m[K subscription_topic_statistics = nullptr );
[21.476s]       |       [01;31m[K^~~~~~~~~~~~~~~~~~~~~~~~~~~~~~~~~~~~[m[K
[21.476s] [01m[K/workspaces/PHOENIX/src/main_ws/src/ros_babel_fish/ros_babel_fish/include/ros_babel_fish/detail/babel_fish_subscription.hpp:59:11:[m[K [01;31m[Kerror: [m[K‘[01m[Kdynamic_typesupport[m[K’ in namespace ‘[01m[Krclcpp[m[K’ does not name a type
[21.476s]    59 |   rclcpp::[01;31m[Kdynamic_typesupport[m[K::DynamicMessageType::SharedPtr get_shared_dynamic_message_type() override;
[21.476s]       |           [01;31m[K^~~~~~~~~~~~~~~~~~~[m[K
[21.476s] [01m[K/workspaces/PHOENIX/src/main_ws/src/ros_babel_fish/ros_babel_fish/include/ros_babel_fish/detail/babel_fish_subscription.hpp:61:11:[m[K [01;31m[Kerror: [m[K‘[01m[Kdynamic_typesupport[m[K’ in namespace ‘[01m[Krclcpp[m[K’ does not name a type
[21.476s]    61 |   rclcpp::[01;31m[Kdynamic_typesupport[m[K::DynamicMessage::SharedPtr get_shared_dynamic_message() override;
[21.476s]       |           [01;31m[K^~~~~~~~~~~~~~~~~~~[m[K
[21.477s] [01m[K/workspaces/PHOENIX/src/main_ws/src/ros_babel_fish/ros_babel_fish/include/ros_babel_fish/detail/babel_fish_subscription.hpp:63:11:[m[K [01;31m[Kerror: [m[K‘[01m[Kdynamic_typesupport[m[K’ in namespace ‘[01m[Krclcpp[m[K’ does not name a type
[21.477s]    63 |   rclcpp::[01;31m[Kdynamic_typesupport[m[K::DynamicSerializationSupport::SharedPtr
[21.477s]       |           [01;31m[K^~~~~~~~~~~~~~~~~~~[m[K
[21.477s] [01m[K/workspaces/PHOENIX/src/main_ws/src/ros_babel_fish/ros_babel_fish/include/ros_babel_fish/detail/babel_fish_subscription.hpp:66:11:[m[K [01;31m[Kerror: [m[K‘[01m[Kdynamic_typesupport[m[K’ in namespace ‘[01m[Krclcpp[m[K’ does not name a type
[21.477s]    66 |   rclcpp::[01;31m[Kdynamic_typesupport[m[K::DynamicMessage::SharedPtr create_dynamic_message() override;
[21.478s]       |           [01;31m[K^~~~~~~~~~~~~~~~~~~[m[K
[21.480s] [01m[K/workspaces/PHOENIX/src/main_ws/src/ros_babel_fish/ros_babel_fish/include/ros_babel_fish/detail/babel_fish_subscription.hpp:69:35:[m[K [01;31m[Kerror: [m[K‘[01m[Krclcpp::dynamic_typesupport[m[K’ has not been declared
[21.480s]    69 |   return_dynamic_message( rclcpp::[01;31m[Kdynamic_typesupport[m[K::DynamicMessage::SharedPtr &message ) override;
[21.481s]       |                                   [01;31m[K^~~~~~~~~~~~~~~~~~~[m[K
[21.481s] [01m[K/workspaces/PHOENIX/src/main_ws/src/ros_babel_fish/ros_babel_fish/include/ros_babel_fish/detail/babel_fish_subscription.hpp:69:82:[m[K [01;31m[Kerror: [m[Kexpected ‘[01m[K,[m[K’ or ‘[01m[K...[m[K’ before ‘[01m[K&[m[K’ token
[21.481s]    69 |   return_dynamic_message( rclcpp::dynamic_typesupport::DynamicMessage::SharedPtr [01;31m[K&[m[Kmessage ) override;
[21.481s]       |                                                                                  [01;31m[K^[m[K
[21.483s] [01m[K/workspaces/PHOENIX/src/main_ws/src/ros_babel_fish/ros_babel_fish/include/ros_babel_fish/detail/babel_fish_subscription.hpp:71:46:[m[K [01;31m[Kerror: [m[K‘[01m[Kdynamic_typesupport[m[K’ in namespace ‘[01m[Krclcpp[m[K’ does not name a type
[21.484s]    71 |   void handle_dynamic_message( const rclcpp::[01;31m[Kdynamic_typesupport[m[K::DynamicMessage::SharedPtr &message,
[21.484s]       |                                              [01;31m[K^~~~~~~~~~~~~~~~~~~[m[K
[21.485s] [01m[K/workspaces/PHOENIX/src/main_ws/src/ros_babel_fish/ros_babel_fish/include/ros_babel_fish/detail/babel_fish_subscription.hpp:71:81:[m[K [01;31m[Kerror: [m[Kexpected unqualified-id before ‘[01m[K::[m[K’ token
[21.485s]    71 |   void handle_dynamic_message( const rclcpp::dynamic_typesupport::DynamicMessage[01;31m[K::[m[KSharedPtr &message,
[21.485s]       |                                                                                 [01;31m[K^~[m[K
[21.487s] [01m[K/workspaces/PHOENIX/src/main_ws/src/ros_babel_fish/ros_babel_fish/include/ros_babel_fish/detail/babel_fish_subscription.hpp:71:81:[m[K [01;31m[Kerror: [m[Kexpected ‘[01m[K)[m[K’ before ‘[01m[K::[m[K’ token
[21.487s]    71 |   void handle_dynamic_message[34m[K([m[K const rclcpp::dynamic_typesupport::DynamicMessage[01;31m[K:[m[K[32m[K:[m[KSharedPtr &message,
[21.491s]       |                              [34m[K~[m[K                                                  [01;31m[K^[m[K[32m[K~[m[K
[21.491s]       |                                                                                 [32m[K)[m[K
[21.491s] [01m[K/workspaces/PHOENIX/src/main_ws/src/ros_babel_fish/ros_babel_fish/include/ros_babel_fish/detail/babel_fish_subscription.hpp:71:67:[m[K [01;31m[Kerror: [m[Kexpected ‘[01m[K;[m[K’ at end of member declaration
[21.491s]    71 |   void handle_dynamic_message( const rclcpp::dynamic_typesupport::[01;31m[KDynamicMessage[m[K::SharedPtr &message,
[21.491s]       |                                                                   [01;31m[K^~~~~~~~~~~~~~[m[K
[21.492s]       |                                                                                 [32m[K;[m[K
[21.504s] [01m[K/workspaces/PHOENIX/src/main_ws/src/ros_babel_fish/ros_babel_fish/include/ros_babel_fish/detail/babel_fish_subscription.hpp:71:83:[m[K [01;31m[Kerror: [m[K‘[01m[KSharedPtr[m[K’ in namespace ‘[01m[K::[m[K’ does not name a type
[21.504s]    71 |   void handle_dynamic_message( const rclcpp::dynamic_typesupport::DynamicMessage::[01;31m[KSharedPtr[m[K &message,
[21.504s]       |                                                                                   [01;31m[K^~~~~~~~~[m[K
[22.112s] [01m[K/workspaces/PHOENIX/src/main_ws/src/ros_babel_fish/ros_babel_fish/include/ros_babel_fish/detail/babel_fish_subscription.hpp:80:3:[m[K [01;31m[Kerror: [m[K‘[01m[KSubscriptionTopicStatisticsSharedPtr[m[K’ does not name a type
[22.113s]    80 |   [01;31m[KSubscriptionTopicStatisticsSharedPtr[m[K subscription_topic_statistics_{ nullptr };
[22.113s]       |   [01;31m[K^~~~~~~~~~~~~~~~~~~~~~~~~~~~~~~~~~~~[m[K
[22.113s] [01m[K/workspaces/PHOENIX/src/main_ws/src/ros_babel_fish/ros_babel_fish/include/ros_babel_fish/detail/babel_fish_subscription.hpp:80:81:[m[K [01;35m[Kwarning: [m[Kextra ‘[01m[K;[m[K’ [[01;35m[K]8;;https://gcc.gnu.org/onlinedocs/gcc/Warning-Options.html#index-Wpedantic-Wpedantic]8;;[m[K]
[22.113s]    80 |   SubscriptionTopicStatisticsSharedPtr subscription_topic_statistics_{ nullptr }[01;35m[K;[m[K
[22.113s]       |                                                                                 [01;35m[K^[m[K
[22.113s]       |                                                                                 [31m[K-[m[K
[22.133s] [01m[K/workspaces/PHOENIX/src/main_ws/src/ros_babel_fish/ros_babel_fish/include/ros_babel_fish/detail/babel_fish_subscription.hpp:69:3:[m[K [01;31m[Kerror: [m[K‘[01m[Kvoid ros_babel_fish::BabelFishSubscription::return_dynamic_message(int)[m[K’ marked ‘[01m[Koverride[m[K’, but does not override
[22.133s]    69 |   [01;31m[Kreturn_dynamic_message[m[K( rclcpp::dynamic_typesupport::DynamicMessage::SharedPtr &message ) override;
[22.133s]       |   [01;31m[K^~~~~~~~~~~~~~~~~~~~~~[m[K
[22.133s] [01m[K/workspaces/PHOENIX/src/main_ws/src/ros_babel_fish/ros_babel_fish/include/ros_babel_fish/detail/babel_fish_subscription.hpp:33:76:[m[K [01;31m[Kerror: [m[Kcould not convert ‘[01m[Knullptr[m[K’ from ‘[01m[Kstd::nullptr_t[m[K’ to ‘[01m[Kint[m[K’
[22.133s]    33 |       SubscriptionTopicStatisticsSharedPtr subscription_topic_statistics = [01;31m[Knullptr[m[K );
[22.134s]       |                                                                            [01;31m[K^~~~~~~[m[K
[22.134s]       |                                                                            [01;31m[K|[m[K
[22.134s]       |                                                                            [01;31m[Kstd::nullptr_t[m[K
[28.362s] In file included from [01m[K/workspaces/PHOENIX/src/main_ws/src/ros_babel_fish/ros_babel_fish/include/ros_babel_fish/babel_fish.hpp:12[m[K,
[28.365s]                  from [01m[K/workspaces/PHOENIX/src/main_ws/src/ros_babel_fish/ros_babel_fish/src/babel_fish.cpp:4[m[K:
[28.374s] [01m[K/workspaces/PHOENIX/src/main_ws/src/ros_babel_fish/ros_babel_fish/include/ros_babel_fish/detail/babel_fish_subscription.hpp:22:76:[m[K [01;31m[Kerror: [m[Ktype/value mismatch at argument 1 in template parameter list for ‘[01m[Ktemplate<class _Tp> class std::shared_ptr[m[K’
[28.374s]    22 |       std::shared_ptr<rclcpp::topic_statistics::SubscriptionTopicStatistics[01;31m[K>[m[K;
[28.374s]       |                                                                            [01;31m[K^[m[K
[28.374s] [01m[K/workspaces/PHOENIX/src/main_ws/src/ros_babel_fish/ros_babel_fish/include/ros_babel_fish/detail/babel_fish_subscription.hpp:22:76:[m[K [01;36m[Knote: [m[K  expected a type, got ‘[01m[KSubscriptionTopicStatistics[m[K’
[28.377s] [01m[K/workspaces/PHOENIX/src/main_ws/src/ros_babel_fish/ros_babel_fish/include/ros_babel_fish/detail/babel_fish_subscription.hpp:33:7:[m[K [01;31m[Kerror: [m[K‘[01m[KSubscriptionTopicStatisticsSharedPtr[m[K’ has not been declared
[28.378s]    33 |       [01;31m[KSubscriptionTopicStatisticsSharedPtr[m[K subscription_topic_statistics = nullptr );
[28.378s]       |       [01;31m[K^~~~~~~~~~~~~~~~~~~~~~~~~~~~~~~~~~~~[m[K
[28.378s] [01m[K/workspaces/PHOENIX/src/main_ws/src/ros_babel_fish/ros_babel_fish/include/ros_babel_fish/detail/babel_fish_subscription.hpp:59:11:[m[K [01;31m[Kerror: [m[K‘[01m[Kdynamic_typesupport[m[K’ in namespace ‘[01m[Krclcpp[m[K’ does not name a type
[28.379s]    59 |   rclcpp::[01;31m[Kdynamic_typesupport[m[K::DynamicMessageType::SharedPtr get_shared_dynamic_message_type() override;
[28.379s]       |           [01;31m[K^~~~~~~~~~~~~~~~~~~[m[K
[28.383s] [01m[K/workspaces/PHOENIX/src/main_ws/src/ros_babel_fish/ros_babel_fish/include/ros_babel_fish/detail/babel_fish_subscription.hpp:61:11:[m[K [01;31m[Kerror: [m[K‘[01m[Kdynamic_typesupport[m[K’ in namespace ‘[01m[Krclcpp[m[K’ does not name a type
[28.383s]    61 |   rclcpp::[01;31m[Kdynamic_typesupport[m[K::DynamicMessage::SharedPtr get_shared_dynamic_message() override;
[28.383s]       |           [01;31m[K^~~~~~~~~~~~~~~~~~~[m[K
[28.383s] [01m[K/workspaces/PHOENIX/src/main_ws/src/ros_babel_fish/ros_babel_fish/include/ros_babel_fish/detail/babel_fish_subscription.hpp:63:11:[m[K [01;31m[Kerror: [m[K‘[01m[Kdynamic_typesupport[m[K’ in namespace ‘[01m[Krclcpp[m[K’ does not name a type
[28.390s]    63 |   rclcpp::[01;31m[Kdynamic_typesupport[m[K::DynamicSerializationSupport::SharedPtr
[28.390s]       |           [01;31m[K^~~~~~~~~~~~~~~~~~~[m[K
[28.390s] [01m[K/workspaces/PHOENIX/src/main_ws/src/ros_babel_fish/ros_babel_fish/include/ros_babel_fish/detail/babel_fish_subscription.hpp:66:11:[m[K [01;31m[Kerror: [m[K‘[01m[Kdynamic_typesupport[m[K’ in namespace ‘[01m[Krclcpp[m[K’ does not name a type
[28.390s]    66 |   rclcpp::[01;31m[Kdynamic_typesupport[m[K::DynamicMessage::SharedPtr create_dynamic_message() override;
[28.391s]       |           [01;31m[K^~~~~~~~~~~~~~~~~~~[m[K
[28.391s] [01m[K/workspaces/PHOENIX/src/main_ws/src/ros_babel_fish/ros_babel_fish/include/ros_babel_fish/detail/babel_fish_subscription.hpp:69:35:[m[K [01;31m[Kerror: [m[K‘[01m[Krclcpp::dynamic_typesupport[m[K’ has not been declared
[28.391s]    69 |   return_dynamic_message( rclcpp::[01;31m[Kdynamic_typesupport[m[K::DynamicMessage::SharedPtr &message ) override;
[28.391s]       |                                   [01;31m[K^~~~~~~~~~~~~~~~~~~[m[K
[28.391s] [01m[K/workspaces/PHOENIX/src/main_ws/src/ros_babel_fish/ros_babel_fish/include/ros_babel_fish/detail/babel_fish_subscription.hpp:69:82:[m[K [01;31m[Kerror: [m[Kexpected ‘[01m[K,[m[K’ or ‘[01m[K...[m[K’ before ‘[01m[K&[m[K’ token
[28.392s]    69 |   return_dynamic_message( rclcpp::dynamic_typesupport::DynamicMessage::SharedPtr [01;31m[K&[m[Kmessage ) override;
[28.392s]       |                                                                                  [01;31m[K^[m[K
[28.392s] [01m[K/workspaces/PHOENIX/src/main_ws/src/ros_babel_fish/ros_babel_fish/include/ros_babel_fish/detail/babel_fish_subscription.hpp:71:46:[m[K [01;31m[Kerror: [m[K‘[01m[Kdynamic_typesupport[m[K’ in namespace ‘[01m[Krclcpp[m[K’ does not name a type
[28.393s]    71 |   void handle_dynamic_message( const rclcpp::[01;31m[Kdynamic_typesupport[m[K::DynamicMessage::SharedPtr &message,
[28.395s]       |                                              [01;31m[K^~~~~~~~~~~~~~~~~~~[m[K
[28.396s] [01m[K/workspaces/PHOENIX/src/main_ws/src/ros_babel_fish/ros_babel_fish/include/ros_babel_fish/detail/babel_fish_subscription.hpp:71:81:[m[K [01;31m[Kerror: [m[Kexpected unqualified-id before ‘[01m[K::[m[K’ token
[28.397s]    71 |   void handle_dynamic_message( const rclcpp::dynamic_typesupport::DynamicMessage[01;31m[K::[m[KSharedPtr &message,
[28.398s]       |                                                                                 [01;31m[K^~[m[K
[28.398s] [01m[K/workspaces/PHOENIX/src/main_ws/src/ros_babel_fish/ros_babel_fish/include/ros_babel_fish/detail/babel_fish_subscription.hpp:71:81:[m[K [01;31m[Kerror: [m[Kexpected ‘[01m[K)[m[K’ before ‘[01m[K::[m[K’ token
[28.398s]    71 |   void handle_dynamic_message[34m[K([m[K const rclcpp::dynamic_typesupport::DynamicMessage[01;31m[K:[m[K[32m[K:[m[KSharedPtr &message,
[28.398s]       |                              [34m[K~[m[K                                                  [01;31m[K^[m[K[32m[K~[m[K
[28.398s]       |                                                                                 [32m[K)[m[K
[28.399s] [01m[K/workspaces/PHOENIX/src/main_ws/src/ros_babel_fish/ros_babel_fish/include/ros_babel_fish/detail/babel_fish_subscription.hpp:71:67:[m[K [01;31m[Kerror: [m[Kexpected ‘[01m[K;[m[K’ at end of member declaration
[28.399s]    71 |   void handle_dynamic_message( const rclcpp::dynamic_typesupport::[01;31m[KDynamicMessage[m[K::SharedPtr &message,
[28.399s]       |                                                                   [01;31m[K^~~~~~~~~~~~~~[m[K
[28.399s]       |                                                                                 [32m[K;[m[K
[28.409s] [01m[K/workspaces/PHOENIX/src/main_ws/src/ros_babel_fish/ros_babel_fish/include/ros_babel_fish/detail/babel_fish_subscription.hpp:71:83:[m[K [01;31m[Kerror: [m[K‘[01m[KSharedPtr[m[K’ in namespace ‘[01m[K::[m[K’ does not name a type
[28.409s]    71 |   void handle_dynamic_message( const rclcpp::dynamic_typesupport::DynamicMessage::[01;31m[KSharedPtr[m[K &message,
[28.409s]       |                                                                                   [01;31m[K^~~~~~~~~[m[K
[29.104s] [01m[K/workspaces/PHOENIX/src/main_ws/src/ros_babel_fish/ros_babel_fish/include/ros_babel_fish/detail/babel_fish_subscription.hpp:80:3:[m[K [01;31m[Kerror: [m[K‘[01m[KSubscriptionTopicStatisticsSharedPtr[m[K’ does not name a type
[29.105s]    80 |   [01;31m[KSubscriptionTopicStatisticsSharedPtr[m[K subscription_topic_statistics_{ nullptr };
[29.105s]       |   [01;31m[K^~~~~~~~~~~~~~~~~~~~~~~~~~~~~~~~~~~~[m[K
[29.106s] [01m[K/workspaces/PHOENIX/src/main_ws/src/ros_babel_fish/ros_babel_fish/include/ros_babel_fish/detail/babel_fish_subscription.hpp:80:81:[m[K [01;35m[Kwarning: [m[Kextra ‘[01m[K;[m[K’ [[01;35m[K]8;;https://gcc.gnu.org/onlinedocs/gcc/Warning-Options.html#index-Wpedantic-Wpedantic]8;;[m[K]
[29.106s]    80 |   SubscriptionTopicStatisticsSharedPtr subscription_topic_statistics_{ nullptr }[01;35m[K;[m[K
[29.106s]       |                                                                                 [01;35m[K^[m[K
[29.107s]       |                                                                                 [31m[K-[m[K
[29.107s] [01m[K/workspaces/PHOENIX/src/main_ws/src/ros_babel_fish/ros_babel_fish/include/ros_babel_fish/detail/babel_fish_subscription.hpp:69:3:[m[K [01;31m[Kerror: [m[K‘[01m[Kvoid ros_babel_fish::BabelFishSubscription::return_dynamic_message(int)[m[K’ marked ‘[01m[Koverride[m[K’, but does not override
[29.123s]    69 |   [01;31m[Kreturn_dynamic_message[m[K( rclcpp::dynamic_typesupport::DynamicMessage::SharedPtr &message ) override;
[29.124s]       |   [01;31m[K^~~~~~~~~~~~~~~~~~~~~~[m[K
[29.124s] [01m[K/workspaces/PHOENIX/src/main_ws/src/ros_babel_fish/ros_babel_fish/include/ros_babel_fish/detail/babel_fish_subscription.hpp:33:76:[m[K [01;31m[Kerror: [m[Kcould not convert ‘[01m[Knullptr[m[K’ from ‘[01m[Kstd::nullptr_t[m[K’ to ‘[01m[Kint[m[K’
[29.124s]    33 |       SubscriptionTopicStatisticsSharedPtr subscription_topic_statistics = [01;31m[Knullptr[m[K );
[29.125s]       |                                                                            [01;31m[K^~~~~~~[m[K
[29.125s]       |                                                                            [01;31m[K|[m[K
[29.125s]       |                                                                            [01;31m[Kstd::nullptr_t[m[K
[34.651s] gmake[2]: *** [CMakeFiles/ros_babel_fish.dir/build.make:146: CMakeFiles/ros_babel_fish.dir/src/detail/babel_fish_subscription.cpp.o] Error 1
[35.826s] In file included from [01m[K/usr/include/x86_64-linux-gnu/c++/11/bits/c++allocator.h:33[m[K,
[35.826s]                  from [01m[K/usr/include/c++/11/bits/allocator.h:46[m[K,
[35.826s]                  from [01m[K/usr/include/c++/11/string:41[m[K,
[35.826s]                  from [01m[K/usr/include/c++/11/stdexcept:39[m[K,
[35.827s]                  from [01m[K/opt/ros/humble/include/rclcpp/rclcpp/exceptions/exceptions.hpp:18[m[K,
[35.827s]                  from [01m[K/opt/ros/humble/include/rclcpp/rclcpp/exceptions.hpp:18[m[K,
[35.827s]                  from [01m[K/workspaces/PHOENIX/src/main_ws/src/ros_babel_fish/ros_babel_fish/include/ros_babel_fish/exceptions/babel_fish_exception.hpp:7[m[K,
[35.828s]                  from [01m[K/workspaces/PHOENIX/src/main_ws/src/ros_babel_fish/ros_babel_fish/include/ros_babel_fish/messages/message.hpp:7[m[K,
[35.828s]                  from [01m[K/workspaces/PHOENIX/src/main_ws/src/ros_babel_fish/ros_babel_fish/include/ros_babel_fish/messages/compound_message.hpp:7[m[K,
[35.829s]                  from [01m[K/workspaces/PHOENIX/src/main_ws/src/ros_babel_fish/ros_babel_fish/include/ros_babel_fish/detail/babel_fish_action.hpp:7[m[K,
[35.830s]                  from [01m[K/workspaces/PHOENIX/src/main_ws/src/ros_babel_fish/ros_babel_fish/include/ros_babel_fish/detail/babel_fish_action_client.hpp:7[m[K,
[35.837s]                  from [01m[K/workspaces/PHOENIX/src/main_ws/src/ros_babel_fish/ros_babel_fish/include/ros_babel_fish/babel_fish.hpp:7[m[K,
[35.837s]                  from [01m[K/workspaces/PHOENIX/src/main_ws/src/ros_babel_fish/ros_babel_fish/src/babel_fish.cpp:4[m[K:
[35.838s] /usr/include/c++/11/ext/new_allocator.h: In instantiation of ‘[01m[Kvoid __gnu_cxx::new_allocator<_Tp>::construct(_Up*, _Args&& ...) [with _Up = ros_babel_fish::BabelFishSubscription; _Args = {rclcpp::node_interfaces::NodeBaseInterface*, std::shared_ptr<const ros_babel_fish::MessageTypeSupport>&, const std::__cxx11::basic_string<char, std::char_traits<char>, std::allocator<char> >&, const rclcpp::QoS&, rclcpp::AnySubscriptionCallback<ros_babel_fish::CompoundMessage, std::allocator<void> >, rclcpp::SubscriptionOptionsWithAllocator<std::allocator<void> >}; _Tp = ros_babel_fish::BabelFishSubscription][m[K’:
[35.841s] [01m[K/usr/include/c++/11/bits/alloc_traits.h:516:17:[m[K   required from ‘[01m[Kstatic void std::allocator_traits<std::allocator<_CharT> >::construct(std::allocator_traits<std::allocator<_CharT> >::allocator_type&, _Up*, _Args&& ...) [with _Up = ros_babel_fish::BabelFishSubscription; _Args = {rclcpp::node_interfaces::NodeBaseInterface*, std::shared_ptr<const ros_babel_fish::MessageTypeSupport>&, const std::__cxx11::basic_string<char, std::char_traits<char>, std::allocator<char> >&, const rclcpp::QoS&, rclcpp::AnySubscriptionCallback<ros_babel_fish::CompoundMessage, std::allocator<void> >, rclcpp::SubscriptionOptionsWithAllocator<std::allocator<void> >}; _Tp = ros_babel_fish::BabelFishSubscription; std::allocator_traits<std::allocator<_CharT> >::allocator_type = std::allocator<ros_babel_fish::BabelFishSubscription>][m[K’
[35.841s] [01m[K/usr/include/c++/11/bits/shared_ptr_base.h:519:39:[m[K   required from ‘[01m[Kstd::_Sp_counted_ptr_inplace<_Tp, _Alloc, _Lp>::_Sp_counted_ptr_inplace(_Alloc, _Args&& ...) [with _Args = {rclcpp::node_interfaces::NodeBaseInterface*, std::shared_ptr<const ros_babel_fish::MessageTypeSupport>&, const std::__cxx11::basic_string<char, std::char_traits<char>, std::allocator<char> >&, const rclcpp::QoS&, rclcpp::AnySubscriptionCallback<ros_babel_fish::CompoundMessage, std::allocator<void> >, rclcpp::SubscriptionOptionsWithAllocator<std::allocator<void> >}; _Tp = ros_babel_fish::BabelFishSubscription; _Alloc = std::allocator<ros_babel_fish::BabelFishSubscription>; __gnu_cxx::_Lock_policy _Lp = __gnu_cxx::_S_atomic][m[K’
[35.842s] [01m[K/usr/include/c++/11/bits/shared_ptr_base.h:650:16:[m[K   required from ‘[01m[Kstd::__shared_count<_Lp>::__shared_count(_Tp*&, std::_Sp_alloc_shared_tag<_Alloc>, _Args&& ...) [with _Tp = ros_babel_fish::BabelFishSubscription; _Alloc = std::allocator<ros_babel_fish::BabelFishSubscription>; _Args = {rclcpp::node_interfaces::NodeBaseInterface*, std::shared_ptr<const ros_babel_fish::MessageTypeSupport>&, const std::__cxx11::basic_string<char, std::char_traits<char>, std::allocator<char> >&, const rclcpp::QoS&, rclcpp::AnySubscriptionCallback<ros_babel_fish::CompoundMessage, std::allocator<void> >, rclcpp::SubscriptionOptionsWithAllocator<std::allocator<void> >}; __gnu_cxx::_Lock_policy _Lp = __gnu_cxx::_S_atomic][m[K’
[35.842s] [01m[K/usr/include/c++/11/bits/shared_ptr_base.h:1342:14:[m[K   required from ‘[01m[Kstd::__shared_ptr<_Tp, _Lp>::__shared_ptr(std::_Sp_alloc_shared_tag<_Tp>, _Args&& ...) [with _Alloc = std::allocator<ros_babel_fish::BabelFishSubscription>; _Args = {rclcpp::node_interfaces::NodeBaseInterface*, std::shared_ptr<const ros_babel_fish::MessageTypeSupport>&, const std::__cxx11::basic_string<char, std::char_traits<char>, std::allocator<char> >&, const rclcpp::QoS&, rclcpp::AnySubscriptionCallback<ros_babel_fish::CompoundMessage, std::allocator<void> >, rclcpp::SubscriptionOptionsWithAllocator<std::allocator<void> >}; _Tp = ros_babel_fish::BabelFishSubscription; __gnu_cxx::_Lock_policy _Lp = __gnu_cxx::_S_atomic][m[K’
[35.843s] [01m[K/usr/include/c++/11/bits/shared_ptr.h:409:59:[m[K   required from ‘[01m[Kstd::shared_ptr<_Tp>::shared_ptr(std::_Sp_alloc_shared_tag<_Tp>, _Args&& ...) [with _Alloc = std::allocator<ros_babel_fish::BabelFishSubscription>; _Args = {rclcpp::node_interfaces::NodeBaseInterface*, std::shared_ptr<const ros_babel_fish::MessageTypeSupport>&, const std::__cxx11::basic_string<char, std::char_traits<char>, std::allocator<char> >&, const rclcpp::QoS&, rclcpp::AnySubscriptionCallback<ros_babel_fish::CompoundMessage, std::allocator<void> >, rclcpp::SubscriptionOptionsWithAllocator<std::allocator<void> >}; _Tp = ros_babel_fish::BabelFishSubscription][m[K’
[35.844s] [01m[K/usr/include/c++/11/bits/shared_ptr.h:862:14:[m[K   required from ‘[01m[Kstd::shared_ptr<_Tp> std::allocate_shared(const _Alloc&, _Args&& ...) [with _Tp = ros_babel_fish::BabelFishSubscription; _Alloc = std::allocator<ros_babel_fish::BabelFishSubscription>; _Args = {rclcpp::node_interfaces::NodeBaseInterface*, std::shared_ptr<const ros_babel_fish::MessageTypeSupport>&, const std::__cxx11::basic_string<char, std::char_traits<char>, std::allocator<char> >&, const rclcpp::QoS&, rclcpp::AnySubscriptionCallback<ros_babel_fish::CompoundMessage, std::allocator<void> >, rclcpp::SubscriptionOptionsWithAllocator<std::allocator<void> >}][m[K’
[35.845s] [01m[K/usr/include/c++/11/bits/shared_ptr.h:878:39:[m[K   required from ‘[01m[Kstd::shared_ptr<_Tp> std::make_shared(_Args&& ...) [with _Tp = ros_babel_fish::BabelFishSubscription; _Args = {rclcpp::node_interfaces::NodeBaseInterface*, std::shared_ptr<const ros_babel_fish::MessageTypeSupport>&, const std::__cxx11::basic_string<char, std::char_traits<char>, std::allocator<char> >&, const rclcpp::QoS&, rclcpp::AnySubscriptionCallback<ros_babel_fish::CompoundMessage, std::allocator<void> >, rclcpp::SubscriptionOptionsWithAllocator<std::allocator<void> >}][m[K’
[35.845s] [01m[K/workspaces/PHOENIX/src/main_ws/src/ros_babel_fish/ros_babel_fish/src/babel_fish.cpp:58:64:[m[K   required from here
[35.845s] [01m[K/usr/include/c++/11/ext/new_allocator.h:162:11:[m[K [01;31m[Kerror: [m[Kcannot convert ‘[01m[Kstd::nullptr_t[m[K’ to ‘[01m[Kint[m[K’
[35.846s]   162 |         { [01;31m[K::new((void *)__p) _Up(std::forward<_Args>(__args)...)[m[K; }
[35.846s]       |           [01;31m[K^~~~~~~~~~~~~~~~~~~~~~~~~~~~~~~~~~~~~~~~~~~~~~~~~~~~~~[m[K
[35.846s]       |           [01;31m[K|[m[K
[35.846s]       |           [01;31m[Kstd::nullptr_t[m[K
[35.846s] In file included from [01m[K/workspaces/PHOENIX/src/main_ws/src/ros_babel_fish/ros_babel_fish/include/ros_babel_fish/babel_fish.hpp:12[m[K,
[35.846s]                  from [01m[K/workspaces/PHOENIX/src/main_ws/src/ros_babel_fish/ros_babel_fish/src/babel_fish.cpp:4[m[K:
[35.847s] [01m[K/workspaces/PHOENIX/src/main_ws/src/ros_babel_fish/ros_babel_fish/include/ros_babel_fish/detail/babel_fish_subscription.hpp:33:44:[m[K [01;36m[Knote: [m[K  initializing argument 7 of ‘[01m[Kros_babel_fish::BabelFishSubscription::BabelFishSubscription(rclcpp::node_interfaces::NodeBaseInterface*, ros_babel_fish::MessageTypeSupport::ConstSharedPtr, const string&, const rclcpp::QoS&, rclcpp::AnySubscriptionCallback<ros_babel_fish::CompoundMessage, std::allocator<void> >, const rclcpp::SubscriptionOptionsWithAllocator<std::allocator<void> >&, int)[m[K’
[35.847s]    33 |       [01;36m[KSubscriptionTopicStatisticsSharedPtr subscription_topic_statistics = nullptr[m[K );
[35.847s]       |       [01;36m[K~~~~~~~~~~~~~~~~~~~~~~~~~~~~~~~~~~~~~^~~~~~~~~~~~~~~~~~~~~~~~~~~~~~~~~~~~~~~[m[K
[37.036s] gmake[2]: *** [CMakeFiles/ros_babel_fish.dir/build.make:244: CMakeFiles/ros_babel_fish.dir/src/babel_fish.cpp.o] Error 1
[37.147s] gmake[2]: *** [CMakeFiles/ros_babel_fish.dir/build.make:230: CMakeFiles/ros_babel_fish.dir/src/messages/message.cpp.o] Error 1
[42.336s] gmake[1]: *** [CMakeFiles/Makefile2:179: CMakeFiles/ros_babel_fish.dir/all] Error 2
[42.361s] gmake: *** [Makefile:146: all] Error 2
[42.625s] Invoked command in '/workspaces/PHOENIX/src/main_ws/src/build/ros_babel_fish' returned '2': AMENT_PREFIX_PATH=/workspaces/PHOENIX/src/main_ws/src/install/ros_babel_fish_test_msgs:${AMENT_PREFIX_PATH} CMAKE_PREFIX_PATH=/workspaces/PHOENIX/src/main_ws/src/install/ros_babel_fish_test_msgs:/opt/ros/humble LD_LIBRARY_PATH=/workspaces/PHOENIX/src/main_ws/src/install/ros_babel_fish_test_msgs/lib:${LD_LIBRARY_PATH} PYTHONPATH=/workspaces/PHOENIX/src/main_ws/src/install/ros_babel_fish_test_msgs/local/lib/python3.10/dist-packages:${PYTHONPATH} /usr/bin/cmake --build /workspaces/PHOENIX/src/main_ws/src/build/ros_babel_fish -- -j12 -l12
