[0.566s] Invoking command in '/workspaces/PHOENIX/build/micro_controls': CMAKE_PREFIX_PATH=/opt/ros/humble /usr/bin/cmake /workspaces/PHOENIX/src/micro_ws/src/micro_controls -DCMAKE_INSTALL_PREFIX=/workspaces/PHOENIX/install/micro_controls
[1.110s] -- The C compiler identification is GNU 11.4.0
[1.514s] -- The CXX compiler identification is GNU 11.4.0
[1.547s] -- Detecting C compiler ABI info
[1.832s] -- Detecting C compiler ABI info - done
[1.842s] -- Check for working C compiler: /usr/bin/cc - skipped
[1.843s] -- Detecting C compile features
[1.843s] -- Detecting C compile features - done
[1.847s] -- Detecting CXX compiler ABI info
[2.196s] -- Detecting CXX compiler ABI info - done
[2.217s] -- Check for working CXX compiler: /usr/bin/c++ - skipped
[2.217s] -- Detecting CXX compile features
[2.219s] -- Detecting CXX compile features - done
[2.355s] -- Found ament_cmake: 1.3.10 (/opt/ros/humble/share/ament_cmake/cmake)
[2.867s] -- Found Python3: /usr/bin/python3 (found version "3.10.12") found components: Interpreter 
[3.289s] -- Found ament_lint_auto: 0.12.11 (/opt/ros/humble/share/ament_lint_auto/cmake)
[3.571s] -- Added test 'lint_cmake' to check CMake code style
[3.577s] -- Added test 'xmllint' to check XML markup files
[3.586s] -- Configuring done
[3.620s] -- Generating done
[3.623s] -- Build files have been written to: /workspaces/PHOENIX/build/micro_controls
[3.651s] Invoked command in '/workspaces/PHOENIX/build/micro_controls' returned '0': CMAKE_PREFIX_PATH=/opt/ros/humble /usr/bin/cmake /workspaces/PHOENIX/src/micro_ws/src/micro_controls -DCMAKE_INSTALL_PREFIX=/workspaces/PHOENIX/install/micro_controls
[3.662s] Invoking command in '/workspaces/PHOENIX/build/micro_controls': CMAKE_PREFIX_PATH=/opt/ros/humble /usr/bin/cmake --build /workspaces/PHOENIX/build/micro_controls -- -j12 -l12
[3.748s] Invoked command in '/workspaces/PHOENIX/build/micro_controls' returned '0': CMAKE_PREFIX_PATH=/opt/ros/humble /usr/bin/cmake --build /workspaces/PHOENIX/build/micro_controls -- -j12 -l12
[3.819s] Invoking command in '/workspaces/PHOENIX/build/micro_controls': CMAKE_PREFIX_PATH=/opt/ros/humble /usr/bin/cmake --install /workspaces/PHOENIX/build/micro_controls
[3.834s] -- Install configuration: ""
[3.839s] -- Installing: /workspaces/PHOENIX/install/micro_controls/share/ament_index/resource_index/package_run_dependencies/micro_controls
[3.840s] -- Installing: /workspaces/PHOENIX/install/micro_controls/share/ament_index/resource_index/parent_prefix_path/micro_controls
[3.843s] -- Installing: /workspaces/PHOENIX/install/micro_controls/share/micro_controls/environment/ament_prefix_path.sh
[3.850s] -- Installing: /workspaces/PHOENIX/install/micro_controls/share/micro_controls/environment/ament_prefix_path.dsv
[3.851s] -- Installing: /workspaces/PHOENIX/install/micro_controls/share/micro_controls/environment/path.sh
[3.851s] -- Installing: /workspaces/PHOENIX/install/micro_controls/share/micro_controls/environment/path.dsv
[3.852s] -- Installing: /workspaces/PHOENIX/install/micro_controls/share/micro_controls/local_setup.bash
[3.852s] -- Installing: /workspaces/PHOENIX/install/micro_controls/share/micro_controls/local_setup.sh
[3.855s] -- Installing: /workspaces/PHOENIX/install/micro_controls/share/micro_controls/local_setup.zsh
[3.857s] -- Installing: /workspaces/PHOENIX/install/micro_controls/share/micro_controls/local_setup.dsv
[3.857s] -- Installing: /workspaces/PHOENIX/install/micro_controls/share/micro_controls/package.dsv
[3.858s] -- Installing: /workspaces/PHOENIX/install/micro_controls/share/ament_index/resource_index/packages/micro_controls
[3.861s] -- Installing: /workspaces/PHOENIX/install/micro_controls/share/micro_controls/cmake/micro_controlsConfig.cmake
[3.861s] -- Installing: /workspaces/PHOENIX/install/micro_controls/share/micro_controls/cmake/micro_controlsConfig-version.cmake
[3.863s] -- Installing: /workspaces/PHOENIX/install/micro_controls/share/micro_controls/package.xml
[3.896s] Invoked command in '/workspaces/PHOENIX/build/micro_controls' returned '0': CMAKE_PREFIX_PATH=/opt/ros/humble /usr/bin/cmake --install /workspaces/PHOENIX/build/micro_controls
