[0.025s] Invoking command in '/workspaces/PHOENIX/src/main_ws/src/build/ros_babel_fish': AMENT_PREFIX_PATH=/workspaces/PHOENIX/src/main_ws/src/install/ros_babel_fish_test_msgs:${AMENT_PREFIX_PATH} CMAKE_PREFIX_PATH=/workspaces/PHOENIX/src/main_ws/src/install/ros_babel_fish_test_msgs:/opt/ros/humble LD_LIBRARY_PATH=/workspaces/PHOENIX/src/main_ws/src/install/ros_babel_fish_test_msgs/lib:${LD_LIBRARY_PATH} PYTHONPATH=/workspaces/PHOENIX/src/main_ws/src/install/ros_babel_fish_test_msgs/local/lib/python3.10/dist-packages:${PYTHONPATH} /usr/bin/cmake --build /workspaces/PHOENIX/src/main_ws/src/build/ros_babel_fish -- -j12 -l12
[0.102s] [35m[1mConsolidate compiler generated dependencies of target gtest[0m
[0.102s] [35m[1mConsolidate compiler generated dependencies of target gtest_main[0m
[0.130s] [  9%] Built target gtest
[0.131s] [  9%] Built target gtest_main
[0.140s] [35m[1mConsolidate compiler generated dependencies of target ros_babel_fish[0m
[0.218s] [ 11%] [32mBuilding CXX object CMakeFiles/ros_babel_fish.dir/src/detail/babel_fish_subscription.cpp.o[0m
[0.218s] [ 13%] [32mBuilding CXX object CMakeFiles/ros_babel_fish.dir/src/messages/compound_message.cpp.o[0m
[0.218s] [ 16%] [32mBuilding CXX object CMakeFiles/ros_babel_fish.dir/src/detail/babel_fish_publisher.cpp.o[0m
[0.222s] [ 18%] [32mBuilding CXX object CMakeFiles/ros_babel_fish.dir/src/detail/topic.cpp.o[0m
[0.223s] [ 20%] [32mBuilding CXX object CMakeFiles/ros_babel_fish.dir/src/messages/message.cpp.o[0m
[0.242s] [ 23%] [32mBuilding CXX object CMakeFiles/ros_babel_fish.dir/src/babel_fish.cpp.o[0m
[14.776s] [01m[K/workspaces/PHOENIX/src/main_ws/src/ros_babel_fish/ros_babel_fish/src/detail/babel_fish_publisher.cpp:[m[K In constructor ‘[01m[Kros_babel_fish::BabelFishPublisher::BabelFishPublisher(rclcpp::node_interfaces::NodeBaseInterface*, const rosidl_message_type_support_t&, const string&, const rclcpp::QoS&, const PublisherOptions&)[m[K’:
[14.778s] [01m[K/workspaces/PHOENIX/src/main_ws/src/ros_babel_fish/ros_babel_fish/src/detail/babel_fish_publisher.cpp:20:25:[m[K [01;31m[Kerror: [m[Kno matching function for call to ‘[01m[Krclcpp::PublisherBase::PublisherBase(rclcpp::node_interfaces::NodeBaseInterface*&, const string&, const rosidl_message_type_support_t&, rcl_publisher_options_t, const rclcpp::PublisherEventCallbacks&, const bool&)[m[K’
[14.779s]    20 |       options_( options [01;31m[K)[m[K
[14.779s]       |                         [01;31m[K^[m[K
[14.780s] In file included from [01m[K/workspaces/PHOENIX/src/main_ws/src/ros_babel_fish/ros_babel_fish/include/ros_babel_fish/detail/babel_fish_publisher.hpp:10[m[K,
[14.781s]                  from [01m[K/workspaces/PHOENIX/src/main_ws/src/ros_babel_fish/ros_babel_fish/src/detail/babel_fish_publisher.cpp:4[m[K:
[14.781s] [01m[K/opt/ros/humble/include/rclcpp/rclcpp/publisher_base.hpp:77:3:[m[K [01;36m[Knote: [m[Kcandidate: ‘[01m[Krclcpp::PublisherBase::PublisherBase(rclcpp::node_interfaces::NodeBaseInterface*, const string&, const rosidl_message_type_support_t&, const rcl_publisher_options_t&)[m[K’
[14.782s]    77 |   [01;36m[KPublisherBase[m[K(
[14.783s]       |   [01;36m[K^~~~~~~~~~~~~[m[K
[14.783s] [01m[K/opt/ros/humble/include/rclcpp/rclcpp/publisher_base.hpp:77:3:[m[K [01;36m[Knote: [m[K  candidate expects 4 arguments, 6 provided
[14.784s] [01m[K/opt/ros/humble/include/rclcpp/rclcpp/publisher_base.hpp:60:7:[m[K [01;36m[Knote: [m[Kcandidate: ‘[01m[Krclcpp::PublisherBase::PublisherBase(const rclcpp::PublisherBase&)[m[K’
[14.784s]    60 | class [01;36m[KPublisherBase[m[K : public std::enable_shared_from_this<PublisherBase>
[14.784s]       |       [01;36m[K^~~~~~~~~~~~~[m[K
[14.784s] [01m[K/opt/ros/humble/include/rclcpp/rclcpp/publisher_base.hpp:60:7:[m[K [01;36m[Knote: [m[K  candidate expects 1 argument, 6 provided
[16.702s] gmake[2]: *** [CMakeFiles/ros_babel_fish.dir/build.make:104: CMakeFiles/ros_babel_fish.dir/src/detail/babel_fish_publisher.cpp.o] Error 1
[16.703s] gmake[2]: *** Waiting for unfinished jobs....
[17.139s] In file included from [01m[K/workspaces/PHOENIX/src/main_ws/src/ros_babel_fish/ros_babel_fish/src/detail/babel_fish_subscription.cpp:5[m[K:
[17.140s] [01m[K/workspaces/PHOENIX/src/main_ws/src/ros_babel_fish/ros_babel_fish/include/ros_babel_fish/detail/babel_fish_subscription.hpp:22:76:[m[K [01;31m[Kerror: [m[Ktype/value mismatch at argument 1 in template parameter list for ‘[01m[Ktemplate<class _Tp> class std::shared_ptr[m[K’
[17.141s]    22 |       std::shared_ptr<rclcpp::topic_statistics::SubscriptionTopicStatistics[01;31m[K>[m[K;
[17.142s]       |                                                                            [01;31m[K^[m[K
[17.144s] [01m[K/workspaces/PHOENIX/src/main_ws/src/ros_babel_fish/ros_babel_fish/include/ros_babel_fish/detail/babel_fish_subscription.hpp:22:76:[m[K [01;36m[Knote: [m[K  expected a type, got ‘[01m[KSubscriptionTopicStatistics[m[K’
[17.146s] [01m[K/workspaces/PHOENIX/src/main_ws/src/ros_babel_fish/ros_babel_fish/include/ros_babel_fish/detail/babel_fish_subscription.hpp:33:7:[m[K [01;31m[Kerror: [m[K‘[01m[KSubscriptionTopicStatisticsSharedPtr[m[K’ has not been declared
[17.147s]    33 |       [01;31m[KSubscriptionTopicStatisticsSharedPtr[m[K subscription_topic_statistics = nullptr );
[17.147s]       |       [01;31m[K^~~~~~~~~~~~~~~~~~~~~~~~~~~~~~~~~~~~[m[K
[17.147s] [01m[K/workspaces/PHOENIX/src/main_ws/src/ros_babel_fish/ros_babel_fish/include/ros_babel_fish/detail/babel_fish_subscription.hpp:59:11:[m[K [01;31m[Kerror: [m[K‘[01m[Kdynamic_typesupport[m[K’ in namespace ‘[01m[Krclcpp[m[K’ does not name a type
[17.147s]    59 |   rclcpp::[01;31m[Kdynamic_typesupport[m[K::DynamicMessageType::SharedPtr get_shared_dynamic_message_type() override;
[17.148s]       |           [01;31m[K^~~~~~~~~~~~~~~~~~~[m[K
[17.149s] [01m[K/workspaces/PHOENIX/src/main_ws/src/ros_babel_fish/ros_babel_fish/include/ros_babel_fish/detail/babel_fish_subscription.hpp:61:11:[m[K [01;31m[Kerror: [m[K‘[01m[Kdynamic_typesupport[m[K’ in namespace ‘[01m[Krclcpp[m[K’ does not name a type
[17.149s]    61 |   rclcpp::[01;31m[Kdynamic_typesupport[m[K::DynamicMessage::SharedPtr get_shared_dynamic_message() override;
[17.150s]       |           [01;31m[K^~~~~~~~~~~~~~~~~~~[m[K
[17.150s] [01m[K/workspaces/PHOENIX/src/main_ws/src/ros_babel_fish/ros_babel_fish/include/ros_babel_fish/detail/babel_fish_subscription.hpp:63:11:[m[K [01;31m[Kerror: [m[K‘[01m[Kdynamic_typesupport[m[K’ in namespace ‘[01m[Krclcpp[m[K’ does not name a type
[17.150s]    63 |   rclcpp::[01;31m[Kdynamic_typesupport[m[K::DynamicSerializationSupport::SharedPtr
[17.151s]       |           [01;31m[K^~~~~~~~~~~~~~~~~~~[m[K
[17.151s] [01m[K/workspaces/PHOENIX/src/main_ws/src/ros_babel_fish/ros_babel_fish/include/ros_babel_fish/detail/babel_fish_subscription.hpp:66:11:[m[K [01;31m[Kerror: [m[K‘[01m[Kdynamic_typesupport[m[K’ in namespace ‘[01m[Krclcpp[m[K’ does not name a type
[17.151s]    66 |   rclcpp::[01;31m[Kdynamic_typesupport[m[K::DynamicMessage::SharedPtr create_dynamic_message() override;
[17.152s]       |           [01;31m[K^~~~~~~~~~~~~~~~~~~[m[K
[17.152s] [01m[K/workspaces/PHOENIX/src/main_ws/src/ros_babel_fish/ros_babel_fish/include/ros_babel_fish/detail/babel_fish_subscription.hpp:69:35:[m[K [01;31m[Kerror: [m[K‘[01m[Krclcpp::dynamic_typesupport[m[K’ has not been declared
[17.153s]    69 |   return_dynamic_message( rclcpp::[01;31m[Kdynamic_typesupport[m[K::DynamicMessage::SharedPtr &message ) override;
[17.154s]       |                                   [01;31m[K^~~~~~~~~~~~~~~~~~~[m[K
[17.155s] [01m[K/workspaces/PHOENIX/src/main_ws/src/ros_babel_fish/ros_babel_fish/include/ros_babel_fish/detail/babel_fish_subscription.hpp:69:82:[m[K [01;31m[Kerror: [m[Kexpected ‘[01m[K,[m[K’ or ‘[01m[K...[m[K’ before ‘[01m[K&[m[K’ token
[17.155s]    69 |   return_dynamic_message( rclcpp::dynamic_typesupport::DynamicMessage::SharedPtr [01;31m[K&[m[Kmessage ) override;
[17.156s]       |                                                                                  [01;31m[K^[m[K
[17.156s] [01m[K/workspaces/PHOENIX/src/main_ws/src/ros_babel_fish/ros_babel_fish/include/ros_babel_fish/detail/babel_fish_subscription.hpp:71:46:[m[K [01;31m[Kerror: [m[K‘[01m[Kdynamic_typesupport[m[K’ in namespace ‘[01m[Krclcpp[m[K’ does not name a type
[17.157s]    71 |   void handle_dynamic_message( const rclcpp::[01;31m[Kdynamic_typesupport[m[K::DynamicMessage::SharedPtr &message,
[17.157s]       |                                              [01;31m[K^~~~~~~~~~~~~~~~~~~[m[K
[17.157s] [01m[K/workspaces/PHOENIX/src/main_ws/src/ros_babel_fish/ros_babel_fish/include/ros_babel_fish/detail/babel_fish_subscription.hpp:71:81:[m[K [01;31m[Kerror: [m[Kexpected unqualified-id before ‘[01m[K::[m[K’ token
[17.158s]    71 |   void handle_dynamic_message( const rclcpp::dynamic_typesupport::DynamicMessage[01;31m[K::[m[KSharedPtr &message,
[17.158s]       |                                                                                 [01;31m[K^~[m[K
[17.158s] [01m[K/workspaces/PHOENIX/src/main_ws/src/ros_babel_fish/ros_babel_fish/include/ros_babel_fish/detail/babel_fish_subscription.hpp:71:81:[m[K [01;31m[Kerror: [m[Kexpected ‘[01m[K)[m[K’ before ‘[01m[K::[m[K’ token
[17.158s]    71 |   void handle_dynamic_message[34m[K([m[K const rclcpp::dynamic_typesupport::DynamicMessage[01;31m[K:[m[K[32m[K:[m[KSharedPtr &message,
[17.159s]       |                              [34m[K~[m[K                                                  [01;31m[K^[m[K[32m[K~[m[K
[17.159s]       |                                                                                 [32m[K)[m[K
[17.159s] [01m[K/workspaces/PHOENIX/src/main_ws/src/ros_babel_fish/ros_babel_fish/include/ros_babel_fish/detail/babel_fish_subscription.hpp:71:67:[m[K [01;31m[Kerror: [m[Kexpected ‘[01m[K;[m[K’ at end of member declaration
[17.159s]    71 |   void handle_dynamic_message( const rclcpp::dynamic_typesupport::[01;31m[KDynamicMessage[m[K::SharedPtr &message,
[17.159s]       |                                                                   [01;31m[K^~~~~~~~~~~~~~[m[K
[17.159s]       |                                                                                 [32m[K;[m[K
[17.160s] [01m[K/workspaces/PHOENIX/src/main_ws/src/ros_babel_fish/ros_babel_fish/include/ros_babel_fish/detail/babel_fish_subscription.hpp:71:83:[m[K [01;31m[Kerror: [m[K‘[01m[KSharedPtr[m[K’ in namespace ‘[01m[K::[m[K’ does not name a type
[17.160s]    71 |   void handle_dynamic_message( const rclcpp::dynamic_typesupport::DynamicMessage::[01;31m[KSharedPtr[m[K &message,
[17.160s]       |                                                                                   [01;31m[K^~~~~~~~~[m[K
[17.322s] [01m[K/workspaces/PHOENIX/src/main_ws/src/ros_babel_fish/ros_babel_fish/include/ros_babel_fish/detail/babel_fish_subscription.hpp:80:3:[m[K [01;31m[Kerror: [m[K‘[01m[KSubscriptionTopicStatisticsSharedPtr[m[K’ does not name a type
[17.323s]    80 |   [01;31m[KSubscriptionTopicStatisticsSharedPtr[m[K subscription_topic_statistics_{ nullptr };
[17.323s]       |   [01;31m[K^~~~~~~~~~~~~~~~~~~~~~~~~~~~~~~~~~~~[m[K
[17.323s] [01m[K/workspaces/PHOENIX/src/main_ws/src/ros_babel_fish/ros_babel_fish/include/ros_babel_fish/detail/babel_fish_subscription.hpp:80:81:[m[K [01;35m[Kwarning: [m[Kextra ‘[01m[K;[m[K’ [[01;35m[K]8;;https://gcc.gnu.org/onlinedocs/gcc/Warning-Options.html#index-Wpedantic-Wpedantic]8;;[m[K]
[17.323s]    80 |   SubscriptionTopicStatisticsSharedPtr subscription_topic_statistics_{ nullptr }[01;35m[K;[m[K
[17.323s]       |                                                                                 [01;35m[K^[m[K
[17.323s]       |                                                                                 [31m[K-[m[K
[17.324s] [01m[K/workspaces/PHOENIX/src/main_ws/src/ros_babel_fish/ros_babel_fish/include/ros_babel_fish/detail/babel_fish_subscription.hpp:69:3:[m[K [01;31m[Kerror: [m[K‘[01m[Kvoid ros_babel_fish::BabelFishSubscription::return_dynamic_message(int)[m[K’ marked ‘[01m[Koverride[m[K’, but does not override
[17.325s]    69 |   [01;31m[Kreturn_dynamic_message[m[K( rclcpp::dynamic_typesupport::DynamicMessage::SharedPtr &message ) override;
[17.325s]       |   [01;31m[K^~~~~~~~~~~~~~~~~~~~~~[m[K
[17.326s] [01m[K/workspaces/PHOENIX/src/main_ws/src/ros_babel_fish/ros_babel_fish/include/ros_babel_fish/detail/babel_fish_subscription.hpp:33:76:[m[K [01;31m[Kerror: [m[Kcould not convert ‘[01m[Knullptr[m[K’ from ‘[01m[Kstd::nullptr_t[m[K’ to ‘[01m[Kint[m[K’
[17.326s]    33 |       SubscriptionTopicStatisticsSharedPtr subscription_topic_statistics = [01;31m[Knullptr[m[K );
[17.326s]       |                                                                            [01;31m[K^~~~~~~[m[K
[17.326s]       |                                                                            [01;31m[K|[m[K
[17.326s]       |                                                                            [01;31m[Kstd::nullptr_t[m[K
[17.347s] [01m[K/workspaces/PHOENIX/src/main_ws/src/ros_babel_fish/ros_babel_fish/src/detail/babel_fish_subscription.cpp:21:5:[m[K [01;31m[Kerror: [m[K‘[01m[KSubscriptionTopicStatisticsSharedPtr[m[K’ has not been declared
[17.347s]    21 |     [01;31m[KSubscriptionTopicStatisticsSharedPtr[m[K subscription_topic_statistics )
[17.347s]       |     [01;31m[K^~~~~~~~~~~~~~~~~~~~~~~~~~~~~~~~~~~~[m[K
[17.349s] [01m[K/workspaces/PHOENIX/src/main_ws/src/ros_babel_fish/ros_babel_fish/src/detail/babel_fish_subscription.cpp:[m[K In constructor ‘[01m[Kros_babel_fish::BabelFishSubscription::BabelFishSubscription(rclcpp::node_interfaces::NodeBaseInterface*, ros_babel_fish::MessageTypeSupport::ConstSharedPtr, const string&, const rclcpp::QoS&, rclcpp::AnySubscriptionCallback<ros_babel_fish::CompoundMessage, std::allocator<void> >, const rclcpp::SubscriptionOptionsWithAllocator<std::allocator<void> >&, int)[m[K’:
[17.350s] [01m[K/workspaces/PHOENIX/src/main_ws/src/ros_babel_fish/ros_babel_fish/src/detail/babel_fish_subscription.cpp:23:68:[m[K [01;31m[Kerror: [m[Kno matching function for call to ‘[01m[Krclcpp::SubscriptionOptionsWithAllocator<std::allocator<void> >::to_rcl_subscription_options(const rclcpp::QoS&) const[m[K’
[17.350s]    23 |                                 [01;31m[Koptions.to_rcl_subscription_options( qos )[m[K, options.event_callbacks,
[17.350s]       |                                 [01;31m[K~~~~~~~~~~~~~~~~~~~~~~~~~~~~~~~~~~~^~~~~~~[m[K
[17.352s] In file included from [01m[K/opt/ros/humble/include/rclcpp/rclcpp/subscription.hpp:45[m[K,
[17.353s]                  from [01m[K/opt/ros/humble/include/rclcpp/rclcpp/node_interfaces/node_topics_interface.hpp:31[m[K,
[17.353s]                  from [01m[K/opt/ros/humble/include/rclcpp/rclcpp/generic_publisher.hpp:27[m[K,
[17.353s]                  from [01m[K/opt/ros/humble/include/rclcpp/rclcpp/node.hpp:45[m[K,
[17.353s]                  from [01m[K/workspaces/PHOENIX/src/main_ws/src/ros_babel_fish/ros_babel_fish/include/ros_babel_fish/detail/babel_fish_subscription.hpp:9[m[K,
[17.353s]                  from [01m[K/workspaces/PHOENIX/src/main_ws/src/ros_babel_fish/ros_babel_fish/src/detail/babel_fish_subscription.cpp:5[m[K:
[17.353s] [01m[K/opt/ros/humble/include/rclcpp/rclcpp/subscription_options.hpp:115:3:[m[K [01;36m[Knote: [m[Kcandidate: ‘[01m[Ktemplate<class MessageT> rcl_subscription_options_t rclcpp::SubscriptionOptionsWithAllocator<Allocator>::to_rcl_subscription_options(const rclcpp::QoS&) const [with MessageT = MessageT; Allocator = std::allocator<void>][m[K’
[17.353s]   115 |   [01;36m[Kto_rcl_subscription_options[m[K(const rclcpp::QoS & qos) const
[17.353s]       |   [01;36m[K^~~~~~~~~~~~~~~~~~~~~~~~~~~[m[K
[17.354s] [01m[K/opt/ros/humble/include/rclcpp/rclcpp/subscription_options.hpp:115:3:[m[K [01;36m[Knote: [m[K  template argument deduction/substitution failed:
[17.354s] [01m[K/workspaces/PHOENIX/src/main_ws/src/ros_babel_fish/ros_babel_fish/src/detail/babel_fish_subscription.cpp:23:68:[m[K [01;36m[Knote: [m[K  couldn’t deduce template parameter ‘[01m[KMessageT[m[K’
[17.354s]    23 |                                 [01;36m[Koptions.to_rcl_subscription_options( qos )[m[K, options.event_callbacks,
[17.354s]       |                                 [01;36m[K~~~~~~~~~~~~~~~~~~~~~~~~~~~~~~~~~~~^~~~~~~[m[K
[17.378s] [01m[K/workspaces/PHOENIX/src/main_ws/src/ros_babel_fish/ros_babel_fish/src/detail/babel_fish_subscription.cpp:26:47:[m[K [01;31m[Kerror: [m[K‘[01m[Krclcpp::DeliveredMessageKind[m[K’ has not been declared
[17.379s]    26 |                                     ? rclcpp::[01;31m[KDeliveredMessageKind[m[K::SERIALIZED_MESSAGE
[17.379s]       |                                               [01;31m[K^~~~~~~~~~~~~~~~~~~~[m[K
[17.379s] [01m[K/workspaces/PHOENIX/src/main_ws/src/ros_babel_fish/ros_babel_fish/src/detail/babel_fish_subscription.cpp:27:47:[m[K [01;31m[Kerror: [m[K‘[01m[Krclcpp::DeliveredMessageKind[m[K’ has not been declared
[17.379s]    27 |                                     : rclcpp::[01;31m[KDeliveredMessageKind[m[K::ROS_MESSAGE ),
[17.379s]       |                                               [01;31m[K^~~~~~~~~~~~~~~~~~~~[m[K
[17.387s] [01m[K/workspaces/PHOENIX/src/main_ws/src/ros_babel_fish/ros_babel_fish/src/detail/babel_fish_subscription.cpp:32:38:[m[K [01;31m[Kerror: [m[Kinvalid operands of types ‘[01m[Kint[m[K’ and ‘[01m[Kstd::nullptr_t[m[K’ to binary ‘[01m[Koperator!=[m[K’
[17.387s]    32 |   if ( [01;31m[Ksubscription_topic_statistics != nullptr[m[K ) {
[17.388s]       |        [01;31m[K~~~~~~~~~~~~~~~~~~~~~~~~~~~~~~^~~~~~~~~~[m[K
[17.388s] [01m[K/workspaces/PHOENIX/src/main_ws/src/ros_babel_fish/ros_babel_fish/src/detail/babel_fish_subscription.cpp:33:11:[m[K [01;31m[Kerror: [m[K‘[01m[Kclass ros_babel_fish::BabelFishSubscription[m[K’ has no member named ‘[01m[Ksubscription_topic_statistics_[m[K’
[17.388s]    33 |     this->[01;31m[Ksubscription_topic_statistics_[m[K = std::move( subscription_topic_statistics );
[17.388s]       |           [01;31m[K^~~~~~~~~~~~~~~~~~~~~~~~~~~~~~[m[K
[17.425s] [01m[K/workspaces/PHOENIX/src/main_ws/src/ros_babel_fish/ros_babel_fish/src/detail/babel_fish_subscription.cpp:[m[K In member function ‘[01m[Kvirtual void ros_babel_fish::BabelFishSubscription::handle_message(std::shared_ptr<void>&, const rclcpp::MessageInfo&)[m[K’:
[17.426s] [01m[K/workspaces/PHOENIX/src/main_ws/src/ros_babel_fish/ros_babel_fish/src/detail/babel_fish_subscription.cpp:68:8:[m[K [01;31m[Kerror: [m[K‘[01m[Ksubscription_topic_statistics_[m[K’ was not declared in this scope
[17.426s]    68 |   if ( [01;31m[Ksubscription_topic_statistics_[m[K ) {
[17.426s]       |        [01;31m[K^~~~~~~~~~~~~~~~~~~~~~~~~~~~~~[m[K
[17.452s] [01m[K/workspaces/PHOENIX/src/main_ws/src/ros_babel_fish/ros_babel_fish/src/detail/babel_fish_subscription.cpp:76:8:[m[K [01;31m[Kerror: [m[K‘[01m[Ksubscription_topic_statistics_[m[K’ was not declared in this scope
[17.452s]    76 |   if ( [01;31m[Ksubscription_topic_statistics_[m[K ) {
[17.452s]       |        [01;31m[K^~~~~~~~~~~~~~~~~~~~~~~~~~~~~~[m[K
[17.482s] [01m[K/workspaces/PHOENIX/src/main_ws/src/ros_babel_fish/ros_babel_fish/src/detail/babel_fish_subscription.cpp:[m[K In member function ‘[01m[Kvirtual void ros_babel_fish::BabelFishSubscription::handle_serialized_message(const std::shared_ptr<rclcpp::SerializedMessage>&, const rclcpp::MessageInfo&)[m[K’:
[17.483s] [01m[K/workspaces/PHOENIX/src/main_ws/src/ros_babel_fish/ros_babel_fish/src/detail/babel_fish_subscription.cpp:88:8:[m[K [01;31m[Kerror: [m[K‘[01m[Ksubscription_topic_statistics_[m[K’ was not declared in this scope
[17.483s]    88 |   if ( [01;31m[Ksubscription_topic_statistics_[m[K ) {
[17.483s]       |        [01;31m[K^~~~~~~~~~~~~~~~~~~~~~~~~~~~~~[m[K
[17.506s] [01m[K/workspaces/PHOENIX/src/main_ws/src/ros_babel_fish/ros_babel_fish/src/detail/babel_fish_subscription.cpp:96:8:[m[K [01;31m[Kerror: [m[K‘[01m[Ksubscription_topic_statistics_[m[K’ was not declared in this scope
[17.506s]    96 |   if ( [01;31m[Ksubscription_topic_statistics_[m[K ) {
[17.507s]       |        [01;31m[K^~~~~~~~~~~~~~~~~~~~~~~~~~~~~~[m[K
[17.510s] [01m[K/workspaces/PHOENIX/src/main_ws/src/ros_babel_fish/ros_babel_fish/src/detail/babel_fish_subscription.cpp:[m[K At global scope:
[17.511s] [01m[K/workspaces/PHOENIX/src/main_ws/src/ros_babel_fish/ros_babel_fish/src/detail/babel_fish_subscription.cpp:138:9:[m[K [01;31m[Kerror: [m[K‘[01m[Kdynamic_typesupport[m[K’ in namespace ‘[01m[Krclcpp[m[K’ does not name a type
[17.511s]   138 | rclcpp::[01;31m[Kdynamic_typesupport[m[K::DynamicMessageType::SharedPtr
[17.512s]       |         [01;31m[K^~~~~~~~~~~~~~~~~~~[m[K
[17.512s] [01m[K/workspaces/PHOENIX/src/main_ws/src/ros_babel_fish/ros_babel_fish/src/detail/babel_fish_subscription.cpp:145:9:[m[K [01;31m[Kerror: [m[K‘[01m[Kdynamic_typesupport[m[K’ in namespace ‘[01m[Krclcpp[m[K’ does not name a type
[17.512s]   145 | rclcpp::[01;31m[Kdynamic_typesupport[m[K::DynamicMessage::SharedPtr
[17.512s]       |         [01;31m[K^~~~~~~~~~~~~~~~~~~[m[K
[17.512s] [01m[K/workspaces/PHOENIX/src/main_ws/src/ros_babel_fish/ros_babel_fish/src/detail/babel_fish_subscription.cpp:152:9:[m[K [01;31m[Kerror: [m[K‘[01m[Kdynamic_typesupport[m[K’ in namespace ‘[01m[Krclcpp[m[K’ does not name a type
[17.512s]   152 | rclcpp::[01;31m[Kdynamic_typesupport[m[K::DynamicSerializationSupport::SharedPtr
[17.513s]       |         [01;31m[K^~~~~~~~~~~~~~~~~~~[m[K
[17.513s] [01m[K/workspaces/PHOENIX/src/main_ws/src/ros_babel_fish/ros_babel_fish/src/detail/babel_fish_subscription.cpp:159:9:[m[K [01;31m[Kerror: [m[K‘[01m[Kdynamic_typesupport[m[K’ in namespace ‘[01m[Krclcpp[m[K’ does not name a type
[17.513s]   159 | rclcpp::[01;31m[Kdynamic_typesupport[m[K::DynamicMessage::SharedPtr BabelFishSubscription::create_dynamic_message()
[17.513s]       |         [01;31m[K^~~~~~~~~~~~~~~~~~~[m[K
[17.513s] [01m[K/workspaces/PHOENIX/src/main_ws/src/ros_babel_fish/ros_babel_fish/src/detail/babel_fish_subscription.cpp:165:6:[m[K [01;31m[Kerror: [m[Kvariable or field ‘[01m[Kreturn_dynamic_message[m[K’ declared void
[17.513s]   165 | void [01;31m[KBabelFishSubscription[m[K::return_dynamic_message(
[17.513s]       |      [01;31m[K^~~~~~~~~~~~~~~~~~~~~[m[K
[17.514s] [01m[K/workspaces/PHOENIX/src/main_ws/src/ros_babel_fish/ros_babel_fish/src/detail/babel_fish_subscription.cpp:166:13:[m[K [01;31m[Kerror: [m[K‘[01m[Krclcpp::dynamic_typesupport[m[K’ has not been declared
[17.514s]   166 |     rclcpp::[01;31m[Kdynamic_typesupport[m[K::DynamicMessage::SharedPtr & )
[17.514s]       |             [01;31m[K^~~~~~~~~~~~~~~~~~~[m[K
[17.514s] [01m[K/workspaces/PHOENIX/src/main_ws/src/ros_babel_fish/ros_babel_fish/src/detail/babel_fish_subscription.cpp:166:62:[m[K [01;31m[Kerror: [m[Kexpected primary-expression before ‘[01m[K)[m[K’ token
[17.514s]   166 |     rclcpp::dynamic_typesupport::DynamicMessage::SharedPtr & [01;31m[K)[m[K
[17.514s]       |                                                              [01;31m[K^[m[K
[17.514s] [01m[K/workspaces/PHOENIX/src/main_ws/src/ros_babel_fish/ros_babel_fish/src/detail/babel_fish_subscription.cpp:173:19:[m[K [01;31m[Kerror: [m[K‘[01m[Kdynamic_typesupport[m[K’ in namespace ‘[01m[Krclcpp[m[K’ does not name a type
[17.515s]   173 |     const rclcpp::[01;31m[Kdynamic_typesupport[m[K::DynamicMessage::SharedPtr &, const rclcpp::MessageInfo & )
[17.515s]       |                   [01;31m[K^~~~~~~~~~~~~~~~~~~[m[K
[17.515s] [01m[K/workspaces/PHOENIX/src/main_ws/src/ros_babel_fish/ros_babel_fish/src/detail/babel_fish_subscription.cpp:173:54:[m[K [01;31m[Kerror: [m[Kexpected unqualified-id before ‘[01m[K::[m[K’ token
[17.515s]   173 |     const rclcpp::dynamic_typesupport::DynamicMessage[01;31m[K::[m[KSharedPtr &, const rclcpp::MessageInfo & )
[17.515s]       |                                                      [01;31m[K^~[m[K
[17.515s] [01m[K/workspaces/PHOENIX/src/main_ws/src/ros_babel_fish/ros_babel_fish/src/detail/babel_fish_subscription.cpp:173:54:[m[K [01;31m[Kerror: [m[Kexpected ‘[01m[K)[m[K’ before ‘[01m[K::[m[K’ token
[17.515s]   173 |     const rclcpp::dynamic_typesupport::DynamicMessage[01;31m[K:[m[K[32m[K:[m[KSharedPtr &, const rclcpp::MessageInfo & )
[17.516s]       |                                                      [01;31m[K^[m[K[32m[K~[m[K
[17.516s]       |                                                      [32m[K)[m[K
[17.516s] [01m[K/workspaces/PHOENIX/src/main_ws/src/ros_babel_fish/ros_babel_fish/src/detail/babel_fish_subscription.cpp:172:51:[m[K [01;36m[Knote: [m[Kto match this ‘[01m[K([m[K’
[17.516s]   172 | void BabelFishSubscription::handle_dynamic_message[01;36m[K([m[K
[17.516s]       |                                                   [01;36m[K^[m[K
[17.516s] [01m[K/workspaces/PHOENIX/src/main_ws/src/ros_babel_fish/ros_babel_fish/src/detail/babel_fish_subscription.cpp:173:54:[m[K [01;31m[Kerror: [m[Kexpected initializer before ‘[01m[K::[m[K’ token
[17.517s]   173 |     const rclcpp::dynamic_typesupport::DynamicMessage[01;31m[K::[m[KSharedPtr &, const rclcpp::MessageInfo & )
[17.517s]       |                                                      [01;31m[K^~[m[K
[19.030s] In file included from [01m[K/workspaces/PHOENIX/src/main_ws/src/ros_babel_fish/ros_babel_fish/include/ros_babel_fish/babel_fish.hpp:12[m[K,
[19.031s]                  from [01m[K/workspaces/PHOENIX/src/main_ws/src/ros_babel_fish/ros_babel_fish/src/babel_fish.cpp:4[m[K:
[19.032s] [01m[K/workspaces/PHOENIX/src/main_ws/src/ros_babel_fish/ros_babel_fish/include/ros_babel_fish/detail/babel_fish_subscription.hpp:22:76:[m[K [01;31m[Kerror: [m[Ktype/value mismatch at argument 1 in template parameter list for ‘[01m[Ktemplate<class _Tp> class std::shared_ptr[m[K’
[19.032s]    22 |       std::shared_ptr<rclcpp::topic_statistics::SubscriptionTopicStatistics[01;31m[K>[m[K;
[19.033s]       |                                                                            [01;31m[K^[m[K
[19.034s] [01m[K/workspaces/PHOENIX/src/main_ws/src/ros_babel_fish/ros_babel_fish/include/ros_babel_fish/detail/babel_fish_subscription.hpp:22:76:[m[K [01;36m[Knote: [m[K  expected a type, got ‘[01m[KSubscriptionTopicStatistics[m[K’
[19.034s] [01m[K/workspaces/PHOENIX/src/main_ws/src/ros_babel_fish/ros_babel_fish/include/ros_babel_fish/detail/babel_fish_subscription.hpp:33:7:[m[K [01;31m[Kerror: [m[K‘[01m[KSubscriptionTopicStatisticsSharedPtr[m[K’ has not been declared
[19.035s]    33 |       [01;31m[KSubscriptionTopicStatisticsSharedPtr[m[K subscription_topic_statistics = nullptr );
[19.035s]       |       [01;31m[K^~~~~~~~~~~~~~~~~~~~~~~~~~~~~~~~~~~~[m[K
[19.038s] [01m[K/workspaces/PHOENIX/src/main_ws/src/ros_babel_fish/ros_babel_fish/include/ros_babel_fish/detail/babel_fish_subscription.hpp:59:11:[m[K [01;31m[Kerror: [m[K‘[01m[Kdynamic_typesupport[m[K’ in namespace ‘[01m[Krclcpp[m[K’ does not name a type
[19.039s]    59 |   rclcpp::[01;31m[Kdynamic_typesupport[m[K::DynamicMessageType::SharedPtr get_shared_dynamic_message_type() override;
[19.039s]       |           [01;31m[K^~~~~~~~~~~~~~~~~~~[m[K
[19.039s] [01m[K/workspaces/PHOENIX/src/main_ws/src/ros_babel_fish/ros_babel_fish/include/ros_babel_fish/detail/babel_fish_subscription.hpp:61:11:[m[K [01;31m[Kerror: [m[K‘[01m[Kdynamic_typesupport[m[K’ in namespace ‘[01m[Krclcpp[m[K’ does not name a type
[19.039s]    61 |   rclcpp::[01;31m[Kdynamic_typesupport[m[K::DynamicMessage::SharedPtr get_shared_dynamic_message() override;
[19.040s]       |           [01;31m[K^~~~~~~~~~~~~~~~~~~[m[K
[19.040s] [01m[K/workspaces/PHOENIX/src/main_ws/src/ros_babel_fish/ros_babel_fish/include/ros_babel_fish/detail/babel_fish_subscription.hpp:63:11:[m[K [01;31m[Kerror: [m[K‘[01m[Kdynamic_typesupport[m[K’ in namespace ‘[01m[Krclcpp[m[K’ does not name a type
[19.040s]    63 |   rclcpp::[01;31m[Kdynamic_typesupport[m[K::DynamicSerializationSupport::SharedPtr
[19.040s]       |           [01;31m[K^~~~~~~~~~~~~~~~~~~[m[K
[19.040s] [01m[K/workspaces/PHOENIX/src/main_ws/src/ros_babel_fish/ros_babel_fish/include/ros_babel_fish/detail/babel_fish_subscription.hpp:66:11:[m[K [01;31m[Kerror: [m[K‘[01m[Kdynamic_typesupport[m[K’ in namespace ‘[01m[Krclcpp[m[K’ does not name a type
[19.041s]    66 |   rclcpp::[01;31m[Kdynamic_typesupport[m[K::DynamicMessage::SharedPtr create_dynamic_message() override;
[19.041s]       |           [01;31m[K^~~~~~~~~~~~~~~~~~~[m[K
[19.041s] [01m[K/workspaces/PHOENIX/src/main_ws/src/ros_babel_fish/ros_babel_fish/include/ros_babel_fish/detail/babel_fish_subscription.hpp:69:35:[m[K [01;31m[Kerror: [m[K‘[01m[Krclcpp::dynamic_typesupport[m[K’ has not been declared
[19.041s]    69 |   return_dynamic_message( rclcpp::[01;31m[Kdynamic_typesupport[m[K::DynamicMessage::SharedPtr &message ) override;
[19.041s]       |                                   [01;31m[K^~~~~~~~~~~~~~~~~~~[m[K
[19.042s] [01m[K/workspaces/PHOENIX/src/main_ws/src/ros_babel_fish/ros_babel_fish/include/ros_babel_fish/detail/babel_fish_subscription.hpp:69:82:[m[K [01;31m[Kerror: [m[Kexpected ‘[01m[K,[m[K’ or ‘[01m[K...[m[K’ before ‘[01m[K&[m[K’ token
[19.042s]    69 |   return_dynamic_message( rclcpp::dynamic_typesupport::DynamicMessage::SharedPtr [01;31m[K&[m[Kmessage ) override;
[19.042s]       |                                                                                  [01;31m[K^[m[K
[19.042s] [01m[K/workspaces/PHOENIX/src/main_ws/src/ros_babel_fish/ros_babel_fish/include/ros_babel_fish/detail/babel_fish_subscription.hpp:71:46:[m[K [01;31m[Kerror: [m[K‘[01m[Kdynamic_typesupport[m[K’ in namespace ‘[01m[Krclcpp[m[K’ does not name a type
[19.042s]    71 |   void handle_dynamic_message( const rclcpp::[01;31m[Kdynamic_typesupport[m[K::DynamicMessage::SharedPtr &message,
[19.042s]       |                                              [01;31m[K^~~~~~~~~~~~~~~~~~~[m[K
[19.043s] [01m[K/workspaces/PHOENIX/src/main_ws/src/ros_babel_fish/ros_babel_fish/include/ros_babel_fish/detail/babel_fish_subscription.hpp:71:81:[m[K [01;31m[Kerror: [m[Kexpected unqualified-id before ‘[01m[K::[m[K’ token
[19.043s]    71 |   void handle_dynamic_message( const rclcpp::dynamic_typesupport::DynamicMessage[01;31m[K::[m[KSharedPtr &message,
[19.043s]       |                                                                                 [01;31m[K^~[m[K
[19.043s] [01m[K/workspaces/PHOENIX/src/main_ws/src/ros_babel_fish/ros_babel_fish/include/ros_babel_fish/detail/babel_fish_subscription.hpp:71:81:[m[K [01;31m[Kerror: [m[Kexpected ‘[01m[K)[m[K’ before ‘[01m[K::[m[K’ token
[19.044s]    71 |   void handle_dynamic_message[34m[K([m[K const rclcpp::dynamic_typesupport::DynamicMessage[01;31m[K:[m[K[32m[K:[m[KSharedPtr &message,
[19.044s]       |                              [34m[K~[m[K                                                  [01;31m[K^[m[K[32m[K~[m[K
[19.044s]       |                                                                                 [32m[K)[m[K
[19.045s] [01m[K/workspaces/PHOENIX/src/main_ws/src/ros_babel_fish/ros_babel_fish/include/ros_babel_fish/detail/babel_fish_subscription.hpp:71:67:[m[K [01;31m[Kerror: [m[Kexpected ‘[01m[K;[m[K’ at end of member declaration
[19.046s]    71 |   void handle_dynamic_message( const rclcpp::dynamic_typesupport::[01;31m[KDynamicMessage[m[K::SharedPtr &message,
[19.046s]       |                                                                   [01;31m[K^~~~~~~~~~~~~~[m[K
[19.046s]       |                                                                                 [32m[K;[m[K
[19.051s] [01m[K/workspaces/PHOENIX/src/main_ws/src/ros_babel_fish/ros_babel_fish/include/ros_babel_fish/detail/babel_fish_subscription.hpp:71:83:[m[K [01;31m[Kerror: [m[K‘[01m[KSharedPtr[m[K’ in namespace ‘[01m[K::[m[K’ does not name a type
[19.051s]    71 |   void handle_dynamic_message( const rclcpp::dynamic_typesupport::DynamicMessage::[01;31m[KSharedPtr[m[K &message,
[19.052s]       |                                                                                   [01;31m[K^~~~~~~~~[m[K
[19.346s] In file included from [01m[K/workspaces/PHOENIX/src/main_ws/src/ros_babel_fish/ros_babel_fish/include/ros_babel_fish/babel_fish.hpp:12[m[K,
[19.346s]                  from [01m[K/workspaces/PHOENIX/src/main_ws/src/ros_babel_fish/ros_babel_fish/src/messages/message.cpp:6[m[K:
[19.347s] [01m[K/workspaces/PHOENIX/src/main_ws/src/ros_babel_fish/ros_babel_fish/include/ros_babel_fish/detail/babel_fish_subscription.hpp:22:76:[m[K [01;31m[Kerror: [m[Ktype/value mismatch at argument 1 in template parameter list for ‘[01m[Ktemplate<class _Tp> class std::shared_ptr[m[K’
[19.347s]    22 |       std::shared_ptr<rclcpp::topic_statistics::SubscriptionTopicStatistics[01;31m[K>[m[K;
[19.347s]       |                                                                            [01;31m[K^[m[K
[19.347s] [01m[K/workspaces/PHOENIX/src/main_ws/src/ros_babel_fish/ros_babel_fish/include/ros_babel_fish/detail/babel_fish_subscription.hpp:22:76:[m[K [01;36m[Knote: [m[K  expected a type, got ‘[01m[KSubscriptionTopicStatistics[m[K’
[19.348s] [01m[K/workspaces/PHOENIX/src/main_ws/src/ros_babel_fish/ros_babel_fish/include/ros_babel_fish/detail/babel_fish_subscription.hpp:33:7:[m[K [01;31m[Kerror: [m[K‘[01m[KSubscriptionTopicStatisticsSharedPtr[m[K’ has not been declared
[19.348s]    33 |       [01;31m[KSubscriptionTopicStatisticsSharedPtr[m[K subscription_topic_statistics = nullptr );
[19.348s]       |       [01;31m[K^~~~~~~~~~~~~~~~~~~~~~~~~~~~~~~~~~~~[m[K
[19.353s] [01m[K/workspaces/PHOENIX/src/main_ws/src/ros_babel_fish/ros_babel_fish/include/ros_babel_fish/detail/babel_fish_subscription.hpp:59:11:[m[K [01;31m[Kerror: [m[K‘[01m[Kdynamic_typesupport[m[K’ in namespace ‘[01m[Krclcpp[m[K’ does not name a type
[19.354s]    59 |   rclcpp::[01;31m[Kdynamic_typesupport[m[K::DynamicMessageType::SharedPtr get_shared_dynamic_message_type() override;
[19.354s]       |           [01;31m[K^~~~~~~~~~~~~~~~~~~[m[K
[19.356s] [01m[K/workspaces/PHOENIX/src/main_ws/src/ros_babel_fish/ros_babel_fish/include/ros_babel_fish/detail/babel_fish_subscription.hpp:61:11:[m[K [01;31m[Kerror: [m[K‘[01m[Kdynamic_typesupport[m[K’ in namespace ‘[01m[Krclcpp[m[K’ does not name a type
[19.357s]    61 |   rclcpp::[01;31m[Kdynamic_typesupport[m[K::DynamicMessage::SharedPtr get_shared_dynamic_message() override;
[19.357s]       |           [01;31m[K^~~~~~~~~~~~~~~~~~~[m[K
[19.357s] [01m[K/workspaces/PHOENIX/src/main_ws/src/ros_babel_fish/ros_babel_fish/include/ros_babel_fish/detail/babel_fish_subscription.hpp:63:11:[m[K [01;31m[Kerror: [m[K‘[01m[Kdynamic_typesupport[m[K’ in namespace ‘[01m[Krclcpp[m[K’ does not name a type
[19.357s]    63 |   rclcpp::[01;31m[Kdynamic_typesupport[m[K::DynamicSerializationSupport::SharedPtr
[19.357s]       |           [01;31m[K^~~~~~~~~~~~~~~~~~~[m[K
[19.357s] [01m[K/workspaces/PHOENIX/src/main_ws/src/ros_babel_fish/ros_babel_fish/include/ros_babel_fish/detail/babel_fish_subscription.hpp:66:11:[m[K [01;31m[Kerror: [m[K‘[01m[Kdynamic_typesupport[m[K’ in namespace ‘[01m[Krclcpp[m[K’ does not name a type
[19.358s]    66 |   rclcpp::[01;31m[Kdynamic_typesupport[m[K::DynamicMessage::SharedPtr create_dynamic_message() override;
[19.358s]       |           [01;31m[K^~~~~~~~~~~~~~~~~~~[m[K
[19.358s] [01m[K/workspaces/PHOENIX/src/main_ws/src/ros_babel_fish/ros_babel_fish/include/ros_babel_fish/detail/babel_fish_subscription.hpp:69:35:[m[K [01;31m[Kerror: [m[K‘[01m[Krclcpp::dynamic_typesupport[m[K’ has not been declared
[19.359s]    69 |   return_dynamic_message( rclcpp::[01;31m[Kdynamic_typesupport[m[K::DynamicMessage::SharedPtr &message ) override;
[19.359s]       |                                   [01;31m[K^~~~~~~~~~~~~~~~~~~[m[K
[19.359s] [01m[K/workspaces/PHOENIX/src/main_ws/src/ros_babel_fish/ros_babel_fish/include/ros_babel_fish/detail/babel_fish_subscription.hpp:69:82:[m[K [01;31m[Kerror: [m[Kexpected ‘[01m[K,[m[K’ or ‘[01m[K...[m[K’ before ‘[01m[K&[m[K’ token
[19.359s]    69 |   return_dynamic_message( rclcpp::dynamic_typesupport::DynamicMessage::SharedPtr [01;31m[K&[m[Kmessage ) override;
[19.359s]       |                                                                                  [01;31m[K^[m[K
[19.360s] [01m[K/workspaces/PHOENIX/src/main_ws/src/ros_babel_fish/ros_babel_fish/include/ros_babel_fish/detail/babel_fish_subscription.hpp:71:46:[m[K [01;31m[Kerror: [m[K‘[01m[Kdynamic_typesupport[m[K’ in namespace ‘[01m[Krclcpp[m[K’ does not name a type
[19.360s]    71 |   void handle_dynamic_message( const rclcpp::[01;31m[Kdynamic_typesupport[m[K::DynamicMessage::SharedPtr &message,
[19.360s]       |                                              [01;31m[K^~~~~~~~~~~~~~~~~~~[m[K
[19.360s] [01m[K/workspaces/PHOENIX/src/main_ws/src/ros_babel_fish/ros_babel_fish/include/ros_babel_fish/detail/babel_fish_subscription.hpp:71:81:[m[K [01;31m[Kerror: [m[Kexpected unqualified-id before ‘[01m[K::[m[K’ token
[19.360s]    71 |   void handle_dynamic_message( const rclcpp::dynamic_typesupport::DynamicMessage[01;31m[K::[m[KSharedPtr &message,
[19.361s]       |                                                                                 [01;31m[K^~[m[K
[19.361s] [01m[K/workspaces/PHOENIX/src/main_ws/src/ros_babel_fish/ros_babel_fish/include/ros_babel_fish/detail/babel_fish_subscription.hpp:71:81:[m[K [01;31m[Kerror: [m[Kexpected ‘[01m[K)[m[K’ before ‘[01m[K::[m[K’ token
[19.361s]    71 |   void handle_dynamic_message[34m[K([m[K const rclcpp::dynamic_typesupport::DynamicMessage[01;31m[K:[m[K[32m[K:[m[KSharedPtr &message,
[19.361s]       |                              [34m[K~[m[K                                                  [01;31m[K^[m[K[32m[K~[m[K
[19.361s]       |                                                                                 [32m[K)[m[K
[19.361s] [01m[K/workspaces/PHOENIX/src/main_ws/src/ros_babel_fish/ros_babel_fish/include/ros_babel_fish/detail/babel_fish_subscription.hpp:71:67:[m[K [01;31m[Kerror: [m[Kexpected ‘[01m[K;[m[K’ at end of member declaration
[19.361s]    71 |   void handle_dynamic_message( const rclcpp::dynamic_typesupport::[01;31m[KDynamicMessage[m[K::SharedPtr &message,
[19.362s]       |                                                                   [01;31m[K^~~~~~~~~~~~~~[m[K
[19.362s]       |                                                                                 [32m[K;[m[K
[19.364s] [01m[K/workspaces/PHOENIX/src/main_ws/src/ros_babel_fish/ros_babel_fish/include/ros_babel_fish/detail/babel_fish_subscription.hpp:71:83:[m[K [01;31m[Kerror: [m[K‘[01m[KSharedPtr[m[K’ in namespace ‘[01m[K::[m[K’ does not name a type
[19.365s]    71 |   void handle_dynamic_message( const rclcpp::dynamic_typesupport::DynamicMessage::[01;31m[KSharedPtr[m[K &message,
[19.365s]       |                                                                                   [01;31m[K^~~~~~~~~[m[K
[19.942s] [01m[K/workspaces/PHOENIX/src/main_ws/src/ros_babel_fish/ros_babel_fish/include/ros_babel_fish/detail/babel_fish_subscription.hpp:80:3:[m[K [01;31m[Kerror: [m[K‘[01m[KSubscriptionTopicStatisticsSharedPtr[m[K’ does not name a type
[19.943s]    80 |   [01;31m[KSubscriptionTopicStatisticsSharedPtr[m[K subscription_topic_statistics_{ nullptr };
[19.943s]       |   [01;31m[K^~~~~~~~~~~~~~~~~~~~~~~~~~~~~~~~~~~~[m[K
[19.943s] [01m[K/workspaces/PHOENIX/src/main_ws/src/ros_babel_fish/ros_babel_fish/include/ros_babel_fish/detail/babel_fish_subscription.hpp:80:81:[m[K [01;35m[Kwarning: [m[Kextra ‘[01m[K;[m[K’ [[01;35m[K]8;;https://gcc.gnu.org/onlinedocs/gcc/Warning-Options.html#index-Wpedantic-Wpedantic]8;;[m[K]
[19.943s]    80 |   SubscriptionTopicStatisticsSharedPtr subscription_topic_statistics_{ nullptr }[01;35m[K;[m[K
[19.943s]       |                                                                                 [01;35m[K^[m[K
[19.944s]       |                                                                                 [31m[K-[m[K
[19.945s] [01m[K/workspaces/PHOENIX/src/main_ws/src/ros_babel_fish/ros_babel_fish/include/ros_babel_fish/detail/babel_fish_subscription.hpp:69:3:[m[K [01;31m[Kerror: [m[K‘[01m[Kvoid ros_babel_fish::BabelFishSubscription::return_dynamic_message(int)[m[K’ marked ‘[01m[Koverride[m[K’, but does not override
[19.945s]    69 |   [01;31m[Kreturn_dynamic_message[m[K( rclcpp::dynamic_typesupport::DynamicMessage::SharedPtr &message ) override;
[19.945s]       |   [01;31m[K^~~~~~~~~~~~~~~~~~~~~~[m[K
[19.947s] [01m[K/workspaces/PHOENIX/src/main_ws/src/ros_babel_fish/ros_babel_fish/include/ros_babel_fish/detail/babel_fish_subscription.hpp:33:76:[m[K [01;31m[Kerror: [m[Kcould not convert ‘[01m[Knullptr[m[K’ from ‘[01m[Kstd::nullptr_t[m[K’ to ‘[01m[Kint[m[K’
[19.947s]    33 |       SubscriptionTopicStatisticsSharedPtr subscription_topic_statistics = [01;31m[Knullptr[m[K );
[19.947s]       |                                                                            [01;31m[K^~~~~~~[m[K
[19.947s]       |                                                                            [01;31m[K|[m[K
[19.947s]       |                                                                            [01;31m[Kstd::nullptr_t[m[K
[20.389s] [01m[K/workspaces/PHOENIX/src/main_ws/src/ros_babel_fish/ros_babel_fish/include/ros_babel_fish/detail/babel_fish_subscription.hpp:80:3:[m[K [01;31m[Kerror: [m[K‘[01m[KSubscriptionTopicStatisticsSharedPtr[m[K’ does not name a type
[20.390s]    80 |   [01;31m[KSubscriptionTopicStatisticsSharedPtr[m[K subscription_topic_statistics_{ nullptr };
[20.390s]       |   [01;31m[K^~~~~~~~~~~~~~~~~~~~~~~~~~~~~~~~~~~~[m[K
[20.391s] [01m[K/workspaces/PHOENIX/src/main_ws/src/ros_babel_fish/ros_babel_fish/include/ros_babel_fish/detail/babel_fish_subscription.hpp:80:81:[m[K [01;35m[Kwarning: [m[Kextra ‘[01m[K;[m[K’ [[01;35m[K]8;;https://gcc.gnu.org/onlinedocs/gcc/Warning-Options.html#index-Wpedantic-Wpedantic]8;;[m[K]
[20.391s]    80 |   SubscriptionTopicStatisticsSharedPtr subscription_topic_statistics_{ nullptr }[01;35m[K;[m[K
[20.391s]       |                                                                                 [01;35m[K^[m[K
[20.391s]       |                                                                                 [31m[K-[m[K
[20.404s] [01m[K/workspaces/PHOENIX/src/main_ws/src/ros_babel_fish/ros_babel_fish/include/ros_babel_fish/detail/babel_fish_subscription.hpp:69:3:[m[K [01;31m[Kerror: [m[K‘[01m[Kvoid ros_babel_fish::BabelFishSubscription::return_dynamic_message(int)[m[K’ marked ‘[01m[Koverride[m[K’, but does not override
[20.404s]    69 |   [01;31m[Kreturn_dynamic_message[m[K( rclcpp::dynamic_typesupport::DynamicMessage::SharedPtr &message ) override;
[20.405s]       |   [01;31m[K^~~~~~~~~~~~~~~~~~~~~~[m[K
[20.405s] [01m[K/workspaces/PHOENIX/src/main_ws/src/ros_babel_fish/ros_babel_fish/include/ros_babel_fish/detail/babel_fish_subscription.hpp:33:76:[m[K [01;31m[Kerror: [m[Kcould not convert ‘[01m[Knullptr[m[K’ from ‘[01m[Kstd::nullptr_t[m[K’ to ‘[01m[Kint[m[K’
[20.405s]    33 |       SubscriptionTopicStatisticsSharedPtr subscription_topic_statistics = [01;31m[Knullptr[m[K );
[20.405s]       |                                                                            [01;31m[K^~~~~~~[m[K
[20.406s]       |                                                                            [01;31m[K|[m[K
[20.407s]       |                                                                            [01;31m[Kstd::nullptr_t[m[K
[23.659s] gmake[2]: *** [CMakeFiles/ros_babel_fish.dir/build.make:146: CMakeFiles/ros_babel_fish.dir/src/detail/babel_fish_subscription.cpp.o] Error 1
[23.716s] In file included from [01m[K/usr/include/x86_64-linux-gnu/c++/11/bits/c++allocator.h:33[m[K,
[23.717s]                  from [01m[K/usr/include/c++/11/bits/allocator.h:46[m[K,
[23.718s]                  from [01m[K/usr/include/c++/11/string:41[m[K,
[23.718s]                  from [01m[K/usr/include/c++/11/stdexcept:39[m[K,
[23.718s]                  from [01m[K/opt/ros/humble/include/rclcpp/rclcpp/exceptions/exceptions.hpp:18[m[K,
[23.718s]                  from [01m[K/opt/ros/humble/include/rclcpp/rclcpp/exceptions.hpp:18[m[K,
[23.718s]                  from [01m[K/workspaces/PHOENIX/src/main_ws/src/ros_babel_fish/ros_babel_fish/include/ros_babel_fish/exceptions/babel_fish_exception.hpp:7[m[K,
[23.718s]                  from [01m[K/workspaces/PHOENIX/src/main_ws/src/ros_babel_fish/ros_babel_fish/include/ros_babel_fish/messages/message.hpp:7[m[K,
[23.719s]                  from [01m[K/workspaces/PHOENIX/src/main_ws/src/ros_babel_fish/ros_babel_fish/include/ros_babel_fish/messages/compound_message.hpp:7[m[K,
[23.719s]                  from [01m[K/workspaces/PHOENIX/src/main_ws/src/ros_babel_fish/ros_babel_fish/include/ros_babel_fish/detail/babel_fish_action.hpp:7[m[K,
[23.719s]                  from [01m[K/workspaces/PHOENIX/src/main_ws/src/ros_babel_fish/ros_babel_fish/include/ros_babel_fish/detail/babel_fish_action_client.hpp:7[m[K,
[23.719s]                  from [01m[K/workspaces/PHOENIX/src/main_ws/src/ros_babel_fish/ros_babel_fish/include/ros_babel_fish/babel_fish.hpp:7[m[K,
[23.720s]                  from [01m[K/workspaces/PHOENIX/src/main_ws/src/ros_babel_fish/ros_babel_fish/src/babel_fish.cpp:4[m[K:
[23.720s] /usr/include/c++/11/ext/new_allocator.h: In instantiation of ‘[01m[Kvoid __gnu_cxx::new_allocator<_Tp>::construct(_Up*, _Args&& ...) [with _Up = ros_babel_fish::BabelFishSubscription; _Args = {rclcpp::node_interfaces::NodeBaseInterface*, std::shared_ptr<const ros_babel_fish::MessageTypeSupport>&, const std::__cxx11::basic_string<char, std::char_traits<char>, std::allocator<char> >&, const rclcpp::QoS&, rclcpp::AnySubscriptionCallback<ros_babel_fish::CompoundMessage, std::allocator<void> >, rclcpp::SubscriptionOptionsWithAllocator<std::allocator<void> >}; _Tp = ros_babel_fish::BabelFishSubscription][m[K’:
[23.721s] [01m[K/usr/include/c++/11/bits/alloc_traits.h:516:17:[m[K   required from ‘[01m[Kstatic void std::allocator_traits<std::allocator<_CharT> >::construct(std::allocator_traits<std::allocator<_CharT> >::allocator_type&, _Up*, _Args&& ...) [with _Up = ros_babel_fish::BabelFishSubscription; _Args = {rclcpp::node_interfaces::NodeBaseInterface*, std::shared_ptr<const ros_babel_fish::MessageTypeSupport>&, const std::__cxx11::basic_string<char, std::char_traits<char>, std::allocator<char> >&, const rclcpp::QoS&, rclcpp::AnySubscriptionCallback<ros_babel_fish::CompoundMessage, std::allocator<void> >, rclcpp::SubscriptionOptionsWithAllocator<std::allocator<void> >}; _Tp = ros_babel_fish::BabelFishSubscription; std::allocator_traits<std::allocator<_CharT> >::allocator_type = std::allocator<ros_babel_fish::BabelFishSubscription>][m[K’
[23.721s] [01m[K/usr/include/c++/11/bits/shared_ptr_base.h:519:39:[m[K   required from ‘[01m[Kstd::_Sp_counted_ptr_inplace<_Tp, _Alloc, _Lp>::_Sp_counted_ptr_inplace(_Alloc, _Args&& ...) [with _Args = {rclcpp::node_interfaces::NodeBaseInterface*, std::shared_ptr<const ros_babel_fish::MessageTypeSupport>&, const std::__cxx11::basic_string<char, std::char_traits<char>, std::allocator<char> >&, const rclcpp::QoS&, rclcpp::AnySubscriptionCallback<ros_babel_fish::CompoundMessage, std::allocator<void> >, rclcpp::SubscriptionOptionsWithAllocator<std::allocator<void> >}; _Tp = ros_babel_fish::BabelFishSubscription; _Alloc = std::allocator<ros_babel_fish::BabelFishSubscription>; __gnu_cxx::_Lock_policy _Lp = __gnu_cxx::_S_atomic][m[K’
[23.721s] [01m[K/usr/include/c++/11/bits/shared_ptr_base.h:650:16:[m[K   required from ‘[01m[Kstd::__shared_count<_Lp>::__shared_count(_Tp*&, std::_Sp_alloc_shared_tag<_Alloc>, _Args&& ...) [with _Tp = ros_babel_fish::BabelFishSubscription; _Alloc = std::allocator<ros_babel_fish::BabelFishSubscription>; _Args = {rclcpp::node_interfaces::NodeBaseInterface*, std::shared_ptr<const ros_babel_fish::MessageTypeSupport>&, const std::__cxx11::basic_string<char, std::char_traits<char>, std::allocator<char> >&, const rclcpp::QoS&, rclcpp::AnySubscriptionCallback<ros_babel_fish::CompoundMessage, std::allocator<void> >, rclcpp::SubscriptionOptionsWithAllocator<std::allocator<void> >}; __gnu_cxx::_Lock_policy _Lp = __gnu_cxx::_S_atomic][m[K’
[23.722s] [01m[K/usr/include/c++/11/bits/shared_ptr_base.h:1342:14:[m[K   required from ‘[01m[Kstd::__shared_ptr<_Tp, _Lp>::__shared_ptr(std::_Sp_alloc_shared_tag<_Tp>, _Args&& ...) [with _Alloc = std::allocator<ros_babel_fish::BabelFishSubscription>; _Args = {rclcpp::node_interfaces::NodeBaseInterface*, std::shared_ptr<const ros_babel_fish::MessageTypeSupport>&, const std::__cxx11::basic_string<char, std::char_traits<char>, std::allocator<char> >&, const rclcpp::QoS&, rclcpp::AnySubscriptionCallback<ros_babel_fish::CompoundMessage, std::allocator<void> >, rclcpp::SubscriptionOptionsWithAllocator<std::allocator<void> >}; _Tp = ros_babel_fish::BabelFishSubscription; __gnu_cxx::_Lock_policy _Lp = __gnu_cxx::_S_atomic][m[K’
[23.722s] [01m[K/usr/include/c++/11/bits/shared_ptr.h:409:59:[m[K   required from ‘[01m[Kstd::shared_ptr<_Tp>::shared_ptr(std::_Sp_alloc_shared_tag<_Tp>, _Args&& ...) [with _Alloc = std::allocator<ros_babel_fish::BabelFishSubscription>; _Args = {rclcpp::node_interfaces::NodeBaseInterface*, std::shared_ptr<const ros_babel_fish::MessageTypeSupport>&, const std::__cxx11::basic_string<char, std::char_traits<char>, std::allocator<char> >&, const rclcpp::QoS&, rclcpp::AnySubscriptionCallback<ros_babel_fish::CompoundMessage, std::allocator<void> >, rclcpp::SubscriptionOptionsWithAllocator<std::allocator<void> >}; _Tp = ros_babel_fish::BabelFishSubscription][m[K’
[23.723s] [01m[K/usr/include/c++/11/bits/shared_ptr.h:862:14:[m[K   required from ‘[01m[Kstd::shared_ptr<_Tp> std::allocate_shared(const _Alloc&, _Args&& ...) [with _Tp = ros_babel_fish::BabelFishSubscription; _Alloc = std::allocator<ros_babel_fish::BabelFishSubscription>; _Args = {rclcpp::node_interfaces::NodeBaseInterface*, std::shared_ptr<const ros_babel_fish::MessageTypeSupport>&, const std::__cxx11::basic_string<char, std::char_traits<char>, std::allocator<char> >&, const rclcpp::QoS&, rclcpp::AnySubscriptionCallback<ros_babel_fish::CompoundMessage, std::allocator<void> >, rclcpp::SubscriptionOptionsWithAllocator<std::allocator<void> >}][m[K’
[23.723s] [01m[K/usr/include/c++/11/bits/shared_ptr.h:878:39:[m[K   required from ‘[01m[Kstd::shared_ptr<_Tp> std::make_shared(_Args&& ...) [with _Tp = ros_babel_fish::BabelFishSubscription; _Args = {rclcpp::node_interfaces::NodeBaseInterface*, std::shared_ptr<const ros_babel_fish::MessageTypeSupport>&, const std::__cxx11::basic_string<char, std::char_traits<char>, std::allocator<char> >&, const rclcpp::QoS&, rclcpp::AnySubscriptionCallback<ros_babel_fish::CompoundMessage, std::allocator<void> >, rclcpp::SubscriptionOptionsWithAllocator<std::allocator<void> >}][m[K’
[23.723s] [01m[K/workspaces/PHOENIX/src/main_ws/src/ros_babel_fish/ros_babel_fish/src/babel_fish.cpp:58:64:[m[K   required from here
[23.723s] [01m[K/usr/include/c++/11/ext/new_allocator.h:162:11:[m[K [01;31m[Kerror: [m[Kcannot convert ‘[01m[Kstd::nullptr_t[m[K’ to ‘[01m[Kint[m[K’
[23.723s]   162 |         { [01;31m[K::new((void *)__p) _Up(std::forward<_Args>(__args)...)[m[K; }
[23.724s]       |           [01;31m[K^~~~~~~~~~~~~~~~~~~~~~~~~~~~~~~~~~~~~~~~~~~~~~~~~~~~~~[m[K
[23.724s]       |           [01;31m[K|[m[K
[23.724s]       |           [01;31m[Kstd::nullptr_t[m[K
[23.724s] In file included from [01m[K/workspaces/PHOENIX/src/main_ws/src/ros_babel_fish/ros_babel_fish/include/ros_babel_fish/babel_fish.hpp:12[m[K,
[23.724s]                  from [01m[K/workspaces/PHOENIX/src/main_ws/src/ros_babel_fish/ros_babel_fish/src/babel_fish.cpp:4[m[K:
[23.724s] [01m[K/workspaces/PHOENIX/src/main_ws/src/ros_babel_fish/ros_babel_fish/include/ros_babel_fish/detail/babel_fish_subscription.hpp:33:44:[m[K [01;36m[Knote: [m[K  initializing argument 7 of ‘[01m[Kros_babel_fish::BabelFishSubscription::BabelFishSubscription(rclcpp::node_interfaces::NodeBaseInterface*, ros_babel_fish::MessageTypeSupport::ConstSharedPtr, const string&, const rclcpp::QoS&, rclcpp::AnySubscriptionCallback<ros_babel_fish::CompoundMessage, std::allocator<void> >, const rclcpp::SubscriptionOptionsWithAllocator<std::allocator<void> >&, int)[m[K’
[23.724s]    33 |       [01;36m[KSubscriptionTopicStatisticsSharedPtr subscription_topic_statistics = nullptr[m[K );
[23.724s]       |       [01;36m[K~~~~~~~~~~~~~~~~~~~~~~~~~~~~~~~~~~~~~^~~~~~~~~~~~~~~~~~~~~~~~~~~~~~~~~~~~~~~[m[K
[24.362s] gmake[2]: *** [CMakeFiles/ros_babel_fish.dir/build.make:244: CMakeFiles/ros_babel_fish.dir/src/babel_fish.cpp.o] Error 1
[24.890s] gmake[2]: *** [CMakeFiles/ros_babel_fish.dir/build.make:230: CMakeFiles/ros_babel_fish.dir/src/messages/message.cpp.o] Error 1
[30.428s] gmake[1]: *** [CMakeFiles/Makefile2:179: CMakeFiles/ros_babel_fish.dir/all] Error 2
[30.431s] gmake: *** [Makefile:146: all] Error 2
[30.491s] Invoked command in '/workspaces/PHOENIX/src/main_ws/src/build/ros_babel_fish' returned '2': AMENT_PREFIX_PATH=/workspaces/PHOENIX/src/main_ws/src/install/ros_babel_fish_test_msgs:${AMENT_PREFIX_PATH} CMAKE_PREFIX_PATH=/workspaces/PHOENIX/src/main_ws/src/install/ros_babel_fish_test_msgs:/opt/ros/humble LD_LIBRARY_PATH=/workspaces/PHOENIX/src/main_ws/src/install/ros_babel_fish_test_msgs/lib:${LD_LIBRARY_PATH} PYTHONPATH=/workspaces/PHOENIX/src/main_ws/src/install/ros_babel_fish_test_msgs/local/lib/python3.10/dist-packages:${PYTHONPATH} /usr/bin/cmake --build /workspaces/PHOENIX/src/main_ws/src/build/ros_babel_fish -- -j12 -l12
