-- Found ament_cmake: 1.3.10 (/opt/ros/humble/share/ament_cmake/cmake)
-- Found ament_index_cpp: 1.4.0 (/opt/ros/humble/share/ament_index_cpp/cmake)
-- Found image_transport: 3.1.9 (/opt/ros/humble/share/image_transport/cmake)
-- Found rosidl_generator_c: 3.1.5 (/opt/ros/humble/share/rosidl_generator_c/cmake)
-- Found rosidl_adapter: 3.1.5 (/opt/ros/humble/share/rosidl_adapter/cmake)
-- Found rosidl_generator_cpp: 3.1.5 (/opt/ros/humble/share/rosidl_generator_cpp/cmake)
-- Using all available rosidl_typesupport_c: rosidl_typesupport_fastrtps_c;rosidl_typesupport_introspection_c
-- Using all available rosidl_typesupport_cpp: rosidl_typesupport_fastrtps_cpp;rosidl_typesupport_introspection_cpp
-- Found rmw_implementation_cmake: 6.1.2 (/opt/ros/humble/share/rmw_implementation_cmake/cmake)
-- Found rmw_fastrtps_cpp: 6.2.7 (/opt/ros/humble/share/rmw_fastrtps_cpp/cmake)
-- Using RMW implementation 'rmw_fastrtps_cpp' as default
[31mCMake Error at CMakeLists.txt:16 (find_package):
  By not providing "Findros_babel_fish.cmake" in CMAKE_MODULE_PATH this
  project has asked CMake to find a package configuration file provided by
  "ros_babel_fish", but CMake did not find one.

  Could not find a package configuration file provided by "ros_babel_fish"
  with any of the following names:

    ros_babel_fishConfig.cmake
    ros_babel_fish-config.cmake

  Add the installation prefix of "ros_babel_fish" to CMAKE_PREFIX_PATH or set
  "ros_babel_fish_DIR" to a directory containing one of the above files.  If
  "ros_babel_fish" provides a separate development package or SDK, be sure it
  has been installed.

[0m
-- Configuring incomplete, errors occurred!
See also "/workspaces/PHOENIX/src/main_ws/src/build/qml_ros2_plugin/CMakeFiles/CMakeOutput.log".
