[0.085s] Invoking command in '/workspaces/PHOENIX/src/main_ws/src/build/qml_ros2_plugin': CMAKE_PREFIX_PATH=/opt/ros/humble /usr/bin/cmake /workspaces/PHOENIX/src/main_ws/src/qml_ros2_plugin -DCMAKE_INSTALL_PREFIX=/workspaces/PHOENIX/src/main_ws/src/install/qml_ros2_plugin
[0.196s] -- Found ament_cmake: 1.3.10 (/opt/ros/humble/share/ament_cmake/cmake)
[0.616s] -- Found ament_index_cpp: 1.4.0 (/opt/ros/humble/share/ament_index_cpp/cmake)
[0.622s] -- Found image_transport: 3.1.9 (/opt/ros/humble/share/image_transport/cmake)
[0.731s] -- Found rosidl_generator_c: 3.1.5 (/opt/ros/humble/share/rosidl_generator_c/cmake)
[0.736s] -- Found rosidl_adapter: 3.1.5 (/opt/ros/humble/share/rosidl_adapter/cmake)
[0.750s] -- Found rosidl_generator_cpp: 3.1.5 (/opt/ros/humble/share/rosidl_generator_cpp/cmake)
[0.776s] -- Using all available rosidl_typesupport_c: rosidl_typesupport_fastrtps_c;rosidl_typesupport_introspection_c
[0.811s] -- Using all available rosidl_typesupport_cpp: rosidl_typesupport_fastrtps_cpp;rosidl_typesupport_introspection_cpp
[0.887s] -- Found rmw_implementation_cmake: 6.1.2 (/opt/ros/humble/share/rmw_implementation_cmake/cmake)
[0.895s] -- Found rmw_fastrtps_cpp: 6.2.7 (/opt/ros/humble/share/rmw_fastrtps_cpp/cmake)
[1.099s] -- Using RMW implementation 'rmw_fastrtps_cpp' as default
[1.498s] [31mCMake Error at CMakeLists.txt:16 (find_package):
[1.499s]   By not providing "Findros_babel_fish.cmake" in CMAKE_MODULE_PATH this
[1.499s]   project has asked CMake to find a package configuration file provided by
[1.499s]   "ros_babel_fish", but CMake did not find one.
[1.499s] 
[1.499s]   Could not find a package configuration file provided by "ros_babel_fish"
[1.499s]   with any of the following names:
[1.499s] 
[1.499s]     ros_babel_fishConfig.cmake
[1.499s]     ros_babel_fish-config.cmake
[1.500s] 
[1.500s]   Add the installation prefix of "ros_babel_fish" to CMAKE_PREFIX_PATH or set
[1.500s]   "ros_babel_fish_DIR" to a directory containing one of the above files.  If
[1.500s]   "ros_babel_fish" provides a separate development package or SDK, be sure it
[1.500s]   has been installed.
[1.500s] 
[1.500s] [0m
[1.500s] -- Configuring incomplete, errors occurred!
[1.500s] See also "/workspaces/PHOENIX/src/main_ws/src/build/qml_ros2_plugin/CMakeFiles/CMakeOutput.log".
[1.514s] Invoked command in '/workspaces/PHOENIX/src/main_ws/src/build/qml_ros2_plugin' returned '1': CMAKE_PREFIX_PATH=/opt/ros/humble /usr/bin/cmake /workspaces/PHOENIX/src/main_ws/src/qml_ros2_plugin -DCMAKE_INSTALL_PREFIX=/workspaces/PHOENIX/src/main_ws/src/install/qml_ros2_plugin
