[ 33%] Built target dump
[100%] Built target drivetrain
[100%] Built target dig
-- Install configuration: ""
-- Up-to-date: /workspaces/PHOENIX/src/main_ws/src/install/controls/lib/controls/drivetrain
-- Up-to-date: /workspaces/PHOENIX/src/main_ws/src/install/controls/lib/controls/dig
-- Up-to-date: /workspaces/PHOENIX/src/main_ws/src/install/controls/lib/controls/dump
-- Up-to-date: /workspaces/PHOENIX/src/main_ws/src/install/controls/share/ament_index/resource_index/package_run_dependencies/controls
-- Up-to-date: /workspaces/PHOENIX/src/main_ws/src/install/controls/share/ament_index/resource_index/parent_prefix_path/controls
-- Up-to-date: /workspaces/PHOENIX/src/main_ws/src/install/controls/share/controls/environment/ament_prefix_path.sh
-- Up-to-date: /workspaces/PHOENIX/src/main_ws/src/install/controls/share/controls/environment/ament_prefix_path.dsv
-- Up-to-date: /workspaces/PHOENIX/src/main_ws/src/install/controls/share/controls/environment/path.sh
-- Up-to-date: /workspaces/PHOENIX/src/main_ws/src/install/controls/share/controls/environment/path.dsv
-- Up-to-date: /workspaces/PHOENIX/src/main_ws/src/install/controls/share/controls/local_setup.bash
-- Up-to-date: /workspaces/PHOENIX/src/main_ws/src/install/controls/share/controls/local_setup.sh
-- Up-to-date: /workspaces/PHOENIX/src/main_ws/src/install/controls/share/controls/local_setup.zsh
-- Up-to-date: /workspaces/PHOENIX/src/main_ws/src/install/controls/share/controls/local_setup.dsv
-- Up-to-date: /workspaces/PHOENIX/src/main_ws/src/install/controls/share/controls/package.dsv
-- Up-to-date: /workspaces/PHOENIX/src/main_ws/src/install/controls/share/ament_index/resource_index/packages/controls
-- Up-to-date: /workspaces/PHOENIX/src/main_ws/src/install/controls/share/controls/cmake/controlsConfig.cmake
-- Up-to-date: /workspaces/PHOENIX/src/main_ws/src/install/controls/share/controls/cmake/controlsConfig-version.cmake
-- Up-to-date: /workspaces/PHOENIX/src/main_ws/src/install/controls/share/controls/package.xml
