-- Found ament_cmake: 1.3.10 (/opt/ros/humble/share/ament_cmake/cmake)
-- Found Python3: /usr/bin/python3 (found version "3.10.12") found components: Interpreter 
-- Found ament_lint_auto: 0.12.11 (/opt/ros/humble/share/ament_lint_auto/cmake)
-- Added test 'lint_cmake' to check CMake code style
-- Added test 'xmllint' to check XML markup files
-- Configuring done
-- Generating done
-- Build files have been written to: /workspaces/PHOENIX/src/main_ws/build/teleop
-- Install configuration: ""
-- Up-to-date: /workspaces/PHOENIX/src/main_ws/install/teleop/share/ament_index/resource_index/package_run_dependencies/teleop
-- Up-to-date: /workspaces/PHOENIX/src/main_ws/install/teleop/share/ament_index/resource_index/parent_prefix_path/teleop
-- Installing: /workspaces/PHOENIX/src/main_ws/install/teleop/share/teleop/environment/ament_prefix_path.sh
-- Installing: /workspaces/PHOENIX/src/main_ws/install/teleop/share/teleop/environment/ament_prefix_path.dsv
-- Installing: /workspaces/PHOENIX/src/main_ws/install/teleop/share/teleop/environment/path.sh
-- Installing: /workspaces/PHOENIX/src/main_ws/install/teleop/share/teleop/environment/path.dsv
-- Up-to-date: /workspaces/PHOENIX/src/main_ws/install/teleop/share/teleop/local_setup.bash
-- Up-to-date: /workspaces/PHOENIX/src/main_ws/install/teleop/share/teleop/local_setup.sh
-- Up-to-date: /workspaces/PHOENIX/src/main_ws/install/teleop/share/teleop/local_setup.zsh
-- Installing: /workspaces/PHOENIX/src/main_ws/install/teleop/share/teleop/local_setup.dsv
-- Installing: /workspaces/PHOENIX/src/main_ws/install/teleop/share/teleop/package.dsv
-- Up-to-date: /workspaces/PHOENIX/src/main_ws/install/teleop/share/ament_index/resource_index/packages/teleop
-- Up-to-date: /workspaces/PHOENIX/src/main_ws/install/teleop/share/teleop/cmake/teleopConfig.cmake
-- Up-to-date: /workspaces/PHOENIX/src/main_ws/install/teleop/share/teleop/cmake/teleopConfig-version.cmake
-- Up-to-date: /workspaces/PHOENIX/src/main_ws/install/teleop/share/teleop/package.xml
