[0.102s] Invoking command in '/workspaces/PHOENIX/src/main_ws/build/teleop': CMAKE_PREFIX_PATH=/opt/ros/humble /usr/bin/cmake --build /workspaces/PHOENIX/src/main_ws/build/teleop -- -j12 -l12
[0.484s] -- Found ament_cmake: 1.3.10 (/opt/ros/humble/share/ament_cmake/cmake)
[0.923s] -- Found Python3: /usr/bin/python3 (found version "3.10.12") found components: Interpreter 
[1.131s] -- Found ament_lint_auto: 0.12.11 (/opt/ros/humble/share/ament_lint_auto/cmake)
[1.291s] -- Added test 'lint_cmake' to check CMake code style
[1.296s] -- Added test 'xmllint' to check XML markup files
[1.302s] -- Configuring done
[1.316s] -- Generating done
[1.318s] -- Build files have been written to: /workspaces/PHOENIX/src/main_ws/build/teleop
[1.379s] Invoked command in '/workspaces/PHOENIX/src/main_ws/build/teleop' returned '0': CMAKE_PREFIX_PATH=/opt/ros/humble /usr/bin/cmake --build /workspaces/PHOENIX/src/main_ws/build/teleop -- -j12 -l12
[1.421s] Invoking command in '/workspaces/PHOENIX/src/main_ws/build/teleop': CMAKE_PREFIX_PATH=/opt/ros/humble /usr/bin/cmake --install /workspaces/PHOENIX/src/main_ws/build/teleop
[1.441s] -- Install configuration: ""
[1.441s] -- Up-to-date: /workspaces/PHOENIX/src/main_ws/install/teleop/share/ament_index/resource_index/package_run_dependencies/teleop
[1.441s] -- Up-to-date: /workspaces/PHOENIX/src/main_ws/install/teleop/share/ament_index/resource_index/parent_prefix_path/teleop
[1.442s] -- Installing: /workspaces/PHOENIX/src/main_ws/install/teleop/share/teleop/environment/ament_prefix_path.sh
[1.456s] -- Installing: /workspaces/PHOENIX/src/main_ws/install/teleop/share/teleop/environment/ament_prefix_path.dsv
[1.456s] -- Installing: /workspaces/PHOENIX/src/main_ws/install/teleop/share/teleop/environment/path.sh
[1.457s] -- Installing: /workspaces/PHOENIX/src/main_ws/install/teleop/share/teleop/environment/path.dsv
[1.458s] -- Up-to-date: /workspaces/PHOENIX/src/main_ws/install/teleop/share/teleop/local_setup.bash
[1.458s] -- Up-to-date: /workspaces/PHOENIX/src/main_ws/install/teleop/share/teleop/local_setup.sh
[1.459s] -- Up-to-date: /workspaces/PHOENIX/src/main_ws/install/teleop/share/teleop/local_setup.zsh
[1.459s] -- Installing: /workspaces/PHOENIX/src/main_ws/install/teleop/share/teleop/local_setup.dsv
[1.460s] -- Installing: /workspaces/PHOENIX/src/main_ws/install/teleop/share/teleop/package.dsv
[1.461s] -- Up-to-date: /workspaces/PHOENIX/src/main_ws/install/teleop/share/ament_index/resource_index/packages/teleop
[1.461s] -- Up-to-date: /workspaces/PHOENIX/src/main_ws/install/teleop/share/teleop/cmake/teleopConfig.cmake
[1.462s] -- Up-to-date: /workspaces/PHOENIX/src/main_ws/install/teleop/share/teleop/cmake/teleopConfig-version.cmake
[1.462s] -- Up-to-date: /workspaces/PHOENIX/src/main_ws/install/teleop/share/teleop/package.xml
[1.464s] Invoked command in '/workspaces/PHOENIX/src/main_ws/build/teleop' returned '0': CMAKE_PREFIX_PATH=/opt/ros/humble /usr/bin/cmake --install /workspaces/PHOENIX/src/main_ws/build/teleop
