[0.045s] Invoking command in '/workspaces/PHOENIX/src/main_ws/src/build/teleop': CMAKE_PREFIX_PATH=/opt/ros/humble /usr/bin/cmake --build /workspaces/PHOENIX/src/main_ws/src/build/teleop -- -j12 -l12
[0.082s] Invoked command in '/workspaces/PHOENIX/src/main_ws/src/build/teleop' returned '0': CMAKE_PREFIX_PATH=/opt/ros/humble /usr/bin/cmake --build /workspaces/PHOENIX/src/main_ws/src/build/teleop -- -j12 -l12
[0.133s] Invoking command in '/workspaces/PHOENIX/src/main_ws/src/build/teleop': CMAKE_PREFIX_PATH=/opt/ros/humble /usr/bin/cmake --install /workspaces/PHOENIX/src/main_ws/src/build/teleop
[0.134s] -- Install configuration: ""
[0.135s] -- Up-to-date: /workspaces/PHOENIX/src/main_ws/src/install/teleop/share/ament_index/resource_index/package_run_dependencies/teleop
[0.136s] -- Up-to-date: /workspaces/PHOENIX/src/main_ws/src/install/teleop/share/ament_index/resource_index/parent_prefix_path/teleop
[0.136s] -- Up-to-date: /workspaces/PHOENIX/src/main_ws/src/install/teleop/share/teleop/environment/ament_prefix_path.sh
[0.138s] -- Up-to-date: /workspaces/PHOENIX/src/main_ws/src/install/teleop/share/teleop/environment/ament_prefix_path.dsv
[0.138s] -- Up-to-date: /workspaces/PHOENIX/src/main_ws/src/install/teleop/share/teleop/environment/path.sh
[0.138s] -- Up-to-date: /workspaces/PHOENIX/src/main_ws/src/install/teleop/share/teleop/environment/path.dsv
[0.138s] -- Up-to-date: /workspaces/PHOENIX/src/main_ws/src/install/teleop/share/teleop/local_setup.bash
[0.139s] -- Up-to-date: /workspaces/PHOENIX/src/main_ws/src/install/teleop/share/teleop/local_setup.sh
[0.140s] -- Up-to-date: /workspaces/PHOENIX/src/main_ws/src/install/teleop/share/teleop/local_setup.zsh
[0.140s] -- Up-to-date: /workspaces/PHOENIX/src/main_ws/src/install/teleop/share/teleop/local_setup.dsv
[0.140s] -- Installing: /workspaces/PHOENIX/src/main_ws/src/install/teleop/share/teleop/package.dsv
[0.140s] -- Up-to-date: /workspaces/PHOENIX/src/main_ws/src/install/teleop/share/ament_index/resource_index/packages/teleop
[0.140s] -- Up-to-date: /workspaces/PHOENIX/src/main_ws/src/install/teleop/share/teleop/cmake/teleopConfig.cmake
[0.140s] -- Up-to-date: /workspaces/PHOENIX/src/main_ws/src/install/teleop/share/teleop/cmake/teleopConfig-version.cmake
[0.140s] -- Up-to-date: /workspaces/PHOENIX/src/main_ws/src/install/teleop/share/teleop/package.xml
[0.164s] Invoked command in '/workspaces/PHOENIX/src/main_ws/src/build/teleop' returned '0': CMAKE_PREFIX_PATH=/opt/ros/humble /usr/bin/cmake --install /workspaces/PHOENIX/src/main_ws/src/build/teleop
